Inserted 27472
Inserted 18127
Inserted 18893
Inserted 1302
Inserted 14433
Inserted 6465
Inserted 18380
Inserted 17498
Inserted 789
Inserted 742
Inserted 987
Inserted 8817
Inserted 14911
Inserted 20565
Inserted 3334
Inserted 21451
Inserted 23524
Inserted 30097
Inserted 32019
Inserted 27043
Inserted 22685
Inserted 29661
Inserted 5895
Inserted 1658
Inserted 17981
Inserted 20945
Inserted 12012
Inserted 14020
Inserted 9652
Inserted 22958
Inserted 16082
Inserted 16865
Inserted 16435
Inserted 4591
Inserted 19732
Inserted 1870
Inserted 24465
Inserted 9248
Inserted 2012
Inserted 15389
Inserted 26094
Inserted 9715
Inserted 14825
Inserted 7330
Inserted 2198
Inserted 30865
Inserted 31888
Inserted 26224
Inserted 12839
Inserted 12846
Inserted 19201
Inserted 11908
Inserted 20471
Inserted 17888
Inserted 23244
Inserted 26559
Inserted 3760
Inserted 23985
Inserted 23972
Inserted 11674
Inserted 19005
Inserted 6899
Inserted 4194
Inserted 10005
Inserted 13546
Inserted 12499
Inserted 15181
Inserted 5616
Inserted 31174
Inserted 3377
Inserted 1944
Inserted 26142
Inserted 24140
Inserted 943
Inserted 20012
Inserted 20855
Inserted 10051
Inserted 12040
Inserted 17320
Inserted 27565
Inserted 17635
Inserted 31908
Inserted 9638
Inserted 10881
Inserted 2617
Inserted 5737
Inserted 19777
Inserted 15926
Inserted 29645
Inserted 7891
Inserted 19156
Inserted 20038
Inserted 16769
Inserted 29511
Inserted 28419
Inserted 28245
Inserted 26556
Inserted 26788
Inserted 25856
Inserted 24419
Inserted 7112
Inserted 13852
Inserted 16903
Inserted 28997
Inserted 32633
Inserted 578
Inserted 11819
Inserted 6230
Inserted 12304
Inserted 18019
Inserted 2645
Inserted 2922
Inserted 15454
Inserted 31770
Inserted 14218
Inserted 32259
Inserted 17965
Inserted 18719
Inserted 25452
Inserted 19144
Inserted 21211
Inserted 7520
Inserted 32260
Inserted 8754
Inserted 3912
Inserted 30547
Inserted 15550
Inserted 4489
Inserted 2803
Inserted 17034
Inserted 20149
Inserted 30223
Inserted 11871
Inserted 1160
Inserted 9777
Inserted 12411
Inserted 28860
Inserted 19411
Inserted 31598
Inserted 11432
Inserted 4291
Inserted 5450
Inserted 27808
Inserted 4495
Inserted 21730
Inserted 7097
Inserted 24371
Inserted 11635
Inserted 5785
Inserted 17835
Inserted 1623
Inserted 29275
Inserted 7460
Inserted 9599
Inserted 12988
Inserted 5829
Inserted 2906
Inserted 16318
Inserted 20378
Inserted 11929
Inserted 25813
Inserted 2988
Inserted 12533
Inserted 20572
Inserted 28243
Inserted 25117
Inserted 5919
Inserted 6822
Inserted 27996
Inserted 20106
Inserted 2942
Inserted 11734
Inserted 2853
Inserted 30308
Inserted 31375
Inserted 28164
Inserted 24245
Inserted 2728
Inserted 12075
Inserted 8503
Inserted 25158
Inserted 30644
Inserted 4874
Inserted 15832
Inserted 22510
Inserted 18265
Inserted 22661
Inserted 32103
Inserted 24958
Inserted 26929
Inserted 29088
Inserted 1901
Inserted 20395
Inserted 21811
Inserted 30791
Inserted 18610
Inserted 27755
Inserted 15492
Inserted 27608
Inserted 19119
Inserted 17570
Inserted 15504
Inserted 26594
Inserted 8006
Inserted 13566
Inserted 18522
Inserted 14381
Inserted 13489
Inserted 15903
Inserted 15376
Inserted 28154
Inserted 9657
Inserted 25596
Inserted 20195
Inserted 23179
Inserted 23080
Inserted 7298
Inserted 22294
Inserted 4838
Inserted 2944
Inserted 4478
Inserted 5204
Inserted 24791
Inserted 493
Inserted 14780
Inserted 29766
Inserted 17716
Inserted 7545
Inserted 3440
Inserted 1381
Inserted 28516
Inserted 32639
Inserted 22998
Inserted 3085
Inserted 20002
Inserted 26722
Inserted 30742
Inserted 28115
Inserted 7551
Inserted 7550
Inserted 27498
Inserted 26393
Inserted 5670
Inserted 27487
Inserted 10882
Inserted 16096
Inserted 8676
Inserted 6193
Inserted 6184
Inserted 27869
Inserted 14696
Inserted 23160
Inserted 28448
Inserted 26062
Inserted 20295
Inserted 10242
Inserted 9554
Inserted 526
Inserted 27715
Inserted 28953
Inserted 2603
Inserted 12903
Inserted 24780
Inserted 7165
Inserted 9280
Inserted 30504
Inserted 12231
Inserted 21649
Inserted 4660
Inserted 19832
Inserted 5775
Inserted 1108
Inserted 29404
Inserted 1770
Inserted 22073
Inserted 1683
Inserted 6306
Inserted 16210
Inserted 8733
Inserted 3111
Inserted 25814
Inserted 22417
Inserted 26552
Inserted 8749
Inserted 1608
Inserted 25336
Inserted 10130
Inserted 10419
Inserted 23475
Inserted 30204
Inserted 18938
Inserted 28513
Inserted 15667
Inserted 29463
Inserted 10000
Inserted 12071
Inserted 31754
Inserted 12888
Inserted 4922
Inserted 5410
Inserted 20977
Inserted 868
Inserted 26905
Inserted 29887
Inserted 23212
Inserted 4283
Inserted 28604
Inserted 25890
Inserted 19425
Inserted 2108
Inserted 28947
Inserted 19913
Inserted 24362
Inserted 11500
Inserted 5286
Inserted 9836
Inserted 8809
Inserted 13811
Inserted 21126
Inserted 28200
Inserted 8796
Inserted 7911
Inserted 4740
Inserted 7645
Inserted 9073
Inserted 19789
Inserted 19362
Inserted 6613
Inserted 23771
Inserted 12125
Inserted 14279
Inserted 26278
Inserted 27109
Inserted 14342
Inserted 28599
Inserted 9561
Inserted 25990
Inserted 23602
Inserted 833
Inserted 6859
Inserted 25654
Inserted 30027
Inserted 25019
Inserted 18004
Inserted 16385
Inserted 11518
Inserted 9899
Inserted 19367
Inserted 27354
Inserted 22079
Inserted 7879
Inserted 13305
Inserted 15153
Inserted 22413
Inserted 6432
Inserted 19046
Inserted 26312
Inserted 2679
Inserted 22682
Inserted 6032
Inserted 8130
Inserted 13407
Inserted 14751
Inserted 16521
Inserted 2045
Inserted 31870
Inserted 24596
Inserted 19699
Inserted 28321
Inserted 808
Inserted 396
Inserted 6245
Inserted 3065
Inserted 32337
Inserted 8124
Inserted 29457
Inserted 12162
Inserted 32593
Inserted 18224
Inserted 13732
Inserted 5186
Inserted 17892
Inserted 9788
Inserted 19566
Inserted 20315
Inserted 17525
Inserted 4148
Inserted 32195
Inserted 3296
Inserted 14748
Inserted 16607
Inserted 28577
Inserted 3815
Inserted 741
Inserted 29738
Inserted 12434
Inserted 8928
Inserted 3283
Inserted 9754
Inserted 18388
Inserted 293
Inserted 1060
Inserted 3844
Inserted 4280
Inserted 19154
Inserted 11351
Inserted 12288
Inserted 25928
Inserted 6614
Inserted 32620
Inserted 923
Inserted 23596
Inserted 22346
Inserted 31467
Inserted 9932
Inserted 7631
Inserted 19458
Inserted 15911
Inserted 3626
Inserted 5309
Inserted 8034
Inserted 24004
Inserted 7003
Inserted 32080
Inserted 14451
Inserted 4215
Inserted 9936
Inserted 6283
Inserted 13622
Inserted 6413
Inserted 20911
Inserted 1606
Inserted 27705
Inserted 4527
Inserted 13329
Inserted 2699
Inserted 11367
Inserted 31844
Inserted 15214
Inserted 16961
Inserted 12068
Inserted 15575
Inserted 19797
Inserted 2823
Inserted 28826
Inserted 24411
Inserted 609
Inserted 8803
Inserted 25165
Inserted 20780
Inserted 3432
Inserted 16412
Inserted 11254
Inserted 28151
Inserted 8949
Inserted 12260
Inserted 28302
Inserted 1693
Inserted 29945
Inserted 11834
Inserted 15785
Inserted 17717
Inserted 5821
Inserted 3215
Inserted 17157
Inserted 4688
Inserted 23835
Inserted 24744
Inserted 16483
Inserted 24448
Inserted 3822
Inserted 17219
Inserted 25493
Inserted 31515
Inserted 31175
Inserted 25085
Inserted 8409
Inserted 20796
Inserted 16098
Inserted 26739
Inserted 1893
Inserted 15883
Inserted 27736
Inserted 1192
Inserted 17475
Inserted 21822
Inserted 13973
Inserted 2727
Inserted 18271
Inserted 17120
Inserted 26125
Inserted 31593
Inserted 16095
Inserted 10577
Inserted 19755
Inserted 29432
Inserted 23730
Inserted 8335
Inserted 23178
Inserted 16853
Inserted 6764
Inserted 15027
Inserted 7016
Inserted 13719
Inserted 28497
Inserted 12735
Inserted 16984
Inserted 21718
Inserted 11439
Inserted 8854
Inserted 1590
Inserted 4679
Inserted 29810
Inserted 31052
Inserted 28000
Inserted 15144
Inserted 32242
Inserted 29344
Inserted 22819
Inserted 9439
Inserted 7439
Inserted 22215
Inserted 25972
Inserted 24030
Inserted 16256
Inserted 20844
Inserted 28897
Inserted 26057
Inserted 21608
Inserted 2804
Inserted 24775
Inserted 12507
Inserted 21034
Inserted 26374
Inserted 30148
Inserted 31366
Inserted 20095
Inserted 3147
Inserted 17519
Inserted 11097
Inserted 23750
Inserted 6514
Inserted 9799
Inserted 22055
Inserted 9883
Inserted 11128
Inserted 14058
Inserted 4198
Inserted 29354
Inserted 6438
Inserted 12680
Inserted 10709
Inserted 3525
Inserted 2011
Inserted 17046
Inserted 1890
Inserted 18997
Inserted 15755
Inserted 8647
Inserted 9546
Inserted 2382
Inserted 21512
Inserted 2104
Inserted 1154
Inserted 839
Inserted 12672
Inserted 22250
Inserted 1878
Inserted 16712
Inserted 27207
Inserted 374
Inserted 336
Inserted 28631
Inserted 4348
Inserted 32347
Inserted 24328
Inserted 12566
Inserted 21341
Inserted 1320
Inserted 16404
Inserted 4055
Inserted 2730
Inserted 22737
Inserted 31658
Inserted 20386
Inserted 12508
Inserted 32188
Inserted 28070
Inserted 25016
Inserted 9157
Inserted 1475
Inserted 7821
Inserted 12882
Inserted 19782
Inserted 26513
Inserted 19816
Inserted 23338
Inserted 7107
Inserted 25935
Inserted 24380
Inserted 24276
Inserted 18049
Inserted 24657
Inserted 21454
Inserted 23613
Inserted 26922
Inserted 8930
Inserted 6830
Inserted 12577
Inserted 28215
Inserted 2008
Inserted 4539
Inserted 21362
Inserted 1306
Inserted 3302
Inserted 23462
Inserted 18348
Inserted 6838
Inserted 15482
Inserted 9722
Inserted 24259
Inserted 28539
Inserted 31564
Inserted 4186
Inserted 4185
Inserted 22738
Inserted 21559
Inserted 6410
Inserted 12731
Inserted 13897
Inserted 12978
Inserted 9713
Inserted 16052
Inserted 22806
Inserted 26462
Inserted 16882
Inserted 2270
Inserted 15185
Inserted 11464
Inserted 8862
Inserted 29787
Inserted 28573
Inserted 19930
Inserted 7880
Inserted 5626
Inserted 11168
Inserted 3439
Inserted 623
Inserted 3094
Inserted 19801
Inserted 26202
Inserted 24233
Inserted 24251
Inserted 19124
Inserted 3241
Inserted 5594
Inserted 11019
Inserted 16220
Inserted 5163
Inserted 30761
Inserted 7648
Inserted 3281
Inserted 24623
Inserted 1077
Inserted 435
Inserted 16570
Inserted 16527
Inserted 8195
Inserted 25533
Inserted 13692
Inserted 24557
Inserted 24124
Inserted 5211
Inserted 8459
Inserted 26429
Inserted 9109
Inserted 1719
Inserted 1537
Inserted 31363
Inserted 16526
Inserted 21413
Inserted 15085
Inserted 29406
Inserted 21343
Inserted 25547
Inserted 31725
Inserted 1583
Inserted 1285
Inserted 14975
Inserted 27026
Inserted 32136
Inserted 28424
Inserted 8084
Inserted 5949
Inserted 2824
Inserted 31557
Inserted 29670
Inserted 26985
Inserted 30809
Inserted 5136
Inserted 25228
Inserted 24740
Inserted 32355
Inserted 7937
Inserted 18891
Inserted 29931
Inserted 15551
Inserted 26266
Inserted 3632
Inserted 27756
Inserted 17775
Inserted 18219
Inserted 9179
Inserted 3984
Inserted 4301
Inserted 8947
Inserted 16926
Inserted 24121
Inserted 28098
Inserted 24968
Inserted 30023
Inserted 10825
Inserted 16952
Inserted 32377
Inserted 697
Inserted 15203
Inserted 12242
Inserted 27441
Inserted 21314
Inserted 24565
Inserted 28890
Inserted 18462
Inserted 22440
Inserted 3958
Inserted 379
Inserted 14611
Inserted 7045
Inserted 492
Inserted 26928
Inserted 22763
Inserted 31317
Inserted 24754
Inserted 14460
Inserted 4208
Inserted 10958
Inserted 29816
Inserted 3804
Inserted 21627
Inserted 5232
Inserted 29835
Inserted 15610
Inserted 3932
Inserted 9052
Inserted 23383
Inserted 22307
Inserted 14715
Inserted 3689
Inserted 25642
Inserted 19451
Inserted 25920
Inserted 17269
Inserted 5690
Inserted 21359
Inserted 16945
Inserted 28153
Inserted 234
Inserted 18924
Inserted 23386
Inserted 19424
Inserted 3401
Inserted 19406
Inserted 5362
Inserted 17562
Inserted 2267
Inserted 9500
Inserted 11579
Inserted 30316
Inserted 19869
Inserted 26994
Inserted 17578
Inserted 11786
Inserted 11075
Inserted 18494
Inserted 12616
Inserted 31847
Inserted 28975
Inserted 8536
Inserted 24268
Inserted 23832
Inserted 7403
Inserted 20794
Inserted 11560
Inserted 29248
Inserted 3585
Inserted 22671
Inserted 17063
Inserted 7710
Inserted 21150
Inserted 5253
Inserted 2569
Inserted 11139
Inserted 26103
Inserted 11045
Inserted 19057
Inserted 31414
Inserted 28501
Inserted 12637
Inserted 15111
Inserted 24696
Inserted 21449
Inserted 3604
Inserted 9449
Inserted 18424
Inserted 15893
Inserted 26264
Inserted 26950
Inserted 19286
Inserted 21513
Inserted 9655
Inserted 17418
Inserted 27367
Inserted 32002
Inserted 19984
Inserted 12918
Inserted 30081
Inserted 14041
Inserted 472
Inserted 10361
Inserted 16295
Inserted 13084
Inserted 24372
Inserted 29494
Inserted 11073
Inserted 12318
Inserted 16124
Inserted 3252
Inserted 31879
Inserted 2634
Inserted 20670
Inserted 22487
Inserted 30240
Inserted 30648
Inserted 139
Inserted 8702
Inserted 15439
Inserted 24767
Inserted 4681
Inserted 29071
Inserted 18113
Inserted 16910
Inserted 9132
Inserted 30641
Inserted 30392
Inserted 5967
Inserted 15971
Inserted 30566
Inserted 5948
Inserted 26956
Inserted 26579
Inserted 12751
Inserted 22553
Inserted 6574
Inserted 13314
Inserted 4733
Inserted 20119
Inserted 13275
Inserted 5835
Inserted 22389
Inserted 13303
Inserted 29212
Inserted 28449
Inserted 31339
Inserted 6002
Inserted 29146
Inserted 17304
Inserted 2866
Inserted 7897
Inserted 10278
Inserted 3702
Inserted 14969
Inserted 5581
Inserted 12587
Inserted 13485
Inserted 20545
Inserted 22122
Inserted 6064
Inserted 32075
Inserted 8743
Inserted 31933
Inserted 29420
Inserted 6709
Inserted 29639
Inserted 29181
Inserted 11021
Inserted 10105
Inserted 13133
Inserted 25783
Inserted 2357
Inserted 2876
Inserted 10646
Inserted 18536
Inserted 2242
Inserted 4596
Inserted 30098
Inserted 29515
Inserted 19922
Inserted 6871
Inserted 22253
Inserted 20080
Inserted 25862
Inserted 26770
Inserted 3054
Inserted 19470
Inserted 12423
Inserted 27199
Inserted 18079
Inserted 6170
Inserted 4241
Inserted 32046
Inserted 14104
Inserted 17290
Inserted 850
Inserted 6547
Inserted 1842
Inserted 22948
Inserted 19216
Inserted 19571
Inserted 22407
Inserted 6148
Inserted 17171
Inserted 1860
Inserted 2501
Inserted 30577
Inserted 26514
Inserted 25011
Inserted 29178
Inserted 27284
Inserted 21542
Inserted 28226
Inserted 26791
Inserted 30647
Inserted 1662
Inserted 16950
Inserted 17175
Inserted 8140
Inserted 14677
Inserted 13488
Inserted 9710
Inserted 14001
Inserted 27553
Inserted 6426
Inserted 26117
Inserted 4274
Inserted 26637
Inserted 30916
Inserted 27509
Inserted 10576
Inserted 24746
Inserted 4047
Inserted 19186
Inserted 10048
Inserted 29409
Inserted 4427
Inserted 2395
Inserted 25015
Inserted 10157
Inserted 30364
Inserted 15758
Inserted 19173
Inserted 17415
Inserted 24098
Inserted 1153
Inserted 25535
Inserted 32161
Inserted 15641
Inserted 31631
Inserted 7426
Inserted 26582
Inserted 26813
Inserted 13583
Inserted 18805
Inserted 11489
Inserted 15026
Inserted 23339
Inserted 1390
Inserted 26446
Inserted 21668
Inserted 29936
Inserted 14231
Inserted 12207
Inserted 417
Inserted 3826
Inserted 12944
Inserted 8177
Inserted 24145
Inserted 8731
Inserted 25261
Inserted 8982
Inserted 10672
Inserted 5070
Inserted 7010
Inserted 13267
Inserted 6694
Inserted 18274
Inserted 12382
Inserted 31262
Inserted 14898
Inserted 24492
Inserted 17678
Inserted 16037
Inserted 4891
Inserted 22203
Inserted 31424
Inserted 27699
Inserted 16581
Inserted 17405
Inserted 1145
Inserted 15816
Inserted 22020
Inserted 25479
Inserted 4173
Inserted 16955
Inserted 6946
Inserted 15879
Inserted 8063
Inserted 25551
Inserted 18214
Inserted 3322
Inserted 10729
Inserted 3592
Inserted 24149
Inserted 12063
Inserted 4254
Inserted 26045
Inserted 23034
Inserted 16683
Inserted 9167
Inserted 18285
Inserted 32099
Inserted 11966
Inserted 16363
Inserted 32727
Inserted 31788
Inserted 20374
Inserted 17930
Inserted 29380
Inserted 21952
Inserted 25859
Inserted 29580
Inserted 9256
Inserted 2588
Inserted 2970
Inserted 23805
Inserted 22377
Inserted 3030
Inserted 29998
Inserted 4156
Inserted 14591
Inserted 4958
Inserted 32508
Inserted 8669
Inserted 14213
Inserted 30758
Inserted 10699
Inserted 26478
Inserted 28475
Inserted 11363
Inserted 29490
Inserted 28708
Inserted 24733
Inserted 1780
Inserted 25500
Inserted 31181
Inserted 8495
Inserted 25050
Inserted 23898
Inserted 19591
Inserted 19301
Inserted 21830
Inserted 8485
Inserted 18998
Inserted 3433
Inserted 6993
Inserted 29445
Inserted 4051
Inserted 5400
Inserted 23533
Inserted 1650
Inserted 16647
Inserted 32077
Inserted 29979
Inserted 30137
Inserted 12792
Inserted 8291
Inserted 4959
Inserted 18594
Inserted 25443
Inserted 29685
Inserted 11889
Inserted 20048
Inserted 1259
Inserted 20968
Inserted 20072
Inserted 29104
Inserted 21164
Inserted 15342
Inserted 21878
Inserted 23332
Inserted 7358
Inserted 17327
Inserted 8332
Inserted 5658
Inserted 19826
Inserted 27154
Inserted 27692
Inserted 15904
Inserted 24303
Inserted 6700
Inserted 10855
Inserted 8975
Inserted 12155
Inserted 4032
Inserted 25671
Inserted 13536
Inserted 3577
Inserted 16818
Inserted 19051
Inserted 25025
Inserted 28591
Inserted 20671
Inserted 14577
Inserted 6760
Inserted 20076
Inserted 12953
Inserted 28840
Inserted 5419
Inserted 28732
Inserted 5926
Inserted 1090
Inserted 14547
Inserted 806
Inserted 6408
Inserted 12797
Inserted 27583
Inserted 13126
Inserted 13881
Inserted 14585
Inserted 1380
Inserted 31699
Inserted 14437
Inserted 19008
Inserted 2159
Inserted 21329
Inserted 77
Inserted 13982
Inserted 26958
Inserted 26632
Inserted 8301
Inserted 11955
Inserted 7666
Inserted 180
Inserted 2780
Inserted 18758
Inserted 23251
Inserted 21886
Inserted 22133
Inserted 17372
Inserted 8501
Inserted 29995
Inserted 12681
Inserted 682
Inserted 2708
Inserted 17890
Inserted 3079
Inserted 15833
Inserted 5718
Inserted 4853
Inserted 23301
Inserted 6269
Inserted 28874
Inserted 178
Inserted 26049
Inserted 6833
Inserted 10296
Inserted 12436
Inserted 8921
Inserted 3946
Inserted 3911
Inserted 20465
Inserted 23135
Inserted 28229
Inserted 4024
Inserted 28635
Inserted 4739
Inserted 5460
Inserted 5189
Inserted 31861
Inserted 25425
Inserted 9507
Inserted 15974
Inserted 20643
Inserted 20813
Inserted 29919
Inserted 30307
Inserted 22111
Inserted 19783
Inserted 5800
Inserted 749
Inserted 7236
Inserted 3321
Inserted 26518
Inserted 26811
Inserted 11465
Inserted 23259
Inserted 26938
Inserted 20822
Inserted 25689
Inserted 29247
Inserted 14573
Inserted 1072
Inserted 13107
Inserted 26548
Inserted 27072
Inserted 6243
Inserted 29655
Inserted 23120
Inserted 28570
Inserted 31752
Inserted 16012
Inserted 6534
Inserted 21301
Inserted 28612
Inserted 241
Inserted 3536
Inserted 1838
Inserted 7078
Inserted 12185
Inserted 4952
Inserted 2241
Inserted 2121
Inserted 25947
Inserted 2646
Inserted 14656
Inserted 7076
Inserted 3333
Inserted 32105
Inserted 29721
Inserted 14372
Inserted 13471
Inserted 25222
Inserted 14139
Inserted 1165
Inserted 17968
Inserted 8364
Inserted 7806
Inserted 31469
Inserted 10976
Inserted 13940
Inserted 16353
Inserted 10586
Inserted 12010
Inserted 7445
Inserted 4528
Inserted 884
Inserted 22683
Inserted 20032
Inserted 28855
Inserted 5906
Inserted 29423
Inserted 18939
Inserted 16032
Inserted 1607
Inserted 17849
Inserted 28316
Inserted 32506
Inserted 10942
Inserted 22285
Inserted 12475
Inserted 32658
Inserted 22617
Inserted 13138
Inserted 4847
Inserted 303
Inserted 13079
Inserted 31639
Inserted 19161
Inserted 22655
Inserted 7227
Inserted 14180
Inserted 6994
Inserted 31403
Inserted 23911
Inserted 3146
Inserted 11782
Inserted 25238
Inserted 18639
Inserted 22235
Inserted 17730
Inserted 24665
Inserted 3162
Inserted 16378
Inserted 12264
Inserted 27300
Inserted 23053
Inserted 12136
Inserted 32068
Inserted 16344
Inserted 29134
Inserted 13381
Inserted 21386
Inserted 12980
Inserted 19320
Inserted 22227
Inserted 2687
Inserted 10801
Inserted 10027
Inserted 14206
Inserted 24182
Inserted 22698
Inserted 30694
Inserted 7961
Inserted 20350
Inserted 28224
Inserted 23639
Inserted 25707
Inserted 218
Inserted 19069
Inserted 6641
Inserted 19178
Inserted 11441
Inserted 28984
Inserted 16070
Inserted 7
Inserted 18104
Inserted 19065
Inserted 4649
Inserted 22300
Inserted 19798
Inserted 8126
Inserted 28915
Inserted 11513
Inserted 3872
Inserted 30320
Inserted 26086
Inserted 31558
Inserted 21517
Inserted 29300
Inserted 696
Inserted 7797
Inserted 30925
Inserted 26505
Inserted 20155
Inserted 14563
Inserted 11616
Inserted 16510
Inserted 22803
Inserted 28274
Inserted 14325
Inserted 7787
Inserted 11081
Inserted 3688
Inserted 30439
Inserted 25292
Inserted 24102
Inserted 24937
Inserted 8281
Inserted 20303
Inserted 27978
Inserted 2094
Inserted 14519
Inserted 17521
Inserted 9844
Inserted 6476
Inserted 15565
Inserted 18973
Inserted 14056
Inserted 24367
Inserted 16356
Inserted 23049
Inserted 13627
Inserted 19314
Inserted 25434
Inserted 22058
Inserted 12173
Inserted 10651
Inserted 5565
Inserted 15266
Inserted 24453
Inserted 30168
Inserted 9432
Inserted 6686
Inserted 110
Inserted 6951
Inserted 8252
Inserted 7087
Inserted 10739
Inserted 23356
Inserted 22869
Inserted 30365
Inserted 12221
Inserted 2657
Inserted 32153
Inserted 6897
Inserted 7322
Inserted 3711
Inserted 2146
Inserted 20340
Inserted 12737
Inserted 9023
Inserted 24759
Inserted 23561
Inserted 19054
Inserted 24670
Inserted 2393
Inserted 25728
Inserted 14113
Inserted 29280
Inserted 14123
Inserted 5479
Inserted 1099
Inserted 11398
Inserted 24595
Inserted 24546
Inserted 29572
Inserted 6178
Inserted 426
Inserted 7453
Inserted 26644
Inserted 32493
Inserted 9236
Inserted 17594
Inserted 2791
Inserted 30391
Inserted 5172
Inserted 1315
Inserted 20877
Inserted 23640
Inserted 17101
Inserted 13855
Inserted 30342
Inserted 31466
Inserted 18109
Inserted 13109
Inserted 28533
Inserted 7917
Inserted 26706
Inserted 14187
Inserted 28724
Inserted 7115
Inserted 32412
Inserted 12054
Inserted 13782
Inserted 12352
Inserted 20335
Inserted 22350
Inserted 18506
Inserted 19866
Inserted 29487
Inserted 19153
Inserted 28669
Inserted 11444
Inserted 8330
Inserted 31492
Inserted 28116
Inserted 25113
Inserted 25819
Inserted 11479
Inserted 22345
Inserted 14127
Inserted 1659
Inserted 25997
Inserted 21411
Inserted 20718
Inserted 1559
Inserted 5233
Inserted 272
Inserted 20639
Inserted 19553
Inserted 22972
Inserted 12275
Inserted 29155
Inserted 24581
Inserted 13497
Inserted 26751
Inserted 18936
Inserted 14303
Inserted 23847
Inserted 28293
Inserted 3128
Inserted 32107
Inserted 19423
Inserted 30690
Inserted 21373
Inserted 14007
Inserted 1821
Inserted 21277
Inserted 30002
Inserted 933
Inserted 9576
Inserted 5946
Inserted 16678
Inserted 25604
Inserted 12858
Inserted 1255
Inserted 8675
Inserted 25874
Inserted 400
Inserted 7338
Inserted 20875
Inserted 22663
Inserted 27176
Inserted 15165
Inserted 2308
Inserted 9159
Inserted 12711
Inserted 28221
Inserted 17351
Inserted 10102
Inserted 31989
Inserted 12937
Inserted 2183
Inserted 6026
Inserted 6137
Inserted 11510
Inserted 3860
Inserted 6565
Inserted 27299
Inserted 23365
Inserted 32127
Inserted 7587
Inserted 16176
Inserted 20818
Inserted 127
Inserted 9326
Inserted 22157
Inserted 26906
Inserted 16557
Inserted 30638
Inserted 2409
Inserted 8238
Inserted 26481
Inserted 24741
Inserted 29439
Inserted 16703
Inserted 2309
Inserted 4816
Inserted 10248
Inserted 3780
Inserted 27865
Inserted 19313
Inserted 30225
Inserted 20517
Inserted 27775
Inserted 8164
Inserted 29205
Inserted 25266
Inserted 2300
Inserted 25773
Inserted 290
Inserted 2968
Inserted 16742
Inserted 603
Inserted 12938
Inserted 14916
Inserted 17906
Inserted 14153
Inserted 1919
Inserted 4310
Inserted 1822
Inserted 5520
Inserted 24008
Inserted 5157
Inserted 18162
Inserted 25616
Inserted 1689
Inserted 8705
Inserted 13490
Inserted 17431
Inserted 7404
Inserted 9484
Inserted 7621
Inserted 25986
Inserted 2302
Inserted 15647
Inserted 22767
Inserted 24852
Inserted 26963
Inserted 5183
Inserted 6006
Inserted 21774
Inserted 32716
Inserted 20868
Inserted 25362
Inserted 16892
Inserted 20941
Inserted 7646
Inserted 909
Inserted 32648
Inserted 9329
Inserted 13620
Inserted 15781
Inserted 27940
Inserted 29537
Inserted 5355
Inserted 31798
Inserted 26764
Inserted 27417
Inserted 16951
Inserted 16448
Inserted 7402
Inserted 8138
Inserted 13565
Inserted 32253
Inserted 15179
Inserted 8333
Inserted 14070
Inserted 2084
Inserted 25231
Inserted 2014
Inserted 24299
Inserted 5826
Inserted 17015
Inserted 26395
Inserted 23956
Inserted 31206
Inserted 24298
Inserted 5727
Inserted 16173
Inserted 3884
Inserted 22568
Inserted 18878
Inserted 26893
Inserted 25054
Inserted 6747
Inserted 21124
Inserted 26072
Inserted 11120
Inserted 1473
Inserted 16886
Inserted 9418
Inserted 2852
Inserted 27653
Inserted 3140
Inserted 9942
Inserted 22882
Inserted 7784
Inserted 20233
Inserted 15613
Inserted 14028
Inserted 29901
Inserted 20189
Inserted 5016
Inserted 26984
Inserted 20387
Inserted 10974
Inserted 12078
Inserted 18709
Inserted 22189
Inserted 27500
Inserted 17989
Inserted 13672
Inserted 18470
Inserted 4587
Inserted 1872
Inserted 25843
Inserted 12484
Inserted 1170
Inserted 30649
Inserted 23965
Inserted 2937
Inserted 16193
Inserted 6144
Inserted 27884
Inserted 24160
Inserted 20554
Inserted 8942
Inserted 79
Inserted 15604
Inserted 19100
Inserted 20746
Inserted 256
Inserted 29455
Inserted 29691
Inserted 5406
Inserted 2673
Inserted 4849
Inserted 10229
Inserted 25998
Inserted 24136
Inserted 10550
Inserted 3082
Inserted 12265
Inserted 22952
Inserted 27909
Inserted 20240
Inserted 20403
Inserted 30678
Inserted 31153
Inserted 27981
Inserted 5541
Inserted 1800
Inserted 22477
Inserted 2594
Inserted 2787
Inserted 28754
Inserted 15388
Inserted 2794
Inserted 21678
Inserted 11976
Inserted 11381
Inserted 14572
Inserted 18114
Inserted 30854
Inserted 12950
Inserted 12992
Inserted 4576
Inserted 21907
Inserted 10099
Inserted 23130
Inserted 2502
Inserted 7692
Inserted 18637
Inserted 25668
Inserted 1886
Inserted 9086
Inserted 19717
Inserted 27691
Inserted 15158
Inserted 2451
Inserted 26931
Inserted 12957
Inserted 4593
Inserted 32115
Inserted 26641
Inserted 7803
Inserted 24415
Inserted 23423
Inserted 10536
Inserted 16065
Inserted 29737
Inserted 23427
Inserted 4146
Inserted 28066
Inserted 28614
Inserted 13100
Inserted 32756
Inserted 14178
Inserted 20409
Inserted 17154
Inserted 2985
Inserted 990
Inserted 14261
Inserted 19961
Inserted 8262
Inserted 10949
Inserted 1284
Inserted 20290
Inserted 21250
Inserted 12586
Inserted 25191
Inserted 30998
Inserted 5250
Inserted 18373
Inserted 29079
Inserted 27841
Inserted 1806
Inserted 29623
Inserted 7743
Inserted 9104
Inserted 16790
Inserted 26503
Inserted 6106
Inserted 31196
Inserted 9477
Inserted 21769
Inserted 22420
Inserted 26669
Inserted 25318
Inserted 4669
Inserted 22375
Inserted 14670
Inserted 16021
Inserted 12342
Inserted 4001
Inserted 27244
Inserted 27933
Inserted 28993
Inserted 12253
Inserted 994
Inserted 17782
Inserted 16447
Inserted 26627
Inserted 25675
Inserted 8420
Inserted 29243
Inserted 22149
Inserted 6051
Inserted 25987
Inserted 30378
Inserted 1939
Inserted 10666
Inserted 7970
Inserted 23793
Inserted 29838
Inserted 30601
Inserted 6740
Inserted 21288
Inserted 6078
Inserted 17592
Inserted 13765
Inserted 542
Inserted 26695
Inserted 24011
Inserted 27293
Inserted 21081
Inserted 7804
Inserted 26173
Inserted 10223
Inserted 32680
Inserted 11012
Inserted 13960
Inserted 15264
Inserted 1052
Inserted 30541
Inserted 31743
Inserted 18054
Inserted 17097
Inserted 18795
Inserted 22131
Inserted 21247
Inserted 7969
Inserted 12122
Inserted 13060
Inserted 5242
Inserted 23196
Inserted 18742
Inserted 16441
Inserted 23913
Inserted 24354
Inserted 28232
Inserted 25429
Inserted 15976
Inserted 22896
Inserted 12993
Inserted 23042
Inserted 29527
Inserted 16381
Inserted 32331
Inserted 19476
Inserted 10317
Inserted 25560
Inserted 7620
Inserted 21186
Inserted 21043
Inserted 25745
Inserted 30611
Inserted 11178
Inserted 9665
Inserted 6999
Inserted 23096
Inserted 7446
Inserted 31401
Inserted 16734
Inserted 6439
Inserted 28542
Inserted 28433
Inserted 21892
Inserted 27607
Inserted 8270
Inserted 24391
Inserted 1331
Inserted 17174
Inserted 12776
Inserted 1456
Inserted 7305
Inserted 2207
Inserted 15597
Inserted 22274
Inserted 16822
Inserted 31982
Inserted 9913
Inserted 28339
Inserted 32678
Inserted 10067
Inserted 8492
Inserted 8114
Inserted 25569
Inserted 3142
Inserted 22448
Inserted 32084
Inserted 13231
Inserted 7674
Inserted 28023
Inserted 28817
Inserted 31871
Inserted 6965
Inserted 12549
Inserted 11632
Inserted 905
Inserted 20574
Inserted 10479
Inserted 7360
Inserted 22707
Inserted 28376
Inserted 24034
Inserted 3593
Inserted 4273
Inserted 1510
Inserted 17858
Inserted 27249
Inserted 11727
Inserted 29924
Inserted 15300
Inserted 25526
Inserted 17245
Inserted 30310
Inserted 7679
Inserted 259
Inserted 14016
Inserted 29855
Inserted 19642
Inserted 4832
Inserted 4267
Inserted 15170
Inserted 20869
Inserted 1747
Inserted 4120
Inserted 1133
Inserted 5109
Inserted 2292
Inserted 17316
Inserted 31036
Inserted 20329
Inserted 12341
Inserted 19272
Inserted 19290
Inserted 31282
Inserted 14262
Inserted 23414
Inserted 27647
Inserted 21748
Inserted 24726
Inserted 26528
Inserted 7271
Inserted 2383
Inserted 9737
Inserted 22009
Inserted 25220
Inserted 7103
Inserted 30634
Inserted 8319
Inserted 13808
Inserted 13505
Inserted 28179
Inserted 1849
Inserted 31013
Inserted 1336
Inserted 11691
Inserted 14269
Inserted 4848
Inserted 18958
Inserted 27584
Inserted 3574
Inserted 15395
Inserted 13086
Inserted 18902
Inserted 21028
Inserted 21899
Inserted 12626
Inserted 31550
Inserted 6180
Inserted 23073
Inserted 28680
Inserted 26858
Inserted 9202
Inserted 16772
Inserted 32187
Inserted 18303
Inserted 30572
Inserted 26279
Inserted 26591
Inserted 21420
Inserted 27993
Inserted 18119
Inserted 19980
Inserted 10427
Inserted 1449
Inserted 11425
Inserted 12383
Inserted 25957
Inserted 18174
Inserted 7137
Inserted 32030
Inserted 4843
Inserted 22892
Inserted 4317
Inserted 8602
Inserted 610
Inserted 15997
Inserted 26755
Inserted 8794
Inserted 5198
Inserted 1168
Inserted 32373
Inserted 7795
Inserted 17124
Inserted 4
Inserted 25152
Inserted 25576
Inserted 17991
Inserted 2002
Inserted 27945
Inserted 21357
Inserted 24884
Inserted 11227
Inserted 3811
Inserted 32766
Inserted 29828
Inserted 16324
Inserted 1961
Inserted 20707
Inserted 1576
Inserted 6251
Inserted 23708
Inserted 11151
Inserted 1746
Inserted 3237
Inserted 9346
Inserted 25644
Inserted 19858
Inserted 8720
Inserted 13564
Inserted 17333
Inserted 5891
Inserted 23770
Inserted 20861
Inserted 20685
Inserted 27687
Inserted 31596
Inserted 25107
Inserted 1900
Inserted 1895
Inserted 918
Inserted 30232
Inserted 5907
Inserted 398
Inserted 29959
Inserted 28753
Inserted 29187
Inserted 29741
Inserted 29213
Inserted 23667
Inserted 23726
Inserted 6974
Inserted 27388
Inserted 15845
Inserted 4459
Inserted 14855
Inserted 32478
Inserted 15304
Inserted 19565
Inserted 18241
Inserted 1962
Inserted 20021
Inserted 21494
Inserted 9338
Inserted 967
Inserted 20677
Inserted 20680
Inserted 25784
Inserted 21042
Inserted 7767
Inserted 2781
Inserted 26207
Inserted 29902
Inserted 6669
Inserted 24151
Inserted 17492
Inserted 19708
Inserted 18840
Inserted 31930
Inserted 25187
Inserted 1644
Inserted 25782
Inserted 20057
Inserted 6366
Inserted 9267
Inserted 32248
Inserted 2062
Inserted 17287
Inserted 25629
Inserted 10441
Inserted 18734
Inserted 14256
Inserted 27716
Inserted 16556
Inserted 21948
Inserted 26017
Inserted 30433
Inserted 16605
Inserted 10554
Inserted 28771
Inserted 667
Inserted 7052
Inserted 3546
Inserted 15294
Inserted 12060
Inserted 2431
Inserted 4358
Inserted 1250
Inserted 28330
Inserted 29486
Inserted 10812
Inserted 22708
Inserted 11794
Inserted 14485
Inserted 12904
Inserted 3408
Inserted 9764
Inserted 5871
Inserted 10983
Inserted 13159
Inserted 9815
Inserted 23336
Inserted 27370
Inserted 19824
Inserted 27969
Inserted 7633
Inserted 27012
Inserted 1525
Inserted 10999
Inserted 8742
Inserted 19048
Inserted 9955
Inserted 21919
Inserted 28942
Inserted 2892
Inserted 3235
Inserted 5973
Inserted 3660
Inserted 23221
Inserted 15931
Inserted 18230
Inserted 7030
Inserted 29378
Inserted 13737
Inserted 963
Inserted 16755
Inserted 2838
Inserted 30213
Inserted 11750
Inserted 27563
Inserted 21457
Inserted 495
Inserted 8986
Inserted 24438
Inserted 9080
Inserted 8738
Inserted 25662
Inserted 18698
Inserted 10486
Inserted 28469
Inserted 30628
Inserted 25924
Inserted 32329
Inserted 27000
Inserted 12645
Inserted 30886
Inserted 21372
Inserted 18463
Inserted 22007
Inserted 14236
Inserted 17877
Inserted 17314
Inserted 1027
Inserted 14159
Inserted 19053
Inserted 9195
Inserted 14922
Inserted 30354
Inserted 19391
Inserted 21916
Inserted 6054
Inserted 25816
Inserted 9278
Inserted 16140
Inserted 14801
Inserted 9568
Inserted 22218
Inserted 3901
Inserted 17668
Inserted 30394
Inserted 22310
Inserted 18731
Inserted 7531
Inserted 13616
Inserted 13824
Inserted 2596
Inserted 15662
Inserted 17376
Inserted 30939
Inserted 10053
Inserted 23907
Inserted 15011
Inserted 6411
Inserted 31886
Inserted 6954
Inserted 605
Inserted 26397
Inserted 26947
Inserted 4947
Inserted 32396
Inserted 20435
Inserted 30105
Inserted 40
Inserted 21191
Inserted 4658
Inserted 17293
Inserted 24663
Inserted 14423
Inserted 8815
Inserted 22095
Inserted 19171
Inserted 18561
Inserted 22985
Inserted 29428
Inserted 15896
Inserted 24494
Inserted 23834
Inserted 23236
Inserted 15305
Inserted 20908
Inserted 26271
Inserted 24484
Inserted 23017
Inserted 21581
Inserted 7672
Inserted 31005
Inserted 22320
Inserted 4774
Inserted 14636
Inserted 22771
Inserted 18120
Inserted 19360
Inserted 16410
Inserted 25864
Inserted 23705
Inserted 14983
Inserted 11210
Inserted 27661
Inserted 3981
Inserted 22246
Inserted 3906
Inserted 3879
Inserted 22522
Inserted 6573
Inserted 24323
Inserted 4834
Inserted 16908
Inserted 4329
Inserted 6452
Inserted 21182
Inserted 11580
Inserted 11588
Inserted 19613
Inserted 906
Inserted 1745
Inserted 13570
Inserted 22262
Inserted 16329
Inserted 15278
Inserted 10069
Inserted 32525
Inserted 15823
Inserted 11772
Inserted 7565
Inserted 32320
Inserted 16901
Inserted 25083
Inserted 23704
Inserted 6454
Inserted 27180
Inserted 32328
Inserted 6821
Inserted 12908
Inserted 32688
Inserted 2187
Inserted 20664
Inserted 29156
Inserted 31613
Inserted 18632
Inserted 20050
Inserted 12902
Inserted 22454
Inserted 19931
Inserted 30473
Inserted 16602
Inserted 6854
Inserted 4247
Inserted 26455
Inserted 12716
Inserted 16736
Inserted 30423
Inserted 22188
Inserted 27829
Inserted 10096
Inserted 26732
Inserted 23263
Inserted 2176
Inserted 16673
Inserted 8545
Inserted 13860
Inserted 7041
Inserted 29672
Inserted 2217
Inserted 197
Inserted 26775
Inserted 31392
Inserted 31288
Inserted 25542
Inserted 4557
Inserted 7317
Inserted 32467
Inserted 19660
Inserted 20343
Inserted 24992
Inserted 31958
Inserted 5521
Inserted 11769
Inserted 6117
Inserted 28651
Inserted 22762
Inserted 29541
Inserted 27002
Inserted 9436
Inserted 3914
Inserted 23026
Inserted 32016
Inserted 26533
Inserted 21640
Inserted 20138
Inserted 2518
Inserted 22478
Inserted 15074
Inserted 25242
Inserted 22263
Inserted 20289
Inserted 2799
Inserted 15409
Inserted 17845
Inserted 12991
Inserted 27287
Inserted 13082
Inserted 668
Inserted 28006
Inserted 21598
Inserted 24477
Inserted 24122
Inserted 6914
Inserted 11706
Inserted 403
Inserted 27770
Inserted 6433
Inserted 10496
Inserted 24088
Inserted 24100
Inserted 22458
Inserted 14011
Inserted 19357
Inserted 29145
Inserted 3090
Inserted 18748
Inserted 19703
Inserted 30703
Inserted 22466
Inserted 20009
Inserted 4960
Inserted 26523
Inserted 14523
Inserted 28567
Inserted 20797
Inserted 19148
Inserted 12044
Inserted 18992
Inserted 12555
Inserted 9417
Inserted 26524
Inserted 13771
Inserted 28786
Inserted 7176
Inserted 9234
Inserted 4357
Inserted 2732
Inserted 25743
Inserted 14902
Inserted 31832
Inserted 2209
Inserted 22509
Inserted 2304
Inserted 26256
Inserted 21111
Inserted 1312
Inserted 11435
Inserted 12531
Inserted 28050
Inserted 27842
Inserted 23477
Inserted 26181
Inserted 10635
Inserted 15175
Inserted 9757
Inserted 11630
Inserted 3396
Inserted 18350
Inserted 24157
Inserted 8123
Inserted 1486
Inserted 26048
Inserted 7512
Inserted 1649
Inserted 6389
Inserted 16304
Inserted 6558
Inserted 9892
Inserted 24462
Inserted 8011
Inserted 6416
Inserted 22582
Inserted 23316
Inserted 123
Inserted 31085
Inserted 14739
Inserted 1247
Inserted 6578
Inserted 26948
Inserted 14813
Inserted 3545
Inserted 30076
Inserted 13568
Inserted 32501
Inserted 21328
Inserted 20296
Inserted 12213
Inserted 4896
Inserted 5562
Inserted 5772
Inserted 3233
Inserted 18804
Inserted 23482
Inserted 23292
Inserted 26542
Inserted 18791
Inserted 18948
Inserted 24390
Inserted 226
Inserted 17367
Inserted 24523
Inserted 2276
Inserted 21613
Inserted 9283
Inserted 18590
Inserted 24168
Inserted 6444
Inserted 9831
Inserted 28758
Inserted 32531
Inserted 2283
Inserted 5672
Inserted 18260
Inserted 23960
Inserted 16416
Inserted 121
Inserted 16333
Inserted 6179
Inserted 17882
Inserted 27519
Inserted 13670
Inserted 4506
Inserted 20468
Inserted 23027
Inserted 29441
Inserted 12323
Inserted 6030
Inserted 7625
Inserted 19158
Inserted 25830
Inserted 20925
Inserted 15887
Inserted 29893
Inserted 8322
Inserted 29719
Inserted 9962
Inserted 7208
Inserted 4089
Inserted 984
Inserted 7283
Inserted 3949
Inserted 29651
Inserted 29586
Inserted 32430
Inserted 19136
Inserted 14598
Inserted 26289
Inserted 25702
Inserted 18071
Inserted 32707
Inserted 8180
Inserted 23408
Inserted 5954
Inserted 4521
Inserted 28366
Inserted 12417
Inserted 25969
Inserted 14216
Inserted 10681
Inserted 9383
Inserted 6861
Inserted 12603
Inserted 21884
Inserted 20314
Inserted 29616
Inserted 13006
Inserted 2881
Inserted 12785
Inserted 6521
Inserted 19714
Inserted 15671
Inserted 12444
Inserted 7440
Inserted 3008
Inserted 19387
Inserted 12056
Inserted 1221
Inserted 1889
Inserted 11219
Inserted 21536
Inserted 2811
Inserted 17682
Inserted 28935
Inserted 15343
Inserted 5780
Inserted 7546
Inserted 10610
Inserted 13312
Inserted 6058
Inserted 30366
Inserted 16408
Inserted 25624
Inserted 7296
Inserted 21762
Inserted 22906
Inserted 2182
Inserted 12984
Inserted 2065
Inserted 8617
Inserted 26822
Inserted 30143
Inserted 10519
Inserted 15540
Inserted 932
Inserted 18797
Inserted 2163
Inserted 14766
Inserted 15559
Inserted 2573
Inserted 3510
Inserted 12989
Inserted 7251
Inserted 23430
Inserted 22586
Inserted 26787
Inserted 17291
Inserted 28506
Inserted 21387
Inserted 22665
Inserted 15243
Inserted 26758
Inserted 7105
Inserted 24316
Inserted 7225
Inserted 13994
Inserted 31757
Inserted 3125
Inserted 8057
Inserted 11369
Inserted 15249
Inserted 3485
Inserted 29856
Inserted 21779
Inserted 20624
Inserted 26668
Inserted 19841
Inserted 12599
Inserted 16993
Inserted 13234
Inserted 9281
Inserted 11330
Inserted 20895
Inserted 2583
Inserted 1268
Inserted 3523
Inserted 5271
Inserted 13315
Inserted 13043
Inserted 29624
Inserted 14618
Inserted 20627
Inserted 5945
Inserted 4169
Inserted 8577
Inserted 3662
Inserted 25981
Inserted 19036
Inserted 21229
Inserted 28763
Inserted 7326
Inserted 19556
Inserted 6356
Inserted 29681
Inserted 26180
Inserted 30073
Inserted 441
Inserted 10766
Inserted 6597
Inserted 24750
Inserted 6458
Inserted 6508
Inserted 30367
Inserted 848
Inserted 31921
Inserted 26658
Inserted 15689
Inserted 23763
Inserted 12517
Inserted 11663
Inserted 23071
Inserted 1340
Inserted 26666
Inserted 28286
Inserted 31322
Inserted 13743
Inserted 29863
Inserted 31684
Inserted 2361
Inserted 16326
Inserted 10615
Inserted 16008
Inserted 23126
Inserted 16799
Inserted 14491
Inserted 30285
Inserted 6582
Inserted 1022
Inserted 13697
Inserted 576
Inserted 16862
Inserted 29793
Inserted 20056
Inserted 135
Inserted 32728
Inserted 5749
Inserted 21085
Inserted 10010
Inserted 14452
Inserted 6888
Inserted 8310
Inserted 11806
Inserted 15001
Inserted 6543
Inserted 29997
Inserted 10182
Inserted 29392
Inserted 3998
Inserted 3106
Inserted 30654
Inserted 17318
Inserted 23851
Inserted 23699
Inserted 28512
Inserted 25878
Inserted 5647
Inserted 14212
Inserted 13815
Inserted 21079
Inserted 9456
Inserted 1757
Inserted 8041
Inserted 27965
Inserted 1539
Inserted 6880
Inserted 19695
Inserted 31295
Inserted 10121
Inserted 16618
Inserted 3644
Inserted 8785
Inserted 22693
Inserted 27106
Inserted 13744
Inserted 16168
Inserted 22982
Inserted 11213
Inserted 15173
Inserted 31398
Inserted 14295
Inserted 57
Inserted 4453
Inserted 8284
Inserted 26550
Inserted 16859
Inserted 15359
Inserted 13800
Inserted 11639
Inserted 24025
Inserted 24308
Inserted 24203
Inserted 27136
Inserted 12328
Inserted 20105
Inserted 24971
Inserted 23553
Inserted 6238
Inserted 18491
Inserted 20547
Inserted 22100
Inserted 18521
Inserted 2447
Inserted 21575
Inserted 3202
Inserted 4187
Inserted 24095
Inserted 4824
Inserted 2381
Inserted 4017
Inserted 24942
Inserted 10735
Inserted 31572
Inserted 14637
Inserted 30535
Inserted 15429
Inserted 687
Inserted 7858
Inserted 11925
Inserted 32275
Inserted 5315
Inserted 19337
Inserted 14850
Inserted 13418
Inserted 14633
Inserted 25517
Inserted 16676
Inserted 15367
Inserted 26685
Inserted 18672
Inserted 773
Inserted 10965
Inserted 10501
Inserted 18028
Inserted 21692
Inserted 10988
Inserted 18157
Inserted 29032
Inserted 3621
Inserted 31506
Inserted 24267
Inserted 22677
Inserted 20232
Inserted 2090
Inserted 28544
Inserted 2238
Inserted 30968
Inserted 14174
Inserted 17950
Inserted 5748
Inserted 24676
Inserted 32684
Inserted 24764
Inserted 7745
Inserted 15498
Inserted 1288
Inserted 1778
Inserted 15799
Inserted 14284
Inserted 12947
Inserted 31387
Inserted 24346
Inserted 2759
Inserted 3951
Inserted 28891
Inserted 11037
Inserted 6839
Inserted 764
Inserted 11873
Inserted 9026
Inserted 13406
Inserted 23983
Inserted 29845
Inserted 2798
Inserted 22260
Inserted 9502
Inserted 17818
Inserted 7721
Inserted 5542
Inserted 24099
Inserted 8324
Inserted 19399
Inserted 24828
Inserted 20944
Inserted 19879
Inserted 1046
Inserted 7838
Inserted 12848
Inserted 14826
Inserted 22424
Inserted 11113
Inserted 1812
Inserted 5549
Inserted 20550
Inserted 19388
Inserted 31814
Inserted 21461
Inserted 23506
Inserted 31055
Inserted 7213
Inserted 11904
Inserted 32753
Inserted 18126
Inserted 853
Inserted 4697
Inserted 28596
Inserted 28636
Inserted 16485
Inserted 20156
Inserted 10840
Inserted 4379
Inserted 31954
Inserted 7391
Inserted 27344
Inserted 12192
Inserted 27255
Inserted 7826
Inserted 4881
Inserted 1811
Inserted 27325
Inserted 9241
Inserted 8361
Inserted 28671
Inserted 13850
Inserted 32232
Inserted 29905
Inserted 3856
Inserted 17809
Inserted 19392
Inserted 20430
Inserted 1216
Inserted 18809
Inserted 31408
Inserted 16434
Inserted 29800
Inserted 22784
Inserted 14655
Inserted 31070
Inserted 28060
Inserted 6195
Inserted 5743
Inserted 32740
Inserted 15477
Inserted 27555
Inserted 105
Inserted 10322
Inserted 22102
Inserted 4544
Inserted 11023
Inserted 26794
Inserted 3762
Inserted 19907
Inserted 21508
Inserted 12818
Inserted 21477
Inserted 20260
Inserted 15664
Inserted 3553
Inserted 23741
Inserted 14605
Inserted 26213
Inserted 20281
Inserted 15886
Inserted 2627
Inserted 9144
Inserted 17552
Inserted 25177
Inserted 26705
Inserted 20085
Inserted 17554
Inserted 30348
Inserted 24986
Inserted 23816
Inserted 31677
Inserted 29136
Inserted 18803
Inserted 17319
Inserted 1446
Inserted 20998
Inserted 2364
Inserted 21577
Inserted 4101
Inserted 31063
Inserted 20029
Inserted 10665
Inserted 8957
Inserted 22349
Inserted 30418
Inserted 5817
Inserted 23760
Inserted 30101
Inserted 5335
Inserted 14930
Inserted 16458
Inserted 2710
Inserted 6341
Inserted 25075
Inserted 14955
Inserted 10094
Inserted 1494
Inserted 8251
Inserted 12630
Inserted 28647
Inserted 12002
Inserted 16153
Inserted 12144
Inserted 8748
Inserted 19104
Inserted 11130
Inserted 9664
Inserted 7715
Inserted 1610
Inserted 1296
Inserted 8567
Inserted 1734
Inserted 22847
Inserted 1239
Inserted 19461
Inserted 27906
Inserted 589
Inserted 3605
Inserted 10867
Inserted 4297
Inserted 30489
Inserted 21312
Inserted 25717
Inserted 1805
Inserted 1804
Inserted 20583
Inserted 22082
Inserted 17586
Inserted 31016
Inserted 15137
Inserted 19540
Inserted 29653
Inserted 2745
Inserted 452
Inserted 32173
Inserted 27204
Inserted 14649
Inserted 11547
Inserted 4710
Inserted 19685
Inserted 19645
Inserted 25293
Inserted 31046
Inserted 8078
Inserted 21641
Inserted 20305
Inserted 3659
Inserted 6029
Inserted 24539
Inserted 18978
Inserted 13163
Inserted 27175
Inserted 28001
Inserted 12249
Inserted 31917
Inserted 12137
Inserted 2488
Inserted 10421
Inserted 29108
Inserted 21954
Inserted 6569
Inserted 13867
Inserted 16053
Inserted 1755
Inserted 21832
Inserted 20691
Inserted 22387
Inserted 3776
Inserted 8833
Inserted 18029
Inserted 15936
Inserted 32244
Inserted 15040
Inserted 31829
Inserted 19606
Inserted 26115
Inserted 24482
Inserted 13253
Inserted 31817
Inserted 31784
Inserted 14264
Inserted 20620
Inserted 6236
Inserted 18193
Inserted 5754
Inserted 30321
Inserted 18445
Inserted 27457
Inserted 25480
Inserted 2477
Inserted 17138
Inserted 18290
Inserted 20153
Inserted 18816
Inserted 31368
Inserted 18884
Inserted 8646
Inserted 17040
Inserted 14324
Inserted 6637
Inserted 4419
Inserted 26737
Inserted 11403
Inserted 16319
Inserted 29258
Inserted 13859
Inserted 14425
Inserted 26595
Inserted 6257
Inserted 25657
Inserted 22457
Inserted 27421
Inserted 20473
Inserted 19003
Inserted 3875
Inserted 23249
Inserted 18504
Inserted 28490
Inserted 18756
Inserted 14023
Inserted 665
Inserted 3586
Inserted 23380
Inserted 12331
Inserted 6387
Inserted 4005
Inserted 9124
Inserted 7640
Inserted 29015
Inserted 17013
Inserted 30326
Inserted 12606
Inserted 20321
Inserted 19730
Inserted 24608
Inserted 1347
Inserted 13028
Inserted 27414
Inserted 30379
Inserted 4380
Inserted 15659
Inserted 28174
Inserted 1701
Inserted 7118
Inserted 23926
Inserted 31556
Inserted 1786
Inserted 19489
Inserted 15552
Inserted 32730
Inserted 14365
Inserted 2386
Inserted 27554
Inserted 14101
Inserted 24837
Inserted 10101
Inserted 11146
Inserted 31415
Inserted 8994
Inserted 24961
Inserted 21295
Inserted 15535
Inserted 13760
Inserted 5710
Inserted 13396
Inserted 28422
Inserted 5911
Inserted 25196
Inserted 17075
Inserted 32123
Inserted 4857
Inserted 14065
Inserted 15332
Inserted 2789
Inserted 13752
Inserted 7977
Inserted 15748
Inserted 18714
Inserted 20053
Inserted 9225
Inserted 16867
Inserted 27449
Inserted 25017
Inserted 29990
Inserted 10950
Inserted 31773
Inserted 11167
Inserted 1016
Inserted 4607
Inserted 32676
Inserted 6332
Inserted 27600
Inserted 2605
Inserted 20539
Inserted 8914
Inserted 25652
Inserted 15946
Inserted 14404
Inserted 18641
Inserted 5671
Inserted 480
Inserted 4469
Inserted 16553
Inserted 22187
Inserted 12666
Inserted 29562
Inserted 31580
Inserted 27267
Inserted 30553
Inserted 13794
Inserted 12119
Inserted 14141
Inserted 18537
Inserted 18744
Inserted 23810
Inserted 1392
Inserted 11636
Inserted 406
Inserted 14403
Inserted 11412
Inserted 31622
Inserted 27695
Inserted 7726
Inserted 26350
Inserted 28769
Inserted 26914
Inserted 16133
Inserted 16029
Inserted 14077
Inserted 14224
Inserted 19250
Inserted 6381
Inserted 31689
Inserted 32059
Inserted 4161
Inserted 4298
Inserted 9038
Inserted 11417
Inserted 5795
Inserted 11640
Inserted 30226
Inserted 4391
Inserted 19627
Inserted 29060
Inserted 17340
Inserted 30208
Inserted 25309
Inserted 22010
Inserted 16760
Inserted 15720
Inserted 1496
Inserted 10141
Inserted 27200
Inserted 7921
Inserted 28099
Inserted 21134
Inserted 10396
Inserted 28818
Inserted 29689
Inserted 27358
Inserted 19235
Inserted 27783
Inserted 22711
Inserted 9656
Inserted 7612
Inserted 1660
Inserted 3848
Inserted 19818
Inserted 26845
Inserted 13997
Inserted 16631
Inserted 2651
Inserted 27418
Inserted 28939
Inserted 2522
Inserted 5620
Inserted 10945
Inserted 19197
Inserted 28816
Inserted 18033
Inserted 9394
Inserted 3891
Inserted 4376
Inserted 5024
Inserted 19987
Inserted 2185
Inserted 19435
Inserted 22757
Inserted 24132
Inserted 29742
Inserted 32655
Inserted 30850
Inserted 29973
Inserted 24325
Inserted 17429
Inserted 28983
Inserted 29259
Inserted 17107
Inserted 20066
Inserted 2801
Inserted 29563
Inserted 27502
Inserted 2643
Inserted 14777
Inserted 23357
Inserted 5681
Inserted 10439
Inserted 227
Inserted 31333
Inserted 13321
Inserted 20878
Inserted 8926
Inserted 21955
Inserted 6981
Inserted 30747
Inserted 16821
Inserted 19462
Inserted 8552
Inserted 1846
Inserted 6943
Inserted 27096
Inserted 3841
Inserted 6524
Inserted 16980
Inserted 3170
Inserted 18469
Inserted 20485
Inserted 11295
Inserted 3347
Inserted 22812
Inserted 31811
Inserted 16693
Inserted 23197
Inserted 15195
Inserted 8493
Inserted 27333
Inserted 9025
Inserted 26290
Inserted 3997
Inserted 19792
Inserted 29773
Inserted 711
Inserted 8695
Inserted 9659
Inserted 29411
Inserted 19651
Inserted 23308
Inserted 31907
Inserted 4603
Inserted 1355
Inserted 27710
Inserted 9200
Inserted 27051
Inserted 31410
Inserted 26340
Inserted 12973
Inserted 5031
Inserted 877
Inserted 7408
Inserted 12548
Inserted 31943
Inserted 29903
Inserted 30451
Inserted 32065
Inserted 8662
Inserted 13456
Inserted 17957
Inserted 4743
Inserted 20141
Inserted 17200
Inserted 979
Inserted 18358
Inserted 25559
Inserted 11399
Inserted 15860
Inserted 16164
Inserted 29532
Inserted 26318
Inserted 30167
Inserted 32653
Inserted 9514
Inserted 23696
Inserted 31237
Inserted 22811
Inserted 25322
Inserted 10231
Inserted 27220
Inserted 992
Inserted 856
Inserted 21733
Inserted 17745
Inserted 26693
Inserted 30828
Inserted 7135
Inserted 14594
Inserted 408
Inserted 25736
Inserted 28561
Inserted 13591
Inserted 27158
Inserted 19989
Inserted 7699
Inserted 27481
Inserted 30775
Inserted 11840
Inserted 1578
Inserted 8329
Inserted 31367
Inserted 754
Inserted 12653
Inserted 28148
Inserted 17134
Inserted 15619
Inserted 22950
Inserted 16711
Inserted 30517
Inserted 24235
Inserted 23931
Inserted 3749
Inserted 19142
Inserted 26702
Inserted 26871
Inserted 1459
Inserted 8455
Inserted 20833
Inserted 29827
Inserted 31994
Inserted 8877
Inserted 30270
Inserted 26561
Inserted 24584
Inserted 7285
Inserted 5206
Inserted 32635
Inserted 16655
Inserted 26088
Inserted 721
Inserted 28972
Inserted 24710
Inserted 1572
Inserted 4470
Inserted 13677
Inserted 24721
Inserted 31448
Inserted 16783
Inserted 29809
Inserted 12204
Inserted 1932
Inserted 5032
Inserted 25296
Inserted 20178
Inserted 8844
Inserted 13202
Inserted 8590
Inserted 25439
Inserted 28113
Inserted 17719
Inserted 26498
Inserted 8472
Inserted 1316
Inserted 4108
Inserted 11718
Inserted 25393
Inserted 8156
Inserted 32201
Inserted 26660
Inserted 7389
Inserted 25287
Inserted 26234
Inserted 5627
Inserted 26329
Inserted 26762
Inserted 15756
Inserted 6519
Inserted 9985
Inserted 23089
Inserted 11822
Inserted 9917
Inserted 26602
Inserted 19079
Inserted 31800
Inserted 14009
Inserted 17387
Inserted 9192
Inserted 29729
Inserted 24083
Inserted 20183
Inserted 30065
Inserted 18662
Inserted 8937
Inserted 22829
Inserted 25903
Inserted 428
Inserted 17366
Inserted 27361
Inserted 20438
Inserted 27303
Inserted 30036
Inserted 23391
Inserted 4278
Inserted 3386
Inserted 2373
Inserted 1514
Inserted 29536
Inserted 13516
Inserted 145
Inserted 9427
Inserted 26721
Inserted 29460
Inserted 12997
Inserted 14410
Inserted 28197
Inserted 31941
Inserted 30207
Inserted 14831
Inserted 17010
Inserted 16992
Inserted 6770
Inserted 23223
Inserted 3696
Inserted 15184
Inserted 20099
Inserted 9747
Inserted 1695
Inserted 7993
Inserted 5855
Inserted 23293
Inserted 32546
Inserted 11305
Inserted 22497
Inserted 32447
Inserted 1218
Inserted 22741
Inserted 26750
Inserted 6985
Inserted 3391
Inserted 18760
Inserted 3232
Inserted 5294
Inserted 7409
Inserted 7886
Inserted 5496
Inserted 2490
Inserted 32529
Inserted 23574
Inserted 31836
Inserted 27194
Inserted 5762
Inserted 18999
Inserted 30431
Inserted 1345
Inserted 6650
Inserted 25950
Inserted 19192
Inserted 21898
Inserted 2977
Inserted 4134
Inserted 21928
Inserted 30118
Inserted 18192
Inserted 30166
Inserted 6887
Inserted 2102
Inserted 6322
Inserted 21558
Inserted 14385
Inserted 28765
Inserted 25712
Inserted 6049
Inserted 24641
Inserted 28277
Inserted 8077
Inserted 32092
Inserted 17437
Inserted 29953
Inserted 8654
Inserted 12326
Inserted 3410
Inserted 18915
Inserted 4575
Inserted 4880
Inserted 18384
Inserted 28914
Inserted 11919
Inserted 1818
Inserted 21504
Inserted 2473
Inserted 29648
Inserted 13160
Inserted 23594
Inserted 17974
Inserted 19019
Inserted 27086
Inserted 28847
Inserted 7067
Inserted 3152
Inserted 20246
Inserted 10505
Inserted 7508
Inserted 28856
Inserted 32335
Inserted 31351
Inserted 8874
Inserted 29116
Inserted 1995
Inserted 14795
Inserted 25670
Inserted 13649
Inserted 23275
Inserted 25580
Inserted 10111
Inserted 15361
Inserted 32106
Inserted 18199
Inserted 22662
Inserted 20549
Inserted 16022
Inserted 9700
Inserted 2554
Inserted 662
Inserted 30408
Inserted 26198
Inserted 16558
Inserted 18525
Inserted 18059
Inserted 18288
Inserted 20770
Inserted 18906
Inserted 24019
Inserted 23869
Inserted 28716
Inserted 31310
Inserted 28618
Inserted 32159
Inserted 19312
Inserted 30079
Inserted 4222
Inserted 14571
Inserted 17558
Inserted 32563
Inserted 12590
Inserted 17844
Inserted 31816
Inserted 19666
Inserted 30306
Inserted 1880
Inserted 19957
Inserted 26193
Inserted 3728
Inserted 24590
Inserted 29267
Inserted 14068
Inserted 1970
Inserted 18116
Inserted 3612
Inserted 8475
Inserted 2299
Inserted 17330
Inserted 15151
Inserted 5758
Inserted 14962
Inserted 31587
Inserted 1751
Inserted 15251
Inserted 4678
Inserted 235
Inserted 10351
Inserted 13436
Inserted 6714
Inserted 12982
Inserted 23368
Inserted 5044
Inserted 31608
Inserted 23238
Inserted 23544
Inserted 4671
Inserted 15431
Inserted 10314
Inserted 29665
Inserted 14444
Inserted 12872
Inserted 30187
Inserted 16465
Inserted 26208
Inserted 21728
Inserted 22027
Inserted 24693
Inserted 31653
Inserted 12214
Inserted 28282
Inserted 7570
Inserted 10197
Inserted 5107
Inserted 24854
Inserted 10917
Inserted 15739
Inserted 4567
Inserted 2718
Inserted 10600
Inserted 12699
Inserted 11132
Inserted 1502
Inserted 24667
Inserted 6214
Inserted 14567
Inserted 30082
Inserted 8984
Inserted 1428
Inserted 7195
Inserted 24450
Inserted 32134
Inserted 13124
Inserted 18778
Inserted 27922
Inserted 27694
Inserted 7039
Inserted 1361
Inserted 10107
Inserted 3403
Inserted 30052
Inserted 13612
Inserted 28039
Inserted 15813
Inserted 14858
Inserted 2864
Inserted 24337
Inserted 485
Inserted 8366
Inserted 18036
Inserted 18160
Inserted 18304
Inserted 31095
Inserted 23435
Inserted 21655
Inserted 13836
Inserted 27794
Inserted 13885
Inserted 25919
Inserted 24174
Inserted 26253
Inserted 10334
Inserted 14448
Inserted 5786
Inserted 21815
Inserted 20867
Inserted 6087
Inserted 3118
Inserted 19296
Inserted 30021
Inserted 19226
Inserted 28994
Inserted 24899
Inserted 7557
Inserted 26850
Inserted 22418
Inserted 26009
Inserted 2031
Inserted 27549
Inserted 4279
Inserted 24680
Inserted 8728
Inserted 18007
Inserted 21137
Inserted 31666
Inserted 11480
Inserted 4599
Inserted 15954
Inserted 5579
Inserted 27321
Inserted 6414
Inserted 17590
Inserted 6357
Inserted 9063
Inserted 2641
Inserted 12132
Inserted 10663
Inserted 22934
Inserted 7183
Inserted 4742
Inserted 6001
Inserted 10734
Inserted 16428
Inserted 13786
Inserted 32129
Inserted 12946
Inserted 18140
Inserted 14202
Inserted 25758
Inserted 2536
Inserted 22237
Inserted 12465
Inserted 686
Inserted 9244
Inserted 4476
Inserted 29140
Inserted 5455
Inserted 32199
Inserted 21380
Inserted 907
Inserted 18279
Inserted 5104
Inserted 19372
Inserted 23395
Inserted 6827
Inserted 6135
Inserted 7000
Inserted 22868
Inserted 22836
Inserted 13705
Inserted 12380
Inserted 25953
Inserted 3174
Inserted 22529
Inserted 20986
Inserted 28129
Inserted 23592
Inserted 27916
Inserted 546
Inserted 31620
Inserted 496
Inserted 15057
Inserted 21709
Inserted 31554
Inserted 9111
Inserted 13479
Inserted 3001
Inserted 11885
Inserted 14979
Inserted 13790
Inserted 12392
Inserted 22695
Inserted 16195
Inserted 14484
Inserted 9122
Inserted 548
Inserted 22924
Inserted 17596
Inserted 4193
Inserted 8585
Inserted 32445
Inserted 11852
Inserted 7823
Inserted 5027
Inserted 23231
Inserted 27283
Inserted 17168
Inserted 15193
Inserted 16431
Inserted 20429
Inserted 20739
Inserted 24031
Inserted 29429
Inserted 12357
Inserted 3885
Inserted 23863
Inserted 17072
Inserted 30086
Inserted 26485
Inserted 5570
Inserted 21567
Inserted 24698
Inserted 7504
Inserted 13538
Inserted 13869
Inserted 5052
Inserted 7478
Inserted 4471
Inserted 15172
Inserted 25824
Inserted 26681
Inserted 2398
Inserted 16715
Inserted 24288
Inserted 11921
Inserted 24291
Inserted 26029
Inserted 26682
Inserted 16709
Inserted 25538
Inserted 17501
Inserted 6024
Inserted 6022
Inserted 16476
Inserted 22740
Inserted 28165
Inserted 19086
Inserted 900
Inserted 95
Inserted 10054
Inserted 23579
Inserted 31536
Inserted 30370
Inserted 1517
Inserted 28694
Inserted 21169
Inserted 12064
Inserted 16477
Inserted 9594
Inserted 4888
Inserted 32010
Inserted 18880
Inserted 6956
Inserted 15029
Inserted 12644
Inserted 23397
Inserted 18788
Inserted 14548
Inserted 1513
Inserted 13674
Inserted 26583
Inserted 15916
Inserted 8458
Inserted 31437
Inserted 2722
Inserted 22329
Inserted 17122
Inserted 31369
Inserted 7809
Inserted 15980
Inserted 5122
Inserted 25964
Inserted 25628
Inserted 4852
Inserted 18465
Inserted 28275
Inserted 25855
Inserted 14408
Inserted 31807
Inserted 12756
Inserted 7128
Inserted 26058
Inserted 13229
Inserted 27164
Inserted 15355
Inserted 9866
Inserted 18250
Inserted 242
Inserted 2227
Inserted 31217
Inserted 22689
Inserted 391
Inserted 25446
Inserted 26046
Inserted 28104
Inserted 21414
Inserted 26246
Inserted 25900
Inserted 30046
Inserted 19082
Inserted 31537
Inserted 21609
Inserted 21543
Inserted 3056
Inserted 29693
Inserted 12361
Inserted 30198
Inserted 28016
Inserted 17653
Inserted 32316
Inserted 26064
Inserted 15372
Inserted 31967
Inserted 28798
Inserted 12622
Inserted 8714
Inserted 25537
Inserted 6797
Inserted 6979
Inserted 7935
Inserted 25251
Inserted 18912
Inserted 24991
Inserted 6293
Inserted 22230
Inserted 6803
Inserted 14094
Inserted 16628
Inserted 27894
Inserted 1073
Inserted 20202
Inserted 12596
Inserted 10216
Inserted 31813
Inserted 25140
Inserted 8707
Inserted 32181
Inserted 2420
Inserted 25321
Inserted 26108
Inserted 6898
Inserted 1014
Inserted 10726
Inserted 27408
Inserted 19669
Inserted 23258
Inserted 26270
Inserted 16935
Inserted 27522
Inserted 21054
Inserted 29072
Inserted 25913
Inserted 28878
Inserted 18450
Inserted 571
Inserted 19029
Inserted 24342
Inserted 28682
Inserted 26189
Inserted 13373
Inserted 13615
Inserted 15177
Inserted 29343
Inserted 607
Inserted 14794
Inserted 1971
Inserted 2280
Inserted 23491
Inserted 20075
Inserted 19386
Inserted 18981
Inserted 18762
Inserted 1114
Inserted 29347
Inserted 30426
Inserted 14396
Inserted 28502
Inserted 23063
Inserted 3930
Inserted 24044
Inserted 31316
Inserted 21296
Inserted 11025
Inserted 30205
Inserted 15461
Inserted 3181
Inserted 3907
Inserted 12067
Inserted 4806
Inserted 10438
Inserted 17407
Inserted 15062
Inserted 7229
Inserted 2035
Inserted 12290
Inserted 25966
Inserted 11982
Inserted 4630
Inserted 32164
Inserted 22515
Inserted 7321
Inserted 27750
Inserted 3122
Inserted 1511
Inserted 14699
Inserted 31018
Inserted 13946
Inserted 9878
Inserted 17675
Inserted 10370
Inserted 30789
Inserted 1276
Inserted 26864
Inserted 16439
Inserted 3242
Inserted 23918
Inserted 508
Inserted 25649
Inserted 20641
Inserted 2586
Inserted 31109
Inserted 20271
Inserted 15392
Inserted 23456
Inserted 15981
Inserted 20714
Inserted 20216
Inserted 16817
Inserted 14990
Inserted 21962
Inserted 18381
Inserted 26387
Inserted 7005
Inserted 23550
Inserted 11182
Inserted 1749
Inserted 23020
Inserted 10614
Inserted 15642
Inserted 9560
Inserted 17742
Inserted 11229
Inserted 23286
Inserted 8700
Inserted 15465
Inserted 6486
Inserted 19940
Inserted 7783
Inserted 12743
Inserted 15005
Inserted 8745
Inserted 17548
Inserted 29888
Inserted 30393
Inserted 28415
Inserted 10697
Inserted 29707
Inserted 13588
Inserted 9084
Inserted 20719
Inserted 30468
Inserted 7793
Inserted 29336
Inserted 5291
Inserted 24714
Inserted 32147
Inserted 7152
Inserted 21496
Inserted 26584
Inserted 29309
Inserted 20782
Inserted 1263
Inserted 22308
Inserted 16714
Inserted 9461
Inserted 1615
Inserted 9509
Inserted 2085
Inserted 18444
Inserted 5970
Inserted 24443
Inserted 31804
Inserted 16566
Inserted 29635
Inserted 10013
Inserted 32192
Inserted 25909
Inserted 29803
Inserted 7928
Inserted 23539
Inserted 24461
Inserted 5069
Inserted 11737
Inserted 8067
Inserted 7818
Inserted 11027
Inserted 6028
Inserted 22532
Inserted 31559
Inserted 12614
Inserted 25126
Inserted 98
Inserted 22214
Inserted 13632
Inserted 22031
Inserted 23389
Inserted 32498
Inserted 31141
Inserted 6502
Inserted 2567
Inserted 2600
Inserted 3758
Inserted 16781
Inserted 14859
Inserted 26098
Inserted 2059
Inserted 16004
Inserted 23094
Inserted 18813
Inserted 258
Inserted 30774
Inserted 11341
Inserted 18117
Inserted 11170
Inserted 5423
Inserted 22282
Inserted 294
Inserted 12859
Inserted 21871
Inserted 14952
Inserted 2544
Inserted 8562
Inserted 1100
Inserted 20778
Inserted 20137
Inserted 2347
Inserted 25534
Inserted 28421
Inserted 15369
Inserted 4006
Inserted 3910
Inserted 25005
Inserted 29843
Inserted 10544
Inserted 26733
Inserted 19592
Inserted 14100
Inserted 10584
Inserted 25084
Inserted 19655
Inserted 21075
Inserted 4882
Inserted 26840
Inserted 4102
Inserted 25476
Inserted 26469
Inserted 5223
Inserted 2145
Inserted 3228
Inserted 11235
Inserted 9435
Inserted 25985
Inserted 20756
Inserted 17875
Inserted 2003
Inserted 9648
Inserted 8943
Inserted 24414
Inserted 9083
Inserted 26902
Inserted 10206
Inserted 11374
Inserted 19936
Inserted 7178
Inserted 5514
Inserted 10992
Inserted 23454
Inserted 9156
Inserted 13232
Inserted 9731
Inserted 5936
Inserted 8171
Inserted 4842
Inserted 27785
Inserted 31043
Inserted 12801
Inserted 28341
Inserted 17680
Inserted 5359
Inserted 29805
Inserted 20688
Inserted 12920
Inserted 9813
Inserted 2959
Inserted 15212
Inserted 8076
Inserted 20019
Inserted 20117
Inserted 4126
Inserted 3178
Inserted 31231
Inserted 23109
Inserted 3351
Inserted 19874
Inserted 17705
Inserted 9874
Inserted 14697
Inserted 20221
Inserted 18702
Inserted 30683
Inserted 9896
Inserted 29204
Inserted 11265
Inserted 32410
Inserted 18148
Inserted 10809
Inserted 5711
Inserted 28600
Inserted 10927
Inserted 31966
Inserted 24535
Inserted 31285
Inserted 5037
Inserted 13887
Inserted 18318
Inserted 5822
Inserted 5443
Inserted 13608
Inserted 9231
Inserted 11967
Inserted 18212
Inserted 5209
Inserted 17632
Inserted 11145
Inserted 13766
Inserted 10131
Inserted 5802
Inserted 18336
Inserted 6025
Inserted 24801
Inserted 30031
Inserted 21395
Inserted 24401
Inserted 7399
Inserted 1122
Inserted 25898
Inserted 21851
Inserted 1186
Inserted 4331
Inserted 4256
Inserted 2816
Inserted 29759
Inserted 20041
Inserted 19038
Inserted 1264
Inserted 8307
Inserted 9518
Inserted 9828
Inserted 29954
Inserted 20759
Inserted 20777
Inserted 11406
Inserted 13345
Inserted 3855
Inserted 11394
Inserted 32744
Inserted 7976
Inserted 24322
Inserted 18643
Inserted 18609
Inserted 554
Inserted 4769
Inserted 7824
Inserted 13962
Inserted 19321
Inserted 1412
Inserted 32393
Inserted 10490
Inserted 2140
Inserted 12419
Inserted 32212
Inserted 14981
Inserted 29884
Inserted 31465
Inserted 17146
Inserted 15510
Inserted 7258
Inserted 13114
Inserted 14400
Inserted 18342
Inserted 3006
Inserted 16267
Inserted 24341
Inserted 24084
Inserted 23790
Inserted 28361
Inserted 18479
Inserted 30069
Inserted 31142
Inserted 19848
Inserted 13552
Inserted 2113
Inserted 6562
Inserted 2996
Inserted 10836
Inserted 31135
Inserted 11563
Inserted 1393
Inserted 16230
Inserted 26377
Inserted 9600
Inserted 18282
Inserted 4465
Inserted 4787
Inserted 18689
Inserted 32339
Inserted 2456
Inserted 2632
Inserted 29743
Inserted 14407
Inserted 21891
Inserted 13429
Inserted 23067
Inserted 11878
Inserted 10052
Inserted 17949
Inserted 15697
Inserted 24923
Inserted 18653
Inserted 6200
Inserted 6321
Inserted 2841
Inserted 23060
Inserted 22886
Inserted 23987
Inserted 2397
Inserted 670
Inserted 28741
Inserted 21747
Inserted 31286
Inserted 19895
Inserted 12396
Inserted 24537
Inserted 3046
Inserted 1074
Inserted 25508
Inserted 29503
Inserted 26757
Inserted 24229
Inserted 31675
Inserted 16518
Inserted 6579
Inserted 25713
Inserted 23193
Inserted 10602
Inserted 19404
Inserted 4117
Inserted 31003
Inserted 7122
Inserted 28213
Inserted 8036
Inserted 4129
Inserted 27863
Inserted 23128
Inserted 24076
Inserted 28717
Inserted 17025
Inserted 20492
Inserted 32196
Inserted 1476
Inserted 15798
Inserted 23485
Inserted 20231
Inserted 28730
Inserted 12760
Inserted 31240
Inserted 17483
Inserted 24379
Inserted 6735
Inserted 22679
Inserted 21157
Inserted 24695
Inserted 13057
Inserted 14232
Inserted 9379
Inserted 24256
Inserted 6046
Inserted 13970
Inserted 16252
Inserted 27674
Inserted 26139
Inserted 3682
Inserted 23174
Inserted 11716
Inserted 14909
Inserted 15014
Inserted 24218
Inserted 32547
Inserted 17546
Inserted 23235
Inserted 4730
Inserted 13091
Inserted 5360
Inserted 4766
Inserted 9475
Inserted 11637
Inserted 28525
Inserted 2316
Inserted 2377
Inserted 7731
Inserted 26564
Inserted 22165
Inserted 1731
Inserted 20856
Inserted 26310
Inserted 1535
Inserted 16921
Inserted 23278
Inserted 6576
Inserted 12178
Inserted 28069
Inserted 4531
Inserted 29349
Inserted 12305
Inserted 16768
Inserted 21436
Inserted 6368
Inserted 2401
Inserted 7619
Inserted 32218
Inserted 22802
Inserted 7006
Inserted 17743
Inserted 28396
Inserted 19960
Inserted 24345
Inserted 17252
Inserted 11848
Inserted 25281
Inserted 28828
Inserted 25893
Inserted 3437
Inserted 8802
Inserted 7116
Inserted 8607
Inserted 10528
Inserted 14879
Inserted 27451
Inserted 13628
Inserted 25312
Inserted 18937
Inserted 6606
Inserted 864
Inserted 16933
Inserted 16215
Inserted 22380
Inserted 27545
Inserted 14208
Inserted 8566
Inserted 1481
Inserted 4257
Inserted 11604
Inserted 12664
Inserted 8326
Inserted 608
Inserted 5706
Inserted 22705
Inserted 32488
Inserted 19988
Inserted 29545
Inserted 26311
Inserted 5840
Inserted 31638
Inserted 20308
Inserted 27612
Inserted 13609
Inserted 2564
Inserted 927
Inserted 5894
Inserted 3569
Inserted 22974
Inserted 22745
Inserted 15769
Inserted 9277
Inserted 10300
Inserted 27374
Inserted 4986
Inserted 29152
Inserted 4284
Inserted 32618
Inserted 9548
Inserted 8913
Inserted 19954
Inserted 19950
Inserted 17550
Inserted 19684
Inserted 16239
Inserted 5270
Inserted 26047
Inserted 31313
Inserted 29147
Inserted 17458
Inserted 22590
Inserted 6420
Inserted 17683
Inserted 2326
Inserted 15786
Inserted 30779
Inserted 13900
Inserted 3768
Inserted 5877
Inserted 12790
Inserted 8312
Inserted 4500
Inserted 22221
Inserted 238
Inserted 19524
Inserted 18281
Inserted 3071
Inserted 1272
Inserted 11730
Inserted 38
Inserted 18928
Inserted 29679
Inserted 17103
Inserted 1738
Inserted 9078
Inserted 25676
Inserted 11049
Inserted 4259
Inserted 28530
Inserted 11516
Inserted 23575
Inserted 2698
Inserted 12446
Inserted 6896
Inserted 26665
Inserted 17518
Inserted 22264
Inserted 13510
Inserted 10185
Inserted 872
Inserted 1222
Inserted 28010
Inserted 12535
Inserted 25301
Inserted 14551
Inserted 4204
Inserted 26508
Inserted 18559
Inserted 13025
Inserted 19327
Inserted 15365
Inserted 13155
Inserted 19184
Inserted 8204
Inserted 13157
Inserted 20353
Inserted 3624
Inserted 6382
Inserted 25945
Inserted 14095
Inserted 25976
Inserted 7043
Inserted 8428
Inserted 32022
Inserted 8477
Inserted 21097
Inserted 20881
Inserted 6498
Inserted 14018
Inserted 29207
Inserted 28649
Inserted 26734
Inserted 19396
Inserted 7268
Inserted 3262
Inserted 6834
Inserted 32327
Inserted 17740
Inserted 21667
Inserted 3158
Inserted 15174
Inserted 22223
Inserted 19417
Inserted 5049
Inserted 3412
Inserted 6717
Inserted 3102
Inserted 27322
Inserted 21647
Inserted 25799
Inserted 28389
Inserted 29798
Inserted 21430
Inserted 8367
Inserted 7814
Inserted 19752
Inserted 1404
Inserted 6595
Inserted 18262
Inserted 22742
Inserted 2394
Inserted 28081
Inserted 26236
Inserted 9431
Inserted 30261
Inserted 3328
Inserted 22366
Inserted 32178
Inserted 9565
Inserted 7576
Inserted 27038
Inserted 8218
Inserted 1477
Inserted 186
Inserted 13601
Inserted 6405
Inserted 22335
Inserted 22358
Inserted 32111
Inserted 21498
Inserted 521
Inserted 25651
Inserted 6537
Inserted 7936
Inserted 19617
Inserted 15968
Inserted 6964
Inserted 18613
Inserted 9642
Inserted 2581
Inserted 10211
Inserted 30328
Inserted 14126
Inserted 16988
Inserted 206
Inserted 3509
Inserted 5566
Inserted 6936
Inserted 30108
Inserted 7556
Inserted 23010
Inserted 3020
Inserted 30843
Inserted 8870
Inserted 15154
Inserted 13653
Inserted 8390
Inserted 8533
Inserted 9645
Inserted 23177
Inserted 14970
Inserted 4741
Inserted 2173
Inserted 15167
Inserted 30759
Inserted 18515
Inserted 28628
Inserted 13741
Inserted 10736
Inserted 30134
Inserted 28067
Inserted 13648
Inserted 19549
Inserted 1965
Inserted 13382
Inserted 13070
Inserted 2162
Inserted 13503
Inserted 1371
Inserted 16943
Inserted 12837
Inserted 6045
Inserted 3355
Inserted 10527
Inserted 12573
Inserted 12153
Inserted 6677
Inserted 18154
Inserted 26204
Inserted 4708
Inserted 15015
Inserted 6778
Inserted 6169
Inserted 4898
Inserted 9416
Inserted 3137
Inserted 21478
Inserted 32549
Inserted 17977
Inserted 30438
Inserted 10128
Inserted 4145
Inserted 24164
Inserted 11140
Inserted 30349
Inserted 28898
Inserted 22212
Inserted 12526
Inserted 8110
Inserted 14755
Inserted 24408
Inserted 24812
Inserted 23498
Inserted 9555
Inserted 12158
Inserted 23837
Inserted 12089
Inserted 621
Inserted 6164
Inserted 7450
Inserted 27152
Inserted 28147
Inserted 27913
Inserted 2295
Inserted 32074
Inserted 19693
Inserted 2403
Inserted 23376
Inserted 8434
Inserted 19018
Inserted 28411
Inserted 26744
Inserted 27241
Inserted 18630
Inserted 6612
Inserted 22572
Inserted 26319
Inserted 854
Inserted 9249
Inserted 12176
Inserted 4349
Inserted 14837
Inserted 16617
Inserted 1853
Inserted 4760
Inserted 9010
Inserted 12376
Inserted 5657
Inserted 11847
Inserted 20158
Inserted 27405
Inserted 12550
Inserted 32495
Inserted 14882
Inserted 19570
Inserted 29110
Inserted 13693
Inserted 14048
Inserted 22083
Inserted 12391
Inserted 8244
Inserted 12919
Inserted 893
Inserted 3883
Inserted 27983
Inserted 5898
Inserted 13912
Inserted 2079
Inserted 13350
Inserted 31405
Inserted 31540
Inserted 8573
Inserted 2678
Inserted 444
Inserted 30725
Inserted 14192
Inserted 22599
Inserted 19116
Inserted 24108
Inserted 26454
Inserted 13774
Inserted 11697
Inserted 30866
Inserted 11007
Inserted 23354
Inserted 32761
Inserted 8437
Inserted 8069
Inserted 10847
Inserted 11285
Inserted 17375
Inserted 25965
Inserted 18161
Inserted 3339
Inserted 823
Inserted 4577
Inserted 21973
Inserted 9805
Inserted 7577
Inserted 1158
Inserted 5244
Inserted 21716
Inserted 18385
Inserted 1213
Inserted 13948
Inserted 10539
Inserted 13581
Inserted 12939
Inserted 2854
Inserted 8799
Inserted 14596
Inserted 10257
Inserted 9835
Inserted 13131
Inserted 11250
Inserted 25812
Inserted 3994
Inserted 5429
Inserted 8207
Inserted 25650
Inserted 676
Inserted 23530
Inserted 4784
Inserted 17735
Inserted 3258
Inserted 27686
Inserted 1203
Inserted 22347
Inserted 28150
Inserted 5388
Inserted 23348
Inserted 8303
Inserted 27605
Inserted 15130
Inserted 25465
Inserted 30567
Inserted 16891
Inserted 16156
Inserted 8524
Inserted 29351
Inserted 16657
Inserted 10947
Inserted 12627
Inserted 19294
Inserted 18934
Inserted 9778
Inserted 3814
Inserted 7865
Inserted 538
Inserted 18309
Inserted 22024
Inserted 26865
Inserted 30436
Inserted 5173
Inserted 15360
Inserted 18528
Inserted 24347
Inserted 1125
Inserted 21767
Inserted 27343
Inserted 30427
Inserted 32057
Inserted 29324
Inserted 8574
Inserted 12120
Inserted 8046
Inserted 1326
Inserted 26898
Inserted 6250
Inserted 27142
Inserted 17467
Inserted 4460
Inserted 31362
Inserted 25720
Inserted 7200
Inserted 9468
Inserted 2462
Inserted 29195
Inserted 31225
Inserted 20988
Inserted 19552
Inserted 26076
Inserted 6301
Inserted 31915
Inserted 11717
Inserted 19484
Inserted 16342
Inserted 3414
Inserted 11260
Inserted 30476
Inserted 11138
Inserted 27931
Inserted 27539
Inserted 17879
Inserted 6069
Inserted 6923
Inserted 5475
Inserted 3007
Inserted 24882
Inserted 16997
Inserted 28638
Inserted 12585
Inserted 22983
Inserted 734
Inserted 9588
Inserted 4116
Inserted 5439
Inserted 16905
Inserted 9337
Inserted 10673
Inserted 8096
Inserted 19332
Inserted 883
Inserted 15043
Inserted 427
Inserted 16470
Inserted 25274
Inserted 20775
Inserted 6530
Inserted 2111
Inserted 7312
Inserted 22068
Inserted 15603
Inserted 10084
Inserted 16113
Inserted 6876
Inserted 27099
Inserted 13643
Inserted 18334
Inserted 6379
Inserted 6567
Inserted 20795
Inserted 30227
Inserted 31232
Inserted 22344
Inserted 753
Inserted 31080
Inserted 7653
Inserted 31799
Inserted 5011
Inserted 13685
Inserted 23324
Inserted 16054
Inserted 29418
Inserted 25401
Inserted 30040
Inserted 31947
Inserted 4221
Inserted 18553
Inserted 13251
Inserted 13014
Inserted 17076
Inserted 15368
Inserted 9397
Inserted 15972
Inserted 10405
Inserted 17733
Inserted 20154
Inserted 19021
Inserted 11758
Inserted 10115
Inserted 14463
Inserted 3316
Inserted 4547
Inserted 29565
Inserted 22990
Inserted 12146
Inserted 32557
Inserted 4093
Inserted 11258
Inserted 16746
Inserted 1748
Inserted 8091
Inserted 4127
Inserted 26085
Inserted 17433
Inserted 20313
Inserted 11953
Inserted 31672
Inserted 292
Inserted 28827
Inserted 1522
Inserted 12775
Inserted 25733
Inserted 5
Inserted 28951
Inserted 20735
Inserted 8092
Inserted 4533
Inserted 26315
Inserted 21974
Inserted 11392
Inserted 12559
Inserted 28142
Inserted 27415
Inserted 24060
Inserted 29984
Inserted 4970
Inserted 13272
Inserted 11611
Inserted 18678
Inserted 13761
Inserted 14648
Inserted 17979
Inserted 14895
Inserted 10700
Inserted 25398
Inserted 30699
Inserted 19016
Inserted 30194
Inserted 1439
Inserted 28106
Inserted 16932
Inserted 26422
Inserted 30606
Inserted 22030
Inserted 8554
Inserted 2672
Inserted 12029
Inserted 8108
Inserted 31498
Inserted 21235
Inserted 31394
Inserted 4057
Inserted 10522
Inserted 6552
Inserted 10969
Inserted 22821
Inserted 9879
Inserted 8050
Inserted 4795
Inserted 23296
Inserted 25829
Inserted 13474
Inserted 7119
Inserted 31497
Inserted 5962
Inserted 27690
Inserted 10833
Inserted 19572
Inserted 11028
Inserted 5039
Inserted 21626
Inserted 4021
Inserted 23781
Inserted 5055
Inserted 16779
Inserted 26434
Inserted 32598
Inserted 24284
Inserted 731
Inserted 11914
Inserted 6532
Inserted 19248
Inserted 26704
Inserted 7352
Inserted 13720
Inserted 31837
Inserted 6352
Inserted 5477
Inserted 2019
Inserted 7608
Inserted 17532
Inserted 18129
Inserted 3489
Inserted 31416
Inserted 11793
Inserted 9884
Inserted 15847
Inserted 12261
Inserted 20194
Inserted 25390
Inserted 31843
Inserted 27076
Inserted 10417
Inserted 29225
Inserted 28851
Inserted 23346
Inserted 17549
Inserted 15458
Inserted 28132
Inserted 12365
Inserted 15984
Inserted 17760
Inserted 18489
Inserted 13727
Inserted 5323
Inserted 9628
Inserted 15065
Inserted 28202
Inserted 11845
Inserted 17352
Inserted 17588
Inserted 9862
Inserted 31766
Inserted 4178
Inserted 28167
Inserted 16471
Inserted 4112
Inserted 29214
Inserted 10422
Inserted 15699
Inserted 10817
Inserted 10076
Inserted 22471
Inserted 24805
Inserted 9661
Inserted 1017
Inserted 4010
Inserted 13144
Inserted 1601
Inserted 23836
Inserted 3451
Inserted 12924
Inserted 25164
Inserted 11291
Inserted 8100
Inserted 1788
Inserted 27279
Inserted 5296
Inserted 29360
Inserted 29370
Inserted 22254
Inserted 9739
Inserted 20751
Inserted 5151
Inserted 28450
Inserted 4719
Inserted 26809
Inserted 19899
Inserted 11713
Inserted 19584
Inserted 12287
Inserted 4542
Inserted 9596
Inserted 26172
Inserted 31553
Inserted 5332
Inserted 25320
Inserted 31287
Inserted 31187
Inserted 3027
Inserted 16139
Inserted 22191
Inserted 29964
Inserted 14096
Inserted 18031
Inserted 1433
Inserted 27711
Inserted 24819
Inserted 13916
Inserted 24621
Inserted 9677
Inserted 12770
Inserted 17463
Inserted 16688
Inserted 26440
Inserted 13095
Inserted 5512
Inserted 23318
Inserted 5655
Inserted 23
Inserted 20863
Inserted 12866
Inserted 18296
Inserted 32263
Inserted 8911
Inserted 21645
Inserted 29649
Inserted 32128
Inserted 32332
Inserted 6944
Inserted 16938
Inserted 25770
Inserted 32711
Inserted 30552
Inserted 16035
Inserted 15985
Inserted 31574
Inserted 24424
Inserted 13282
Inserted 26983
Inserted 17866
Inserted 20185
Inserted 9909
Inserted 7413
Inserted 31719
Inserted 6804
Inserted 3805
Inserted 11858
Inserted 26292
Inserted 5687
Inserted 26342
Inserted 23460
Inserted 31667
Inserted 18587
Inserted 8918
Inserted 14524
Inserted 4855
Inserted 31660
Inserted 107
Inserted 2712
Inserted 12481
Inserted 1639
Inserted 10884
Inserted 5810
Inserted 12679
Inserted 18459
Inserted 32667
Inserted 5654
Inserted 20383
Inserted 6668
Inserted 8000
Inserted 22247
Inserted 30784
Inserted 22922
Inserted 10658
Inserted 20388
Inserted 1067
Inserted 9243
Inserted 13337
Inserted 24625
Inserted 25484
Inserted 17094
Inserted 10411
Inserted 28143
Inserted 29757
Inserted 28211
Inserted 27676
Inserted 14257
Inserted 7530
Inserted 14025
Inserted 22518
Inserted 11645
Inserted 16112
Inserted 12945
Inserted 28346
Inserted 24404
Inserted 18873
Inserted 5023
Inserted 8605
Inserted 24511
Inserted 11123
Inserted 15036
Inserted 13599
Inserted 9847
Inserted 15989
Inserted 2971
Inserted 6450
Inserted 28867
Inserted 19234
Inserted 8599
Inserted 26415
Inserted 30659
Inserted 28311
Inserted 12280
Inserted 31022
Inserted 14364
Inserted 2317
Inserted 25144
Inserted 10643
Inserted 15268
Inserted 9191
Inserted 20922
Inserted 13151
Inserted 12354
Inserted 27280
Inserted 9584
Inserted 356
Inserted 10751
Inserted 5175
Inserted 7461
Inserted 4237
Inserted 20600
Inserted 18063
Inserted 8712
Inserted 18065
Inserted 9097
Inserted 25171
Inserted 30595
Inserted 18355
Inserted 5793
Inserted 6969
Inserted 16058
Inserted 28685
Inserted 14719
Inserted 29211
Inserted 31875
Inserted 19127
Inserted 12764
Inserted 25246
Inserted 10
Inserted 4640
Inserted 9229
Inserted 30632
Inserted 31459
Inserted 26746
Inserted 9617
Inserted 22955
Inserted 17515
Inserted 19262
Inserted 32037
Inserted 17339
Inserted 8839
Inserted 22566
Inserted 17454
Inserted 4252
Inserted 5174
Inserted 16235
Inserted 2483
Inserted 15700
Inserted 18550
Inserted 23727
Inserted 29376
Inserted 15493
Inserted 4299
Inserted 4906
Inserted 4771
Inserted 13286
Inserted 5828
Inserted 26918
Inserted 21566
Inserted 12971
Inserted 9467
Inserted 3873
Inserted 27888
Inserted 11939
Inserted 27927
Inserted 10304
Inserted 20392
Inserted 22904
Inserted 23520
Inserted 21833
Inserted 1692
Inserted 31662
Inserted 7240
Inserted 10805
Inserted 9136
Inserted 13864
Inserted 2037
Inserted 19304
Inserted 32491
Inserted 21033
Inserted 11344
Inserted 12962
Inserted 14792
Inserted 28035
Inserted 23996
Inserted 30215
Inserted 31393
Inserted 8415
Inserted 3168
Inserted 19268
Inserted 12824
Inserted 12948
Inserted 9890
Inserted 27814
Inserted 27651
Inserted 4579
Inserted 5407
Inserted 26346
Inserted 28535
Inserted 9841
Inserted 28755
Inserted 25648
Inserted 31292
Inserted 2288
Inserted 10994
Inserted 10203
Inserted 1792
Inserted 11233
Inserted 27265
Inserted 2635
Inserted 11678
Inserted 14973
Inserted 9422
Inserted 23401
Inserted 31074
Inserted 13974
Inserted 12890
Inserted 9208
Inserted 28137
Inserted 25646
Inserted 12116
Inserted 5168
Inserted 25124
Inserted 21599
Inserted 13404
Inserted 20362
Inserted 28416
Inserted 5714
Inserted 17708
Inserted 26713
Inserted 21780
Inserted 12729
Inserted 16079
Inserted 17307
Inserted 10173
Inserted 32692
Inserted 5863
Inserted 12152
Inserted 22781
Inserted 6902
Inserted 7031
Inserted 25018
Inserted 31113
Inserted 27778
Inserted 16078
Inserted 20989
Inserted 14168
Inserted 28420
Inserted 890
Inserted 31644
Inserted 31449
Inserted 28072
Inserted 3415
Inserted 10470
Inserted 32149
Inserted 997
Inserted 13455
Inserted 9649
Inserted 7963
Inserted 2524
Inserted 19532
Inserted 9676
Inserted 31758
Inserted 1905
Inserted 26339
Inserted 6268
Inserted 5513
Inserted 1132
Inserted 21819
Inserted 3068
Inserted 11958
Inserted 22889
Inserted 28553
Inserted 24432
Inserted 23064
Inserted 29168
Inserted 1633
Inserted 14319
Inserted 31952
Inserted 28864
Inserted 8105
Inserted 15216
Inserted 21639
Inserted 5116
Inserted 7681
Inserted 21105
Inserted 32644
Inserted 30004
Inserted 21481
Inserted 25581
Inserted 11415
Inserted 2071
Inserted 26272
Inserted 15512
Inserted 22503
Inserted 8280
Inserted 26482
Inserted 921
Inserted 29686
Inserted 18647
Inserted 15098
Inserted 10800
Inserted 989
Inserted 22616
Inserted 28688
Inserted 31841
Inserted 25653
Inserted 32607
Inserted 29813
Inserted 14639
Inserted 27772
Inserted 17880
Inserted 14576
Inserted 30092
Inserted 19807
Inserted 4720
Inserted 12758
Inserted 19269
Inserted 30935
Inserted 17182
Inserted 6192
Inserted 14836
Inserted 25514
Inserted 32170
Inserted 2495
Inserted 17179
Inserted 14494
Inserted 19967
Inserted 23564
Inserted 916
Inserted 30112
Inserted 2018
Inserted 22297
Inserted 23019
Inserted 14531
Inserted 4050
Inserted 28304
Inserted 29100
Inserted 30430
Inserted 4712
Inserted 31327
Inserted 7914
Inserted 14183
Inserted 18755
Inserted 30891
Inserted 26227
Inserted 11897
Inserted 21047
Inserted 22631
Inserted 27757
Inserted 20779
Inserted 18862
Inserted 32359
Inserted 13823
Inserted 29232
Inserted 7197
Inserted 11400
Inserted 5019
Inserted 3223
Inserted 29049
Inserted 1028
Inserted 14013
Inserted 12472
Inserted 8075
Inserted 28166
Inserted 28775
Inserted 15560
Inserted 3022
Inserted 30298
Inserted 5518
Inserted 10843
Inserted 10383
Inserted 20559
Inserted 2967
Inserted 29520
Inserted 19750
Inserted 19928
Inserted 7571
Inserted 12753
Inserted 9850
Inserted 10748
Inserted 7345
Inserted 10196
Inserted 3028
Inserted 518
Inserted 24970
Inserted 17062
Inserted 28472
Inserted 86
Inserted 29834
Inserted 18865
Inserted 31655
Inserted 15732
Inserted 27946
Inserted 18982
Inserted 19598
Inserted 8239
Inserted 24560
Inserted 6815
Inserted 16059
Inserted 2384
Inserted 26179
Inserted 13569
Inserted 1270
Inserted 22977
Inserted 25040
Inserted 30975
Inserted 7498
Inserted 19217
Inserted 10552
Inserted 29186
Inserted 24789
Inserted 8187
Inserted 18969
Inserted 13756
Inserted 4807
Inserted 11986
Inserted 20647
Inserted 27404
Inserted 12641
Inserted 7747
Inserted 22190
Inserted 13356
Inserted 15269
Inserted 26836
Inserted 27689
Inserted 111
Inserted 27642
Inserted 26296
Inserted 23311
Inserted 27173
Inserted 2151
Inserted 5091
Inserted 15248
Inserted 4761
Inserted 24064
Inserted 6706
Inserted 6810
Inserted 2521
Inserted 31842
Inserted 22578
Inserted 15419
Inserted 18692
Inserted 28138
Inserted 31652
Inserted 678
Inserted 11456
Inserted 16900
Inserted 5298
Inserted 5763
Inserted 11446
Inserted 29671
Inserted 31850
Inserted 5705
Inserted 1378
Inserted 15656
Inserted 5396
Inserted 9289
Inserted 2188
Inserted 4653
Inserted 10551
Inserted 5636
Inserted 7760
Inserted 21440
Inserted 12219
Inserted 1953
Inserted 32499
Inserted 18377
Inserted 28373
Inserted 32521
Inserted 4203
Inserted 32389
Inserted 21158
Inserted 11104
Inserted 1754
Inserted 4309
Inserted 32081
Inserted 2211
Inserted 23242
Inserted 5299
Inserted 28621
Inserted 13868
Inserted 17787
Inserted 29687
Inserted 3458
Inserted 5105
Inserted 29549
Inserted 14632
Inserted 29548
Inserted 9204
Inserted 12118
Inserted 17778
Inserted 27849
Inserted 17012
Inserted 1105
Inserted 17486
Inserted 11408
Inserted 25445
Inserted 7931
Inserted 10339
Inserted 28276
Inserted 19076
Inserted 18322
Inserted 27746
Inserted 11959
Inserted 1884
Inserted 18606
Inserted 25700
Inserted 28145
Inserted 2096
Inserted 28149
Inserted 21391
Inserted 182
Inserted 14161
Inserted 4477
Inserted 5365
Inserted 9798
Inserted 27850
Inserted 11627
Inserted 28966
Inserted 32416
Inserted 31133
Inserted 22039
Inserted 28998
Inserted 790
Inserted 788
Inserted 12780
Inserted 25847
Inserted 17105
Inserted 25411
Inserted 14110
Inserted 12900
Inserted 22716
Inserted 26409
Inserted 6585
Inserted 497
Inserted 15680
Inserted 5221
Inserted 1262
Inserted 23492
Inserted 10085
Inserted 30452
Inserted 25254
Inserted 31590
Inserted 7380
Inserted 14320
Inserted 24855
Inserted 5583
Inserted 1512
Inserted 32277
Inserted 3600
Inserted 2234
Inserted 16349
Inserted 131
Inserted 14865
Inserted 20950
Inserted 22639
Inserted 18777
Inserted 23850
Inserted 20474
Inserted 1782
Inserted 9512
Inserted 27853
Inserted 11296
Inserted 29846
Inserted 9299
Inserted 9870
Inserted 18824
Inserted 11015
Inserted 4335
Inserted 17149
Inserted 14517
Inserted 20049
Inserted 6624
Inserted 32763
Inserted 14031
Inserted 7566
Inserted 13296
Inserted 21597
Inserted 22281
Inserted 14106
Inserted 12065
Inserted 349
Inserted 13444
Inserted 28844
Inserted 457
Inserted 27240
Inserted 22168
Inserted 29197
Inserted 18707
Inserted 11136
Inserted 25256
Inserted 8980
Inserted 27795
Inserted 31358
Inserted 12662
Inserted 19088
Inserted 25777
Inserted 18360
Inserted 9557
Inserted 26520
Inserted 30767
Inserted 19338
Inserted 23910
Inserted 14711
Inserted 4105
Inserted 11512
Inserted 4457
Inserted 6858
Inserted 24897
Inserted 4605
Inserted 12181
Inserted 21208
Inserted 4765
Inserted 15767
Inserted 24634
Inserted 16549
Inserted 23738
Inserted 19521
Inserted 14993
Inserted 18
Inserted 11293
Inserted 27206
Inserted 16375
Inserted 21225
Inserted 24244
Inserted 5283
Inserted 106
Inserted 16786
Inserted 22814
Inserted 3806
Inserted 4136
Inserted 7581
Inserted 6688
Inserted 28970
Inserted 16044
Inserted 16816
Inserted 13141
Inserted 28300
Inserted 19705
Inserted 13402
Inserted 23654
Inserted 17187
Inserted 17913
Inserted 23875
Inserted 10549
Inserted 31838
Inserted 22678
Inserted 4804
Inserted 18409
Inserted 19683
Inserted 8810
Inserted 16227
Inserted 28414
Inserted 28426
Inserted 6907
Inserted 18651
Inserted 5132
Inserted 25137
Inserted 29891
Inserted 21306
Inserted 21262
Inserted 11467
Inserted 17841
Inserted 28679
Inserted 12927
Inserted 9540
Inserted 29467
Inserted 22799
Inserted 13050
Inserted 21336
Inserted 13198
Inserted 11237
Inserted 8487
Inserted 27390
Inserted 851
Inserted 16569
Inserted 32138
Inserted 3964
Inserted 18979
Inserted 27090
Inserted 405
Inserted 5192
Inserted 6666
Inserted 13069
Inserted 19379
Inserted 7138
Inserted 19808
Inserted 16262
Inserted 7396
Inserted 24869
Inserted 25076
Inserted 10750
Inserted 17326
Inserted 14000
Inserted 13830
Inserted 22625
Inserted 21482
Inserted 11893
Inserted 6288
Inserted 2426
Inserted 5050
Inserted 1200
Inserted 32714
Inserted 7120
Inserted 25469
Inserted 7355
Inserted 19024
Inserted 26079
Inserted 21410
Inserted 20405
Inserted 2197
Inserted 7966
Inserted 32439
Inserted 580
Inserted 31056
Inserted 11590
Inserted 2918
Inserted 28210
Inserted 19639
Inserted 24858
Inserted 1542
Inserted 23349
Inserted 4420
Inserted 2547
Inserted 23611
Inserted 18839
Inserted 18779
Inserted 21813
Inserted 10279
Inserted 17409
Inserted 9694
Inserted 7199
Inserted 24964
Inserted 17228
Inserted 18618
Inserted 13835
Inserted 15221
Inserted 12435
Inserted 14554
Inserted 16912
Inserted 30075
Inserted 3715
Inserted 2114
Inserted 28781
Inserted 253
Inserted 16610
Inserted 675
Inserted 23618
Inserted 18732
Inserted 20936
Inserted 21465
Inserted 7212
Inserted 12901
Inserted 20520
Inserted 30507
Inserted 12592
Inserted 9765
Inserted 3495
Inserted 19677
Inserted 4271
Inserted 32048
Inserted 10031
Inserted 30734
Inserted 699
Inserted 23321
Inserted 25779
Inserted 19956
Inserted 28130
Inserted 29172
Inserted 5463
Inserted 30
Inserted 30358
Inserted 24254
Inserted 30385
Inserted 5409
Inserted 30569
Inserted 3332
Inserted 24272
Inserted 24389
Inserted 21849
Inserted 25848
Inserted 15037
Inserted 20737
Inserted 30061
Inserted 2226
Inserted 22735
Inserted 23285
Inserted 5246
Inserted 30824
Inserted 4639
Inserted 26576
Inserted 28220
Inserted 10799
Inserted 32409
Inserted 16917
Inserted 27673
Inserted 13667
Inserted 10037
Inserted 15775
Inserted 30708
Inserted 19623
Inserted 3623
Inserted 18105
Inserted 19650
Inserted 3455
Inserted 13167
Inserted 18968
Inserted 12963
Inserted 26638
Inserted 21227
Inserted 3575
Inserted 18916
Inserted 25565
Inserted 4015
Inserted 16687
Inserted 21466
Inserted 13158
Inserted 17412
Inserted 24838
Inserted 20748
Inserted 9478
Inserted 4456
Inserted 22014
Inserted 25333
Inserted 1048
Inserted 2004
Inserted 28806
Inserted 7534
Inserted 146
Inserted 8381
Inserted 12449
Inserted 10795
Inserted 30542
Inserted 29405
Inserted 9440
Inserted 23628
Inserted 25391
Inserted 19010
Inserted 22600
Inserted 295
Inserted 30629
Inserted 17163
Inserted 3496
Inserted 15118
Inserted 4119
Inserted 10878
Inserted 15159
Inserted 10506
Inserted 27675
Inserted 15168
Inserted 13780
Inserted 25582
Inserted 5998
Inserted 23605
Inserted 26113
Inserted 6470
Inserted 23030
Inserted 19045
Inserted 17397
Inserted 11612
Inserted 2772
Inserted 6988
Inserted 29165
Inserted 27039
Inserted 19193
Inserted 7730
Inserted 31136
Inserted 15307
Inserted 2392
Inserted 27143
Inserted 23173
Inserted 29593
Inserted 7013
Inserted 29397
Inserted 11407
Inserted 30969
Inserted 29735
Inserted 7114
Inserted 27147
Inserted 15801
Inserted 1075
Inserted 10178
Inserted 14197
Inserted 10777
Inserted 8422
Inserted 29823
Inserted 9513
Inserted 22138
Inserted 26507
Inserted 14461
Inserted 26861
Inserted 10951
Inserted 32324
Inserted 24416
Inserted 19266
Inserted 6168
Inserted 17349
Inserted 18975
Inserted 6939
Inserted 15229
Inserted 8713
Inserted 9536
Inserted 5062
Inserted 6726
Inserted 13955
Inserted 8387
Inserted 31374
Inserted 18437
Inserted 31338
Inserted 18772
Inserted 20726
Inserted 10458
Inserted 12546
Inserted 5248
Inserted 13274
Inserted 32571
Inserted 19445
Inserted 9154
Inserted 25572
Inserted 8223
Inserted 14073
Inserted 2938
Inserted 4026
Inserted 22238
Inserted 14907
Inserted 2169
Inserted 3248
Inserted 27496
Inserted 9363
Inserted 29387
Inserted 28139
Inserted 4706
Inserted 19943
Inserted 8526
Inserted 21285
Inserted 16302
Inserted 8541
Inserted 15905
Inserted 15183
Inserted 9501
Inserted 16218
Inserted 27258
Inserted 4036
Inserted 22519
Inserted 26359
Inserted 650
Inserted 29976
Inserted 15107
Inserted 6906
Inserted 7019
Inserted 7040
Inserted 8074
Inserted 27728
Inserted 17353
Inserted 22447
Inserted 16061
Inserted 3144
Inserted 6836
Inserted 6027
Inserted 27239
Inserted 5622
Inserted 11347
Inserted 19923
Inserted 27771
Inserted 13368
Inserted 10837
Inserted 30381
Inserted 12217
Inserted 13496
Inserted 26887
Inserted 7524
Inserted 31458
Inserted 29980
Inserted 27801
Inserted 5415
Inserted 23065
Inserted 31569
Inserted 16782
Inserted 2168
Inserted 28359
Inserted 13030
Inserted 18887
Inserted 413
Inserted 24927
Inserted 31078
Inserted 10003
Inserted 23672
Inserted 25808
Inserted 24496
Inserted 27782
Inserted 23638
Inserted 17323
Inserted 25522
Inserted 8618
Inserted 21303
Inserted 26854
Inserted 8903
Inserted 22153
Inserted 24711
Inserted 13933
Inserted 28170
Inserted 7289
Inserted 19918
Inserted 3732
Inserted 28124
Inserted 19302
Inserted 24598
Inserted 31697
Inserted 13873
Inserted 19850
Inserted 9857
Inserted 27455
Inserted 26325
Inserted 9014
Inserted 16792
Inserted 2321
Inserted 13111
Inserted 14783
Inserted 17193
Inserted 3096
Inserted 3383
Inserted 18754
Inserted 14861
Inserted 19503
Inserted 902
Inserted 7802
Inserted 11298
Inserted 17231
Inserted 27205
Inserted 26911
Inserted 9683
Inserted 18084
Inserted 5977
Inserted 31089
Inserted 24771
Inserted 2654
Inserted 2700
Inserted 26001
Inserted 24517
Inserted 13712
Inserted 3766
Inserted 15494
Inserted 8804
Inserted 11747
Inserted 8189
Inserted 20252
Inserted 10222
Inserted 18329
Inserted 5155
Inserted 28181
Inserted 6913
Inserted 14248
Inserted 3947
Inserted 24355
Inserted 4110
Inserted 27908
Inserted 22321
Inserted 25842
Inserted 10373
Inserted 25145
Inserted 1795
Inserted 17765
Inserted 23731
Inserted 19934
Inserted 8788
Inserted 18996
Inserted 28731
Inserted 30062
Inserted 23537
Inserted 3387
Inserted 556
Inserted 18785
Inserted 9572
Inserted 17451
Inserted 28254
Inserted 29597
Inserted 390
Inserted 17224
Inserted 11836
Inserted 17573
Inserted 972
Inserted 9983
Inserted 3645
Inserted 30368
Inserted 6417
Inserted 25554
Inserted 21469
Inserted 874
Inserted 17990
Inserted 23172
Inserted 29768
Inserted 19394
Inserted 16594
Inserted 7702
Inserted 1056
Inserted 21616
Inserted 23571
Inserted 24294
Inserted 12968
Inserted 26203
Inserted 13130
Inserted 30104
Inserted 20426
Inserted 18580
Inserted 18438
Inserted 19562
Inserted 21530
Inserted 25249
Inserted 20573
Inserted 3490
Inserted 2837
Inserted 22761
Inserted 5905
Inserted 11092
Inserted 9928
Inserted 2274
Inserted 11679
Inserted 17657
Inserted 31269
Inserted 1319
Inserted 20483
Inserted 10611
Inserted 13829
Inserted 12509
Inserted 23838
Inserted 18093
Inserted 12534
Inserted 17029
Inserted 26056
Inserted 13871
Inserted 27264
Inserted 29934
Inserted 22452
Inserted 164
Inserted 11180
Inserted 20323
Inserted 17430
Inserted 1830
Inserted 22642
Inserted 23370
Inserted 23546
Inserted 13804
Inserted 27905
Inserted 11825
Inserted 22474
Inserted 29238
Inserted 315
Inserted 3462
Inserted 6
Inserted 22545
Inserted 8255
Inserted 31222
Inserted 11385
Inserted 4779
Inserted 28886
Inserted 17983
Inserted 20413
Inserted 18886
Inserted 15630
Inserted 4159
Inserted 871
Inserted 20561
Inserted 25866
Inserted 18855
Inserted 29402
Inserted 22747
Inserted 12319
Inserted 15691
Inserted 19599
Inserted 27484
Inserted 5722
Inserted 929
Inserted 3075
Inserted 31244
Inserted 13777
Inserted 24210
Inserted 18189
Inserted 16532
Inserted 27013
Inserted 25299
Inserted 14593
Inserted 22628
Inserted 26373
Inserted 12724
Inserted 30501
Inserted 23239
Inserted 26225
Inserted 25834
Inserted 30653
Inserted 15929
Inserted 12506
Inserted 32234
Inserted 593
Inserted 25358
Inserted 9453
Inserted 26937
Inserted 7179
Inserted 27684
Inserted 19232
Inserted 25989
Inserted 32419
Inserted 10823
Inserted 15202
Inserted 16238
Inserted 29408
Inserted 10423
Inserted 10719
Inserted 17612
Inserted 17803
Inserted 2220
Inserted 23167
Inserted 10538
Inserted 1000
Inserted 24737
Inserted 19397
Inserted 19101
Inserted 18471
Inserted 16582
Inserted 9443
Inserted 27021
Inserted 27431
Inserted 24502
Inserted 19009
Inserted 19778
Inserted 13715
Inserted 18838
Inserted 988
Inserted 6796
Inserted 19621
Inserted 17967
Inserted 24293
Inserted 28385
Inserted 22405
Inserted 7934
Inserted 8917
Inserted 25850
Inserted 9493
Inserted 17180
Inserted 15090
Inserted 19793
Inserted 19981
Inserted 6000
Inserted 12463
Inserted 15404
Inserted 11702
Inserted 4104
Inserted 11122
Inserted 7301
Inserted 8203
Inserted 28460
Inserted 6878
Inserted 6648
Inserted 28100
Inserted 8360
Inserted 15117
Inserted 1118
Inserted 4892
Inserted 19004
Inserted 20607
Inserted 31167
Inserted 19738
Inserted 28751
Inserted 11650
Inserted 31534
Inserted 3013
Inserted 29210
Inserted 10236
Inserted 30756
Inserted 28338
Inserted 22827
Inserted 23031
Inserted 10393
Inserted 21650
Inserted 10299
Inserted 27765
Inserted 9960
Inserted 16182
Inserted 32158
Inserted 31671
Inserted 8872
Inserted 8853
Inserted 962
Inserted 7889
Inserted 11133
Inserted 14752
Inserted 18860
Inserted 9562
Inserted 32078
Inserted 18730
Inserted 27741
Inserted 10394
Inserted 5074
Inserted 32268
Inserted 22696
Inserted 26156
Inserted 17962
Inserted 66
Inserted 32304
Inserted 2419
Inserted 31605
Inserted 16700
Inserted 22258
Inserted 29020
Inserted 15738
Inserted 28163
Inserted 3571
Inserted 18286
Inserted 9177
Inserted 8883
Inserted 7617
Inserted 27125
Inserted 8368
Inserted 28718
Inserted 5525
Inserted 23783
Inserted 22071
Inserted 23186
Inserted 10220
Inserted 14553
Inserted 12771
Inserted 29223
Inserted 26529
Inserted 26781
Inserted 222
Inserted 26670
Inserted 23799
Inserted 3487
Inserted 24850
Inserted 13000
Inserted 31731
Inserted 31744
Inserted 1571
Inserted 31024
Inserted 15323
Inserted 24080
Inserted 16322
Inserted 27880
Inserted 11568
Inserted 6621
Inserted 32060
Inserted 288
Inserted 11485
Inserted 32532
Inserted 19767
Inserted 19276
Inserted 28895
Inserted 22756
Inserted 11785
Inserted 177
Inserted 26761
Inserted 13785
Inserted 22003
Inserted 24139
Inserted 28780
Inserted 26407
Inserted 5249
Inserted 13964
Inserted 28885
Inserted 17583
Inserted 21804
Inserted 776
Inserted 4398
Inserted 15995
Inserted 6397
Inserted 16674
Inserted 3550
Inserted 14246
Inserted 11651
Inserted 24738
Inserted 5516
Inserted 7102
Inserted 5371
Inserted 28964
Inserted 6093
Inserted 29058
Inserted 7084
Inserted 27159
Inserted 18383
Inserted 31007
Inserted 21257
Inserted 13913
Inserted 13614
Inserted 2702
Inserted 28734
Inserted 20201
Inserted 9916
Inserted 17043
Inserted 26381
Inserted 14454
Inserted 28021
Inserted 14968
Inserted 22684
Inserted 21269
Inserted 30637
Inserted 21968
Inserted 32723
Inserted 31735
Inserted 12
Inserted 32120
Inserted 24059
Inserted 32507
Inserted 19091
Inserted 14705
Inserted 7651
Inserted 1279
Inserted 8372
Inserted 1897
Inserted 10753
Inserted 29062
Inserted 12990
Inserted 30384
Inserted 26424
Inserted 9973
Inserted 8308
Inserted 965
Inserted 15509
Inserted 20330
Inserted 3899
Inserted 5229
Inserted 29530
Inserted 4370
Inserted 22476
Inserted 30922
Inserted 6138
Inserted 20190
Inserted 23565
Inserted 4450
Inserted 17259
Inserted 15652
Inserted 20135
Inserted 21379
Inserted 4938
Inserted 21493
Inserted 16165
Inserted 18475
Inserted 26855
Inserted 28928
Inserted 189
Inserted 25756
Inserted 7728
Inserted 9695
Inserted 16091
Inserted 12397
Inserted 21267
Inserted 15932
Inserted 6115
Inserted 29499
Inserted 22587
Inserted 16045
Inserted 20650
Inserted 12817
Inserted 8137
Inserted 16071
Inserted 3985
Inserted 8532
Inserted 30549
Inserted 19558
Inserted 7463
Inserted 31604
Inserted 28047
Inserted 13357
Inserted 32180
Inserted 5150
Inserted 117
Inserted 5180
Inserted 17654
Inserted 19273
Inserted 20819
Inserted 15919
Inserted 17457
Inserted 5689
Inserted 15891
Inserted 26288
Inserted 7392
Inserted 6039
Inserted 29199
Inserted 23419
Inserted 27306
Inserted 32748
Inserted 25888
Inserted 22598
Inserted 9151
Inserted 27395
Inserted 3807
Inserted 4680
Inserted 26437
Inserted 1556
Inserted 20513
Inserted 1857
Inserted 1998
Inserted 24202
Inserted 11416
Inserted 2126
Inserted 28478
Inserted 10534
Inserted 22646
Inserted 30691
Inserted 9213
Inserted 6116
Inserted 17131
Inserted 31365
Inserted 16468
Inserted 19696
Inserted 31546
Inserted 22845
Inserted 9606
Inserted 13297
Inserted 24072
Inserted 4818
Inserted 15938
Inserted 13893
Inserted 10583
Inserted 26688
Inserted 9948
Inserted 28144
Inserted 28976
Inserted 31337
Inserted 16308
Inserted 10892
Inserted 20801
Inserted 11524
Inserted 1663
Inserted 82
Inserted 2016
Inserted 22444
Inserted 15295
Inserted 21068
Inserted 23765
Inserted 26631
Inserted 8625
Inserted 11380
Inserted 20504
Inserted 6102
Inserted 27984
Inserted 22709
Inserted 7438
Inserted 1775
Inserted 18570
Inserted 3924
Inserted 31451
Inserted 4229
Inserted 16119
Inserted 15554
Inserted 25002
Inserted 11018
Inserted 11731
Inserted 13103
Inserted 15009
Inserted 23464
Inserted 6320
Inserted 28337
Inserted 15631
Inserted 14786
Inserted 16758
Inserted 2873
Inserted 17624
Inserted 14006
Inserted 18526
Inserted 21327
Inserted 20907
Inserted 7226
Inserted 31903
Inserted 21154
Inserted 25057
Inserted 22975
Inserted 13577
Inserted 32621
Inserted 23722
Inserted 29363
Inserted 8168
Inserted 30222
Inserted 2493
Inserted 15870
Inserted 32322
Inserted 26003
Inserted 14775
Inserted 22456
Inserted 17502
Inserted 10398
Inserted 17079
Inserted 3987
Inserted 19585
Inserted 24277
Inserted 3342
Inserted 24309
Inserted 30710
Inserted 6241
Inserted 17030
Inserted 22167
Inserted 1236
Inserted 5372
Inserted 17755
Inserted 15721
Inserted 14966
Inserted 2926
Inserted 19682
Inserted 21408
Inserted 32562
Inserted 22379
Inserted 18484
Inserted 14892
Inserted 17725
Inserted 17580
Inserted 22920
Inserted 24861
Inserted 4745
Inserted 1342
Inserted 1668
Inserted 27121
Inserted 28576
Inserted 10677
Inserted 2482
Inserted 18849
Inserted 22577
Inserted 8193
Inserted 2013
Inserted 15475
Inserted 30242
Inserted 15629
Inserted 18546
Inserted 31704
Inserted 9454
Inserted 20411
Inserted 20786
Inserted 25098
Inserted 15164
Inserted 27171
Inserted 21736
Inserted 31069
Inserted 2083
Inserted 14630
Inserted 12584
Inserted 2421
Inserted 23362
Inserted 17064
Inserted 28480
Inserted 24876
Inserted 15035
Inserted 20695
Inserted 23966
Inserted 25512
Inserted 16217
Inserted 18949
Inserted 13514
Inserted 24214
Inserted 6788
Inserted 31594
Inserted 6739
Inserted 9173
Inserted 26800
Inserted 18625
Inserted 17439
Inserted 29826
Inserted 10375
Inserted 8406
Inserted 10632
Inserted 29700
Inserted 31372
Inserted 14829
Inserted 13323
Inserted 14592
Inserted 27433
Inserted 25035
Inserted 26110
Inserted 13004
Inserted 19233
Inserted 9495
Inserted 31173
Inserted 12447
Inserted 5276
Inserted 29815
Inserted 10057
Inserted 7547
Inserted 22916
Inserted 61
Inserted 6017
Inserted 7070
Inserted 11519
Inserted 28004
Inserted 9609
Inserted 19531
Inserted 30947
Inserted 9523
Inserted 3051
Inserted 20217
Inserted 12701
Inserted 31950
Inserted 6223
Inserted 31708
Inserted 21836
Inserted 18024
Inserted 7616
Inserted 28386
Inserted 12394
Inserted 23997
Inserted 3570
Inserted 27381
Inserted 23028
Inserted 20578
Inserted 12714
Inserted 28814
Inserted 14941
Inserted 32109
Inserted 30459
Inserted 5510
Inserted 24051
Inserted 1903
Inserted 30177
Inserted 20552
Inserted 23697
Inserted 13093
Inserted 11594
Inserted 30576
Inserted 25202
Inserted 29594
Inserted 19443
Inserted 8624
Inserted 17295
Inserted 20351
Inserted 32397
Inserted 21679
Inserted 12570
Inserted 31324
Inserted 15250
Inserted 30396
Inserted 18892
Inserted 35
Inserted 3643
Inserted 239
Inserted 25735
Inserted 17494
Inserted 3097
Inserted 10859
Inserted 11535
Inserted 4359
Inserted 21347
Inserted 27569
Inserted 17938
Inserted 18622
Inserted 15456
Inserted 3204
Inserted 18735
Inserted 25566
Inserted 23023
Inserted 15567
Inserted 16039
Inserted 3238
Inserted 28481
Inserted 19482
Inserted 10309
Inserted 31121
Inserted 23161
Inserted 29904
Inserted 1295
Inserted 4449
Inserted 27087
Inserted 26386
Inserted 14273
Inserted 26879
Inserted 13655
Inserted 20222
Inserted 4592
Inserted 17098
Inserted 21589
Inserted 14207
Inserted 4568
Inserted 12098
Inserted 16660
Inserted 16155
Inserted 5501
Inserted 8229
Inserted 9971
Inserted 22315
Inserted 29658
Inserted 18102
Inserted 150
Inserted 29709
Inserted 19734
Inserted 9121
Inserted 18239
Inserted 16916
Inserted 20024
Inserted 27353
Inserted 27902
Inserted 28384
Inserted 9679
Inserted 9953
Inserted 30300
Inserted 3192
Inserted 8427
Inserted 29170
Inserted 23465
Inserted 12369
Inserted 17511
Inserted 15271
Inserted 15948
Inserted 13410
Inserted 29316
Inserted 32627
Inserted 19898
Inserted 27137
Inserted 7624
Inserted 13256
Inserted 14512
Inserted 31111
Inserted 28030
Inserted 16726
Inserted 32003
Inserted 31124
Inserted 9265
Inserted 30327
Inserted 17980
Inserted 23861
Inserted 4081
Inserted 28611
Inserted 11983
Inserted 7219
Inserted 4895
Inserted 17042
Inserted 19618
Inserted 27434
Inserted 1952
Inserted 32641
Inserted 20417
Inserted 6216
Inserted 12307
Inserted 24556
Inserted 25550
Inserted 10826
Inserted 25608
Inserted 11587
Inserted 8701
Inserted 22894
Inserted 22228
Inserted 5348
Inserted 3298
Inserted 32238
Inserted 1088
Inserted 23637
Inserted 27815
Inserted 26501
Inserted 10215
Inserted 12048
Inserted 24217
Inserted 26403
Inserted 5511
Inserted 18947
Inserted 26243
Inserted 3399
Inserted 11742
Inserted 12774
Inserted 26768
Inserted 24509
Inserted 15977
Inserted 21693
Inserted 15852
Inserted 29774
Inserted 22537
Inserted 1569
Inserted 11437
Inserted 18312
Inserted 8606
Inserted 18478
Inserted 1523
Inserted 7424
Inserted 23787
Inserted 8380
Inserted 29962
Inserted 5971
Inserted 2249
Inserted 18851
Inserted 11477
Inserted 30912
Inserted 24538
Inserted 32282
Inserted 8031
Inserted 9070
Inserted 3034
Inserted 12350
Inserted 23014
Inserted 17530
Inserted 24715
Inserted 19870
Inserted 1152
Inserted 8129
Inserted 13870
Inserted 19582
Inserted 9717
Inserted 2253
Inserted 2287
Inserted 6910
Inserted 13528
Inserted 16616
Inserted 29396
Inserted 29163
Inserted 4564
Inserted 25730
Inserted 24265
Inserted 22129
Inserted 10311
Inserted 13063
Inserted 10711
Inserted 6736
Inserted 11860
Inserted 15451
Inserted 8650
Inserted 22036
Inserted 17736
Inserted 5485
Inserted 24165
Inserted 2905
Inserted 27513
Inserted 12458
Inserted 24207
Inserted 23525
Inserted 4228
Inserted 26546
Inserted 21050
Inserted 5339
Inserted 3834
Inserted 16523
Inserted 23101
Inserted 5989
Inserted 16615
Inserted 25184
Inserted 8491
Inserted 17299
Inserted 9902
Inserted 13477
Inserted 16730
Inserted 5631
Inserted 19427
Inserted 31965
Inserted 21763
Inserted 32069
Inserted 14314
Inserted 30169
Inserted 22786
Inserted 21704
Inserted 31179
Inserted 15920
Inserted 26536
Inserted 6711
Inserted 4249
Inserted 25388
Inserted 29606
Inserted 20033
Inserted 10323
Inserted 12108
Inserted 31560
Inserted 21325
Inserted 1909
Inserted 23047
Inserted 12958
Inserted 17166
Inserted 2561
Inserted 4003
Inserted 31039
Inserted 28435
Inserted 7772
Inserted 1948
Inserted 6052
Inserted 20644
Inserted 17679
Inserted 14716
Inserted 5978
Inserted 31680
Inserted 1597
Inserted 27308
Inserted 18132
Inserted 26284
Inserted 14195
Inserted 17574
Inserted 3943
Inserted 22957
Inserted 20762
Inserted 4974
Inserted 31100
Inserted 1199
Inserted 21975
Inserted 23404
Inserted 23038
Inserted 2695
Inserted 9634
Inserted 31197
Inserted 18812
Inserted 32475
Inserted 31547
Inserted 4643
Inserted 10397
Inserted 20521
Inserted 29052
Inserted 3176
Inserted 22105
Inserted 22109
Inserted 25757
Inserted 8445
Inserted 16613
Inserted 1861
Inserted 4682
Inserted 9598
Inserted 8966
Inserted 8305
Inserted 13907
Inserted 32283
Inserted 4328
Inserted 5193
Inserted 28821
Inserted 5798
Inserted 5955
Inserted 28073
Inserted 29633
Inserted 24626
Inserted 32425
Inserted 19664
Inserted 19078
Inserted 28041
Inserted 22394
Inserted 17726
Inserted 1070
Inserted 31253
Inserted 23917
Inserted 3240
Inserted 14818
Inserted 7541
Inserted 30948
Inserted 372
Inserted 15899
Inserted 20556
Inserted 17434
Inserted 28905
Inserted 26341
Inserted 10616
Inserted 26671
Inserted 28214
Inserted 27153
Inserted 3931
Inserted 19670
Inserted 25742
Inserted 25696
Inserted 32379
Inserted 31017
Inserted 10288
Inserted 20176
Inserted 27138
Inserted 13088
Inserted 3135
Inserted 25678
Inserted 23468
Inserted 8145
Inserted 2260
Inserted 20709
Inserted 17684
Inserted 16975
Inserted 16506
Inserted 6872
Inserted 10702
Inserted 3239
Inserted 1891
Inserted 26512
Inserted 12015
Inserted 2080
Inserted 1532
Inserted 24405
Inserted 6527
Inserted 12005
Inserted 1062
Inserted 14599
Inserted 23723
Inserted 15069
Inserted 26820
Inserted 15430
Inserted 17935
Inserted 2042
Inserted 8144
Inserted 3384
Inserted 32054
Inserted 16332
Inserted 20168
Inserted 12876
Inserted 22601
Inserted 12008
Inserted 25272
Inserted 11244
Inserted 16216
Inserted 8490
Inserted 11232
Inserted 11752
Inserted 15109
Inserted 8632
Inserted 24540
Inserted 32023
Inserted 10289
Inserted 12079
Inserted 9729
Inserted 14910
Inserted 15340
Inserted 25761
Inserted 26229
Inserted 28950
Inserted 16360
Inserted 7057
Inserted 940
Inserted 8136
Inserted 875
Inserted 15378
Inserted 31739
Inserted 6295
Inserted 8173
Inserted 23514
Inserted 13819
Inserted 13005
Inserted 15331
Inserted 32366
Inserted 18460
Inserted 30485
Inserted 18002
Inserted 912
Inserted 19624
Inserted 10712
Inserted 30731
Inserted 28315
Inserted 28701
Inserted 25078
Inserted 30593
Inserted 19212
Inserted 21397
Inserted 12648
Inserted 14914
Inserted 29574
Inserted 3714
Inserted 26283
Inserted 25664
Inserted 1150
Inserted 5950
Inserted 2370
Inserted 24530
Inserted 663
Inserted 6457
Inserted 30752
Inserted 28298
Inserted 25532
Inserted 9864
Inserted 4268
Inserted 15192
Inserted 15871
Inserted 13366
Inserted 1146
Inserted 12960
Inserted 25673
Inserted 4141
Inserted 10841
Inserted 8444
Inserted 20874
Inserted 5803
Inserted 18009
Inserted 28619
Inserted 26867
Inserted 46
Inserted 18645
Inserted 11867
Inserted 18498
Inserted 27127
Inserted 10827
Inserted 30359
Inserted 27491
Inserted 9940
Inserted 32342
Inserted 18879
Inserted 25442
Inserted 10165
Inserted 26952
Inserted 14889
Inserted 14282
Inserted 29583
Inserted 20982
Inserted 12940
Inserted 3425
Inserted 4992
Inserted 9529
Inserted 27919
Inserted 21882
Inserted 30627
Inserted 27998
Inserted 27709
Inserted 12640
Inserted 14051
Inserted 6403
Inserted 1629
Inserted 17
Inserted 5859
Inserted 81
Inserted 29871
Inserted 13909
Inserted 16699
Inserted 25058
Inserted 6484
Inserted 20093
Inserted 25977
Inserted 25167
Inserted 14049
Inserted 25335
Inserted 20324
Inserted 6443
Inserted 12292
Inserted 21857
Inserted 15039
Inserted 3421
Inserted 2754
Inserted 11156
Inserted 4877
Inserted 2912
Inserted 32055
Inserted 4937
Inserted 2172
Inserted 6055
Inserted 14867
Inserted 17128
Inserted 5673
Inserted 26910
Inserted 23127
Inserted 24427
Inserted 11675
Inserted 24320
Inserted 16291
Inserted 29475
Inserted 12921
Inserted 1382
Inserted 3993
Inserted 12633
Inserted 11837
Inserted 23590
Inserted 24820
Inserted 14489
Inserted 14193
Inserted 16832
Inserted 1471
Inserted 27313
Inserted 20209
Inserted 4967
Inserted 16187
Inserted 15428
Inserted 1730
Inserted 624
Inserted 3611
Inserted 32062
Inserted 17008
Inserted 11459
Inserted 7381
Inserted 19500
Inserted 13814
Inserted 28120
Inserted 4189
Inserted 3199
Inserted 16661
Inserted 6510
Inserted 339
Inserted 18646
Inserted 17571
Inserted 10858
Inserted 15615
Inserted 2871
Inserted 22941
Inserted 8816
Inserted 12216
Inserted 16350
Inserted 10509
Inserted 12367
Inserted 25354
Inserted 10626
Inserted 9968
Inserted 3940
Inserted 24575
Inserted 2999
Inserted 15784
Inserted 8059
Inserted 3650
Inserted 21400
Inserted 9022
Inserted 5957
Inserted 3190
Inserted 2691
Inserted 17198
Inserted 23974
Inserted 27140
Inserted 12631
Inserted 18764
Inserted 11248
Inserted 29912
Inserted 1485
Inserted 7742
Inserted 4253
Inserted 17374
Inserted 4783
Inserted 5486
Inserted 1233
Inserted 24601
Inserted 32308
Inserted 3761
Inserted 22584
Inserted 26972
Inserted 19942
Inserted 32469
Inserted 2331
Inserted 8935
Inserted 25952
Inserted 12814
Inserted 1194
Inserted 17425
Inserted 31896
Inserted 22915
Inserted 12084
Inserted 10489
Inserted 31441
Inserted 9714
Inserted 29167
Inserted 9348
Inserted 6549
Inserted 26247
Inserted 32456
Inserted 19205
Inserted 16929
Inserted 3004
Inserted 1628
Inserted 31938
Inserted 3124
Inserted 32198
Inserted 7845
Inserted 17785
Inserted 13847
Inserted 10468
Inserted 25020
Inserted 1676
Inserted 3265
Inserted 13346
Inserted 23990
Inserted 31029
Inserted 23634
Inserted 200
Inserted 1156
Inserted 18960
Inserted 14515
Inserted 30642
Inserted 21887
Inserted 19056
Inserted 25731
Inserted 32709
Inserted 13567
Inserted 28659
Inserted 1085
Inserted 19383
Inserted 25772
Inserted 28117
Inserted 12210
Inserted 21915
Inserted 16686
Inserted 14701
Inserted 31355
Inserted 27104
Inserted 15123
Inserted 9868
Inserted 5300
Inserted 18724
Inserted 4864
Inserted 5588
Inserted 27211
Inserted 27593
Inserted 16421
Inserted 23150
Inserted 6007
Inserted 21834
Inserted 30977
Inserted 27960
Inserted 19883
Inserted 29009
Inserted 15351
Inserted 31032
Inserted 7264
Inserted 9358
Inserted 28354
Inserted 13848
Inserted 13876
Inserted 7099
Inserted 16645
Inserted 31033
Inserted 19486
Inserted 20203
Inserted 14230
Inserted 22605
Inserted 7216
Inserted 31710
Inserted 18048
Inserted 22525
Inserted 7051
Inserted 925
Inserted 887
Inserted 19174
Inserted 1362
Inserted 13017
Inserted 10001
Inserted 15612
Inserted 22864
Inserted 19081
Inserted 11698
Inserted 4613
Inserted 13332
Inserted 14080
Inserted 21223
Inserted 12642
Inserted 24269
Inserted 7591
Inserted 26299
Inserted 12017
Inserted 10935
Inserted 1411
Inserted 52
Inserted 20115
Inserted 18701
Inserted 1550
Inserted 29230
Inserted 2840
Inserted 5226
Inserted 30832
Inserted 6107
Inserted 13526
Inserted 4894
Inserted 9163
Inserted 19878
Inserted 24865
Inserted 17789
Inserted 1586
Inserted 23591
Inserted 11710
Inserted 11141
Inserted 21435
Inserted 19905
Inserted 20594
Inserted 32700
Inserted 19820
Inserted 14556
Inserted 16346
Inserted 11755
Inserted 12682
Inserted 5351
Inserted 22804
Inserted 25236
Inserted 10691
Inserted 12850
Inserted 17783
Inserted 29775
Inserted 29734
Inserted 23879
Inserted 22084
Inserted 1951
Inserted 12874
Inserted 30679
Inserted 10444
Inserted 17852
Inserted 17916
Inserted 12130
Inserted 18560
Inserted 25432
Inserted 2966
Inserted 8465
Inserted 3303
Inserted 15973
Inserted 7133
Inserted 31440
Inserted 20564
Inserted 12126
Inserted 3950
Inserted 25575
Inserted 1010
Inserted 6427
Inserted 20659
Inserted 32733
Inserted 32509
Inserted 28789
Inserted 20854
Inserted 10019
Inserted 19444
Inserted 14184
Inserted 20610
Inserted 30530
Inserted 24457
Inserted 14601
Inserted 15806
Inserted 25460
Inserted 24704
Inserted 16839
Inserted 27613
Inserted 15945
Inserted 26032
Inserted 6133
Inserted 26065
Inserted 10984
Inserted 18144
Inserted 25907
Inserted 27427
Inserted 13740
Inserted 13971
Inserted 1413
Inserted 2604
Inserted 13428
Inserted 9938
Inserted 25595
Inserted 29667
Inserted 5077
Inserted 28590
Inserted 22148
Inserted 16609
Inserted 27648
Inserted 31258
Inserted 11992
Inserted 31791
Inserted 31191
Inserted 4735
Inserted 13012
Inserted 20509
Inserted 1500
Inserted 25216
Inserted 7900
Inserted 20253
Inserted 14797
Inserted 17681
Inserted 18487
Inserted 31521
Inserted 27581
Inserted 653
Inserted 13858
Inserted 23940
Inserted 24130
Inserted 6147
Inserted 30245
Inserted 30284
Inserted 5814
Inserted 19139
Inserted 27297
Inserted 3680
Inserted 891
Inserted 9021
Inserted 27524
Inserted 13714
Inserted 13787
Inserted 3256
Inserted 8104
Inserted 1071
Inserted 4803
Inserted 13817
Inserted 5426
Inserted 15335
Inserted 24026
Inserted 19513
Inserted 11312
Inserted 12236
Inserted 12353
Inserted 32457
Inserted 12656
Inserted 16983
Inserted 4768
Inserted 24506
Inserted 8121
Inserted 2006
Inserted 31668
Inserted 20016
Inserted 25121
Inserted 18482
Inserted 22323
Inserted 7941
Inserted 32703
Inserted 6575
Inserted 23531
Inserted 2087
Inserted 15017
Inserted 2498
Inserted 710
Inserted 3048
Inserted 22421
Inserted 30686
Inserted 29064
Inserted 1964
Inserted 17354
Inserted 5431
Inserted 11719
Inserted 31291
Inserted 2469
Inserted 10779
Inserted 11155
Inserted 29154
Inserted 19721
Inserted 14414
Inserted 20553
Inserted 5367
Inserted 13678
Inserted 25416
Inserted 1674
Inserted 13122
Inserted 12303
Inserted 7549
Inserted 30745
Inserted 28353
Inserted 30127
Inserted 29609
Inserted 32220
Inserted 23949
Inserted 25492
Inserted 16991
Inserted 29385
Inserted 18371
Inserted 31476
Inserted 9790
Inserted 12708
Inserted 31297
Inserted 1164
Inserted 26639
Inserted 8793
Inserted 14787
Inserted 17365
Inserted 12557
Inserted 11790
Inserted 29760
Inserted 15399
Inserted 16478
Inserted 9460
Inserted 16224
Inserted 8132
Inserted 13007
Inserted 21625
Inserted 14540
Inserted 1772
Inserted 32386
Inserted 19663
Inserted 24749
Inserted 3830
Inserted 21470
Inserted 11664
Inserted 8236
Inserted 7789
Inserted 25052
Inserted 23469
Inserted 21752
Inserted 16982
Inserted 24366
Inserted 22717
Inserted 2542
Inserted 870
Inserted 25709
Inserted 27544
Inserted 11011
Inserted 13035
Inserted 14820
Inserted 13657
Inserted 3214
Inserted 31267
Inserted 10226
Inserted 2638
Inserted 29074
Inserted 7349
Inserted 32239
Inserted 17972
Inserted 24439
Inserted 4350
Inserted 5924
Inserted 27962
Inserted 9616
Inserted 22059
Inserted 25524
Inserted 6272
Inserted 28563
Inserted 8416
Inserted 25755
Inserted 24821
Inserted 27119
Inserted 5851
Inserted 18582
Inserted 5694
Inserted 23710
Inserted 16274
Inserted 16497
Inserted 22608
Inserted 23312
Inserted 28534
Inserted 31922
Inserted 7895
Inserted 10442
Inserted 4096
Inserted 2204
Inserted 22901
Inserted 28080
Inserted 30058
Inserted 17500
Inserted 13502
Inserted 31304
Inserted 28183
Inserted 4631
Inserted 445
Inserted 20999
Inserted 11495
Inserted 31934
Inserted 7001
Inserted 13454
Inserted 7923
Inserted 30343
Inserted 27950
Inserted 30295
Inserted 13652
Inserted 18206
Inserted 24486
Inserted 5370
Inserted 24249
Inserted 1335
Inserted 949
Inserted 31431
Inserted 9380
Inserted 1478
Inserted 25186
Inserted 14321
Inserted 29386
Inserted 22177
Inserted 22825
Inserted 17883
Inserted 15572
Inserted 30706
Inserted 6036
Inserted 365
Inserted 6189
Inserted 9376
Inserted 15401
Inserted 27169
Inserted 18434
Inserted 27777
Inserted 5724
Inserted 4979
Inserted 10794
Inserted 577
Inserted 4791
Inserted 3798
Inserted 27364
Inserted 6823
Inserted 28836
Inserted 16528
Inserted 8101
Inserted 22856
Inserted 23759
Inserted 7782
Inserted 12489
Inserted 5352
Inserted 24103
Inserted 27442
Inserted 26987
Inserted 5766
Inserted 12564
Inserted 19619
Inserted 7915
Inserted 27377
Inserted 20764
Inserted 16978
Inserted 15421
Inserted 31687
Inserted 13177
Inserted 28380
Inserted 1277
Inserted 23219
Inserted 31443
Inserted 28941
Inserted 27407
Inserted 615
Inserted 12689
Inserted 11048
Inserted 16973
Inserted 16415
Inserted 6277
Inserted 24786
Inserted 17249
Inserted 14613
Inserted 11965
Inserted 26904
Inserted 26447
Inserted 4031
Inserted 24035
Inserted 19214
Inserted 13048
Inserted 2671
Inserted 15894
Inserted 32235
Inserted 21316
Inserted 25884
Inserted 18585
Inserted 9988
Inserted 13641
Inserted 344
Inserted 7746
Inserted 9367
Inserted 29478
Inserted 16398
Inserted 15773
Inserted 30509
Inserted 29938
Inserted 30903
Inserted 16606
Inserted 5697
Inserted 19994
Inserted 5640
Inserted 19135
Inserted 13891
Inserted 2346
Inserted 30927
Inserted 17507
Inserted 14971
Inserted 23304
Inserted 4565
Inserted 319
Inserted 8196
Inserted 17247
Inserted 29435
Inserted 1096
Inserted 21489
Inserted 17889
Inserted 24376
Inserted 19064
Inserted 3243
Inserted 14354
Inserted 15594
Inserted 26285
Inserted 8660
Inserted 11310
Inserted 2336
Inserted 12133
Inserted 26553
Inserted 13451
Inserted 26932
Inserted 14475
Inserted 7372
Inserted 18921
Inserted 17946
Inserted 25288
Inserted 1934
Inserted 4792
Inserted 8805
Inserted 29767
Inserted 10609
Inserted 8460
Inserted 6643
Inserted 8645
Inserted 15788
Inserted 28429
Inserted 11802
Inserted 4118
Inserted 677
Inserted 16292
Inserted 28695
Inserted 30748
Inserted 25823
Inserted 23891
Inserted 22919
Inserted 29596
Inserted 22883
Inserted 4367
Inserted 8192
Inserted 3198
Inserted 2434
Inserted 30580
Inserted 32477
Inserted 29196
Inserted 23881
Inserted 13929
Inserted 31803
Inserted 1949
Inserted 1032
Inserted 6784
Inserted 15780
Inserted 17283
Inserted 321
Inserted 17608
Inserted 25528
Inserted 28173
Inserted 654
Inserted 6285
Inserted 15289
Inserted 11116
Inserted 19433
Inserted 8097
Inserted 14998
Inserted 1534
Inserted 10717
Inserted 7725
Inserted 2793
Inserted 27485
Inserted 2808
Inserted 2675
Inserted 19853
Inserted 27216
Inserted 8649
Inserted 21063
Inserted 31617
Inserted 20835
Inserted 5625
Inserted 1208
Inserted 5476
Inserted 21841
Inserted 26024
Inserted 18417
Inserted 13176
Inserted 19983
Inserted 9201
Inserted 14790
Inserted 22667
Inserted 26217
Inserted 24455
Inserted 14334
Inserted 3668
Inserted 31976
Inserted 17082
Inserted 25797
Inserted 26000
Inserted 10780
Inserted 21661
Inserted 17884
Inserted 9528
Inserted 5563
Inserted 2305
Inserted 6378
Inserted 8535
Inserted 9927
Inserted 9407
Inserted 174
Inserted 10571
Inserted 13769
Inserted 7493
Inserted 26795
Inserted 24423
Inserted 3428
Inserted 10661
Inserted 30315
Inserted 25259
Inserted 22
Inserted 16877
Inserted 10962
Inserted 11989
Inserted 8667
Inserted 5425
Inserted 18123
Inserted 30897
Inserted 21820
Inserted 23489
Inserted 9743
Inserted 14920
Inserted 9309
Inserted 1959
Inserted 9818
Inserted 10488
Inserted 7083
Inserted 20440
Inserted 23218
Inserted 8052
Inserted 20207
Inserted 32300
Inserted 21149
Inserted 7488
Inserted 23078
Inserted 12020
Inserted 10297
Inserted 18128
Inserted 31977
Inserted 8993
Inserted 5929
Inserted 7575
Inserted 26352
Inserted 30698
Inserted 13598
Inserted 18311
Inserted 8944
Inserted 18108
Inserted 12145
Inserted 22134
Inserted 26022
Inserted 30942
Inserted 21256
Inserted 10440
Inserted 3341
Inserted 14667
Inserted 22496
Inserted 25701
Inserted 20346
Inserted 16382
Inserted 28192
Inserted 26078
Inserted 32006
Inserted 190
Inserted 6463
Inserted 11191
Inserted 31748
Inserted 30372
Inserted 13290
Inserted 32604
Inserted 3047
Inserted 30157
Inserted 10765
Inserted 15912
Inserted 6967
Inserted 29718
Inserted 9412
Inserted 32391
Inserted 5321
Inserted 29335
Inserted 5597
Inserted 23209
Inserted 4705
Inserted 25363
Inserted 389
Inserted 8300
Inserted 5201
Inserted 23364
Inserted 14055
Inserted 22382
Inserted 18563
Inserted 14717
Inserted 3959
Inserted 24392
Inserted 23366
Inserted 17135
Inserted 15982
Inserted 16313
Inserted 9375
Inserted 18733
Inserted 7155
Inserted 29082
Inserted 21929
Inserted 2165
Inserted 28726
Inserted 13480
Inserted 3563
Inserted 15366
Inserted 29442
Inserted 20247
Inserted 10474
Inserted 15790
Inserted 4951
Inserted 9843
Inserted 267
Inserted 1260
Inserted 30106
Inserted 3977
Inserted 986
Inserted 14652
Inserted 6150
Inserted 7427
Inserted 17342
Inserted 5389
Inserted 25482
Inserted 6977
Inserted 30657
Inserted 5881
Inserted 22170
Inserted 19855
Inserted 24085
Inserted 18308
Inserted 21140
Inserted 23033
Inserted 21971
Inserted 1654
Inserted 22658
Inserted 14852
Inserted 22588
Inserted 7955
Inserted 23792
Inserted 23796
Inserted 9385
Inserted 24287
Inserted 9515
Inserted 14505
Inserted 27084
Inserted 11882
Inserted 22045
Inserted 4555
Inserted 1008
Inserted 32681
Inserted 24617
Inserted 12080
Inserted 8887
Inserted 20415
Inserted 4401
Inserted 16568
Inserted 24528
Inserted 6627
Inserted 30014
Inserted 24329
Inserted 4786
Inserted 8892
Inserted 24763
Inserted 7515
Inserted 210
Inserted 20022
Inserted 5047
Inserted 31824
Inserted 10706
Inserted 4731
Inserted 22484
Inserted 23649
Inserted 10319
Inserted 16920
Inserted 12037
Inserted 25178
Inserted 6659
Inserted 1696
Inserted 6958
Inserted 12448
Inserted 13798
Inserted 17070
Inserted 16101
Inserted 17895
Inserted 20333
Inserted 26389
Inserted 21226
Inserted 16142
Inserted 2549
Inserted 16393
Inserted 17162
Inserted 24562
Inserted 26608
Inserted 3863
Inserted 24735
Inserted 32460
Inserted 9749
Inserted 17033
Inserted 4160
Inserted 24336
Inserted 7907
Inserted 21264
Inserted 23895
Inserted 3640
Inserted 213
Inserted 1776
Inserted 13621
Inserted 28074
Inserted 20555
Inserted 9819
Inserted 31318
Inserted 5313
Inserted 13221
Inserted 5199
Inserted 3330
Inserted 29125
Inserted 2954
Inserted 17169
Inserted 18753
Inserted 11934
Inserted 4177
Inserted 26406
Inserted 31004
Inserted 28413
Inserted 22719
Inserted 3388
Inserted 27459
Inserted 5272
Inserted 25037
Inserted 17185
Inserted 19897
Inserted 27270
Inserted 5742
Inserted 16811
Inserted 32204
Inserted 28627
Inserted 18095
Inserted 13945
Inserted 30356
Inserted 11086
Inserted 24690
Inserted 28606
Inserted 31650
Inserted 29713
Inserted 10638
Inserted 20223
Inserted 25269
Inserted 739
Inserted 3350
Inserted 31162
Inserted 28617
Inserted 148
Inserted 16505
Inserted 2156
Inserted 15966
Inserted 380
Inserted 15384
Inserted 22650
Inserted 21109
Inserted 15433
Inserted 7174
Inserted 23569
Inserted 6847
Inserted 27123
Inserted 23143
Inserted 9310
Inserted 28270
Inserted 22180
Inserted 14382
Inserted 3253
Inserted 9246
Inserted 23955
Inserted 13845
Inserted 21023
Inserted 21100
Inserted 29631
Inserted 32706
Inserted 25606
Inserted 18752
Inserted 18554
Inserted 25160
Inserted 21338
Inserted 30179
Inserted 22903
Inserted 2017
Inserted 297
Inserted 6125
Inserted 4987
Inserted 4518
Inserted 12188
Inserted 17350
Inserted 25239
Inserted 17380
Inserted 25189
Inserted 10340
Inserted 29338
Inserted 29971
Inserted 26031
Inserted 28247
Inserted 32758
Inserted 10262
Inserted 27112
Inserted 7732
Inserted 12537
Inserted 21216
Inserted 1020
Inserted 25870
Inserted 27416
Inserted 17768
Inserted 482
Inserted 30754
Inserted 10372
Inserted 23405
Inserted 3133
Inserted 17464
Inserted 26241
Inserted 9728
Inserted 29943
Inserted 26473
Inserted 28824
Inserted 8631
Inserted 12197
Inserted 2921
Inserted 27430
Inserted 10181
Inserted 32659
Inserted 14338
Inserted 8539
Inserted 14745
Inserted 13170
Inserted 10177
Inserted 6119
Inserted 8769
Inserted 11449
Inserted 13659
Inserted 13954
Inserted 795
Inserted 27222
Inserted 22015
Inserted 21925
Inserted 23229
Inserted 13205
Inserted 15895
Inserted 21419
Inserted 30803
Inserted 30102
Inserted 3077
Inserted 22053
Inserted 17621
Inserted 17402
Inserted 8636
Inserted 11527
Inserted 5920
Inserted 28607
Inserted 13042
Inserted 29391
Inserted 18792
Inserted 20710
Inserted 8806
Inserted 27183
Inserted 16874
Inserted 16803
Inserted 23871
Inserted 26338
Inserted 10737
Inserted 5008
Inserted 16068
Inserted 21000
Inserted 29886
Inserted 29762
Inserted 22895
Inserted 28327
Inserted 20723
Inserted 13216
Inserted 24728
Inserted 17831
Inserted 20935
Inserted 15854
Inserted 16533
Inserted 14650
Inserted 2989
Inserted 6312
Inserted 28909
Inserted 14353
Inserted 11068
Inserted 3752
Inserted 10634
Inserted 21923
Inserted 13961
Inserted 4598
Inserted 8946
Inserted 11433
Inserted 19123
Inserted 10044
Inserted 27311
Inserted 2352
Inserted 13156
Inserted 18854
Inserted 10028
Inserted 21990
Inserted 8232
Inserted 24872
Inserted 13778
Inserted 8405
Inserted 4788
Inserted 6801
Inserted 18431
Inserted 6226
Inserted 9214
Inserted 1035
Inserted 10360
Inserted 357
Inserted 10290
Inserted 21114
Inserted 7497
Inserted 11990
Inserted 30574
Inserted 27739
Inserted 3625
Inserted 8430
Inserted 21057
Inserted 19149
Inserted 22178
Inserted 12226
Inserted 18256
Inserted 17212
Inserted 11267
Inserted 15800
Inserted 16236
Inserted 1289
Inserted 18037
Inserted 13339
Inserted 23390
Inserted 17186
Inserted 31591
Inserted 23766
Inserted 29786
Inserted 262
Inserted 3395
Inserted 10256
Inserted 10068
Inserted 11646
Inserted 14921
Inserted 10814
Inserted 24094
Inserted 31962
Inserted 12190
Inserted 25053
Inserted 17712
Inserted 24566
Inserted 26771
Inserted 3677
Inserted 16077
Inserted 11529
Inserted 12148
Inserted 14685
Inserted 28352
Inserted 25836
Inserted 24479
Inserted 18991
Inserted 4147
Inserted 11261
Inserted 26830
Inserted 2297
Inserted 22467
Inserted 23855
Inserted 18835
Inserted 13747
Inserted 11483
Inserted 26232
Inserted 10064
Inserted 26965
Inserted 22885
Inserted 1006
Inserted 31125
Inserted 18573
Inserted 23751
Inserted 10725
Inserted 15770
Inserted 2049
Inserted 17923
Inserted 22427
Inserted 22298
Inserted 19073
Inserted 23670
Inserted 27643
Inserted 16043
Inserted 3726
Inserted 9215
Inserted 32146
Inserted 835
Inserted 29732
Inserted 20744
Inserted 30072
Inserted 16930
Inserted 16409
Inserted 12370
Inserted 30583
Inserted 23568
Inserted 18370
Inserted 8812
Inserted 10650
Inserted 15677
Inserted 31422
Inserted 6281
Inserted 9262
Inserted 13195
Inserted 1867
Inserted 4467
Inserted 7248
Inserted 14938
Inserted 9625
Inserted 5633
Inserted 21426
Inserted 3480
Inserted 1641
Inserted 27161
Inserted 20372
Inserted 13187
Inserted 14736
Inserted 4046
Inserted 1228
Inserted 3919
Inserted 12414
Inserted 16089
Inserted 3191
Inserted 16341
Inserted 28111
Inserted 22703
Inserted 14361
Inserted 28580
Inserted 14740
Inserted 1149
Inserted 25921
Inserted 2923
Inserted 22720
Inserted 658
Inserted 14503
Inserted 10424
Inserted 30984
Inserted 7792
Inserted 21855
Inserted 6118
Inserted 1820
Inserted 23029
Inserted 30635
Inserted 13494
Inserted 28739
Inserted 22037
Inserted 32200
Inserted 6265
Inserted 29175
Inserted 3070
Inserted 8401
Inserted 30290
Inserted 17361
Inserted 21879
Inserted 12360
Inserted 25209
Inserted 21805
Inserted 11689
Inserted 27935
Inserted 1003
Inserted 18668
Inserted 6105
Inserted 19062
Inserted 5021
Inserted 6047
Inserted 9701
Inserted 5767
Inserted 3476
Inserted 19774
Inserted 16866
Inserted 16764
Inserted 204
Inserted 17522
Inserted 20626
Inserted 16384
Inserted 19891
Inserted 27602
Inserted 27195
Inserted 6495
Inserted 11972
Inserted 24660
Inserted 10204
Inserted 26700
Inserted 7432
Inserted 24973
Inserted 10511
Inserted 23367
Inserted 4763
Inserted 2589
Inserted 29898
Inserted 1047
Inserted 24418
Inserted 31150
Inserted 766
Inserted 17262
Inserted 560
Inserted 18820
Inserted 14638
Inserted 26612
Inserted 32669
Inserted 31277
Inserted 27732
Inserted 32587
Inserted 7507
Inserted 30206
Inserted 25030
Inserted 22197
Inserted 7223
Inserted 30330
Inserted 14464
Inserted 17069
Inserted 17572
Inserted 27192
Inserted 725
Inserted 11511
Inserted 14883
Inserted 4308
Inserted 28496
Inserted 21663
Inserted 26908
Inserted 19032
Inserted 18112
Inserted 15521
Inserted 30555
Inserted 6407
Inserted 2472
Inserted 5447
Inserted 32405
Inserted 28696
Inserted 23929
Inserted 12553
Inserted 32496
Inserted 10344
Inserted 14163
Inserted 22200
Inserted 26977
Inserted 14091
Inserted 29832
Inserted 27462
Inserted 22647
Inserted 6104
Inserted 27400
Inserted 2796
Inserted 13978
Inserted 19058
Inserted 24431
Inserted 12121
Inserted 20906
Inserted 14455
Inserted 20227
Inserted 19959
Inserted 24319
Inserted 24058
Inserted 2446
Inserted 11273
Inserted 31200
Inserted 26463
Inserted 6205
Inserted 19138
Inserted 4164
Inserted 25409
Inserted 10845
Inserted 2513
Inserted 28348
Inserted 16666
Inserted 26070
Inserted 1680
Inserted 4167
Inserted 9571
Inserted 11641
Inserted 25703
Inserted 8635
Inserted 5202
Inserted 2568
Inserted 6372
Inserted 3177
Inserted 5390
Inserted 17702
Inserted 12810
Inserted 2928
Inserted 11644
Inserted 20815
Inserted 18911
Inserted 26691
Inserted 20588
Inserted 9703
Inserted 841
Inserted 30413
Inserted 26759
Inserted 6172
Inserted 9834
Inserted 31629
Inserted 13935
Inserted 26516
Inserted 15542
Inserted 6607
Inserted 27251
Inserted 2158
Inserted 9028
Inserted 5318
Inserted 6536
Inserted 28602
Inserted 14817
Inserted 18227
Inserted 16986
Inserted 10040
Inserted 22783
Inserted 14946
Inserted 22724
Inserted 3195
Inserted 26803
Inserted 30301
Inserted 8538
Inserted 21869
Inserted 28358
Inserted 19611
Inserted 947
Inserted 20983
Inserted 9035
Inserted 22992
Inserted 14565
Inserted 17296
Inserted 15100
Inserted 2666
Inserted 26394
Inserted 4087
Inserted 17408
Inserted 1858
Inserted 25009
Inserted 264
Inserted 1176
Inserted 17766
Inserted 29202
Inserted 6725
Inserted 6103
Inserted 1111
Inserted 12330
Inserted 29772
Inserted 17988
Inserted 21940
Inserted 19712
Inserted 15547
Inserted 24006
Inserted 11171
Inserted 4670
Inserted 1093
Inserted 14682
Inserted 17038
Inserted 4042
Inserted 1790
Inserted 30807
Inserted 1119
Inserted 20800
Inserted 9252
Inserted 3656
Inserted 29067
Inserted 25887
Inserted 7482
Inserted 15255
Inserted 20197
Inserted 17017
Inserted 12996
Inserted 16131
Inserted 3159
Inserted 9680
Inserted 15885
Inserted 24612
Inserted 24846
Inserted 5662
Inserted 13922
Inserted 24519
Inserted 32719
Inserted 236
Inserted 8752
Inserted 11978
Inserted 18197
Inserted 30771
Inserted 28231
Inserted 12985
Inserted 3521
Inserted 25198
Inserted 13121
Inserted 28888
Inserted 25871
Inserted 19044
Inserted 7780
Inserted 26421
Inserted 15317
Inserted 13548
Inserted 6196
Inserted 10338
Inserted 6324
Inserted 14428
Inserted 7191
Inserted 32461
Inserted 16814
Inserted 369
Inserted 8306
Inserted 17910
Inserted 28462
Inserted 12527
Inserted 21349
Inserted 5378
Inserted 29848
Inserted 1785
Inserted 1771
Inserted 22325
Inserted 24225
Inserted 25971
Inserted 10219
Inserted 4392
Inserted 25396
Inserted 9398
Inserted 22126
Inserted 18168
Inserted 18976
Inserted 11690
Inserted 20371
Inserted 31511
Inserted 2152
Inserted 28273
Inserted 30229
Inserted 29085
Inserted 15197
Inserted 8327
Inserted 22080
Inserted 3011
Inserted 30564
Inserted 30827
Inserted 2103
Inserted 7771
Inserted 1091
Inserted 11970
Inserted 23317
Inserted 20828
Inserted 16565
Inserted 28747
Inserted 19475
Inserted 3790
Inserted 17237
Inserted 29388
Inserted 8119
Inserted 14687
Inserted 21911
Inserted 16081
Inserted 7472
Inserted 30941
Inserted 25475
Inserted 17899
Inserted 29955
Inserted 28887
Inserted 24290
Inserted 4767
Inserted 22141
Inserted 4200
Inserted 8045
Inserted 28241
Inserted 21200
Inserted 26301
Inserted 3055
Inserted 13062
Inserted 9965
Inserted 25698
Inserted 8828
Inserted 30382
Inserted 13262
Inserted 27751
Inserted 17937
Inserted 4949
Inserted 15110
Inserted 24574
Inserted 12881
Inserted 18514
Inserted 11598
Inserted 24459
Inserted 25267
Inserted 4944
Inserted 31785
Inserted 5824
Inserted 14343
Inserted 27105
Inserted 4171
Inserted 15054
Inserted 1917
Inserted 10078
Inserted 28977
Inserted 22674
Inserted 13493
Inserted 28027
Inserted 1602
Inserted 27218
Inserted 29862
Inserted 11540
Inserted 19643
Inserted 25954
Inserted 22908
Inserted 23600
Inserted 19182
Inserted 23315
Inserted 31724
Inserted 30347
Inserted 25527
Inserted 11038
Inserted 9034
Inserted 28848
Inserted 11121
Inserted 18621
Inserted 4074
Inserted 21133
Inserted 25313
Inserted 2237
Inserted 30029
Inserted 11550
Inserted 21766
Inserted 21323
Inserted 8256
Inserted 23129
Inserted 2517
Inserted 24573
Inserted 30178
Inserted 22669
Inserted 15149
Inserted 19542
Inserted 8570
Inserted 1432
Inserted 27813
Inserted 32257
Inserted 27671
Inserted 6723
Inserted 18850
Inserted 25677
Inserted 22182
Inserted 17022
Inserted 22653
Inserted 25433
Inserted 14583
Inserted 11979
Inserted 3983
Inserted 15743
Inserted 6248
Inserted 19953
Inserted 29630
Inserted 12389
Inserted 1232
Inserted 31991
Inserted 9532
Inserted 26680
Inserted 26209
Inserted 9820
Inserted 17210
Inserted 17696
Inserted 8476
Inserted 17406
Inserted 21935
Inserted 18611
Inserted 8976
Inserted 7419
Inserted 11036
Inserted 4140
Inserted 31383
Inserted 22192
Inserted 30661
Inserted 7706
Inserted 18458
Inserted 28459
Inserted 2222
Inserted 515
Inserted 19763
Inserted 20235
Inserted 17531
Inserted 30266
Inserted 6175
Inserted 8564
Inserted 2833
Inserted 20596
Inserted 15754
Inserted 16890
Inserted 23297
Inserted 16540
Inserted 21161
Inserted 5398
Inserted 24705
Inserted 4312
Inserted 10238
Inserted 2620
Inserted 28556
Inserted 20243
Inserted 8691
Inserted 25802
Inserted 613
Inserted 25901
Inserted 3273
Inserted 18188
Inserted 22162
Inserted 7324
Inserted 24793
Inserted 6909
Inserted 20327
Inserted 27762
Inserted 14316
Inserted 10570
Inserted 25342
Inserted 27504
Inserted 3127
Inserted 9612
Inserted 3219
Inserted 30170
Inserted 30885
Inserted 23882
Inserted 32724
Inserted 27542
Inserted 3107
Inserted 9522
Inserted 14167
Inserted 16544
Inserted 7815
Inserted 2788
Inserted 5330
Inserted 4983
Inserted 21636
Inserted 17007
Inserted 24770
Inserted 30729
Inserted 30757
Inserted 636
Inserted 2694
Inserted 17137
Inserted 11824
Inserted 23393
Inserted 22621
Inserted 18767
Inserted 18056
Inserted 13842
Inserted 3063
Inserted 25594
Inserted 31931
Inserted 30088
Inserted 4514
Inserted 31428
Inserted 21563
Inserted 8800
Inserted 12091
Inserted 407
Inserted 330
Inserted 29895
Inserted 32193
Inserted 21432
Inserted 31213
Inserted 2228
Inserted 25033
Inserted 12159
Inserted 16364
Inserted 27708
Inserted 32643
Inserted 5489
Inserted 1941
Inserted 17863
Inserted 12885
Inserted 4634
Inserted 6315
Inserted 4296
Inserted 19638
Inserted 5386
Inserted 19680
Inserted 9051
Inserted 21670
Inserted 22145
Inserted 13294
Inserted 21983
Inserted 17051
Inserted 7053
Inserted 6580
Inserted 4347
Inserted 30533
Inserted 24152
Inserted 13544
Inserted 17104
Inserted 21651
Inserted 6980
Inserted 13554
Inserted 706
Inserted 22516
Inserted 28191
Inserted 25284
Inserted 20175
Inserted 18275
Inserted 16861
Inserted 26168
Inserted 29723
Inserted 5960
Inserted 29517
Inserted 25817
Inserted 29272
Inserted 13288
Inserted 17118
Inserted 4618
Inserted 32076
Inserted 2664
Inserted 5329
Inserted 19687
Inserted 31491
Inserted 1283
Inserted 9148
Inserted 25687
Inserted 13992
Inserted 28762
Inserted 26262
Inserted 26805
Inserted 22065
Inserted 31059
Inserted 28918
Inserted 3779
Inserted 20891
Inserted 4973
Inserted 19927
Inserted 20713
Inserted 7734
Inserted 15764
Inserted 18178
Inserted 2133
Inserted 9711
Inserted 1836
Inserted 15558
Inserted 438
Inserted 27804
Inserted 5675
Inserted 6656
Inserted 18228
Inserted 5999
Inserted 9006
Inserted 31185
Inserted 3423
Inserted 31284
Inserted 6308
Inserted 15414
Inserted 3023
Inserted 2380
Inserted 7933
Inserted 27497
Inserted 12786
Inserted 7864
Inserted 23915
Inserted 14304
Inserted 32273
Inserted 13975
Inserted 4808
Inserted 28633
Inserted 15083
Inserted 11216
Inserted 15636
Inserted 31104
Inserted 20738
Inserted 19419
Inserted 8231
Inserted 30996
Inserted 31030
Inserted 30527
Inserted 10123
Inserted 26210
Inserted 25364
Inserted 12970
Inserted 2068
Inserted 23124
Inserted 29417
Inserted 23941
Inserted 17995
Inserted 29273
Inserted 23165
Inserted 16090
Inserted 22101
Inserted 12638
Inserted 11846
Inserted 30263
Inserted 26712
Inserted 25156
Inserted 1761
Inserted 8678
Inserted 31732
Inserted 20940
Inserted 24687
Inserted 3955
Inserted 20442
Inserted 22780
Inserted 31718
Inserted 15589
Inserted 3747
Inserted 25955
Inserted 7848
Inserted 29559
Inserted 18888
Inserted 3861
Inserted 5424
Inserted 31404
Inserted 7257
Inserted 3194
Inserted 22392
Inserted 1292
Inserted 28310
Inserted 16732
Inserted 10559
Inserted 10579
Inserted 20167
Inserted 27660
Inserted 12111
Inserted 30536
Inserted 20857
Inserted 30684
Inserted 25303
Inserted 16296
Inserted 29637
Inserted 1656
Inserted 19805
Inserted 20622
Inserted 14863
Inserted 29763
Inserted 1193
Inserted 15262
Inserted 21037
Inserted 15206
Inserted 7033
Inserted 181
Inserted 17011
Inserted 15318
Inserted 18524
Inserted 18859
Inserted 24138
Inserted 28473
Inserted 18099
Inserted 32100
Inserted 20007
Inserted 14534
Inserted 28642
Inserted 31892
Inserted 15263
Inserted 7562
Inserted 28498
Inserted 21842
Inserted 513
Inserted 8863
Inserted 12480
Inserted 219
Inserted 5060
Inserted 14669
Inserted 13846
Inserted 7193
Inserted 29003
Inserted 209
Inserted 1185
Inserted 5540
Inserted 26307
Inserted 337
Inserted 31701
Inserted 2150
Inserted 14704
Inserted 575
Inserted 24766
Inserted 29730
Inserted 27444
Inserted 10778
Inserted 7589
Inserted 10877
Inserted 2955
Inserted 1859
Inserted 9553
Inserted 16902
Inserted 13087
Inserted 167
Inserted 10120
Inserted 19694
Inserted 30030
Inserted 13535
Inserted 32033
Inserted 19061
Inserted 21399
Inserted 5555
Inserted 32423
Inserted 6015
Inserted 22546
Inserted 25368
Inserted 28773
Inserted 13711
Inserted 30292
Inserted 24920
Inserted 2275
Inserted 567
Inserted 15988
Inserted 2240
Inserted 1479
Inserted 24594
Inserted 11494
Inserted 18313
Inserted 9158
Inserted 24586
Inserted 1531
Inserted 23691
Inserted 28061
Inserted 29384
Inserted 2897
Inserted 5644
Inserted 21383
Inserted 12803
Inserted 500
Inserted 32610
Inserted 28936
Inserted 2363
Inserted 14430
Inserted 974
Inserted 11188
Inserted 4052
Inserted 5484
Inserted 24170
Inserted 26378
Inserted 18244
Inserted 25349
Inserted 25597
Inserted 22805
Inserted 24252
Inserted 4686
Inserted 26119
Inserted 25754
Inserted 13183
Inserted 28922
Inserted 16985
Inserted 30904
Inserted 15957
Inserted 1914
Inserted 7766
Inserted 22965
Inserted 557
Inserted 32302
Inserted 21942
Inserted 12551
Inserted 19894
Inserted 27139
Inserted 911
Inserted 20674
Inserted 22594
Inserted 2725
Inserted 26703
Inserted 11452
Inserted 9209
Inserted 10913
Inserted 13073
Inserted 29251
Inserted 13924
Inserted 26358
Inserted 7514
Inserted 12398
Inserted 2093
Inserted 10481
Inserted 32205
Inserted 3116
Inserted 7347
Inserted 30484
Inserted 10145
Inserted 10875
Inserted 11033
Inserted 31152
Inserted 6342
Inserted 23214
Inserted 4534
Inserted 3565
Inserted 8755
Inserted 7311
Inserted 21027
Inserted 9434
Inserted 28172
Inserted 15204
Inserted 20933
Inserted 20615
Inserted 21930
Inserted 23676
Inserted 7943
Inserted 17748
Inserted 28622
Inserted 8881
Inserted 5061
Inserted 317
Inserted 27410
Inserted 29879
Inserted 13420
Inserted 29842
Inserted 14015
Inserted 9993
Inserted 17504
Inserted 30591
Inserted 2074
Inserted 20073
Inserted 12237
Inserted 31090
Inserted 19389
Inserted 21364
Inserted 15055
Inserted 9009
Inserted 20785
Inserted 8686
Inserted 7154
Inserted 14405
Inserted 1207
Inserted 27489
Inserted 12686
Inserted 5624
Inserted 5018
Inserted 27398
Inserted 16638
Inserted 723
Inserted 4213
Inserted 14584
Inserted 7241
Inserted 10622
Inserted 13140
Inserted 15522
Inserted 15030
Inserted 1841
Inserted 7912
Inserted 16106
Inserted 28582
Inserted 7583
Inserted 13841
Inserted 16589
Inserted 2193
Inserted 29551
Inserted 30799
Inserted 9494
Inserted 20077
Inserted 2831
Inserted 5161
Inserted 16652
Inserted 4672
Inserted 17855
Inserted 27100
Inserted 26084
Inserted 3877
Inserted 25719
Inserted 21342
Inserted 17959
Inserted 11629
Inserted 12488
Inserted 32481
Inserted 16653
Inserted 5716
Inserted 4984
Inserted 19237
Inserted 1234
Inserted 5837
Inserted 19244
Inserted 14714
Inserted 15646
Inserted 27876
Inserted 7309
Inserted 9719
Inserted 19689
Inserted 21817
Inserted 21315
Inserted 12582
Inserted 8282
Inserted 12324
Inserted 10134
Inserted 1278
Inserted 12834
Inserted 23117
Inserted 2076
Inserted 2468
Inserted 28709
Inserted 27471
Inserted 175
Inserted 3394
Inserted 15258
Inserted 4266
Inserted 28620
Inserted 27939
Inserted 17371
Inserted 13990
Inserted 4061
Inserted 27682
Inserted 27015
Inserted 7406
Inserted 6497
Inserted 21437
Inserted 31357
Inserted 779
Inserted 17355
Inserted 5457
Inserted 13917
Inserted 13263
Inserted 6376
Inserted 5058
Inserted 7538
Inserted 4513
Inserted 32632
Inserted 8682
Inserted 10142
Inserted 31893
Inserted 6018
Inserted 9069
Inserted 8017
Inserted 14532
Inserted 17370
Inserted 28470
Inserted 23175
Inserted 32661
Inserted 25431
Inserted 26494
Inserted 19504
Inserted 27848
Inserted 30357
Inserted 7036
Inserted 26747
Inserted 9405
Inserted 21510
Inserted 8672
Inserted 14628
Inserted 29968
Inserted 28569
Inserted 6851
Inserted 6112
Inserted 30696
Inserted 6181
Inserted 25378
Inserted 30970
Inserted 9526
Inserted 4497
Inserted 10757
Inserted 8271
Inserted 15092
Inserted 32043
Inserted 23359
Inserted 23986
Inserted 1120
Inserted 19366
Inserted 31454
Inserted 25614
Inserted 29228
Inserted 8245
Inserted 11423
Inserted 9414
Inserted 9288
Inserted 6401
Inserted 30114
Inserted 19725
Inserted 26069
Inserted 29103
Inserted 14664
Inserted 13213
Inserted 19141
Inserted 21350
Inserted 25510
Inserted 14131
Inserted 28044
Inserted 3530
Inserted 12867
Inserted 22341
Inserted 29054
Inserted 26563
Inserted 21528
Inserted 4014
Inserted 24181
Inserted 21194
Inserted 22579
Inserted 19829
Inserted 24956
Inserted 16503
Inserted 12039
Inserted 27329
Inserted 16286
Inserted 30371
Inserted 10787
Inserted 19735
Inserted 30988
Inserted 13448
Inserted 19284
Inserted 4219
Inserted 31396
Inserted 26621
Inserted 21091
Inserted 5102
Inserted 17244
Inserted 28372
Inserted 19541
Inserted 11393
Inserted 6307
Inserted 2619
Inserted 16300
Inserted 32286
Inserted 11895
Inserted 27475
Inserted 24739
Inserted 20606
Inserted 18088
Inserted 15407
Inserted 16957
Inserted 29321
Inserted 23656
Inserted 3469
Inserted 9001
Inserted 11680
Inserted 18421
Inserted 6583
Inserted 6242
Inserted 32254
Inserted 12289
Inserted 6758
Inserted 7959
Inserted 13776
Inserted 12440
Inserted 32693
Inserted 1188
Inserted 9396
Inserted 26328
Inserted 27810
Inserted 7441
Inserted 29978
Inserted 21594
Inserted 32271
Inserted 13695
Inserted 31303
Inserted 27156
Inserted 8688
Inserted 18040
Inserted 1275
Inserted 14555
Inserted 30341
Inserted 4837
Inserted 15713
Inserted 17984
Inserted 15136
Inserted 30616
Inserted 3349
Inserted 22370
Inserted 21982
Inserted 2348
Inserted 24782
Inserted 18598
Inserted 17344
Inserted 8311
Inserted 23105
Inserted 19155
Inserted 5046
Inserted 14674
Inserted 21339
Inserted 24374
Inserted 30095
Inserted 12092
Inserted 2987
Inserted 24674
Inserted 24840
Inserted 26968
Inserted 29077
Inserted 4212
Inserted 23138
Inserted 16261
Inserted 9803
Inserted 21146
Inserted 565
Inserted 4734
Inserted 3655
Inserted 14129
Inserted 18784
Inserted 25511
Inserted 19515
Inserted 23379
Inserted 27463
Inserted 31830
Inserted 3819
Inserted 32346
Inserted 23991
Inserted 13522
Inserted 5465
Inserted 12782
Inserted 4775
Inserted 24224
Inserted 23201
Inserted 10155
Inserted 13199
Inserted 6921
Inserted 23294
Inserted 5345
Inserted 25681
Inserted 24722
Inserted 13096
Inserted 16278
Inserted 18827
Inserted 21253
Inserted 12522
Inserted 27438
Inserted 14263
Inserted 10582
Inserted 9470
Inserted 4174
Inserted 20725
Inserted 32305
Inserted 14875
Inserted 6560
Inserted 4085
Inserted 16953
Inserted 12243
Inserted 19780
Inserted 10214
Inserted 3597
Inserted 1058
Inserted 28815
Inserted 27784
Inserted 18194
Inserted 21896
Inserted 29590
Inserted 4619
Inserted 3583
Inserted 4248
Inserted 18654
Inserted 29702
Inserted 31925
Inserted 3607
Inserted 30787
Inserted 16290
Inserted 26287
Inserted 24981
Inserted 19768
Inserted 13936
Inserted 26944
Inserted 20629
Inserted 31160
Inserted 1434
Inserted 7683
Inserted 9147
Inserted 14002
Inserted 12698
Inserted 7850
Inserted 4748
Inserted 18533
Inserted 4689
Inserted 10349
Inserted 21881
Inserted 4833
Inserted 21471
Inserted 20741
Inserted 30503
Inserted 21045
Inserted 21213
Inserted 3105
Inserted 14076
Inserted 13034
Inserted 2129
Inserted 7564
Inserted 7447
Inserted 24671
Inserted 21506
Inserted 12421
Inserted 1563
Inserted 504
Inserted 11916
Inserted 1985
Inserted 1064
Inserted 9590
Inserted 26277
Inserted 59
Inserted 15256
Inserted 19441
Inserted 17848
Inserted 25879
Inserted 20560
Inserted 26177
Inserted 31412
Inserted 12868
Inserted 15809
Inserted 18451
Inserted 2251
Inserted 27577
Inserted 21912
Inserted 2931
Inserted 26205
Inserted 3616
Inserted 20896
Inserted 32438
Inserted 22758
Inserted 3435
Inserted 10588
Inserted 28750
Inserted 30472
Inserted 28499
Inserted 16146
Inserted 9058
Inserted 17271
Inserted 25880
Inserted 24949
Inserted 21993
Inserted 19322
Inserted 7768
Inserted 8689
Inserted 28504
Inserted 5535
Inserted 4418
Inserted 17701
Inserted 7816
Inserted 14057
Inserted 13594
Inserted 1460
Inserted 3793
Inserted 11626
Inserted 2690
Inserted 30806
Inserted 2637
Inserted 14913
Inserted 21715
Inserted 5869
Inserted 16670
Inserted 5959
Inserted 22890
Inserted 32137
Inserted 4272
Inserted 12070
Inserted 22818
Inserted 26819
Inserted 6161
Inserted 8008
Inserted 28830
Inserted 6266
Inserted 1784
Inserted 12366
Inserted 16934
Inserted 1671
Inserted 4373
Inserted 8842
Inserted 29246
Inserted 359
Inserted 3743
Inserted 13250
Inserted 25638
Inserted 8453
Inserted 14329
Inserted 9046
Inserted 17853
Inserted 4481
Inserted 13309
Inserted 7968
Inserted 31266
Inserted 5964
Inserted 3503
Inserted 8989
Inserted 1084
Inserted 25483
Inserted 15941
Inserted 32294
Inserted 11359
Inserted 11173
Inserted 31532
Inserted 29393
Inserted 18344
Inserted 7687
Inserted 6284
Inserted 26476
Inserted 16698
Inserted 23668
Inserted 23814
Inserted 16383
Inserted 5813
Inserted 19105
Inserted 14214
Inserted 8936
Inserted 31562
Inserted 18110
Inserted 21082
Inserted 13435
Inserted 1831
Inserted 1448
Inserted 5870
Inserted 24096
Inserted 19210
Inserted 10932
Inserted 3759
Inserted 14148
Inserted 26532
Inserted 31261
Inserted 28494
Inserted 7630
Inserted 31747
Inserted 324
Inserted 524
Inserted 11566
Inserted 179
Inserted 7232
Inserted 5449
Inserted 6482
Inserted 10526
Inserted 3974
Inserted 2899
Inserted 18255
Inserted 4065
Inserted 32311
Inserted 24636
Inserted 32755
Inserted 27796
Inserted 22675
Inserted 22437
Inserted 21612
Inserted 28850
Inserted 4897
Inserted 16789
Inserted 12580
Inserted 32034
Inserted 26327
Inserted 10144
Inserted 29564
Inserted 9139
Inserted 12683
Inserted 18251
Inserted 915
Inserted 24666
Inserted 26821
Inserted 5115
Inserted 15460
Inserted 6140
Inserted 29345
Inserted 22996
Inserted 19440
Inserted 15969
Inserted 18870
Inserted 30889
Inserted 20123
Inserted 17650
Inserted 20399
Inserted 8958
Inserted 16445
Inserted 591
Inserted 1095
Inserted 9426
Inserted 14298
Inserted 24045
Inserted 28281
Inserted 9007
Inserted 7156
Inserted 4535
Inserted 28933
Inserted 23626
Inserted 14082
Inserted 5944
Inserted 15190
Inserted 24014
Inserted 537
Inserted 24996
Inserted 29153
Inserted 24769
Inserted 28873
Inserted 14441
Inserted 4430
Inserted 29313
Inserted 22964
Inserted 4408
Inserted 4758
Inserted 18413
Inserted 22656
Inserted 7110
Inserted 27286
Inserted 1609
Inserted 11017
Inserted 32176
Inserted 14528
Inserted 16222
Inserted 2339
Inserted 13083
Inserted 9517
Inserted 16804
Inserted 2091
Inserted 17666
Inserted 28835
Inserted 19713
Inserted 21604
Inserted 23091
Inserted 7794
Inserted 10909
Inserted 11671
Inserted 1076
Inserted 29519
Inserted 7187
Inserted 29065
Inserted 25529
Inserted 17581
Inserted 13430
Inserted 12334
Inserted 11839
Inserted 10508
Inserted 16276
Inserted 30049
Inserted 27058
Inserted 22846
Inserted 26833
Inserted 18435
Inserted 7064
Inserted 24860
Inserted 10924
Inserted 10731
Inserted 11899
Inserted 6229
Inserted 12034
Inserted 1552
Inserted 6868
Inserted 15274
Inserted 12254
Inserted 4261
Inserted 2271
Inserted 23002
Inserted 7623
Inserted 32031
Inserted 24089
Inserted 23098
Inserted 12841
Inserted 7604
Inserted 16211
Inserted 7662
Inserted 23713
Inserted 28161
Inserted 23396
Inserted 20708
Inserted 4318
Inserted 9011
Inserted 6742
Inserted 31670
Inserted 20398
Inserted 509
Inserted 10870
Inserted 16223
Inserted 19962
Inserted 22006
Inserted 14474
Inserted 8033
Inserted 1173
Inserted 10261
Inserted 26493
Inserted 11851
Inserted 11515
Inserted 15528
Inserted 21431
Inserted 998
Inserted 9120
Inserted 26707
Inserted 20619
Inserted 20256
Inserted 24343
Inserted 14268
Inserted 20767
Inserted 9269
Inserted 29095
Inserted 4458
Inserted 30800
Inserted 16541
Inserted 6762
Inserted 14293
Inserted 22088
Inserted 28996
Inserted 15518
Inserted 14453
Inserted 11111
Inserted 1760
Inserted 24699
Inserted 13507
Inserted 25873
Inserted 30337
Inserted 12036
Inserted 7063
Inserted 1419
Inserted 13877
Inserted 830
Inserted 27638
Inserted 555
Inserted 12917
Inserted 26699
Inserted 28443
Inserted 11362
Inserted 12703
Inserted 29581
Inserted 26197
Inserted 10275
Inserted 631
Inserted 2480
Inserted 4377
Inserted 17555
Inserted 10803
Inserted 2390
Inserted 26892
Inserted 5471
Inserted 11842
Inserted 3076
Inserted 27917
Inserted 9708
Inserted 17825
Inserted 21024
Inserted 18836
Inserted 20244
Inserted 29421
Inserted 22959
Inserted 7164
Inserted 12487
Inserted 18053
Inserted 4956
Inserted 9044
Inserted 9637
Inserted 32613
Inserted 14504
Inserted 32284
Inserted 3635
Inserted 24585
Inserted 32015
Inserted 29209
Inserted 31309
Inserted 6252
Inserted 12439
Inserted 10330
Inserted 9706
Inserted 12251
Inserted 13977
Inserted 1983
Inserted 26036
Inserted 31272
Inserted 28008
Inserted 21664
Inserted 1224
Inserted 26873
Inserted 563
Inserted 19971
Inserted 6945
Inserted 9182
Inserted 8212
Inserted 338
Inserted 2166
Inserted 18081
Inserted 8909
Inserted 21995
Inserted 666
Inserted 5028
Inserted 8115
Inserted 28849
Inserted 17963
Inserted 19917
Inserted 27128
Inserted 771
Inserted 10670
Inserted 28921
Inserted 4007
Inserted 30192
Inserted 2007
Inserted 2323
Inserted 4346
Inserted 1314
Inserted 14595
Inserted 4223
Inserted 173
Inserted 21499
Inserted 10135
Inserted 8808
Inserted 17764
Inserted 2981
Inserted 8919
Inserted 8466
Inserted 5596
Inserted 30783
Inserted 8512
Inserted 15983
Inserted 17471
Inserted 32720
Inserted 23975
Inserted 3486
Inserted 20152
Inserted 22870
Inserted 23543
Inserted 29016
Inserted 2904
Inserted 21067
Inserted 2563
Inserted 4163
Inserted 2404
Inserted 12500
Inserted 24351
Inserted 13572
Inserted 14456
Inserted 18994
Inserted 32432
Inserted 10851
Inserted 31028
Inserted 20148
Inserted 8527
Inserted 9563
Inserted 15385
Inserted 19242
Inserted 11091
Inserted 27982
Inserted 25781
Inserted 9152
Inserted 22789
Inserted 10083
Inserted 5353
Inserted 30915
Inserted 1011
Inserted 26588
Inserted 10660
Inserted 22649
Inserted 12767
Inserted 27818
Inserted 15682
Inserted 1726
Inserted 32241
Inserted 19729
Inserted 29306
Inserted 30482
Inserted 17215
Inserted 26502
Inserted 23606
Inserted 9671
Inserted 11685
Inserted 5645
Inserted 4363
Inserted 9318
Inserted 15715
Inserted 23341
Inserted 16115
Inserted 5757
Inserted 30596
Inserted 12336
Inserted 25865
Inserted 16177
Inserted 9751
Inserted 27324
Inserted 23967
Inserted 15709
Inserted 7328
Inserted 19535
Inserted 22731
Inserted 11326
Inserted 23909
Inserted 9804
Inserted 2484
Inserted 27537
Inserted 3694
Inserted 3838
Inserted 11552
Inserted 2775
Inserted 29927
Inserted 6139
Inserted 5543
Inserted 20412
Inserted 9237
Inserted 22871
Inserted 17896
Inserted 4781
Inserted 32330
Inserted 3093
Inserted 6479
Inserted 10455
Inserted 23729
Inserted 5435
Inserted 24689
Inserted 16063
Inserted 24002
Inserted 28738
Inserted 6344
Inserted 7491
Inserted 19846
Inserted 24204
Inserted 4217
Inserted 24972
Inserted 3473
Inserted 13412
Inserted 22261
Inserted 30825
Inserted 32411
Inserted 28869
Inserted 12761
Inserted 9941
Inserted 22135
Inserted 19496
Inserted 23116
Inserted 4650
Inserted 23102
Inserted 15447
Inserted 28514
Inserted 6765
Inserted 7222
Inserted 1297
Inserted 9300
Inserted 15337
Inserted 28094
Inserted 14835
Inserted 12170
Inserted 5784
Inserted 20506
Inserted 28673
Inserted 8628
Inserted 13399
Inserted 12646
Inserted 22211
Inserted 7877
Inserted 8394
Inserted 8001
Inserted 13957
Inserted 1389
Inserted 14014
Inserted 23322
Inserted 8287
Inserted 8563
Inserted 13243
Inserted 26773
Inserted 26772
Inserted 8751
Inserted 23512
Inserted 18783
Inserted 1913
Inserted 30344
Inserted 13530
Inserted 655
Inserted 25056
Inserted 5617
Inserted 12076
Inserted 28854
Inserted 14757
Inserted 740
Inserted 7773
Inserted 4437
Inserted 18452
Inserted 22035
Inserted 12754
Inserted 30739
Inserted 6339
Inserted 7308
Inserted 28538
Inserted 12598
Inserted 25205
Inserted 15828
Inserted 10006
Inserted 24350
Inserted 18137
Inserted 14355
Inserted 3138
Inserted 5454
Inserted 12755
Inserted 7157
Inserted 10857
Inserted 31626
Inserted 27478
Inserted 31276
Inserted 14050
Inserted 25858
Inserted 7869
Inserted 24810
Inserted 22838
Inserted 19718
Inserted 20463
Inserted 3802
Inserted 4889
Inserted 15241
Inserted 20584
Inserted 10849
Inserted 3358
Inserted 15711
Inserted 25570
Inserted 18549
Inserted 22680
Inserted 11735
Inserted 31993
Inserted 30496
Inserted 29301
Inserted 8653
Inserted 21422
Inserted 23555
Inserted 28114
Inserted 26973
Inserted 29333
Inserted 27985
Inserted 19456
Inserted 31510
Inserted 5845
Inserted 6592
Inserted 23288
Inserted 5147
Inserted 8767
Inserted 31577
Inserted 5354
Inserted 2885
Inserted 2555
Inserted 10167
Inserted 2723
Inserted 15405
Inserted 20352
Inserted 25377
Inserted 12069
Inserted 13895
Inserted 25427
Inserted 31270
Inserted 6848
Inserted 6483
Inserted 17345
Inserted 6404
Inserted 10939
Inserted 19758
Inserted 2752
Inserted 32360
Inserted 6976
Inserted 11259
Inserted 19109
Inserted 901
Inserted 17403
Inserted 1101
Inserted 9800
Inserted 30656
Inserted 20013
Inserted 32040
Inserted 28882
Inserted 9712
Inserted 28056
Inserted 9670
Inserted 17209
Inserted 32407
Inserted 8265
Inserted 21249
Inserted 31198
Inserted 28357
Inserted 21098
Inserted 15696
Inserted 10414
Inserted 20974
Inserted 7088
Inserted 7189
Inserted 3572
Inserted 32093
Inserted 16864
Inserted 16166
Inserted 27646
Inserted 25099
Inserted 26452
Inserted 18844
Inserted 4876
Inserted 16519
Inserted 16087
Inserted 16931
Inserted 25718
Inserted 17411
Inserted 12351
Inserted 30554
Inserted 27181
Inserted 27685
Inserted 3308
Inserted 28883
Inserted 27224
Inserted 26192
Inserted 28737
Inserted 29326
Inserted 32313
Inserted 2744
Inserted 24874
Inserted 2739
Inserted 25963
Inserted 12836
Inserted 3418
Inserted 250
Inserted 11135
Inserted 7215
Inserted 14352
Inserted 7822
Inserted 28903
Inserted 3029
Inserted 22914
Inserted 16233
Inserted 3365
Inserted 3980
Inserted 18357
Inserted 26590
Inserted 19849
Inserted 21238
Inserted 23057
Inserted 3720
Inserted 23156
Inserted 25659
Inserted 19042
Inserted 11428
Inserted 10796
Inserted 23896
Inserted 13943
Inserted 1504
Inserted 1634
Inserted 29582
Inserted 5181
Inserted 10873
Inserted 21979
Inserted 18427
Inserted 26659
Inserted 11424
Inserted 440
Inserted 30588
Inserted 19861
Inserted 31442
Inserted 3184
Inserted 28819
Inserted 19297
Inserted 19043
Inserted 30281
Inserted 12869
Inserted 4043
Inserted 4925
Inserted 8824
Inserted 31845
Inserted 23791
Inserted 8398
Inserted 21356
Inserted 2341
Inserted 14098
Inserted 2979
Inserted 31381
Inserted 20028
Inserted 32387
Inserted 19447
Inserted 28971
Inserted 32421
Inserted 37
Inserted 23166
Inserted 28118
Inserted 19112
Inserted 32743
Inserted 5764
Inserted 8240
Inserted 22376
Inserted 21514
Inserted 24434
Inserted 30338
Inserted 3562
Inserted 17257
Inserted 4399
Inserted 13433
Inserted 758
Inserted 16800
Inserted 9036
Inserted 22609
Inserted 9937
Inserted 16277
Inserted 16813
Inserted 2735
Inserted 25725
Inserted 4227
Inserted 6224
Inserted 29882
Inserted 23309
Inserted 7642
Inserted 27246
Inserted 20017
Inserted 30899
Inserted 280
Inserted 8072
Inserted 27375
Inserted 16026
Inserted 573
Inserted 21159
Inserted 7367
Inserted 31385
Inserted 19525
Inserted 18453
Inserted 25693
Inserted 31183
Inserted 28238
Inserted 22339
Inserted 23099
Inserted 9274
Inserted 26679
Inserted 9791
Inserted 15965
Inserted 28370
Inserted 32026
Inserted 21094
Inserted 32735
Inserted 17741
Inserted 18853
Inserted 17445
Inserted 28092
Inserted 22176
Inserted 6185
Inserted 5987
Inserted 25827
Inserted 5833
Inserted 32280
Inserted 11418
Inserted 27840
Inserted 5200
Inserted 6671
Inserted 31263
Inserted 4744
Inserted 1271
Inserted 11256
Inserted 8314
Inserted 6421
Inserted 13521
Inserted 31014
Inserted 30921
Inserted 25207
Inserted 30001
Inserted 26664
Inserted 23445
Inserted 31430
Inserted 26962
Inserted 25740
Inserted 21209
Inserted 2610
Inserted 13821
Inserted 28809
Inserted 11469
Inserted 826
Inserted 12658
Inserted 14764
Inserted 1594
Inserted 3155
Inserted 616
Inserted 7161
Inserted 23819
Inserted 3709
Inserted 5635
Inserted 23378
Inserted 5937
Inserted 8671
Inserted 25063
Inserted 28872
Inserted 18856
Inserted 11277
Inserted 9030
Inserted 10807
Inserted 19674
Inserted 24765
Inserted 18062
Inserted 26
Inserted 11930
Inserted 11942
Inserted 1720
Inserted 18354
Inserted 11863
Inserted 26475
Inserted 20694
Inserted 22429
Inserted 11062
Inserted 17368
Inserted 30619
Inserted 2440
Inserted 21215
Inserted 6920
Inserted 5487
Inserted 3657
Inserted 2430
Inserted 29111
Inserted 20035
Inserted 20307
Inserted 23866
Inserted 16563
Inserted 9684
Inserted 1219
Inserted 31163
Inserted 15599
Inserted 18667
Inserted 7198
Inserted 11205
Inserted 13499
Inserted 14085
Inserted 12483
Inserted 6287
Inserted 23394
Inserted 21509
Inserted 1707
Inserted 7684
Inserted 3126
Inserted 6832
Inserted 30743
Inserted 8378
Inserted 30265
Inserted 20894
Inserted 12593
Inserted 5448
Inserted 23459
Inserted 32542
Inserted 1461
Inserted 24776
Inserted 28779
Inserted 2301
Inserted 17824
Inserted 9693
Inserted 1828
Inserted 20488
Inserted 25788
Inserted 15023
Inserted 17969
Inserted 24199
Inserted 31777
Inserted 7521
Inserted 23147
Inserted 29533
Inserted 30149
Inserted 3419
Inserted 25815
Inserted 22094
Inserted 29840
Inserted 22986
Inserted 15208
Inserted 16486
Inserted 13330
Inserted 840
Inserted 19590
Inserted 4525
Inserted 8792
Inserted 21959
Inserted 23883
Inserted 13241
Inserted 6422
Inserted 14072
Inserted 2009
Inserted 18125
Inserted 18551
Inserted 1217
Inserted 1619
Inserted 23663
Inserted 6841
Inserted 8764
Inserted 5480
Inserted 14327
Inserted 20611
Inserted 26853
Inserted 4512
Inserted 14844
Inserted 12459
Inserted 14086
Inserted 16829
Inserted 27113
Inserted 7949
Inserted 29851
Inserted 23342
Inserted 24369
Inserted 9129
Inserted 28309
Inserted 32636
Inserted 16512
Inserted 12004
Inserted 19147
Inserted 27425
Inserted 3311
Inserted 16966
Inserted 10345
Inserted 8249
Inserted 17421
Inserted 22776
Inserted 29297
Inserted 20745
Inserted 23185
Inserted 17687
Inserted 8179
Inserted 28742
Inserted 17444
Inserted 9349
Inserted 10400
Inserted 7263
Inserted 26784
Inserted 17710
Inserted 12541
Inserted 22744
Inserted 18858
Inserted 30355
Inserted 15415
Inserted 16928
Inserted 14358
Inserted 23187
Inserted 8166
Inserted 17364
Inserted 32039
Inserted 25491
Inserted 31149
Inserted 9564
Inserted 7101
Inserted 20628
Inserted 21787
Inserted 22939
Inserted 15951
Inserted 20852
Inserted 14977
Inserted 10690
Inserted 15586
Inserted 12166
Inserted 5144
Inserted 17452
Inserted 14344
Inserted 6197
Inserted 11440
Inserted 12059
Inserted 31342
Inserted 2437
Inserted 14610
Inserted 23923
Inserted 1059
Inserted 20055
Inserted 7682
Inserted 5230
Inserted 29676
Inserted 14834
Inserted 23074
Inserted 14225
Inserted 18846
Inserted 969
Inserted 31482
Inserted 30254
Inserted 20286
Inserted 11832
Inserted 18205
Inserted 27834
Inserted 23701
Inserted 11682
Inserted 32168
Inserted 27683
Inserted 22832
Inserted 23418
Inserted 24444
Inserted 15687
Inserted 1826
Inserted 24005
Inserted 25458
Inserted 799
Inserted 27057
Inserted 7711
Inserted 23961
Inserted 2378
Inserted 4559
Inserted 20959
Inserted 27517
Inserted 32056
Inserted 26096
Inserted 23503
Inserted 6065
Inserted 10095
Inserted 24862
Inserted 31864
Inserted 12505
Inserted 20503
Inserted 3629
Inserted 19881
Inserted 31347
Inserted 26891
Inserted 23119
Inserted 748
Inserted 936
Inserted 29857
Inserted 29683
Inserted 32011
Inserted 32139
Inserted 28675
Inserted 19103
Inserted 18974
Inserted 11810
Inserted 18704
Inserted 17092
Inserted 31579
Inserted 4339
Inserted 6491
Inserted 24925
Inserted 16774
Inserted 26477
Inserted 5567
Inserted 21934
Inserted 2983
Inserted 29540
Inserted 21538
Inserted 2869
Inserted 13959
Inserted 28064
Inserted 20633
Inserted 3564
Inserted 29860
Inserted 21745
Inserted 23775
Inserted 8194
Inserted 24279
Inserted 1823
Inserted 14659
Inserted 11308
Inserted 13495
Inserted 30477
Inserted 9003
Inserted 32742
Inserted 12651
Inserted 27664
Inserted 9842
Inserted 28812
Inserted 15856
Inserted 19547
Inserted 15939
Inserted 24713
Inserted 30460
Inserted 20366
Inserted 8066
Inserted 17073
Inserted 16413
Inserted 6528
Inserted 31376
Inserted 9194
Inserted 17837
Inserted 13878
Inserted 717
Inserted 28986
Inserted 2551
Inserted 29512
Inserted 11386
Inserted 19997
Inserted 3580
Inserted 31419
Inserted 8027
Inserted 31901
Inserted 31130
Inserted 32441
Inserted 31306
Inserted 10556
Inserted 4636
Inserted 14761
Inserted 16504
Inserted 25750
Inserted 31696
Inserted 14672
Inserted 3115
Inserted 26105
Inserted 15584
Inserted 31092
Inserted 13573
Inserted 31048
Inserted 15437
Inserted 27666
Inserted 646
Inserted 28324
Inserted 6347
Inserted 1472
Inserted 3338
Inserted 3482
Inserted 12913
Inserted 24230
Inserted 8154
Inserted 32061
Inserted 21705
Inserted 31132
Inserted 17161
Inserted 3062
Inserted 21889
Inserted 20003
Inserted 17400
Inserted 28096
Inserted 7673
Inserted 32518
Inserted 9943
Inserted 17130
Inserted 31331
Inserted 2809
Inserted 29305
Inserted 22612
Inserted 26122
Inserted 73
Inserted 2818
Inserted 2415
Inserted 13837
Inserted 22580
Inserted 23205
Inserted 13779
Inserted 25915
Inserted 14061
Inserted 23424
Inserted 23700
Inserted 27023
Inserted 29749
Inserted 30175
Inserted 7678
Inserted 10364
Inserted 18100
Inserted 21022
Inserted 31611
Inserted 32303
Inserted 15529
Inserted 10258
Inserted 10249
Inserted 10259
Inserted 26804
Inserted 17728
Inserted 2436
Inserted 12194
Inserted 32095
Inserted 31900
Inserted 1526
Inserted 21353
Inserted 29310
Inserted 29474
Inserted 15102
Inserted 20341
Inserted 30107
Inserted 13751
Inserted 14950
Inserted 21020
Inserted 22195
Inserted 433
Inserted 23448
Inserted 15922
Inserted 26006
Inserted 7694
Inserted 6591
Inserted 25593
Inserted 26011
Inserted 5312
Inserted 1797
Inserted 18868
Inserted 13989
Inserted 28588
Inserted 8972
Inserted 31051
Inserted 13230
Inserted 7246
Inserted 8425
Inserted 2956
Inserted 3966
Inserted 6477
Inserted 18147
Inserted 17373
Inserted 7851
Inserted 4095
Inserted 1018
Inserted 11473
Inserted 19538
Inserted 8739
Inserted 11910
Inserted 13604
Inserted 8780
Inserted 15943
Inserted 1728
Inserted 18186
Inserted 24442
Inserted 2053
Inserted 15804
Inserted 13767
Inserted 4879
Inserted 3123
Inserted 2625
Inserted 15959
Inserted 27921
Inserted 18776
Inserted 23877
Inserted 8369
Inserted 4077
Inserted 19035
Inserted 13143
Inserted 30733
Inserted 32697
Inserted 1527
Inserted 2170
Inserted 23184
Inserted 31420
Inserted 15562
Inserted 4049
Inserted 15633
Inserted 11396
Inserted 31238
Inserted 31134
Inserted 15719
Inserted 15872
Inserted 24311
Inserted 3072
Inserted 11401
Inserted 3508
Inserted 26349
Inserted 401
Inserted 31571
Inserted 9100
Inserted 8235
Inserted 16539
Inserted 15571
Inserted 3652
Inserted 6986
Inserted 30445
Inserted 24474
Inserted 18266
Inserted 24900
Inserted 8580
Inserted 20090
Inserted 13431
Inserted 20608
Inserted 30432
Inserted 2859
Inserted 15844
Inserted 109
Inserted 28201
Inserted 29852
Inserted 25406
Inserted 28463
Inserted 1258
Inserted 22463
Inserted 25472
Inserted 8494
Inserted 15426
Inserted 18909
Inserted 11937
Inserted 843
Inserted 30335
Inserted 5890
Inserted 9002
Inserted 32141
Inserted 23040
Inserted 7340
Inserted 13661
Inserted 2879
Inserted 10335
Inserted 16972
Inserted 1690
Inserted 12860
Inserted 9242
Inserted 14379
Inserted 9271
Inserted 31226
Inserted 7790
Inserted 9608
Inserted 16837
Inserted 23942
Inserted 17474
Inserted 25602
Inserted 4695
Inserted 585
Inserted 5776
Inserted 4988
Inserted 29698
Inserted 27234
Inserted 7902
Inserted 28280
Inserted 32247
Inserted 32112
Inserted 8139
Inserted 17561
Inserted 26617
Inserted 2667
Inserted 22853
Inserted 23466
Inserted 27974
Inserted 13750
Inserted 3820
Inserted 24021
Inserted 17393
Inserted 27941
Inserted 30185
Inserted 13459
Inserted 14477
Inserted 1409
Inserted 9629
Inserted 2191
Inserted 20450
Inserted 18572
Inserted 17615
Inserted 22255
Inserted 3835
Inserted 23402
Inserted 32020
Inserted 18101
Inserted 3326
Inserted 8030
Inserted 10433
Inserted 2559
Inserted 20729
Inserted 3588
Inserted 21425
Inserted 21695
Inserted 7476
Inserted 13461
Inserted 18593
Inserted 14497
Inserted 29736
Inserted 16914
Inserted 6959
Inserted 15106
Inserted 13417
Inserted 21653
Inserted 7641
Inserted 26427
Inserted 21794
Inserted 707
Inserted 29464
Inserted 17776
Inserted 11589
Inserted 18496
Inserted 26749
Inserted 9551
Inserted 31102
Inserted 22963
Inserted 16315
Inserted 25306
Inserted 20548
Inserted 5481
Inserted 23788
Inserted 10491
Inserted 26297
Inserted 32388
Inserted 15661
Inserted 29571
Inserted 11936
Inserted 27065
Inserted 23283
Inserted 25686
Inserted 24936
Inserted 19759
Inserted 5333
Inserted 1799
Inserted 9593
Inserted 13921
Inserted 19916
Inserted 8047
Inserted 29909
Inserted 21458
Inserted 5228
Inserted 4666
Inserted 5569
Inserted 20293
Inserted 27749
Inserted 25218
Inserted 10035
Inserted 2029
Inserted 19641
Inserted 15546
Inserted 15298
Inserted 13040
Inserted 23674
Inserted 14733
Inserted 16495
Inserted 4068
Inserted 31209
Inserted 25759
Inserted 21402
Inserted 1144
Inserted 19249
Inserted 30024
Inserted 3002
Inserted 15180
Inserted 9306
Inserted 11900
Inserted 28065
Inserted 20291
Inserted 26137
Inserted 1436
Inserted 28363
Inserted 10581
Inserted 4718
Inserted 31519
Inserted 16770
Inserted 32082
Inserted 7982
Inserted 15698
Inserted 1922
Inserted 28486
Inserted 16214
Inserted 6072
Inserted 9873
Inserted 20491
Inserted 13923
Inserted 32119
Inserted 24610
Inserted 24189
Inserted 17731
Inserted 7259
Inserted 8710
Inserted 10395
Inserted 25804
Inserted 15453
Inserted 23914
Inserted 5637
Inserted 27097
Inserted 23345
Inserted 14229
Inserted 28880
Inserted 31343
Inserted 23198
Inserted 10071
Inserted 3087
Inserted 19473
Inserted 10247
Inserted 21939
Inserted 27503
Inserted 23502
Inserted 7049
Inserted 22517
Inserted 30919
Inserted 24466
Inserted 8641
Inserted 10191
Inserted 16030
Inserted 14860
Inserted 15191
Inserted 22179
Inserted 5106
Inserted 32683
Inserted 10500
Inserted 9181
Inserted 22873
Inserted 26303
Inserted 9579
Inserted 961
Inserted 22160
Inserted 30221
Inserted 17703
Inserted 22988
Inserted 6309
Inserted 12635
Inserted 29193
Inserted 5691
Inserted 8934
Inserted 26687
Inserted 2294
Inserted 32270
Inserted 20761
Inserted 19505
Inserted 32381
Inserted 807
Inserted 5014
Inserted 27628
Inserted 31041
Inserted 1455
Inserted 20807
Inserted 16974
Inserted 31504
Inserted 22158
Inserted 23432
Inserted 14526
Inserted 24082
Inserted 30409
Inserted 16591
Inserted 22954
Inserted 19697
Inserted 23230
Inserted 6703
Inserted 6098
Inserted 19347
Inserted 31889
Inserted 19025
Inserted 25897
Inserted 87
Inserted 898
Inserted 31049
Inserted 14587
Inserted 19352
Inserted 11334
Inserted 7323
Inserted 16564
Inserted 12431
Inserted 2178
Inserted 30469
Inserted 3528
Inserted 29539
Inserted 26572
Inserted 12426
Inserted 20847
Inserted 5214
Inserted 28403
Inserted 13268
Inserted 31280
Inserted 23992
Inserted 14090
Inserted 17049
Inserted 14035
Inserted 30786
Inserted 268
Inserted 9692
Inserted 18073
Inserted 5732
Inserted 19736
Inserted 2372
Inserted 5403
Inserted 23152
Inserted 8258
Inserted 5720
Inserted 21106
Inserted 28565
Inserted 21145
Inserted 2164
Inserted 24480
Inserted 28568
Inserted 16429
Inserted 18980
Inserted 393
Inserted 16941
Inserted 22436
Inserted 22147
Inserted 8967
Inserted 7569
Inserted 1092
Inserted 15201
Inserted 15523
Inserted 26384
Inserted 5788
Inserted 3627
Inserted 31518
Inserted 12691
Inserted 28087
Inserted 21618
Inserted 31916
Inserted 29844
Inserted 28503
Inserted 7023
Inserted 9340
Inserted 27953
Inserted 10874
Inserted 2839
Inserted 24148
Inserted 10030
Inserted 15730
Inserted 10060
Inserted 325
Inserted 30495
Inserted 12083
Inserted 2878
Inserted 14004
Inserted 20543
Inserted 24522
Inserted 19662
Inserted 25155
Inserted 266
Inserted 26964
Inserted 22279
Inserted 8172
Inserted 8219
Inserted 13104
Inserted 5819
Inserted 516
Inserted 18502
Inserted 16209
Inserted 22252
Inserted 19282
Inserted 24688
Inserted 5218
Inserted 6071
Inserted 5893
Inserted 19485
Inserted 16651
Inserted 22062
Inserted 15155
Inserted 831
Inserted 15947
Inserted 27474
Inserted 23494
Inserted 18690
Inserted 20993
Inserted 18201
Inserted 14019
Inserted 7121
Inserted 11833
Inserted 3878
Inserted 30163
Inserted 18718
Inserted 3642
Inserted 7162
Inserted 29488
Inserted 8348
Inserted 3599
Inserted 25592
Inserted 2318
Inserted 5459
Inserted 3606
Inserted 6800
Inserted 2875
Inserted 797
Inserted 9768
Inserted 1503
Inserted 22368
Inserted 9867
Inserted 21877
Inserted 5538
Inserted 20431
Inserted 19679
Inserted 8596
Inserted 1798
Inserted 5079
Inserted 17773
Inserted 30741
Inserted 12669
Inserted 4263
Inserted 28866
Inserted 18018
Inserted 1819
Inserted 21972
Inserted 30191
Inserted 5433
Inserted 31756
Inserted 20942
Inserted 13319
Inserted 19030
Inserted 14640
Inserted 7712
Inserted 25877
Inserted 6010
Inserted 25828
Inserted 4316
Inserted 17230
Inserted 6697
Inserted 23200
Inserted 9054
Inserted 2082
Inserted 21388
Inserted 8220
Inserted 2050
Inserted 30724
Inserted 21170
Inserted 32184
Inserted 23013
Inserted 16981
Inserted 4696
Inserted 15467
Inserted 27233
Inserted 284
Inserted 7061
Inserted 22558
Inserted 18133
Inserted 29991
Inserted 10886
Inserted 4985
Inserted 16023
Inserted 3180
Inserted 10716
Inserted 1137
Inserted 6114
Inserted 30993
Inserted 119
Inserted 9178
Inserted 21152
Inserted 15851
Inserted 6096
Inserted 24823
Inserted 23798
Inserted 24717
Inserted 15621
Inserted 23526
Inserted 3348
Inserted 17358
Inserted 12795
Inserted 19654
Inserted 17881
Inserted 21010
Inserted 24344
Inserted 18660
Inserted 10008
Inserted 3750
Inserted 27157
Inserted 1840
Inserted 10776
Inserted 31076
Inserted 32208
Inserted 27819
Inserted 20367
Inserted 32484
Inserted 7695
Inserted 980
Inserted 11366
Inserted 32448
Inserted 24652
Inserted 2590
Inserted 19231
Inserted 27386
Inserted 25360
Inserted 11634
Inserted 15211
Inserted 19179
Inserted 6890
Inserted 4446
Inserted 27174
Inserted 24056
Inserted 20979
Inserted 24588
Inserted 14190
Inserted 2291
Inserted 5634
Inserted 16419
Inserted 31193
Inserted 21070
Inserted 31775
Inserted 2765
Inserted 26457
Inserted 10080
Inserted 25706
Inserted 4442
Inserted 3083
Inserted 20070
Inserted 14186
Inserted 32630
Inserted 9108
Inserted 23720
Inserted 6412
Inserted 10724
Inserted 29641
Inserted 1341
Inserted 5668
Inserted 7068
Inserted 2782
Inserted 1415
Inserted 1741
Inserted 29109
Inserted 21245
Inserted 24829
Inserted 32482
Inserted 27450
Inserted 25451
Inserted 31851
Inserted 27387
Inserted 21351
Inserted 28900
Inserted 9228
Inserted 11818
Inserted 4549
Inserted 23298
Inserted 3534
Inserted 29135
Inserted 21052
Inserted 3288
Inserted 1480
Inserted 11103
Inserted 10580
Inserted 20682
Inserted 23709
Inserted 19007
Inserted 13148
Inserted 22128
Inserted 15578
Inserted 14943
Inserted 16244
Inserted 455
Inserted 25837
Inserted 10061
Inserted 6518
Inserted 24773
Inserted 5280
Inserted 2219
Inserted 14053
Inserted 1037
Inserted 11508
Inserted 22936
Inserted 21782
Inserted 14347
Inserted 16844
Inserted 31279
Inserted 12895
Inserted 1589
Inserted 21905
Inserted 24297
Inserted 16747
Inserted 19608
Inserted 17472
Inserted 10871
Inserted 5603
Inserted 18261
Inserted 24119
Inserted 13942
Inserted 29284
Inserted 2167
Inserted 11827
Inserted 16279
Inserted 26690
Inserted 2898
Inserted 5707
Inserted 29382
Inserted 18995
Inserted 12878
Inserted 15485
Inserted 23519
Inserted 30309
Inserted 20377
Inserted 23496
Inserted 28884
Inserted 7127
Inserted 22414
Inserted 6568
Inserted 8169
Inserted 12011
Inserted 14349
Inserted 15003
Inserted 13603
Inserted 24931
Inserted 3360
Inserted 8038
Inserted 15970
Inserted 31274
Inserted 30478
Inserted 29295
Inserted 32605
Inserted 8351
Inserted 13726
Inserted 18492
Inserted 16632
Inserted 17264
Inserted 28052
Inserted 28574
Inserted 3915
Inserted 20058
Inserted 4729
Inserted 15508
Inserted 20699
Inserted 12554
Inserted 10457
Inserted 302
Inserted 21858
Inserted 21280
Inserted 9858
Inserted 23153
Inserted 27835
Inserted 4554
Inserted 519
Inserted 6048
Inserted 16086
Inserted 10409
Inserted 14791
Inserted 13952
Inserted 25232
Inserted 27282
Inserted 15583
Inserted 23584
Inserted 26133
Inserted 10934
Inserted 2880
Inserted 32375
Inserted 3823
Inserted 21638
Inserted 29782
Inserted 18544
Inserted 14075
Inserted 20163
Inserted 20228
Inserted 6989
Inserted 9699
Inserted 8068
Inserted 25891
Inserted 30926
Inserted 27046
Inserted 18242
Inserted 25481
Inserted 13419
Inserted 16057
Inserted 30707
Inserted 18330
Inserted 13938
Inserted 594
Inserted 18026
Inserted 28711
Inserted 2391
Inserted 20805
Inserted 31471
Inserted 26955
Inserted 8285
Inserted 11431
Inserted 2917
Inserted 10987
Inserted 15115
Inserted 6343
Inserted 1705
Inserted 26316
Inserted 29390
Inserted 22356
Inserted 25669
Inserted 27355
Inserted 13387
Inserted 26998
Inserted 17814
Inserted 18086
Inserted 26134
Inserted 7354
Inserted 22137
Inserted 279
Inserted 10850
Inserted 27903
Inserted 31706
Inserted 21662
Inserted 24067
Inserted 22072
Inserted 22408
Inserted 6445
Inserted 9480
Inserted 5717
Inserted 9336
Inserted 17276
Inserted 1834
Inserted 3615
Inserted 27700
Inserted 5495
Inserted 13311
Inserted 23058
Inserted 26786
Inserted 415
Inserted 20562
Inserted 10159
Inserted 21978
Inserted 1647
Inserted 7203
Inserted 30990
Inserted 16297
Inserted 28022
Inserted 10112
Inserted 19380
Inserted 7870
Inserted 31508
Inserted 21318
Inserted 12923
Inserted 19534
Inserted 22567
Inserted 1783
Inserted 5551
Inserted 11209
Inserted 13092
Inserted 23599
Inserted 9709
Inserted 24061
Inserted 27083
Inserted 21986
Inserted 13576
Inserted 25647
Inserted 19260
Inserted 11318
Inserted 5619
Inserted 16144
Inserted 9673
Inserted 6942
Inserted 3986
Inserted 529
Inserted 4978
Inserted 11066
Inserted 12514
Inserted 5287
Inserted 9978
Inserted 16003
Inserted 19851
Inserted 8254
Inserted 6563
Inserted 13987
Inserted 2609
Inserted 2303
Inserted 16031
Inserted 6780
Inserted 30664
Inserted 2737
Inserted 192
Inserted 5630
Inserted 17202
Inserted 22365
Inserted 15120
Inserted 22852
Inserted 4523
Inserted 8861
Inserted 26866
Inserted 21574
Inserted 3695
Inserted 9485
Inserted 20236
Inserted 19420
Inserted 10055
Inserted 11944
Inserted 24079
Inserted 2026
Inserted 2069
Inserted 23693
Inserted 13745
Inserted 8513
Inserted 18229
Inserted 22898
Inserted 3809
Inserted 32623
Inserted 32437
Inserted 4396
Inserted 11185
Inserted 8900
Inserted 24286
Inserted 25073
Inserted 12160
Inserted 28318
Inserted 14706
Inserted 22701
Inserted 640
Inserted 4099
Inserted 24967
Inserted 1287
Inserted 21083
Inserted 26258
Inserted 24400
Inserted 29121
Inserted 18399
Inserted 21218
Inserted 9674
Inserted 2900
Inserted 2439
Inserted 9253
Inserted 11797
Inserted 30361
Inserted 20224
Inserted 1191
Inserted 5006
Inserted 30174
Inserted 18607
Inserted 16624
Inserted 29600
Inserted 3295
Inserted 6930
Inserted 16629
Inserted 19762
Inserted 31483
Inserted 21904
Inserted 8855
Inserted 6451
Inserted 6819
Inserted 5558
Inserted 23371
Inserted 10024
Inserted 25477
Inserted 8051
Inserted 20693
Inserted 24521
Inserted 21013
Inserted 26614
Inserted 8762
Inserted 1813
Inserted 5053
Inserted 6539
Inserted 11390
Inserted 20349
Inserted 12719
Inserted 18511
Inserted 27589
Inserted 32466
Inserted 29456
Inserted 23826
Inserted 7690
Inserted 9368
Inserted 8515
Inserted 29745
Inserted 23106
Inserted 15006
Inserted 28476
Inserted 21178
Inserted 10469
Inserted 1507
Inserted 27257
Inserted 14642
Inserted 18954
Inserted 31937
Inserted 15688
Inserted 28301
Inserted 24605
Inserted 9365
Inserted 552
Inserted 5231
Inserted 26030
Inserted 32116
Inserted 20926
Inserted 29084
Inserted 19904
Inserted 4172
Inserted 25902
Inserted 27822
Inserted 28841
Inserted 20082
Inserted 3160
Inserted 18183
Inserted 13671
Inserted 25488
Inserted 18150
Inserted 1637
Inserted 12647
Inserted 14881
Inserted 14238
Inserted 24520
Inserted 23206
Inserted 28925
Inserted 17563
Inserted 3567
Inserted 16918
Inserted 7981
Inserted 7004
Inserted 19222
Inserted 22008
Inserted 10255
Inserted 30817
Inserted 21176
Inserted 13857
Inserted 5066
Inserted 1422
Inserted 26807
Inserted 19405
Inserted 6679
Inserted 1465
Inserted 5728
Inserted 568
Inserted 21207
Inserted 3598
Inserted 14418
Inserted 17575
Inserted 1458
Inserted 11545
Inserted 2034
Inserted 5078
Inserted 17826
Inserted 21101
Inserted 15692
Inserted 32066
Inserted 7669
Inserted 10891
Inserted 14692
Inserted 30038
Inserted 2306
Inserted 27677
Inserted 5030
Inserted 11306
Inserted 26294
Inserted 4800
Inserted 6544
Inserted 16573
Inserted 16744
Inserted 5918
Inserted 32575
Inserted 14005
Inserted 27792
Inserted 13458
Inserted 30249
Inserted 7749
Inserted 24890
Inserted 28923
Inserted 4957
Inserted 19636
Inserted 20101
Inserted 27182
Inserted 60
Inserted 27042
Inserted 13995
Inserted 20501
Inserted 28091
Inserted 21710
Inserted 9845
Inserted 2060
Inserted 12378
Inserted 11888
Inserted 16255
Inserted 27596
Inserted 8113
Inserted 30570
Inserted 16387
Inserted 12831
Inserted 2820
Inserted 31195
Inserted 27439
Inserted 7770
Inserted 27988
Inserted 3364
Inserted 29933
Inserted 24467
Inserted 4749
Inserted 22028
Inserted 5815
Inserted 4590
Inserted 3217
Inserted 25357
Inserted 7098
Inserted 15328
Inserted 15704
Inserted 5493
Inserted 25622
Inserted 26535
Inserted 28089
Inserted 6209
Inserted 8674
Inserted 31969
Inserted 1520
Inserted 12941
Inserted 21385
Inserted 11461
Inserted 10978
Inserted 11817
Inserted 5146
Inserted 26153
Inserted 21005
Inserted 7839
Inserted 17300
Inserted 29747
Inserted 13647
Inserted 9411
Inserted 31480
Inserted 5080
Inserted 6957
Inserted 25089
Inserted 16127
Inserted 20924
Inserted 21691
Inserted 22913
Inserted 5642
Inserted 13411
Inserted 2927
Inserted 9779
Inserted 5022
Inserted 31211
Inserted 17484
Inserted 4737
Inserted 19580
Inserted 11069
Inserted 17686
Inserted 16535
Inserted 10413
Inserted 10783
Inserted 11962
Inserted 10212
Inserted 191
Inserted 17958
Inserted 26107
Inserted 29717
Inserted 10209
Inserted 16689
Inserted 18635
Inserted 6290
Inserted 28519
Inserted 26515
Inserted 20317
Inserted 16860
Inserted 19068
Inserted 14133
Inserted 10350
Inserted 23337
Inserted 20204
Inserted 30880
Inserted 12246
Inserted 15774
Inserted 20683
Inserted 28320
Inserted 22569
Inserted 15582
Inserted 19328
Inserted 18254
Inserted 760
Inserted 32682
Inserted 22278
Inserted 6901
Inserted 4058
Inserted 26943
Inserted 5289
Inserted 19295
Inserted 10595
Inserted 22025
Inserted 4020
Inserted 10446
Inserted 4473
Inserted 7537
Inserted 26544
Inserted 20145
Inserted 22502
Inserted 4939
Inserted 26363
Inserted 31106
Inserted 31641
Inserted 24826
Inserted 25562
Inserted 11669
Inserted 20052
Inserted 6733
Inserted 3103
Inserted 2359
Inserted 26295
Inserted 2572
Inserted 5131
Inserted 7456
Inserted 23473
Inserted 29543
Inserted 23032
Inserted 25944
Inserted 28015
Inserted 24630
Inserted 24340
Inserted 5873
Inserted 727
Inserted 3679
Inserted 11468
Inserted 17874
Inserted 19351
Inserted 4103
Inserted 26044
Inserted 18664
Inserted 30920
Inserted 24127
Inserted 25923
Inserted 26989
Inserted 4865
Inserted 12031
Inserted 8198
Inserted 8214
Inserted 18321
Inserted 31627
Inserted 8201
Inserted 29244
Inserted 31178
Inserted 28955
Inserted 2025
Inserted 6441
Inserted 16542
Inserted 25618
Inserted 27115
Inserted 3763
Inserted 10392
Inserted 161
Inserted 3081
Inserted 24886
Inserted 9650
Inserted 28979
Inserted 312
Inserted 1916
Inserted 4685
Inserted 5401
Inserted 6120
Inserted 20338
Inserted 2550
Inserted 29013
Inserted 31909
Inserted 30713
Inserted 26245
Inserted 12329
Inserted 19737
Inserted 15675
Inserted 32454
Inserted 6846
Inserted 8640
Inserted 17900
Inserted 29652
Inserted 15223
Inserted 16417
Inserted 9067
Inserted 16259
Inserted 14569
Inserted 15831
Inserted 18083
Inserted 9142
Inserted 5076
Inserted 26842
Inserted 16013
Inserted 9227
Inserted 29090
Inserted 11733
Inserted 11029
Inserted 5048
Inserted 21671
Inserted 13182
Inserted 12257
Inserted 10704
Inserted 30202
Inserted 19326
Inserted 9438
Inserted 13097
Inserted 118
Inserted 19844
Inserted 27312
Inserted 945
Inserted 22479
Inserted 27645
Inserted 32219
Inserted 9615
Inserted 30587
Inserted 14092
Inserted 7903
Inserted 1737
Inserted 11536
Inserted 7510
Inserted 27089
Inserted 29143
Inserted 25094
Inserted 14543
Inserted 20528
Inserted 25328
Inserted 17074
Inserted 8973
Inserted 20660
Inserted 6635
Inserted 30288
Inserted 16614
Inserted 11652
Inserted 4950
Inserted 19026
Inserted 29366
Inserted 15724
Inserted 22110
Inserted 16109
Inserted 21131
Inserted 23265
Inserted 23802
Inserted 15052
Inserted 17256
Inserted 30252
Inserted 17607
Inserted 6863
Inserted 481
Inserted 17643
Inserted 29629
Inserted 7529
Inserted 25643
Inserted 22971
Inserted 17347
Inserted 14066
Inserted 3701
Inserted 21179
Inserted 22213
Inserted 28870
Inserted 29578
Inserted 9854
Inserted 19733
Inserted 21006
Inserted 5135
Inserted 11615
Inserted 28188
Inserted 31728
Inserted 9623
Inserted 512
Inserted 26215
Inserted 31763
Inserted 8763
Inserted 30193
Inserted 15952
Inserted 12697
Inserted 16228
Inserted 13757
Inserted 22570
Inserted 17385
Inserted 19464
Inserted 17478
Inserted 4529
Inserted 23897
Inserted 18005
Inserted 4351
Inserted 6719
Inserted 13636
Inserted 23517
Inserted 26357
Inserted 15347
Inserted 15843
Inserted 6361
Inserted 27250
Inserted 18146
Inserted 11230
Inserted 26607
Inserted 10090
Inserted 26420
Inserted 28382
Inserted 12191
Inserted 26126
Inserted 6362
Inserted 32155
Inserted 6553
Inserted 11684
Inserted 21046
Inserted 22956
Inserted 7272
Inserted 15374
Inserted 26613
Inserted 18011
Inserted 3596
Inserted 23012
Inserted 28743
Inserted 15815
Inserted 9008
Inserted 13254
Inserted 8595
Inserted 28957
Inserted 11289
Inserted 24844
Inserted 10355
Inserted 6061
Inserted 20769
Inserted 24907
Inserted 16200
Inserted 9098
Inserted 1973
Inserted 31822
Inserted 4690
Inserted 12218
Inserted 28395
Inserted 11514
Inserted 27740
Inserted 32236
Inserted 28802
Inserted 31834
Inserted 15329
Inserted 24525
Inserted 10560
Inserted 27302
Inserted 30291
Inserted 2416
Inserted 28266
Inserted 7578
Inserted 26876
Inserted 11024
Inserted 9479
Inserted 15354
Inserted 27636
Inserted 1214
Inserted 23604
Inserted 13398
Inserted 20428
Inserted 19719
Inserted 9060
Inserted 22766
Inserted 26926
Inserted 22342
Inserted 7412
Inserted 30060
Inserted 16347
Inserted 14270
Inserted 9077
Inserted 5252
Inserted 32428
Inserted 15363
Inserted 16621
Inserted 23680
Inserted 14527
Inserted 19786
Inserted 12607
Inserted 2127
Inserted 14105
Inserted 32231
Inserted 13108
Inserted 15649
Inserted 12925
Inserted 5012
Inserted 4755
Inserted 23421
Inserted 26877
Inserted 14369
Inserted 32114
Inserted 26580
Inserted 22937
Inserted 28839
Inserted 26090
Inserted 15817
Inserted 1375
Inserted 29051
Inserted 30895
Inserted 4330
Inserted 7144
Inserted 9720
Inserted 25656
Inserted 1725
Inserted 29080
Inserted 19281
Inserted 4609
Inserted 5665
Inserted 5260
Inserted 9102
Inserted 19945
Inserted 18237
Inserted 19275
Inserted 32701
Inserted 17336
Inserted 9410
Inserted 1463
Inserted 11857
Inserted 12493
Inserted 8174
Inserted 13872
Inserted 28831
Inserted 22401
Inserted 20441
Inserted 8032
Inserted 991
Inserted 19873
Inserted 12654
Inserted 10166
Inserted 6785
Inserted 20776
Inserted 16202
Inserted 31377
Inserted 21021
Inserted 5861
Inserted 10022
Inserted 13058
Inserted 4166
Inserted 4583
Inserted 11499
Inserted 30614
Inserted 10713
Inserted 26587
Inserted 30272
Inserted 21317
Inserted 4764
Inserted 18519
Inserted 13171
Inserted 6429
Inserted 7722
Inserted 5561
Inserted 21586
Inserted 1204
Inserted 30511
Inserted 4684
Inserted 12539
Inserted 28110
Inserted 29157
Inserted 19416
Inserted 25278
Inserted 29184
Inserted 22359
Inserted 15142
Inserted 25541
Inserted 29041
Inserted 26308
Inserted 19702
Inserted 9292
Inserted 12177
Inserted 22357
Inserted 286
Inserted 8758
Inserted 6645
Inserted 26872
Inserted 16575
Inserted 4327
Inserted 26662
Inserted 24757
Inserted 15315
Inserted 7919
Inserted 28949
Inserted 22980
Inserted 16733
Inserted 8638
Inserted 4400
Inserted 6154
Inserted 1117
Inserted 10563
Inserted 6516
Inserted 3017
Inserted 2015
Inserted 29260
Inserted 20261
Inserted 20946
Inserted 12094
Inserted 1933
Inserted 22049
Inserted 8848
Inserted 7250
Inserted 24194
Inserted 8508
Inserted 1825
Inserted 11625
Inserted 19481
Inserted 11711
Inserted 19448
Inserted 4886
Inserted 3080
Inserted 7341
Inserted 21864
Inserted 3744
Inserted 20445
Inserted 21633
Inserted 28362
Inserted 18759
Inserted 25394
Inserted 7785
Inserted 10742
Inserted 24681
Inserted 15231
Inserted 30239
Inserted 2848
Inserted 18091
Inserted 2256
Inserted 30403
Inserted 7334
Inserted 7654
Inserted 21418
Inserted 2244
Inserted 4725
Inserted 437
Inserted 26951
Inserted 28018
Inserted 21717
Inserted 30782
Inserted 5128
Inserted 7639
Inserted 3729
Inserted 24798
Inserted 6244
Inserted 25854
Inserted 29299
Inserted 9498
Inserted 24518
Inserted 17770
Inserted 10310
Inserted 7586
Inserted 4295
Inserted 12315
Inserted 20614
Inserted 31228
Inserted 2986
Inserted 25060
Inserted 23831
Inserted 21188
Inserted 30816
Inserted 12600
Inserted 25211
Inserted 26717
Inserted 28244
Inserted 23062
Inserted 28989
Inserted 30675
Inserted 1974
Inserted 28788
Inserted 21706
Inserted 32520
Inserted 8637
Inserted 8128
Inserted 5308
Inserted 15162
Inserted 32463
Inserted 3069
Inserted 6862
Inserted 1924
Inserted 2963
Inserted 8125
Inserted 17771
Inserted 9295
Inserted 29829
Inserted 26414
Inserted 10114
Inserted 5896
Inserted 2724
Inserted 8819
Inserted 23151
Inserted 2334
Inserted 15678
Inserted 17752
Inserted 6459
Inserted 14044
Inserted 32262
Inserted 6680
Inserted 26600
Inserted 29780
Inserted 1365
Inserted 15623
Inserted 17545
Inserted 26332
Inserted 10026
Inserted 9905
Inserted 23981
Inserted 31336
Inserted 8690
Inserted 30287
Inserted 21908
Inserted 6442
Inserted 31884
Inserted 7490
Inserted 21756
Inserted 12521
Inserted 25028
Inserted 22403
Inserted 6852
Inserted 27445
Inserted 21555
Inserted 20345
Inserted 7536
Inserted 10758
Inserted 16305
Inserted 24534
Inserted 24998
Inserted 30387
Inserted 32704
Inserted 17394
Inserted 2595
Inserted 31801
Inserted 27228
Inserted 15257
Inserted 28852
Inserted 1012
Inserted 31959
Inserted 30010
Inserted 29342
Inserted 29830
Inserted 14088
Inserted 17436
Inserted 21623
Inserted 11607
Inserted 16604
Inserted 17241
Inserted 13586
Inserted 18382
Inserted 24751
Inserted 5311
Inserted 26274
Inserted 10294
Inserted 31096
Inserted 20646
Inserted 879
Inserted 13965
Inserted 7543
Inserted 10127
Inserted 14666
Inserted 434
Inserted 7265
Inserted 22399
Inserted 27564
Inserted 14824
Inserted 17461
Inserted 21765
Inserted 8347
Inserted 6131
Inserted 26382
Inserted 20489
Inserted 28967
Inserted 7374
Inserted 17218
Inserted 4192
Inserted 5812
Inserted 9900
Inserted 11274
Inserted 8464
Inserted 25273
Inserted 2896
Inserted 20640
Inserted 11887
Inserted 21167
Inserted 27054
Inserted 10521
Inserted 19555
Inserted 15382
Inserted 9654
Inserted 11869
Inserted 11699
Inserted 5866
Inserted 13795
Inserted 1294
Inserted 21460
Inserted 6556
Inserted 3854
Inserted 1384
Inserted 31512
Inserted 27789
Inserted 31131
Inserted 19649
Inserted 17585
Inserted 28347
Inserted 11420
Inserted 26796
Inserted 18861
Inserted 22239
Inserted 25074
Inserted 1600
Inserted 19415
Inserted 21847
Inserted 32252
Inserted 30931
Inserted 22012
Inserted 18483
Inserted 12538
Inserted 16073
Inserted 19287
Inserted 21729
Inserted 28946
Inserted 18175
Inserted 1773
Inserted 32374
Inserted 15506
Inserted 29703
Inserted 6632
Inserted 14158
Inserted 3474
Inserted 3260
Inserted 8737
Inserted 8708
Inserted 786
Inserted 6905
Inserted 19077
Inserted 7370
Inserted 1499
Inserted 24335
Inserted 6091
Inserted 27580
Inserted 21484
Inserted 5127
Inserted 22326
Inserted 17751
Inserted 15639
Inserted 21196
Inserted 19716
Inserted 8959
Inserted 22291
Inserted 11278
Inserted 16626
Inserted 1051
Inserted 13067
Inserted 22949
Inserted 4199
Inserted 30610
Inserted 17196
Inserted 11215
Inserted 27769
Inserted 3787
Inserted 15620
Inserted 19794
Inserted 22597
Inserted 13580
Inserted 21060
Inserted 6817
Inserted 29039
Inserted 28033
Inserted 8642
Inserted 9704
Inserted 15819
Inserted 27534
Inserted 6826
Inserted 9354
Inserted 15694
Inserted 32615
Inserted 29426
Inserted 16006
Inserted 9308
Inserted 10137
Inserted 27811
Inserted 14812
Inserted 10782
Inserted 10117
Inserted 30585
Inserted 22290
Inserted 4635
Inserted 15095
Inserted 15406
Inserted 11503
Inserted 16170
Inserted 4872
Inserted 2874
Inserted 14609
Inserted 13299
Inserted 20401
Inserted 6240
Inserted 26990
Inserted 22676
Inserted 26002
Inserted 7737
Inserted 16622
Inserted 2058
Inserted 3942
Inserted 23139
Inserted 12476
Inserted 13560
Inserted 5663
Inserted 31099
Inserted 30176
Inserted 26596
Inserted 20673
Inserted 23176
Inserted 22879
Inserted 12974
Inserted 24761
Inserted 11569
Inserted 21038
Inserted 13487
Inserted 7535
Inserted 25685
Inserted 3426
Inserted 7319
Inserted 29138
Inserted 24859
Inserted 25796
Inserted 15252
Inserted 26496
Inserted 29765
Inserted 7437
Inserted 21077
Inserted 24200
Inserted 30150
Inserted 25513
Inserted 2504
Inserted 19749
Inserted 7186
Inserted 10362
Inserted 9686
Inserted 22330
Inserted 21268
Inserted 5394
Inserted 5148
Inserted 28757
Inserted 14712
Inserted 11581
Inserted 13325
Inserted 14771
Inserted 9832
Inserted 22571
Inserted 8073
Inserted 7182
Inserted 2576
Inserted 28527
Inserted 21129
Inserted 28820
Inserted 13979
Inserted 29141
Inserted 14870
Inserted 11544
Inserted 10592
Inserted 27060
Inserted 3506
Inserted 30233
Inserted 18493
Inserted 15708
Inserted 28356
Inserted 10021
Inserted 13770
Inserted 29422
Inserted 3832
Inserted 15234
Inserted 4946
Inserted 30845
Inserted 9756
Inserted 15517
Inserted 9085
Inserted 30369
Inserted 3529
Inserted 28719
Inserted 18931
Inserted 5519
Inserted 31081
Inserted 6092
Inserted 11729
Inserted 16947
Inserted 6005
Inserted 12663
Inserted 18691
Inserted 7085
Inserted 32190
Inserted 12905
Inserted 5864
Inserted 16595
Inserted 28203
Inserted 23428
Inserted 31866
Inserted 5753
Inserted 21642
Inserted 11807
Inserted 32309
Inserted 13074
Inserted 4648
Inserted 2396
Inserted 14301
Inserted 27582
Inserted 1718
Inserted 31767
Inserted 29622
Inserted 18822
Inserted 1593
Inserted 15086
Inserted 9429
Inserted 7339
Inserted 2807
Inserted 6997
Inserted 1493
Inserted 29778
Inserted 18216
Inserted 20001
Inserted 28272
Inserted 20334
Inserted 19000
Inserted 15742
Inserted 3904
Inserted 19754
Inserted 6151
Inserted 12998
Inserted 15910
Inserted 17840
Inserted 19071
Inserted 3402
Inserted 30158
Inserted 16203
Inserted 22354
Inserted 32490
Inserted 3531
Inserted 27752
Inserted 19373
Inserted 18090
Inserted 10104
Inserted 21548
Inserted 21352
Inserted 28587
Inserted 31632
Inserted 12524
Inserted 10368
Inserted 25174
Inserted 32050
Inserted 24154
Inserted 17037
Inserted 15744
Inserted 15082
Inserted 6415
Inserted 20389
Inserted 11442
Inserted 21701
Inserted 11099
Inserted 32638
Inserted 3092
Inserted 31501
Inserted 23203
Inserted 13906
Inserted 29727
Inserted 18333
Inserted 12410
Inserted 10472
Inserted 7609
Inserted 5491
Inserted 31531
Inserted 30047
Inserted 5492
Inserted 11426
Inserted 9772
Inserted 16809
Inserted 9266
Inserted 22125
Inserted 31781
Inserted 26763
Inserted 21818
Inserted 23632
Inserted 11601
Inserted 21746
Inserted 9745
Inserted 21220
Inserted 17229
Inserted 20365
Inserted 474
Inserted 2812
Inserted 16899
Inserted 30250
Inserted 13631
Inserted 9068
Inserted 15657
Inserted 30425
Inserted 2371
Inserted 21607
Inserted 1843
Inserted 4402
Inserted 25214
Inserted 11894
Inserted 19471
Inserted 4226
Inserted 3742
Inserted 9852
Inserted 17090
Inserted 29694
Inserted 30991
Inserted 32450
Inserted 30336
Inserted 641
Inserted 29185
Inserted 24934
Inserted 12343
Inserted 10425
Inserted 7300
Inserted 17569
Inserted 12156
Inserted 24606
Inserted 10769
Inserted 8148
Inserted 29988
Inserted 2653
Inserted 31810
Inserted 32295
Inserted 17512
Inserted 23952
Inserted 6660
Inserted 4796
Inserted 24905
Inserted 17078
Inserted 4516
Inserted 31723
Inserted 13128
Inserted 5804
Inserted 32760
Inserted 22620
Inserted 442
Inserted 11599
Inserted 28889
Inserted 14394
Inserted 8429
Inserted 15927
Inserted 27576
Inserted 13637
Inserted 27336
Inserted 15674
Inserted 27734
Inserted 3337
Inserted 3852
Inserted 21016
Inserted 3434
Inserted 28425
Inserted 13579
Inserted 24321
Inserted 27805
Inserted 14802
Inserted 21361
Inserted 2107
Inserted 16909
Inserted 3971
Inserted 20146
Inserted 14185
Inserted 25327
Inserted 19723
Inserted 15087
Inserted 17611
Inserted 25617
Inserted 26975
Inserted 8965
Inserted 21206
Inserted 15341
Inserted 2509
Inserted 19910
Inserted 20876
Inserted 14713
Inserted 30161
Inserted 7462
Inserted 378
Inserted 22841
Inserted 18616
Inserted 18235
Inserted 4385
Inserted 18567
Inserted 26178
Inserted 18710
Inserted 13512
Inserted 1281
Inserted 29466
Inserted 20827
Inserted 22140
Inserted 13265
Inserted 8551
Inserted 25556
Inserted 30857
Inserted 25473
Inserted 13008
Inserted 29913
Inserted 1267
Inserted 14312
Inserted 23066
Inserted 19924
Inserted 20915
Inserted 32325
Inserted 12844
Inserted 11478
Inserted 30502
Inserted 10933
Inserted 7828
Inserted 21770
Inserted 15479
Inserted 21684
Inserted 6396
Inserted 17973
Inserted 3251
Inserted 3407
Inserted 9893
Inserted 32298
Inserted 10352
Inserted 3361
Inserted 11732
Inserted 18943
Inserted 2298
Inserted 16
Inserted 10745
Inserted 4777
Inserted 14562
Inserted 395
Inserted 5100
Inserted 20008
Inserted 4561
Inserted 10170
Inserted 285
Inserted 8759
Inserted 23335
Inserted 27446
Inserted 6481
Inserted 24250
Inserted 21290
Inserted 13478
Inserted 16249
Inserted 22615
Inserted 19494
Inserted 26015
Inserted 5342
Inserted 8210
Inserted 11574
Inserted 23845
Inserted 2785
Inserted 11526
Inserted 22721
Inserted 8832
Inserted 5149
Inserted 5980
Inserted 24549
Inserted 9149
Inserted 4365
Inserted 11013
Inserted 28126
Inserted 22464
Inserted 20969
Inserted 11692
Inserted 9882
Inserted 5726
Inserted 31194
Inserted 12225
Inserted 17126
Inserted 7431
Inserted 32088
Inserted 22798
Inserted 3591
Inserted 4998
Inserted 12018
Inserted 2427
Inserted 3751
Inserted 12088
Inserted 24156
Inserted 27821
Inserted 9817
Inserted 1042
Inserted 25453
Inserted 28285
Inserted 23000
Inserted 6737
Inserted 6326
Inserted 18378
Inserted 16051
Inserted 1212
Inserted 19652
Inserted 11600
Inserted 3664
Inserted 21160
Inserted 4439
Inserted 13165
Inserted 8732
Inserted 31315
Inserted 29675
Inserted 21409
Inserted 5488
Inserted 6618
Inserted 10507
Inserted 30811
Inserted 23857
Inserted 27245
Inserted 28689
Inserted 31858
Inserted 3992
Inserted 27368
Inserted 28683
Inserted 2716
Inserted 12141
Inserted 19491
Inserted 23158
Inserted 12363
Inserted 25041
Inserted 21474
Inserted 28012
Inserted 10865
Inserted 28748
Inserted 13355
Inserted 25975
Inserted 8399
Inserted 6128
Inserted 27014
Inserted 15042
Inserted 3153
Inserted 882
Inserted 14059
Inserted 21284
Inserted 16475
Inserted 5059
Inserted 26191
Inserted 25489
Inserted 29431
Inserted 16392
Inserted 13193
Inserted 17190
Inserted 6623
Inserted 11865
Inserted 7613
Inserted 22651
Inserted 1007
Inserted 19253
Inserted 14287
Inserted 16371
Inserted 16430
Inserted 26767
Inserted 28833
Inserted 9464
Inserted 29117
Inserted 9115
Inserted 19836
Inserted 2537
Inserted 3282
Inserted 20376
Inserted 4919
Inserted 20505
Inserted 273
Inserted 6040
Inserted 30414
Inserted 12615
Inserted 25980
Inserted 11183
Inserted 27713
Inserted 8867
Inserted 19223
Inserted 25271
Inserted 23441
Inserted 6599
Inserted 27911
Inserted 28943
Inserted 13651
Inserted 27436
Inserted 24555
Inserted 16396
Inserted 15034
Inserted 14063
Inserted 1350
Inserted 16432
Inserted 19203
Inserted 28317
Inserted 18941
Inserted 12143
Inserted 29023
Inserted 6759
Inserted 6280
Inserted 10210
Inserted 8269
Inserted 14483
Inserted 6044
Inserted 3261
Inserted 10412
Inserted 8985
Inserted 23425
Inserted 5003
Inserted 22400
Inserted 11247
Inserted 7837
Inserted 8436
Inserted 24932
Inserted 3404
Inserted 4432
Inserted 10664
Inserted 8741
Inserted 15121
Inserted 21592
Inserted 5445
Inserted 13316
Inserted 29151
Inserted 10298
Inserted 31681
Inserted 6935
Inserted 28119
Inserted 9307
Inserted 11831
Inserted 7002
Inserted 15097
Inserted 20853
Inserted 29452
Inserted 1136
Inserted 21596
Inserted 4175
Inserted 15574
Inserted 2598
Inserted 13322
Inserted 10034
Inserted 14281
Inserted 15679
Inserted 15072
Inserted 5996
Inserted 12956
Inserted 15160
Inserted 17106
Inserted 9317
Inserted 21017
Inserted 16513
Inserted 15075
Inserted 18207
Inserted 12467
Inserted 14560
Inserted 16796
Inserted 26909
Inserted 15778
Inserted 9466
Inserted 6162
Inserted 26075
Inserted 24959
Inserted 28938
Inserted 26291
Inserted 21961
Inserted 8581
Inserted 6086
Inserted 31573
Inserted 17827
Inserted 28662
Inserted 23740
Inserted 31964
Inserted 11281
Inserted 26343
Inserted 14200
Inserted 29496
Inserted 22019
Inserted 20444
Inserted 23154
Inserted 23547
Inserted 23295
Inserted 21965
Inserted 24101
Inserted 28959
Inserted 7953
Inserted 26697
Inserted 24629
Inserted 3436
Inserted 32574
Inserted 2214
Inserted 21865
Inserted 29491
Inserted 1844
Inserted 350
Inserted 15071
Inserted 21713
Inserted 26593
Inserted 2119
Inserted 8709
Inserted 24616
Inserted 20250
Inserted 8522
Inserted 17426
Inserted 20772
Inserted 17907
Inserted 5399
Inserted 30882
Inserted 20609
Inserted 22999
Inserted 24797
Inserted 15830
Inserted 31614
Inserted 4664
Inserted 13988
Inserted 18565
Inserted 10919
Inserted 6276
Inserted 1049
Inserted 28489
Inserted 3723
Inserted 816
Inserted 9233
Inserted 22127
Inserted 31378
Inserted 27618
Inserted 4216
Inserted 25684
Inserted 13508
Inserted 29591
Inserted 7501
Inserted 11283
Inserted 11131
Inserted 25086
Inserted 15503
Inserted 11186
Inserted 25338
Inserted 782
Inserted 25530
Inserted 9678
Inserted 24808
Inserted 15624
Inserted 4445
Inserted 10187
Inserted 20332
Inserted 19741
Inserted 23999
Inserted 6247
Inserted 17851
Inserted 21417
Inserted 27350
Inserted 25120
Inserted 23554
Inserted 19595
Inserted 10260
Inserted 30458
Inserted 27384
Inserted 2514
Inserted 28037
Inserted 27466
Inserted 21326
Inserted 28974
Inserted 4428
Inserted 12279
Inserted 13186
Inserted 19559
Inserted 13036
Inserted 53
Inserted 30778
Inserted 2884
Inserted 23439
Inserted 14411
Inserted 15805
Inserted 25315
Inserted 31155
Inserted 16634
Inserted 25248
Inserted 13076
Inserted 23220
Inserted 27990
Inserted 23131
Inserted 29889
Inserted 24048
Inserted 8846
Inserted 30440
Inserted 21080
Inserted 1123
Inserted 30893
Inserted 23868
Inserted 7020
Inserted 13524
Inserted 27036
Inserted 13673
Inserted 12401
Inserted 7827
Inserted 21867
Inserted 4182
Inserted 22446
Inserted 26527
Inserted 15862
Inserted 21856
Inserted 10100
Inserted 31087
Inserted 14150
Inserted 32028
Inserted 787
Inserted 2957
Inserted 22542
Inserted 817
Inserted 7696
Inserted 24723
Inserted 13700
Inserted 30022
Inserted 6900
Inserted 21823
Inserted 9961
Inserted 26812
Inserted 26961
Inserted 25203
Inserted 5099
Inserted 4668
Inserted 9373
Inserted 11059
Inserted 10529
Inserted 11902
Inserted 30230
Inserted 498
Inserted 14690
Inserted 14646
Inserted 25024
Inserted 26558
Inserted 15595
Inserted 23689
Inserted 18412
Inserted 28666
Inserted 5436
Inserted 21289
Inserted 13423
Inserted 32167
Inserted 29325
Inserted 10321
Inserted 32747
Inserted 17139
Inserted 4704
Inserted 7523
Inserted 6617
Inserted 19837
Inserted 26171
Inserted 16033
Inserted 18169
Inserted 1159
Inserted 26254
Inserted 23963
Inserted 20965
Inserted 27881
Inserted 30672
Inserted 1700
Inserted 6857
Inserted 1508
Inserted 23458
Inserted 2709
Inserted 25775
Inserted 29498
Inserted 6097
Inserted 8884
Inserted 8614
Inserted 32009
Inserted 22626
Inserted 26067
Inserted 2677
Inserted 3896
Inserted 1061
Inserted 10056
Inserted 17761
Inserted 27505
Inserted 10315
Inserted 21966
Inserted 3459
Inserted 8279
Inserted 2545
Inserted 16175
Inserted 14978
Inserted 18769
Inserted 20344
Inserted 10029
Inserted 2100
Inserted 31926
Inserted 14026
Inserted 20391
Inserted 4038
Inserted 5578
Inserted 30693
Inserted 8852
Inserted 6171
Inserted 25734
Inserted 12964
Inserted 25926
Inserted 19857
Inserted 3786
Inserted 17604
Inserted 10179
Inserted 955
Inserted 18428
Inserted 26982
Inserted 10264
Inserted 18532
Inserted 17697
Inserted 21115
Inserted 32145
Inserted 22233
Inserted 21322
Inserted 4550
Inserted 5338
Inserted 569
Inserted 32698
Inserted 31246
Inserted 11061
Inserted 6267
Inserted 20967
Inserted 32163
Inserted 1759
Inserted 21714
Inserted 25069
Inserted 28457
Inserted 14332
Inserted 8543
Inserted 12061
Inserted 15990
Inserted 10207
Inserted 12605
Inserted 23532
Inserted 11987
Inserted 25539
Inserted 20206
Inserted 20668
Inserted 25026
Inserted 13592
Inserted 24302
Inserted 23642
Inserted 19129
Inserted 25768
Inserted 24271
Inserted 1666
Inserted 9408
Inserted 9377
Inserted 6816
Inserted 25235
Inserted 4839
Inserted 2389
Inserted 14310
Inserted 10625
Inserted 32611
Inserted 29566
Inserted 1814
Inserted 18693
Inserted 3542
Inserted 17637
Inserted 25332
Inserted 540
Inserted 1082
Inserted 9533
Inserted 8866
Inserted 32459
Inserted 8013
Inserted 24701
Inserted 645
Inserted 3131
Inserted 13911
Inserted 11700
Inserted 9707
Inserted 29892
Inserted 9996
Inserted 30376
Inserted 19369
Inserted 23452
Inserted 22048
Inserted 12617
Inserted 29010
Inserted 23447
Inserted 28466
Inserted 20811
Inserted 27253
Inserted 26851
Inserted 10996
Inserted 7008
Inserted 27948
Inserted 11313
Inserted 30470
Inserted 1548
Inserted 23132
Inserted 20258
Inserted 12276
Inserted 10852
Inserted 1931
Inserted 25351
Inserted 6302
Inserted 29507
Inserted 4196
Inserted 11165
Inserted 15566
Inserted 20870
Inserted 21392
Inserted 4793
Inserted 8202
Inserted 5669
Inserted 32354
Inserted 5000
Inserted 9476
Inserted 3466
Inserted 13818
Inserted 11217
Inserted 11915
Inserted 25090
Inserted 791
Inserted 1729
Inserted 29626
Inserted 31746
Inserted 24451
Inserted 11350
Inserted 19254
Inserted 23310
Inserted 11617
Inserted 10866
Inserted 553
Inserted 19569
Inserted 31446
Inserted 6955
Inserted 11662
Inserted 31344
Inserted 11546
Inserted 4113
Inserted 5601
Inserted 3784
Inserted 8448
Inserted 16060
Inserted 7629
Inserted 9535
Inserted 5379
Inserted 17820
Inserted 23827
Inserted 17021
Inserted 5844
Inserted 11676
Inserted 24716
Inserted 2512
Inserted 22171
Inserted 13807
Inserted 2913
Inserted 8932
Inserted 6333
Inserted 14657
Inserted 6460
Inserted 7593
Inserted 10356
Inserted 3771
Inserted 20368
Inserted 14823
Inserted 3352
Inserted 1928
Inserted 13169
Inserted 27317
Inserted 11745
Inserted 7079
Inserted 5604
Inserted 24628
Inserted 13218
Inserted 21311
Inserted 12203
Inserted 27338
Inserted 22351
Inserted 20264
Inserted 536
Inserted 32664
Inserted 2647
Inserted 11554
Inserted 1053
Inserted 26574
Inserted 16376
Inserted 1767
Inserted 13190
Inserted 24604
Inserted 28956
Inserted 5927
Inserted 8997
Inserted 22554
Inserted 1640
Inserted 31474
Inserted 16358
Inserted 770
Inserted 22196
Inserted 19382
Inserted 1753
Inserted 1958
Inserted 24790
Inserted 17055
Inserted 6722
Inserted 31955
Inserted 17600
Inserted 31137
Inserted 18353
Inserted 3327
Inserted 16418
Inserted 25778
Inserted 15379
Inserted 4063
Inserted 12540
Inserted 30680
Inserted 9190
Inserted 4537
Inserted 28810
Inserted 29262
Inserted 17111
Inserted 12284
Inserted 14841
Inserted 18736
Inserted 23137
Inserted 10993
Inserted 25549
Inserted 21697
Inserted 7610
Inserted 25600
Inserted 11246
Inserted 30930
Inserted 7096
Inserted 12105
Inserted 4727
Inserted 15402
Inserted 29666
Inserted 28223
Inserted 12202
Inserted 17170
Inserted 7065
Inserted 32541
Inserted 20248
Inserted 9168
Inserted 32592
Inserted 13908
Inserted 10701
Inserted 7100
Inserted 11397
Inserted 16472
Inserted 1155
Inserted 648
Inserted 3225
Inserted 30453
Inserted 11255
Inserted 32585
Inserted 14894
Inserted 29394
Inserted 19914
Inserted 25012
Inserted 18430
Inserted 11052
Inserted 24317
Inserted 10723
Inserted 10721
Inserted 951
Inserted 26052
Inserted 30518
Inserted 16922
Inserted 1330
Inserted 11346
Inserted 1426
Inserted 3343
Inserted 14984
Inserted 18940
Inserted 6710
Inserted 1444
Inserted 10535
Inserted 16579
Inserted 28002
Inserted 25180
Inserted 3893
Inserted 30173
Inserted 24926
Inserted 27389
Inserted 32203
Inserted 11472
Inserted 17956
Inserted 12529
Inserted 3675
Inserted 29312
Inserted 18246
Inserted 12072
Inserted 6673
Inserted 9401
Inserted 26936
Inserted 15797
Inserted 32317
Inserted 23385
Inserted 26391
Inserted 16025
Inserted 11780
Inserted 28055
Inserted 5258
Inserted 27547
Inserted 28442
Inserted 11754
Inserted 25841
Inserted 9219
Inserted 5307
Inserted 27923
Inserted 5063
Inserted 20923
Inserted 16024
Inserted 24980
Inserted 21553
Inserted 12377
Inserted 1942
Inserted 13799
Inserted 29910
Inserted 30448
Inserted 19833
Inserted 3475
Inserted 18919
Inserted 3449
Inserted 13026
Inserted 479
Inserted 19502
Inserted 32171
Inserted 10785
Inserted 8656
Inserted 958
Inserted 632
Inserted 28583
Inserted 8098
Inserted 881
Inserted 24163
Inserted 25867
Inserted 1994
Inserted 2433
Inserted 22269
Inserted 12110
Inserted 19519
Inserted 19995
Inserted 15134
Inserted 10150
Inserted 27872
Inserted 30479
Inserted 3667
Inserted 7038
Inserted 24003
Inserted 13927
Inserted 19620
Inserted 5422
Inserted 31433
Inserted 20214
Inserted 12520
Inserted 26450
Inserted 4083
Inserted 19090
Inserted 14819
Inserted 2494
Inserted 28178
Inserted 15119
Inserted 28700
Inserted 7965
Inserted 274
Inserted 28653
Inserted 25936
Inserted 21438
Inserted 30560
Inserted 28585
Inserted 3441
Inserted 20379
Inserted 19498
Inserted 27088
Inserted 20464
Inserted 20046
Inserted 10645
Inserted 28927
Inserted 32489
Inserted 21444
Inserted 11725
Inserted 15148
Inserted 12677
Inserted 17096
Inserted 27659
Inserted 5650
Inserted 12220
Inserted 16370
Inserted 19039
Inserted 32624
Inserted 25116
Inserted 16656
Inserted 12547
Inserted 31792
Inserted 17173
Inserted 5941
Inserted 1723
Inserted 23501
Inserted 17721
Inserted 4923
Inserted 1324
Inserted 29746
Inserted 23748
Inserted 13246
Inserted 11683
Inserted 25055
Inserted 30195
Inserted 19200
Inserted 28432
Inserted 17440
Inserted 673
Inserted 5982
Inserted 3537
Inserted 20700
Inserted 4100
Inserted 22774
Inserted 18712
Inserted 23928
Inserted 4738
Inserted 12747
Inserted 17044
Inserted 24104
Inserted 7567
Inserted 15105
Inserted 26041
Inserted 15867
Inserted 16159
Inserted 3713
Inserted 25918
Inserted 10122
Inserted 23821
Inserted 5182
Inserted 20649
Inserted 7855
Inserted 19066
Inserted 12024
Inserted 12621
Inserted 31986
Inserted 21797
Inserted 14785
Inserted 5807
Inserted 24430
Inserted 27339
Inserted 12373
Inserted 15650
Inserted 6066
Inserted 5358
Inserted 24756
Inserted 6160
Inserted 26575
Inserted 859
Inserted 3021
Inserted 12001
Inserted 26458
Inserted 5120
Inserted 30556
Inserted 4665
Inserted 26038
Inserted 4206
Inserted 11370
Inserted 20325
Inserted 29480
Inserted 25353
Inserted 15686
Inserted 1141
Inserted 12416
Inserted 9107
Inserted 12981
Inserted 44
Inserted 8781
Inserted 14725
Inserted 3842
Inserted 19835
Inserted 32606
Inserted 12045
Inserted 19143
Inserted 24353
Inserted 10032
Inserted 24930
Inserted 4971
Inserted 31021
Inserted 11901
Inserted 12344
Inserted 30259
Inserted 3862
Inserted 3494
Inserted 23801
Inserted 27079
Inserted 30701
Inserted 19706
Inserted 19080
Inserted 31774
Inserted 14838
Inserted 26686
Inserted 12407
Inserted 12873
Inserted 27146
Inserted 20030
Inserted 314
Inserted 22104
Inserted 14495
Inserted 13602
Inserted 13438
Inserted 5464
Inserted 3353
Inserted 16467
Inserted 21987
Inserted 27833
Inserted 15444
Inserted 289
Inserted 2061
Inserted 14542
Inserted 20798
Inserted 6318
Inserted 27615
Inserted 14845
Inserted 17587
Inserted 19633
Inserted 15113
Inserted 31406
Inserted 13980
Inserted 7009
Inserted 7553
Inserted 30537
Inserted 13611
Inserted 5830
Inserted 26979
Inserted 28592
Inserted 9251
Inserted 30323
Inserted 28209
Inserted 18087
Inserted 19070
Inserted 21390
Inserted 1290
Inserted 15637
Inserted 19315
Inserted 27447
Inserted 28204
Inserted 30726
Inserted 30650
Inserted 12387
Inserted 21992
Inserted 9793
Inserted 30598
Inserted 26869
Inserted 15499
Inserted 5515
Inserted 28722
Inserted 19578
Inserted 23381
Inserted 22118
Inserted 25369
Inserted 13834
Inserted 28613
Inserted 18661
Inserted 6019
Inserted 24778
Inserted 2909
Inserted 20570
Inserted 22022
Inserted 7243
Inserted 23507
Inserted 28829
Inserted 31094
Inserted 25348
Inserted 30442
Inserted 19293
Inserted 31692
Inserted 32649
Inserted 8441
Inserted 16213
Inserted 26443
Inserted 23736
Inserted 4404
Inserted 24426
Inserted 22431
Inserted 3089
Inserted 29066
Inserted 22807
Inserted 8449
Inserted 9782
Inserted 12223
Inserted 10922
Inserted 5576
Inserted 6529
Inserted 19602
Inserted 15725
Inserted 26971
Inserted 30464
Inserted 9428
Inserted 22513
Inserted 8127
Inserted 26174
Inserted 4846
Inserted 14681
Inserted 16460
Inserted 32085
Inserted 14390
Inserted 22318
Inserted 27371
Inserted 13595
Inserted 13758
Inserted 14422
Inserted 28678
Inserted 30844
Inserted 6232
Inserted 23191
Inserted 19455
Inserted 8549
Inserted 18541
Inserted 10287
Inserted 16729
Inserted 14272
Inserted 9907
Inserted 17557
Inserted 18218
Inserted 5483
Inserted 26104
Inserted 11164
Inserted 22946
Inserted 2674
Inserted 26859
Inserted 12485
Inserted 17619
Inserted 17796
Inserted 19919
Inserted 4871
Inserted 12852
Inserted 26509
Inserted 32165
Inserted 4814
Inserted 31097
Inserted 3101
Inserted 7357
Inserted 8417
Inserted 6961
Inserted 373
Inserted 382
Inserted 21260
Inserted 2487
Inserted 20447
Inserted 9344
Inserted 19412
Inserted 15587
Inserted 19438
Inserted 29704
Inserted 20098
Inserted 9603
Inserted 17396
Inserted 12845
Inserted 12827
Inserted 21192
Inserted 27148
Inserted 26701
Inserted 6446
Inserted 1981
Inserted 4135
Inserted 23958
Inserted 2990
Inserted 7388
Inserted 41
Inserted 11336
Inserted 13559
Inserted 32666
Inserted 26765
Inserted 11855
Inserted 2478
Inserted 9809
Inserted 26136
Inserted 16352
Inserted 1999
Inserted 6319
Inserted 20097
Inserted 25213
Inserted 20006
Inserted 31878
Inserted 15261
Inserted 2887
Inserted 30592
Inserted 11414
Inserted 16889
Inserted 24081
Inserted 9404
Inserted 7167
Inserted 14440
Inserted 18512
Inserted 6587
Inserted 32619
Inserted 15194
Inserted 17462
Inserted 15964
Inserted 21040
Inserted 885
Inserted 15930
Inserted 15101
Inserted 26159
Inserted 28655
Inserted 2832
Inserted 27836
Inserted 28283
Inserted 22224
Inserted 10234
Inserted 22947
Inserted 17609
Inserted 934
Inserted 4184
Inserted 28629
Inserted 23636
Inserted 25314
Inserted 25667
Inserted 30064
Inserted 18106
Inserted 26184
Inserted 28907
Inserted 25389
Inserted 19979
Inserted 16197
Inserted 31819
Inserted 14727
Inserted 22099
Inserted 7636
Inserted 28177
Inserted 24382
Inserted 24373
Inserted 12235
Inserted 31169
Inserted 11614
Inserted 13684
Inserted 1189
Inserted 18737
Inserted 18695
Inserted 23779
Inserted 30375
Inserted 17392
Inserted 18010
Inserted 18923
Inserted 14204
Inserted 10763
Inserted 21479
Inserted 22833
Inserted 22633
Inserted 5768
Inserted 11269
Inserted 22722
Inserted 2757
Inserted 22296
Inserted 17842
Inserted 11597
Inserted 5265
Inserted 4926
Inserted 16835
Inserted 205
Inserted 18794
Inserted 3818
Inserted 15076
Inserted 27069
Inserted 24694
Inserted 796
Inserted 14120
Inserted 30142
Inserted 19884
Inserted 18901
Inserted 5639
Inserted 21203
Inserted 10806
Inserted 26252
Inserted 22163
Inserted 26309
Inserted 16331
Inserted 10587
Inserted 8499
Inserted 4209
Inserted 20802
Inserted 28123
Inserted 31711
Inserted 25499
Inserted 32640
Inserted 22835
Inserted 31910
Inserted 12114
Inserted 27170
Inserted 18468
Inserted 11773
Inserted 23429
Inserted 21595
Inserted 22185
Inserted 13424
Inserted 18467
Inserted 4511
Inserted 341
Inserted 11613
Inserted 18907
Inserted 29069
Inserted 24000
Inserted 10171
Inserted 4642
Inserted 5719
Inserted 30615
Inserted 15474
Inserted 28342
Inserted 13731
Inserted 5610
Inserted 20616
Inserted 13613
Inserted 757
Inserted 5033
Inserted 12415
Inserted 25876
Inserted 16690
Inserted 5427
Inserted 7764
Inserted 30967
Inserted 17861
Inserted 27930
Inserted 12657
Inserted 24514
Inserted 26235
Inserted 19739
Inserted 23113
Inserted 29699
Inserted 14024
Inserted 25265
Inserted 12491
Inserted 5778
Inserted 23717
Inserted 4602
Inserted 4386
Inserted 29395
Inserted 23145
Inserted 3610
Inserted 16987
Inserted 16979
Inserted 23142
Inserted 17045
Inserted 21049
Inserted 11080
Inserted 10982
Inserted 5867
Inserted 5408
Inserted 14179
Inserted 3816
Inserted 20126
Inserted 31006
Inserted 18277
Inserted 4905
Inserted 20717
Inserted 29341
Inserted 17707
Inserted 31821
Inserted 419
Inserted 15171
Inserted 19548
Inserted 2834
Inserted 13596
Inserted 14602
Inserted 7988
Inserted 32691
Inserted 18269
Inserted 25051
Inserted 30492
Inserted 31245
Inserted 11486
Inserted 5792
Inserted 32759
Inserted 11602
Inserted 14032
Inserted 28399
Inserted 6020
Inserted 4293
Inserted 7920
Inserted 25940
Inserted 11047
Inserted 6538
Inserted 30380
Inserted 13633
Inserted 28515
Inserted 23055
Inserted 7873
Inserted 4142
Inserted 931
Inserted 5306
Inserted 22428
Inserted 29302
Inserted 12789
Inserted 3037
Inserted 31517
Inserted 19812
Inserted 475
Inserted 11999
Inserted 26731
Inserted 31148
Inserted 23716
Inserted 14336
Inserted 16027
Inserted 18092
Inserted 28259
Inserted 5073
Inserted 21155
Inserted 842
Inserted 18013
Inserted 1796
Inserted 7244
Inserted 32017
Inserted 6889
Inserted 31060
Inserted 23133
Inserted 4111
Inserted 16658
Inserted 11041
Inserted 7089
Inserted 14089
Inserted 13875
Inserted 4770
Inserted 31126
Inserted 11757
Inserted 15161
Inserted 19204
Inserted 7554
Inserted 20150
Inserted 4195
Inserted 18315
Inserted 8694
Inserted 25326
Inserted 19339
Inserted 31382
Inserted 3245
Inserted 27044
Inserted 31880
Inserted 31533
Inserted 16776
Inserted 11506
Inserted 27379
Inserted 15651
Inserted 7492
Inserted 11088
Inserted 10416
Inserted 1303
Inserted 31761
Inserted 8186
Inserted 21550
Inserted 21136
Inserted 18225
Inserted 7062
Inserted 29018
Inserted 18118
Inserted 29222
Inserted 16716
Inserted 14908
Inserted 17953
Inserted 16328
Inserted 4410
Inserted 17274
Inserted 12134
Inserted 18326
Inserted 19474
Inserted 31549
Inserted 16815
Inserted 3617
Inserted 28155
Inserted 14112
Inserted 22822
Inserted 8159
Inserted 8838
Inserted 26571
Inserted 25029
Inserted 2467
Inserted 6194
Inserted 17834
Inserted 14662
Inserted 7467
Inserted 15548
Inserted 9725
Inserted 21839
Inserted 15846
Inserted 781
Inserted 19632
Inserted 23216
Inserted 3431
Inserted 26124
Inserted 22888
Inserted 14776
Inserted 11726
Inserted 14493
Inserted 21631
Inserted 22232
Inserted 26966
Inserted 16810
Inserted 29632
Inserted 3005
Inserted 953
Inserted 30197
Inserted 2613
Inserted 13645
Inserted 17003
Inserted 11792
Inserted 1624
Inserted 13313
Inserted 2422
Inserted 27124
Inserted 21773
Inserted 25381
Inserted 8222
Inserted 22559
Inserted 22645
Inserted 8293
Inserted 20458
Inserted 13209
Inserted 3498
Inserted 3052
Inserted 27402
Inserted 18234
Inserted 16735
Inserted 2360
Inserted 7916
Inserted 19202
Inserted 13376
Inserted 30719
Inserted 28394
Inserted 31434
Inserted 29221
Inserted 375
Inserted 22443
Inserted 29224
Inserted 31890
Inserted 31780
Inserted 12847
Inserted 24435
Inserted 21726
Inserted 7727
Inserted 21230
Inserted 316
Inserted 4179
Inserted 16251
Inserted 19344
Inserted 27049
Inserted 20433
Inserted 6469
Inserted 5432
Inserted 25252
Inserted 29063
Inserted 20285
Inserted 12772
Inserted 12563
Inserted 28313
Inserted 12931
Inserted 3375
Inserted 28131
Inserted 20887
Inserted 9216
Inserted 26728
Inserted 4027
Inserted 18961
Inserted 8272
Inserted 8263
Inserted 22488
Inserted 7698
Inserted 2497
Inserted 24330
Inserted 23518
Inserted 24134
Inserted 24470
Inserted 10367
Inserted 14673
Inserted 25711
Inserted 23107
Inserted 24536
Inserted 10126
Inserted 14742
Inserted 23476
Inserted 24378
Inserted 1536
Inserted 23903
Inserted 10230
Inserted 4509
Inserted 14356
Inserted 10928
Inserted 23678
Inserted 14933
Inserted 13784
Inserted 9259
Inserted 31856
Inserted 27424
Inserted 19963
Inserted 17738
Inserted 27252
Inserted 671
Inserted 2356
Inserted 19160
Inserted 25853
Inserted 20432
Inserted 25042
Inserted 9018
Inserted 30383
Inserted 15146
Inserted 13224
Inserted 17747
Inserted 12558
Inserted 10907
Inserted 27366
Inserted 14750
Inserted 22097
Inserted 2429
Inserted 6123
Inserted 28785
Inserted 27800
Inserted 29547
Inserted 1996
Inserted 10086
Inserted 18768
Inserted 19831
Inserted 18347
Inserted 20023
Inserted 18811
Inserted 8613
Inserted 13638
Inserted 30760
Inserted 611
Inserted 32616
Inserted 31712
Inserted 20230
Inserted 22739
Inserted 15390
Inserted 2154
Inserted 9580
Inserted 23398
Inserted 6757
Inserted 25300
Inserted 27443
Inserted 8768
Inserted 13054
Inserted 22373
Inserted 28217
Inserted 11795
Inserted 28729
Inserted 14490
Inserted 14125
Inserted 26560
Inserted 13889
Inserted 1351
Inserted 13958
Inserted 13439
Inserted 32612
Inserted 8823
Inserted 30563
Inserted 1577
Inserted 6155
Inserted 23007
Inserted 9089
Inserted 11926
Inserted 18122
Inserted 16648
Inserted 13762
Inserted 25910
Inserted 10818
Inserted 30059
Inserted 2703
Inserted 24113
Inserted 25068
Inserted 17915
Inserted 31012
Inserted 1
Inserted 29930
Inserted 24417
Inserted 20605
Inserted 6842
Inserted 15735
Inserted 17870
Inserted 10641
Inserted 27742
Inserted 26619
Inserted 29560
Inserted 17028
Inserted 10955
Inserted 13285
Inserted 19512
Inserted 15373
Inserted 1816
Inserted 3576
Inserted 7703
Inserted 4945
Inserted 17655
Inserted 28028
Inserted 28227
Inserted 15829
Inserted 3026
Inserted 30705
Inserted 27518
Inserted 30764
Inserted 7290
Inserted 14280
Inserted 15825
Inserted 7932
Inserted 23980
Inserted 28579
Inserted 27855
Inserted 20917
Inserted 3457
Inserted 29177
Inserted 28
Inserted 30033
Inserted 4435
Inserted 20765
Inserted 31883
Inserted 31566
Inserted 8716
Inserted 1202
Inserted 2221
Inserted 3781
Inserted 30873
Inserted 1817
Inserted 9519
Inserted 7021
Inserted 22541
Inserted 25951
Inserted 17901
Inserted 32718
Inserted 25992
Inserted 31223
Inserted 11462
Inserted 17885
Inserted 22729
Inserted 6402
Inserted 12826
Inserted 19001
Inserted 7836
Inserted 13919
Inserted 19283
Inserted 31953
Inserted 13310
Inserted 19221
Inserted 15207
Inserted 14884
Inserted 618
Inserted 23048
Inserted 17086
Inserted 28934
Inserted 15600
Inserted 7291
Inserted 32502
Inserted 16798
Inserted 13065
Inserted 2964
Inserted 21829
Inserted 10073
Inserted 28658
Inserted 9199
Inserted 11147
Inserted 11098
Inserted 2618
Inserted 8593
Inserted 3539
Inserted 2075
Inserted 5983
Inserted 11722
Inserted 30868
Inserted 7685
Inserted 19574
Inserted 5188
Inserted 29993
Inserted 21630
Inserted 16093
Inserted 29314
Inserted 4551
Inserted 3161
Inserted 28768
Inserted 12234
Inserted 20731
Inserted 10567
Inserted 7740
Inserted 24928
Inserted 10756
Inserted 20589
Inserted 7974
Inserted 128
Inserted 25993
Inserted 22551
Inserted 30253
Inserted 22222
Inserted 22575
Inserted 4076
Inserted 9328
Inserted 13571
Inserted 2668
Inserted 29796
Inserted 32333
Inserted 9092
Inserted 27592
Inserted 8858
Inserted 7280
Inserted 5695
Inserted 24510
Inserted 12667
Inserted 30600
Inserted 29928
Inserted 7214
Inserted 8894
Inserted 31567
Inserted 27951
Inserted 23307
Inserted 27396
Inserted 957
Inserted 31120
Inserted 27006
Inserted 18577
Inserted 25984
Inserted 17692
Inserted 17481
Inserted 23374
Inserted 3524
Inserted 32237
Inserted 31256
Inserted 8215
Inserted 8916
Inserted 20929
Inserted 32513
Inserted 15514
Inserted 24282
Inserted 2508
Inserted 6130
Inserted 26144
Inserted 13537
Inserted 21031
Inserted 32148
Inserted 20541
Inserted 8835
Inserted 28043
Inserted 152
Inserted 15539
Inserted 2962
Inserted 6881
Inserted 27260
Inserted 23041
Inserted 17606
Inserted 1266
Inserted 7774
Inserted 20318
Inserted 27845
Inserted 26500
Inserted 31146
Inserted 4107
Inserted 7316
Inserted 24357
Inserted 4940
Inserted 8830
Inserted 27268
Inserted 2051
Inserted 32578
Inserted 16702
Inserted 19527
Inserted 13153
Inserted 11043
Inserted 26128
Inserted 27001
Inserted 3182
Inserted 14392
Inserted 27914
Inserted 12128
Inserted 2088
Inserted 24037
Inserted 13324
Inserted 7592
Inserted 29963
Inserted 28999
Inserted 25694
Inserted 7204
Inserted 31812
Inserted 14228
Inserted 15961
Inserted 3074
Inserted 26483
Inserted 31690
Inserted 10970
Inserted 2924
Inserted 1923
Inserted 10240
Inserted 9087
Inserted 4472
Inserted 23328
Inserted 23650
Inserted 13081
Inserted 32750
Inserted 17718
Inserted 5664
Inserted 467
Inserted 12655
Inserted 4066
Inserted 15878
Inserted 17334
Inserted 4409
Inserted 15818
Inserted 8629
Inserted 20586
Inserted 27483
Inserted 2425
Inserted 20720
Inserted 30795
Inserted 13113
Inserted 14929
Inserted 720
Inserted 2601
Inserted 30083
Inserted 27162
Inserted 13460
Inserted 14294
Inserted 26161
Inserted 30645
Inserted 13950
Inserted 5331
Inserted 2998
Inserted 22981
Inserted 24363
Inserted 9643
Inserted 23552
Inserted 7647
Inserted 3254
Inserted 11720
Inserted 20060
Inserted 23846
Inserted 25495
Inserted 3691
Inserted 17428
Inserted 32413
Inserted 12180
Inserted 15259
Inserted 6406
Inserted 8902
Inserted 17819
Inserted 30840
Inserted 9134
Inserted 20758
Inserted 27075
Inserted 17801
Inserted 21723
Inserted 30674
Inserted 27634
Inserted 2768
Inserted 30122
Inserted 32045
Inserted 29472
Inserted 32197
Inserted 8847
Inserted 10312
Inserted 743
Inserted 7435
Inserted 23155
Inserted 24433
Inserted 30852
Inserted 3803
Inserted 19583
Inserted 16777
Inserted 21789
Inserted 30965
Inserted 26050
Inserted 6504
Inserted 29501
Inserted 32555
Inserted 10435
Inserted 15196
Inserted 10333
Inserted 32433
Inserted 28410
Inserted 9527
Inserted 17639
Inserted 24162
Inserted 21593
Inserted 31202
Inserted 1002
Inserted 17942
Inserted 13966
Inserted 28128
Inserted 17828
Inserted 23582
Inserted 14833
Inserted 8233
Inserted 29761
Inserted 19588
Inserted 23202
Inserted 19589
Inserted 28520
Inserted 26862
Inserted 1337
Inserted 28261
Inserted 17656
Inserted 17786
Inserted 15676
Inserted 32737
Inserted 7776
Inserted 8970
Inserted 31307
Inserted 29627
Inserted 9487
Inserted 4423
Inserted 2585
Inserted 31011
Inserted 20446
Inserted 18857
Inserted 26071
Inserted 20423
Inserted 22550
Inserted 7433
Inserted 10545
Inserted 22951
Inserted 17626
Inserted 18249
Inserted 8954
Inserted 6687
Inserted 26121
Inserted 10989
Inserted 24583
Inserted 31835
Inserted 24490
Inserted 2886
Inserted 31352
Inserted 20239
Inserted 27227
Inserted 6207
Inserted 24315
Inserted 5121
Inserted 8044
Inserted 27429
Inserted 13755
Inserted 15330
Inserted 24903
Inserted 30258
Inserted 25790
Inserted 15842
Inserted 30398
Inserted 16517
Inserted 2499
Inserted 31849
Inserted 18535
Inserted 6499
Inserted 16443
Inserted 15563
Inserted 13681
Inserted 6121
Inserted 5001
Inserted 6745
Inserted 19912
Inserted 19999
Inserted 1106
Inserted 19970
Inserted 15459
Inserted 23273
Inserted 25612
Inserted 27956
Inserted 18726
Inserted 3040
Inserted 30461
Inserted 9504
Inserted 13562
Inserted 24231
Inserted 31656
Inserted 31678
Inserted 18078
Inserted 29502
Inserted 14017
Inserted 32548
Inserted 12799
Inserted 20361
Inserted 18831
Inserted 4290
Inserted 28332
Inserted 5831
Inserted 23474
Inserted 7962
Inserted 15254
Inserted 23226
Inserted 25973
Inserted 31489
Inserted 3731
Inserted 1908
Inserted 11321
Inserted 5084
Inserted 28531
Inserted 28417
Inserted 9567
Inserted 2935
Inserted 22854
Inserted 23685
Inserted 23323
Inserted 16463
Inserted 3230
Inserted 19772
Inserted 9653
Inserted 14074
Inserted 13425
Inserted 24593
Inserted 22194
Inserted 17648
Inserted 31312
Inserted 20111
Inserted 14457
Inserted 23706
Inserted 26441
Inserted 19446
Inserted 32415
Inserted 24126
Inserted 494
Inserted 2529
Inserted 10478
Inserted 22844
Inserted 7707
Inserted 23068
Inserted 9583
Inserted 3053
Inserted 5010
Inserted 16269
Inserted 6219
Inserted 18351
Inserted 23957
Inserted 21632
Inserted 3880
Inserted 11571
Inserted 12802
Inserted 8723
Inserted 7929
Inserted 13802
Inserted 25886
Inserted 25752
Inserted 17240
Inserted 11920
Inserted 23088
Inserted 13947
Inserted 10819
Inserted 14927
Inserted 13255
Inserted 31035
Inserted 18233
Inserted 9821
Inserted 263
Inserted 20088
Inserted 3268
Inserted 24150
Inserted 15122
Inserted 14097
Inserted 21324
Inserted 28456
Inserted 9822
Inserted 2828
Inserted 32258
Inserted 16970
Inserted 21988
Inserted 25767
Inserted 10004
Inserted 9425
Inserted 30639
Inserted 29367
Inserted 4233
Inserted 18158
Inserted 29795
Inserted 2005
Inserted 371
Inserted 3461
Inserted 15526
Inserted 6167
Inserted 4011
Inserted 27858
Inserted 27828
Inserted 20481
Inserted 5504
Inserted 15868
Inserted 13287
Inserted 17085
Inserted 4826
Inserted 15286
Inserted 31101
Inserted 15953
Inserted 22859
Inserted 18340
Inserted 21163
Inserted 3091
Inserted 5222
Inserted 10890
Inserted 27764
Inserted 11665
Inserted 14288
Inserted 24452
Inserted 12232
Inserted 24436
Inserted 20648
Inserted 3764
Inserted 20054
Inserted 15358
Inserted 3279
Inserted 5852
Inserted 30293
Inserted 14972
Inserted 27730
Inserted 12250
Inserted 20087
Inserted 11184
Inserted 10532
Inserted 6327
Inserted 432
Inserted 19561
Inserted 28160
Inserted 21086
Inserted 24627
Inserted 21903
Inserted 31797
Inserted 281
Inserted 368
Inserted 30203
Inserted 28404
Inserted 2340
Inserted 6952
Inserted 20069
Inserted 15215
Inserted 10515
Inserted 21491
Inserted 458
Inserted 26322
Inserted 22123
Inserted 19115
Inserted 27952
Inserted 29373
Inserted 21473
Inserted 10303
Inserted 18874
Inserted 11236
Inserted 13472
Inserted 19345
Inserted 3309
Inserted 15544
Inserted 25960
Inserted 8907
Inserted 13675
Inserted 10337
Inserted 26480
Inserted 28749
Inserted 9575
Inserted 6198
Inserted 17060
Inserted 20283
Inserted 30582
Inserted 29296
Inserted 8557
Inserted 3685
Inserted 5458
Inserted 10838
Inserted 16942
Inserted 23595
Inserted 30487
Inserted 860
Inserted 16482
Inserted 5363
Inserted 23313
Inserted 29144
Inserted 21900
Inserted 21368
Inserted 6163
Inserted 2412
Inserted 4995
Inserted 6330
Inserted 6494
Inserted 24800
Inserted 22181
Inserted 21266
Inserted 16401
Inserted 14849
Inserted 14590
Inserted 25405
Inserted 6718
Inserted 51
Inserted 27904
Inserted 12762
Inserted 29330
Inserted 10513
Inserted 12896
Inserted 5612
Inserted 10540
Inserted 15410
Inserted 24895
Inserted 28097
Inserted 18904
Inserted 15265
Inserted 22491
Inserted 1400
Inserted 12496
Inserted 23079
Inserted 23806
Inserted 13374
Inserted 8789
Inserted 18586
Inserted 23523
Inserted 307
Inserted 25805
Inserted 9150
Inserted 1584
Inserted 9496
Inserted 892
Inserted 29438
Inserted 14746
Inserted 15217
Inserted 21999
Inserted 25872
Inserted 4637
Inserted 3785
Inserted 20499
Inserted 27656
Inserted 7860
Inserted 27912
Inserted 24700
Inserted 16842
Inserted 6805
Inserted 15224
Inserted 27735
Inserted 23922
Inserted 31740
Inserted 24966
Inserted 19972
Inserted 9218
Inserted 9738
Inserted 2461
Inserted 211
Inserted 3154
Inserted 6811
Inserted 155
Inserted 30026
Inserted 24760
Inserted 23587
Inserted 13249
Inserted 17897
Inserted 28260
Inserted 16667
Inserted 14925
Inserted 4281
Inserted 7331
Inserted 16466
Inserted 32132
Inserted 28446
Inserted 30957
Inserted 7708
Inserted 29697
Inserted 4353
Inserted 29099
Inserted 11458
Inserted 22367
Inserted 20169
Inserted 23950
Inserted 22314
Inserted 5856
Inserted 3628
Inserted 8898
Inserted 19307
Inserted 18852
Inserted 12561
Inserted 26692
Inserted 7615
Inserted 12552
Inserted 10705
Inserted 13013
Inserted 5599
Inserted 28405
Inserted 31924
Inserted 2254
Inserted 26814
Inserted 25382
Inserted 22660
Inserted 17912
Inserted 28428
Inserted 2296
Inserted 27971
Inserted 1862
Inserted 15313
Inserted 6768
Inserted 22659
Inserted 19597
Inserted 12041
Inserted 8356
Inserted 15132
Inserted 23567
Inserted 5761
Inserted 2849
Inserted 22166
Inserted 15464
Inserted 25420
Inserted 3205
Inserted 23022
Inserted 15306
Inserted 29654
Inserted 617
Inserted 8407
Inserted 23559
Inserted 16092
Inserted 15403
Inserted 14900
Inserted 22967
Inserted 17160
Inserted 13027
Inserted 13882
Inserted 32098
Inserted 11231
Inserted 11556
Inserted 14235
Inserted 22078
Inserted 2189
Inserted 17279
Inserted 14122
Inserted 14469
Inserted 12293
Inserted 4548
Inserted 4702
Inserted 24223
Inserted 6983
Inserted 5234
Inserted 11322
Inserted 9029
Inserted 4980
Inserted 23095
Inserted 13754
Inserted 18317
Inserted 13365
Inserted 3522
Inserted 4285
Inserted 5093
Inserted 28865
Inserted 345
Inserted 32544
Inserted 28007
Inserted 29850
Inserted 23262
Inserted 15348
Inserted 3374
Inserted 24817
Inserted 18310
Inserted 13139
Inserted 3699
Inserted 30090
Inserted 5328
Inserted 16266
Inserted 21286
Inserted 5285
Inserted 24292
Inserted 25436
Inserted 9853
Inserted 20337
Inserted 22930
Inserted 32442
Inserted 4955
Inserted 11906
Inserted 2282
Inserted 25655
Inserted 17871
Inserted 27005
Inserted 21795
Inserted 31397
Inserted 9123
Inserted 27791
Inserted 18920
Inserted 20348
Inserted 1557
Inserted 32367
Inserted 18341
Inserted 20081
Inserted 3651
Inserted 24768
Inserted 5020
Inserted 11206
Inserted 15291
Inserted 43
Inserted 2021
Inserted 13023
Inserted 8060
Inserted 22423
Inserted 13555
Inserted 12286
Inserted 10504
Inserted 4264
Inserted 25371
Inserted 10160
Inserted 6609
Inserted 26145
Inserted 15880
Inserted 31168
Inserted 20092
Inserted 527
Inserted 5857
Inserted 29231
Inserted 17685
Inserted 8528
Inserted 17922
Inserted 13041
Inserted 4070
Inserted 14536
Inserted 17544
Inserted 13749
Inserted 6056
Inserted 45
Inserted 11756
Inserted 19497
Inserted 7286
Inserted 26100
Inserted 19900
Inserted 6345
Inserted 17225
Inserted 24063
Inserted 3831
Inserted 12095
Inserted 32584
Inserted 29788
Inserted 7082
Inserted 2463
Inserted 18134
Inserted 14944
Inserted 23778
Inserted 23534
Inserted 23355
Inserted 24304
Inserted 4211
Inserted 28661
Inserted 10273
Inserted 21545
Inserted 6970
Inserted 21946
Inserted 25496
Inserted 31887
Inserted 14816
Inserted 6701
Inserted 31514
Inserted 31054
Inserted 25732
Inserted 5411
Inserted 16491
Inserted 30575
Inserted 4258
Inserted 15383
Inserted 31356
Inserted 29605
Inserted 21065
Inserted 20590
Inserted 22866
Inserted 377
Inserted 104
Inserted 26135
Inserted 19480
Inserted 9
Inserted 3876
Inserted 29048
Inserted 8620
Inserted 20727
Inserted 2325
Inserted 15791
Inserted 4617
Inserted 26882
Inserted 13500
Inserted 4553
Inserted 25440
Inserted 30740
Inserted 5975
Inserted 6314
Inserted 5939
Inserted 8558
Inserted 7378
Inserted 16806
Inserted 32455
Inserted 24708
Inserted 32722
Inserted 18416
Inserted 17220
Inserted 21771
Inserted 7429
Inserted 25672
Inserted 22670
Inserted 27658
Inserted 10601
Inserted 22581
Inserted 9597
Inserted 625
Inserted 28049
Inserted 4747
Inserted 30214
Inserted 19190
Inserted 5273
Inserted 7846
Inserted 6577
Inserted 6807
Inserted 29614
Inserted 17520
Inserted 10404
Inserted 24147
Inserted 12608
Inserted 22461
Inserted 19478
Inserted 70
Inserted 32292
Inserted 16323
Inserted 15865
Inserted 1920
Inserted 8811
Inserted 30687
Inserted 24568
Inserted 6634
Inserted 16593
Inserted 14958
Inserted 14796
Inserted 24255
Inserted 4013
Inserted 18782
Inserted 17526
Inserted 32182
Inserted 21248
Inserted 486
Inserted 31117
Inserted 17158
Inserted 20272
Inserted 31334
Inserted 11603
Inserted 19403
Inserted 3031
Inserted 30151
Inserted 1135
Inserted 5904
Inserted 20964
Inserted 27263
Inserted 1591
Inserted 13414
Inserted 25295
Inserted 20112
Inserted 10703
Inserted 7656
Inserted 27839
Inserted 10389
Inserted 22960
Inserted 28699
Inserted 7160
Inserted 968
Inserted 6145
Inserted 23314
Inserted 4801
Inserted 6561
Inserted 30603
Inserted 30034
Inserted 1943
Inserted 26347
Inserted 7093
Inserted 1399
Inserted 28288
Inserted 17509
Inserted 17384
Inserted 7519
Inserted 6425
Inserted 5002
Inserted 3367
Inserted 31275
Inserted 22777
Inserted 17489
Inserted 31470
Inserted 30025
Inserted 22040
Inserted 14864
Inserted 11868
Inserted 3086
Inserted 15561
Inserted 2800
Inserted 21524
Inserted 32729
Inserted 9976
Inserted 29781
Inserted 23484
Inserted 22945
Inserted 23070
Inserted 7946
Inserted 17772
Inserted 15710
Inserted 3016
Inserted 13527
Inserted 1440
Inserted 16129
Inserted 16117
Inserted 7984
Inserted 32406
Inserted 15808
Inserted 5854
Inserted 31648
Inserted 8505
Inserted 2116
Inserted 4433
Inserted 10894
Inserted 13534
Inserted 22172
Inserted 2338
Inserted 17014
Inserted 30905
Inserted 16449
Inserted 28598
Inserted 11525
Inserted 3156
Inserted 20355
Inserted 19493
Inserted 13722
Inserted 7018
Inserted 16547
Inserted 21873
Inserted 7868
Inserted 15695
Inserted 2663
Inserted 21468
Inserted 18335
Inserted 24569
Inserted 17857
Inserted 25568
Inserted 16190
Inserted 18971
Inserted 22843
Inserted 11870
Inserted 24703
Inserted 21181
Inserted 14438
Inserted 1161
Inserted 12717
Inserted 4612
Inserted 14360
Inserted 29841
Inserted 12503
Inserted 3169
Inserted 22994
Inserted 28965
Inserted 9448
Inserted 29274
Inserted 3589
Inserted 1198
Inserted 31346
Inserted 5524
Inserted 16536
Inserted 10374
Inserted 6374
Inserted 19460
Inserted 26068
Inserted 19609
Inserted 12123
Inserted 8131
Inserted 25766
Inserted 11482
Inserted 30888
Inserted 24662
Inserted 21875
Inserted 2078
Inserted 19676
Inserted 1599
Inserted 23504
Inserted 26392
Inserted 7759
Inserted 6730
Inserted 7967
Inserted 31391
Inserted 13142
Inserted 8575
Inserted 24648
Inserted 20882
Inserted 22644
Inserted 18558
Inserted 27523
Inserted 10613
Inserted 26012
Inserted 18098
Inserted 17618
Inserted 20219
Inserted 10452
Inserted 8048
Inserted 21537
Inserted 8670
Inserted 8261
Inserted 26779
Inserted 9391
Inserted 3601
Inserted 27878
Inserted 30796
Inserted 20792
Inserted 24398
Inserted 4482
Inserted 17739
Inserted 14221
Inserted 27874
Inserted 8974
Inserted 7688
Inserted 21675
Inserted 1187
Inserted 22624
Inserted 18885
Inserted 13289
Inserted 14709
Inserted 31928
Inserted 31565
Inserted 1661
Inserted 17125
Inserted 21358
Inserted 19671
Inserted 7369
Inserted 7220
Inserted 14641
Inserted 1394
Inserted 12400
Inserted 16204
Inserted 2458
Inserted 16359
Inserted 17948
Inserted 23171
Inserted 12424
Inserted 7417
Inserted 11245
Inserted 25344
Inserted 14034
Inserted 23714
Inserted 10016
Inserted 2936
Inserted 18569
Inserted 30858
Inserted 13481
Inserted 14769
Inserted 24188
Inserted 26282
Inserted 32229
Inserted 2729
Inserted 4244
Inserted 2041
Inserted 5560
Inserted 12259
Inserted 24677
Inserted 25497
Inserted 10674
Inserted 8353
Inserted 7857
Inserted 31645
Inserted 8309
Inserted 31411
Inserted 3584
Inserted 7495
Inserted 2511
Inserted 22142
Inserted 9099
Inserted 12625
Inserted 10301
Inserted 5677
Inserted 28720
Inserted 4277
Inserted 15592
Inserted 1636
Inserted 19675
Inserted 16243
Inserted 21403
Inserted 16055
Inserted 16367
Inserted 30289
Inserted 30443
Inserted 32650
Inserted 12969
Inserted 9956
Inserted 507
Inserted 8910
Inserted 23995
Inserted 22415
Inserted 14948
Inserted 3336
Inserted 19311
Inserted 26736
Inserted 16534
Inserted 18770
Inserted 18331
Inserted 25000
Inserted 27987
Inserted 24365
Inserted 31108
Inserted 16514
Inserted 4406
Inserted 26674
Inserted 7035
Inserted 13380
Inserted 31438
Inserted 1524
Inserted 18624
Inserted 14305
Inserted 1094
Inserted 28461
Inserted 9320
Inserted 14800
Inserted 17156
Inserted 28205
Inserted 13589
Inserted 29350
Inserted 9516
Inserted 20932
Inserted 6034
Inserted 2771
Inserted 9786
Inserted 24007
Inserted 9005
Inserted 13269
Inserted 14912
Inserted 29952
Inserted 18466
Inserted 21095
Inserted 22993
Inserted 6546
Inserted 10669
Inserted 26656
Inserted 23350
Inserted 26817
Inserted 28790
Inserted 17641
Inserted 25208
Inserted 25585
Inserted 21708
Inserted 7044
Inserted 13044
Inserted 17285
Inserted 36
Inserted 26894
Inserted 31765
Inserted 17053
Inserted 12030
Inserted 18402
Inserted 32008
Inserted 14198
Inserted 11964
Inserted 24940
Inserted 11777
Inserted 5267
Inserted 7235
Inserted 17838
Inserted 3304
Inserted 25334
Inserted 30246
Inserted 2485
Inserted 5025
Inserted 14788
Inserted 1687
Inserted 20139
Inserted 4188
Inserted 27295
Inserted 17971
Inserted 30763
Inserted 3477
Inserted 31494
Inserted 1417
Inserted 4425
Inserted 28911
Inserted 13525
Inserted 12856
Inserted 9986
Inserted 20962
Inserted 4443
Inserted 3165
Inserted 32705
Inserted 1605
Inserted 26330
Inserted 26154
Inserted 19647
Inserted 4242
Inserted 4917
Inserted 16895
Inserted 12502
Inserted 1832
Inserted 17538
Inserted 10151
Inserted 27331
Inserted 19289
Inserted 19401
Inserted 19860
Inserted 16637
Inserted 10512
Inserted 27172
Inserted 15349
Inserted 17543
Inserted 14635
Inserted 22242
Inserted 12575
Inserted 17493
Inserted 2230
Inserted 16317
Inserted 30111
Inserted 16116
Inserted 11297
Inserted 11814
Inserted 12820
Inserted 30314
Inserted 4901
Inserted 29935
Inserted 2057
Inserted 4831
Inserted 25282
Inserted 7657
Inserted 3320
Inserted 10307
Inserted 20086
Inserted 22434
Inserted 10768
Inserted 23527
Inserted 10147
Inserted 14482
Inserted 20279
Inserted 23829
Inserted 6391
Inserted 10828
Inserted 32110
Inserted 9621
Inserted 21725
Inserted 26960
Inserted 23873
Inserted 4776
Inserted 23828
Inserted 26039
Inserted 16028
Inserted 25404
Inserted 31091
Inserted 4023
Inserted 21151
Inserted 9781
Inserted 18649
Inserted 14311
Inserted 14589
Inserted 4461
Inserted 24078
Inserted 29604
Inserted 2368
Inserted 25151
Inserted 16797
Inserted 5178
Inserted 7124
Inserted 24792
Inserted 28036
Inserted 9922
Inserted 3481
Inserted 14383
Inserted 8600
Inserted 18023
Inserted 10598
Inserted 30717
Inserted 11238
Inserted 31769
Inserted 4475
Inserted 7171
Inserted 26939
Inserted 31755
Inserted 794
Inserted 15907
Inserted 16956
Inserted 25601
Inserted 8584
Inserted 5884
Inserted 20467
Inserted 7267
Inserted 11126
Inserted 13132
Inserted 25911
Inserted 15702
Inserted 6035
Inserted 1282
Inserted 14380
Inserted 21785
Inserted 11090
Inserted 19985
Inserted 11948
Inserted 16590
Inserted 422
Inserted 27507
Inserted 18258
Inserted 25365
Inserted 16998
Inserted 5580
Inserted 20997
Inserted 18766
Inserted 28059
Inserted 21048
Inserted 14340
Inserted 9302
Inserted 29911
Inserted 2101
Inserted 9050
Inserted 26020
Inserted 28038
Inserted 23054
Inserted 28239
Inserted 25636
Inserted 26654
Inserted 3499
Inserted 18045
Inserted 9055
Inserted 792
Inserted 24607
Inserted 32384
Inserted 6292
Inserted 32736
Inserted 30864
Inserted 13242
Inserted 8363
Inserted 20157
Inserted 31555
Inserted 32233
Inserted 26992
Inserted 5334
Inserted 2624
Inserted 5573
Inserted 26999
Inserted 8822
Inserted 9347
Inserted 28379
Inserted 24349
Inserted 13409
Inserted 29019
Inserted 7180
Inserted 21270
Inserted 9508
Inserted 31176
Inserted 14906
Inserted 18658
Inserted 6754
Inserted 12135
Inserted 22736
Inserted 6865
Inserted 3411
Inserted 12979
Inserted 17261
Inserted 21569
Inserted 1225
Inserted 4338
Inserted 5765
Inserted 8489
Inserted 1356
Inserted 1257
Inserted 8520
Inserted 6488
Inserted 23211
Inserted 5141
Inserted 15416
Inserted 17226
Inserted 28053
Inserted 28702
Inserted 29674
Inserted 28438
Inserted 3468
Inserted 12230
Inserted 21740
Inserted 29357
Inserted 15277
Inserted 18200
Inserted 2945
Inserted 2212
Inserted 21922
Inserted 5608
Inserted 12302
Inserted 12013
Inserted 8014
Inserted 18527
Inserted 17499
Inserted 1166
Inserted 3226
Inserted 26981
Inserted 22564
Inserted 14243
Inserted 13388
Inserted 13029
Inserted 31311
Inserted 14241
Inserted 28011
Inserted 10497
Inserted 4035
Inserted 15247
Inserted 17016
Inserted 12788
Inserted 19134
Inserted 21244
Inserted 19271
Inserted 25962
Inserted 18124
Inserted 22694
Inserted 24332
Inserted 15918
Inserted 116
Inserted 8357
Inserted 23199
Inserted 24864
Inserted 30050
Inserted 14680
Inserted 3561
Inserted 23849
Inserted 7237
Inserted 23884
Inserted 20567
Inserted 10286
Inserted 12710
Inserted 26305
Inserted 6903
Inserted 6317
Inserted 16906
Inserted 8341
Inserted 25474
Inserted 27070
Inserted 28674
Inserted 20039
Inserted 28770
Inserted 17510
Inserted 25219
Inserted 8298
Inserted 14529
Inserted 2662
Inserted 3774
Inserted 12113
Inserted 24307
Inserted 7590
Inserted 27934
Inserted 18682
Inserted 9322
Inserted 23266
Inserted 28940
Inserted 8213
Inserted 2273
Inserted 31881
Inserted 29659
Inserted 31914
Inserted 24180
Inserted 16522
Inserted 22081
Inserted 1883
Inserted 6626
Inserted 1333
Inserted 14446
Inserted 26986
Inserted 20292
Inserted 27473
Inserted 8698
Inserted 24110
Inserted 15480
Inserted 16924
Inserted 26647
Inserted 5678
Inserted 28715
Inserted 14010
Inserted 888
Inserted 30932
Inserted 26451
Inserted 22116
Inserted 13662
Inserted 26573
Inserted 17112
Inserted 31072
Inserted 5095
Inserted 15555
Inserted 31646
Inserted 29159
Inserted 29493
Inserted 3149
Inserted 3637
Inserted 13236
Inserted 1163
Inserted 28643
Inserted 3010
Inserted 24994
Inserted 597
Inserted 29625
Inserted 8556
Inserted 5638
Inserted 6392
Inserted 29234
Inserted 19982
Inserted 12739
Inserted 18222
Inserted 765
Inserted 28194
Inserted 6132
Inserted 12294
Inserted 19188
Inserted 5827
Inserted 26743
Inserted 8569
Inserted 2278
Inserted 13682
Inserted 18722
Inserted 12140
Inserted 2192
Inserted 18461
Inserted 4560
Inserted 27712
Inserted 7247
Inserted 27101
Inserted 25573
Inserted 15591
Inserted 10744
Inserted 24441
Inserted 4157
Inserted 29878
Inserted 17284
Inserted 10889
Inserted 10694
Inserted 5842
Inserted 5623
Inserted 20701
Inserted 5532
Inserted 19385
Inserted 584
Inserted 13520
Inserted 4893
Inserted 14901
Inserted 4873
Inserted 29779
Inserted 28725
Inserted 3857
Inserted 23848
Inserted 11093
Inserted 22411
Inserted 12274
Inserted 10714
Inserted 939
Inserted 9980
Inserted 12296
Inserted 13976
Inserted 3520
Inserted 6593
Inserted 1231
Inserted 1677
Inserted 30045
Inserted 8452
Inserted 16551
Inserted 2066
Inserted 28447
Inserted 4859
Inserted 16863
Inserted 20532
Inserted 19596
Inserted 26093
Inserted 16122
Inserted 8474
Inserted 15495
Inserted 31857
Inserted 1570
Inserted 24409
Inserted 4772
Inserted 946
Inserted 18741
Inserted 21551
Inserted 13828
Inserted 22794
Inserted 24839
Inserted 28823
Inserted 11877
Inserted 7676
Inserted 25339
Inserted 8681
Inserted 25762
Inserted 22038
Inserted 25359
Inserted 14084
Inserted 12404
Inserted 29290
Inserted 14117
Inserted 18640
Inserted 2648
Inserted 30216
Inserted 29008
Inserted 24731
Inserted 21658
Inserted 8820
Inserted 28054
Inserted 11924
Inserted 163
Inserted 12495
Inserted 13427
Inserted 6014
Inserted 25892
Inserted 5584
Inserted 818
Inserted 30131
Inserted 32025
Inserted 26337
Inserted 6435
Inserted 27074
Inserted 11695
Inserted 25968
Inserted 29250
Inserted 16880
Inserted 9388
Inserted 9810
Inserted 28076
Inserted 25260
Inserted 21168
Inserted 17669
Inserted 2349
Inserted 15452
Inserted 32568
Inserted 32652
Inserted 5557
Inserted 6409
Inserted 25798
Inserted 1940
Inserted 29454
Inserted 16405
Inserted 14030
Inserted 21666
Inserted 25304
Inserted 21495
Inserted 7158
Inserted 32404
Inserted 3209
Inserted 15923
Inserted 12709
Inserted 14660
Inserted 4190
Inserted 6695
Inserted 30833
Inserted 16989
Inserted 25421
Inserted 8004
Inserted 7522
Inserted 15960
Inserted 4088
Inserted 26601
Inserted 17369
Inserted 5137
Inserted 21335
Inserted 27598
Inserted 19681
Inserted 26626
Inserted 15281
Inserted 32453
Inserted 31296
Inserted 32063
Inserted 14211
Inserted 23809
Inserted 20692
Inserted 5805
Inserted 26995
Inserted 29918
Inserted 25925
Inserted 26326
Inserted 29476
Inserted 31738
Inserted 1863
Inserted 5641
Inserted 23406
Inserted 16801
Inserted 6191
Inserted 31809
Inserted 20298
Inserted 6351
Inserted 10591
Inserted 4332
Inserted 4991
Inserted 4421
Inserted 13281
Inserted 23839
Inserted 12452
Inserted 704
Inserted 13118
Inserted 5605
Inserted 588
Inserted 14868
Inserted 18876
Inserted 13039
Inserted 6509
Inserted 7072
Inserted 20031
Inserted 28184
Inserted 27186
Inserted 7395
Inserted 6279
Inserted 12388
Inserted 8418
Inserted 15293
Inserted 9012
Inserted 18238
Inserted 5177
Inserted 27723
Inserted 19002
Inserted 8439
Inserted 27663
Inserted 7356
Inserted 8486
Inserted 19838
Inserted 3145
Inserted 514
Inserted 32519
Inserted 12955
Inserted 1454
Inserted 18447
Inserted 30808
Inserted 1423
Inserted 10326
Inserted 16596
Inserted 9217
Inserted 14735
Inserted 14663
Inserted 24029
Inserted 22928
Inserted 29468
Inserted 16725
Inserted 17539
Inserted 30235
Inserted 25048
Inserted 32005
Inserted 20954
Inserted 17805
Inserted 468
Inserted 7761
Inserted 32668
Inserted 3767
Inserted 16361
Inserted 11843
Inserted 14695
Inserted 30011
Inserted 7627
Inserted 9254
Inserted 12390
Inserted 24013
Inserted 14967
Inserted 30219
Inserted 4434
Inserted 25032
Inserted 30407
Inserted 2764
Inserted 25613
Inserted 25250
Inserted 17816
Inserted 27273
Inserted 22293
Inserted 5065
Inserted 18448
Inserted 10377
Inserted 19303
Inserted 27309
Inserted 11303
Inserted 1616
Inserted 23037
Inserted 27133
Inserted 1174
Inserted 20972
Inserted 23480
Inserted 19800
Inserted 1484
Inserted 22831
Inserted 14103
Inserted 29751
Inserted 9886
Inserted 8359
Inserted 709
Inserted 31970
Inserted 5659
Inserted 5531
Inserted 7948
Inserted 22322
Inserted 20992
Inserted 23097
Inserted 16820
Inserted 8182
Inserted 13529
Inserted 15763
Inserted 31502
Inserted 16788
Inserted 8018
Inserted 10139
Inserted 4752
Inserted 18217
Inserted 13683
Inserted 6652
Inserted 7074
Inserted 14703
Inserted 9992
Inserted 9741
Inserted 17117
Inserted 7599
Inserted 13949
Inserted 27341
Inserted 13886
Inserted 15319
Inserted 16562
Inserted 18365
Inserted 4928
Inserted 6512
Inserted 10980
Inserted 28146
Inserted 21561
Inserted 23768
Inserted 27575
Inserted 24370
Inserted 20496
Inserted 16896
Inserted 3306
Inserted 5559
Inserted 30769
Inserted 90
Inserted 18830
Inserted 22997
Inserted 21119
Inserted 6589
Inserted 13161
Inserted 9164
Inserted 4611
Inserted 29861
Inserted 7449
Inserted 11492
Inserted 13185
Inserted 18780
Inserted 26534
Inserted 23645
Inserted 9463
Inserted 16414
Inserted 14671
Inserted 9019
Inserted 31230
Inserted 1581
Inserted 14146
Inserted 9783
Inserted 17155
Inserted 5991
Inserted 32599
Inserted 12639
Inserted 30055
Inserted 13688
Inserted 19187
Inserted 8095
Inserted 32436
Inserted 6210
Inserted 22961
Inserted 31789
Inserted 22324
Inserted 18270
Inserted 22797
Inserted 25217
Inserted 17985
Inserted 23417
Inserted 8922
Inserted 7755
Inserted 17201
Inserted 11010
Inserted 23410
Inserted 12033
Inserted 31722
Inserted 10129
Inserted 16919
Inserted 32245
Inserted 13753
Inserted 25825
Inserted 10015
Inserted 20322
Inserted 10369
Inserted 14940
Inserted 13395
Inserted 17807
Inserted 24032
Inserted 2073
Inserted 3560
Inserted 9636
Inserted 16807
Inserted 26599
Inserted 23169
Inserted 5652
Inserted 7910
Inserted 12479
Inserted 23291
Inserted 24613
Inserted 31475
Inserted 28963
Inserted 23528
Inserted 28381
Inserted 29364
Inserted 24809
Inserted 9802
Inserted 22069
Inserted 23615
Inserted 5585
Inserted 4628
Inserted 21297
Inserted 26240
Inserted 21895
Inserted 6831
Inserted 25147
Inserted 16524
Inserted 11154
Inserted 27986
Inserted 31676
Inserted 7883
Inserted 17689
Inserted 31171
Inserted 16881
Inserted 29485
Inserted 3448
Inserted 31795
Inserted 18077
Inserted 6845
Inserted 23694
Inserted 22340
Inserted 21237
Inserted 26823
Inserted 32552
Inserted 20825
Inserted 18953
Inserted 26633
Inserted 26426
Inserted 1151
Inserted 8724
Inserted 32064
Inserted 14222
Inserted 29907
Inserted 18231
Inserted 20390
Inserted 29086
Inserted 7211
Inserted 6786
Inserted 8431
Inserted 13260
Inserted 7480
Inserted 11575
Inserted 28528
Inserted 24990
Inserted 28931
Inserted 14292
Inserted 10431
Inserted 19690
Inserted 228
Inserted 24772
Inserted 24050
Inserted 12462
Inserted 9685
Inserted 3582
Inserted 18787
Inserted 25982
Inserted 28876
Inserted 10764
Inserted 28912
Inserted 29695
Inserted 7055
Inserted 18774
Inserted 28303
Inserted 24428
Inserted 4374
Inserted 10316
Inserted 27376
Inserted 12562
Inserted 14377
Inserted 14857
Inserted 25619
Inserted 15814
Inserted 11438
Inserted 26597
Inserted 16612
Inserted 13293
Inserted 26538
Inserted 28185
Inserted 1509
Inserted 21876
Inserted 12720
Inserted 18046
Inserted 1987
Inserted 13270
Inserted 28944
Inserted 31386
Inserted 13434
Inserted 3945
Inserted 9437
Inserted 29160
Inserted 20743
Inserted 17006
Inserted 4004
Inserted 20136
Inserted 32662
Inserted 29970
Inserted 6156
Inserted 23625
Inserted 3638
Inserted 23108
Inserted 29522
Inserted 15998
Inserted 4546
Inserted 24911
Inserted 28945
Inserted 22136
Inserted 14603
Inserted 23735
Inserted 11006
Inserted 29833
Inserted 7481
Inserted 2406
Inserted 22619
Inserted 11798
Inserted 3067
Inserted 6507
Inserted 12332
Inserted 29513
Inserted 31768
Inserted 18507
Inserted 26676
Inserted 32672
Inserted 487
Inserted 14237
Inserted 24310
Inserted 30331
Inserted 18346
Inserted 22824
Inserted 26760
Inserted 26334
Inserted 23340
Inserted 4673
Inserted 30540
Inserted 26847
Inserted 17388
Inserted 30334
Inserted 21750
Inserted 23240
Inserted 10495
Inserted 11654
Inserted 27681
Inserted 14617
Inserted 15717
Inserted 1621
Inserted 25044
Inserted 27347
Inserted 503
Inserted 17197
Inserted 12899
Inserted 2500
Inserted 19324
Inserted 1230
Inserted 15768
Inserted 1129
Inserted 366
Inserted 21852
Inserted 14644
Inserted 8481
Inserted 6912
Inserted 9057
Inserted 15391
Inserted 2994
Inserted 25478
Inserted 20603
Inserted 32390
Inserted 19330
Inserted 21803
Inserted 27363
Inserted 7996
Inserted 9849
Inserted 7410
Inserted 18407
Inserted 17177
Inserted 10180
Inserted 22450
Inserted 19467
Inserted 18628
Inserted 19490
Inserted 4862
Inserted 20686
Inserted 9856
Inserted 24153
Inserted 47
Inserted 8507
Inserted 11000
Inserted 29206
Inserted 30949
Inserted 68
Inserted 27920
Inserted 30228
Inserted 19247
Inserted 9604
Inserted 18419
Inserted 19952
Inserted 10772
Inserted 27585
Inserted 1376
Inserted 6769
Inserted 16221
Inserted 8392
Inserted 25201
Inserted 30892
Inserted 28436
Inserted 11290
Inserted 12026
Inserted 15049
Inserted 31940
Inserted 28329
Inserted 28351
Inserted 14665
Inserted 21009
Inserted 10619
Inserted 27034
Inserted 16280
Inserted 8362
Inserted 5356
Inserted 16977
Inserted 12713
Inserted 25801
Inserted 6775
Inserted 6771
Inserted 19673
Inserted 25515
Inserted 13240
Inserted 29353
Inserted 22332
Inserted 99
Inserted 13696
Inserted 6922
Inserted 28524
Inserted 23192
Inserted 10555
Inserted 15530
Inserted 30129
Inserted 2157
Inserted 7205
Inserted 14999
Inserted 27672
Inserted 31031
Inserted 18517
Inserted 29425
Inserted 11572
Inserted 11922
Inserted 26018
Inserted 1673
Inserted 12544
Inserted 10546
Inserted 15200
Inserted 3323
Inserted 22119
Inserted 31578
Inserted 5392
Inserted 5191
Inserted 10152
Inserted 49
Inserted 2790
Inserted 4920
Inserted 2847
Inserted 5440
Inserted 29711
Inserted 4996
Inserted 9774
Inserted 26402
Inserted 12442
Inserted 2470
Inserted 3797
Inserted 29508
Inserted 18198
Inserted 7444
Inserted 628
Inserted 8250
Inserted 959
Inserted 28479
Inserted 3444
Inserted 27508
Inserted 32090
Inserted 27572
Inserted 23905
Inserted 31436
Inserted 8234
Inserted 30820
Inserted 4904
Inserted 9013
Inserted 12791
Inserted 26913
Inserted 30913
Inserted 19514
Inserted 19667
Inserted 28482
Inserted 7601
Inserted 1925
Inserted 10590
Inserted 19686
Inserted 16500
Inserted 12588
Inserted 17292
Inserted 31530
Inserted 5628
Inserted 1178
Inserted 27276
Inserted 24832
Inserted 13937
Inserted 1256
Inserted 5646
Inserted 12567
Inserted 220
Inserted 17133
Inserted 18058
Inserted 17781
Inserted 13796
Inserted 15796
Inserted 30938
Inserted 30171
Inserted 25811
Inserted 4517
Inserted 29869
Inserted 16348
Inserted 25463
Inserted 12823
Inserted 15706
Inserted 25419
Inserted 12629
Inserted 23516
Inserted 6705
Inserted 27047
Inserted 5327
Inserted 18927
Inserted 13075
Inserted 22146
Inserted 23679
Inserted 23629
Inserted 20025
Inserted 32297
Inserted 22348
Inserted 32
Inserted 30794
Inserted 14872
Inserted 18439
Inserted 19601
Inserted 25692
Inserted 23271
Inserted 19318
Inserted 4969
Inserted 27679
Inserted 11304
Inserted 16345
Inserted 12470
Inserted 8112
Inserted 32288
Inserted 22730
Inserted 29311
Inserted 9752
Inserted 18298
Inserted 29403
Inserted 3757
Inserted 24073
Inserted 15760
Inserted 17756
Inserted 19577
Inserted 21976
Inserted 16452
Inserted 24135
Inserted 12021
Inserted 28171
Inserted 29690
Inserted 10081
Inserted 1367
Inserted 30421
Inserted 16808
Inserted 1672
Inserted 20666
Inserted 2701
Inserted 7788
Inserted 28464
Inserted 6741
Inserted 22828
Inserted 26344
Inserted 5413
Inserted 13266
Inserted 32609
Inserted 12623
Inserted 24977
Inserted 21827
Inserted 10475
Inserted 23630
Inserted 21404
Inserted 28423
Inserted 8960
Inserted 26368
Inserted 10548
Inserted 19206
Inserted 2246
Inserted 13896
Inserted 14445
Inserted 13735
Inserted 30299
Inserted 12738
Inserted 8697
Inserted 10617
Inserted 14315
Inserted 21854
Inserted 28645
Inserted 4319
Inserted 9020
Inserted 5777
Inserted 6390
Inserted 27977
Inserted 27617
Inserted 30862
Inserted 25118
Inserted 23510
Inserted 23522
Inserted 8915
Inserted 21246
Inserted 13212
Inserted 9279
Inserted 21963
Inserted 8296
Inserted 10162
Inserted 25710
Inserted 17496
Inserted 7146
Inserted 22734
Inserted 23872
Inserted 17341
Inserted 17598
Inserted 28969
Inserted 15060
Inserted 10856
Inserted 11042
Inserted 16598
Inserted 11002
Inserted 31320
Inserted 14480
Inserted 29379
Inserted 19692
Inserted 26521
Inserted 1501
Inserted 21078
Inserted 12525
Inserted 24784
Inserted 27809
Inserted 13843
Inserted 9296
Inserted 8450
Inserted 23609
Inserted 28691
Inserted 16493
Inserted 3824
Inserted 23334
Inserted 28235
Inserted 22876
Inserted 861
Inserted 24283
Inserted 29853
Inserted 5434
Inserted 10860
Inserted 28550
Inserted 21657
Inserted 12340
Inserted 32162
Inserted 25367
Inserted 13446
Inserted 30559
Inserted 18316
Inserted 18806
Inserted 12038
Inserted 8891
Inserted 20511
Inserted 29601
Inserted 8457
Inserted 24847
Inserted 5872
Inserted 30475
Inserted 27422
Inserted 27149
Inserted 22880
Inserted 19522
Inserted 13542
Inserted 29293
Inserted 29872
Inserted 7888
Inserted 31764
Inserted 6083
Inserted 19661
Inserted 10082
Inserted 16000
Inserted 8393
Inserted 25279
Inserted 26753
Inserted 6218
Inserted 9474
Inserted 24814
Inserted 18542
Inserted 1474
Inserted 17099
Inserted 13059
Inserted 23842
Inserted 26302
Inserted 22002
Inserted 14449
Inserted 7015
Inserted 19587
Inserted 14803
Inserted 2692
Inserted 17614
Inserted 24976
Inserted 6629
Inserted 12574
Inserted 12066
Inserted 5373
Inserted 746
Inserted 8576
Inserted 9758
Inserted 9255
Inserted 10923
Inserted 20788
Inserted 32299
Inserted 30928
Inserted 1273
Inserted 9990
Inserted 27698
Inserted 8197
Inserted 27714
Inserted 1936
Inserted 12106
Inserted 23724
Inserted 20618
Inserted 30526
Inserted 21861
Inserted 10482
Inserted 7442
Inserted 7046
Inserted 2077
Inserted 25373
Inserted 10483
Inserted 14693
Inserted 10463
Inserted 6702
Inserted 31468
Inserted 19781
Inserted 20229
Inserted 20443
Inserted 23566
Inserted 26756
Inserted 4019
Inserted 25298
Inserted 19626
Inserted 16763
Inserted 5931
Inserted 22557
Inserted 15420
Inserted 28981
Inserted 21981
Inserted 9789
Inserted 7474
Inserted 12702
Inserted 1688
Inserted 2435
Inserted 11829
Inserted 19487
Inserted 18600
Inserted 26525
Inserted 20733
Inserted 1396
Inserted 12393
Inserted 28634
Inserted 8929
Inserted 20960
Inserted 9024
Inserted 6393
Inserted 17817
Inserted 25863
Inserted 7796
Inserted 592
Inserted 30776
Inserted 24589
Inserted 2731
Inserted 17891
Inserted 26797
Inserted 26060
Inserted 27625
Inserted 29482
Inserted 5344
Inserted 9270
Inserted 9457
Inserted 27847
Inserted 9763
Inserted 26314
Inserted 2020
Inserted 18669
Inserted 22855
Inserted 18252
Inserted 7594
Inserted 6708
Inserted 27160
Inserted 10589
Inserted 30894
Inserted 13902
Inserted 4584
Inserted 12589
Inserted 12227
Inserted 18556
Inserted 471
Inserted 27440
Inserted 19225
Inserted 752
Inserted 8736
Inserted 16795
Inserted 12879
Inserted 7414
Inserted 21793
Inserted 29059
Inserted 18595
Inserted 3777
Inserted 20320
Inserted 15588
Inserted 4403
Inserted 9582
Inserted 17767
Inserted 31649
Inserted 12375
Inserted 13993
Inserted 18398
Inserted 22441
Inserted 14564
Inserted 21534
Inserted 3400
Inserted 13600
Inserted 17093
Inserted 22115
Inserted 21620
Inserted 1395
Inserted 13467
Inserted 16103
Inserted 13634
Inserted 4245
Inserted 14918
Inserted 11225
Inserted 29416
Inserted 8814
Inserted 7945
Inserted 6987
Inserted 32255
Inserted 10454
Inserted 14545
Inserted 14240
Inserted 28355
Inserted 17671
Inserted 27616
Inserted 20529
Inserted 11149
Inserted 30456
Inserted 13226
Inserted 25027
Inserted 27030
Inserted 32539
Inserted 29804
Inserted 804
Inserted 25289
Inserted 32597
Inserted 11859
Inserted 5526
Inserted 11470
Inserted 7166
Inserted 122
Inserted 10237
Inserted 23082
Inserted 3920
Inserted 24463
Inserted 3922
Inserted 6340
Inserted 16759
Inserted 22809
Inserted 31957
Inserted 12281
Inserted 30000
Inserted 15858
Inserted 10143
Inserted 12765
Inserted 16237
Inserted 511
Inserted 31911
Inserted 15004
Inserted 17724
Inserted 26946
Inserted 15228
Inserted 32154
Inserted 23069
Inserted 12386
Inserted 2136
Inserted 23641
Inserted 14297
Inserted 32686
Inserted 25064
Inserted 8987
Inserted 21064
Inserted 2661
Inserted 30199
Inserted 17424
Inserted 1669
Inserted 13244
Inserted 30534
Inserted 4168
Inserted 2766
Inserted 13517
Inserted 12581
Inserted 25111
Inserted 28783
Inserted 18818
Inserted 27588
Inserted 5292
Inserted 25974
Inserted 24526
Inserted 31733
Inserted 5212
Inserted 447
Inserted 16754
Inserted 14770
Inserted 14233
Inserted 20653
Inserted 9238
Inserted 26623
Inserted 11673
Inserted 16508
Inserted 30181
Inserted 22353
Inserted 9521
Inserted 19528
Inserted 4817
Inserted 460
Inserted 19817
Inserted 8897
Inserted 4287
Inserted 32560
Inserted 16192
Inserted 32536
Inserted 30972
Inserted 10434
Inserted 20849
Inserted 2442
Inserted 26425
Inserted 22302
Inserted 12806
Inserted 4407
Inserted 5341
Inserted 29603
Inserted 5632
Inserted 12690
Inserted 21578
Inserted 25590
Inserted 17744
Inserted 15423
Inserted 30529
Inserted 18765
Inserted 17234
Inserted 30981
Inserted 13326
Inserted 14040
Inserted 26789
Inserted 9268
Inserted 8346
Inserted 11984
Inserted 26404
Inserted 25640
Inserted 2310
Inserted 9869
Inserted 26531
Inserted 18636
Inserted 4675
Inserted 14778
Inserted 10390
Inserted 23616
Inserted 25861
Inserted 18408
Inserted 17129
Inserted 16887
Inserted 28875
Inserted 523
Inserted 17649
Inserted 10453
Inserted 4413
Inserted 14203
Inserted 4941
Inserted 20860
Inserted 30749
Inserted 18352
Inserted 25346
Inserted 18589
Inserted 22604
Inserted 3614
Inserted 12460
Inserted 27891
Inserted 20613
Inserted 13551
Inserted 4288
Inserted 4431
Inserted 11009
Inserted 29867
Inserted 28703
Inserted 24155
Inserted 19285
Inserted 26220
Inserted 6855
Inserted 12560
Inserted 7661
Inserted 16149
Inserted 9071
Inserted 2106
Inserted 15648
Inserted 30353
Inserted 12619
Inserted 17513
Inserted 25771
Inserted 4082
Inserted 9221
Inserted 7224
Inserted 1595
Inserted 9945
Inserted 6728
Inserted 4369
Inserted 30066
Inserted 3825
Inserted 21313
Inserted 17108
Inserted 12740
Inserted 29870
Inserted 29256
Inserted 1699
Inserted 31978
Inserted 9663
Inserted 13379
Inserted 25833
Inserted 15210
Inserted 28536
Inserted 31177
Inserted 26653
Inserted 7500
Inserted 21202
Inserted 9240
Inserted 16543
Inserted 23782
Inserted 6271
Inserted 5928
Inserted 29985
Inserted 11913
Inserted 25682
Inserted 25791
Inserted 30721
Inserted 32352
Inserted 1561
Inserted 30568
Inserted 31833
Inserted 6428
Inserted 5145
Inserted 19359
Inserted 8002
Inserted 13541
Inserted 5123
Inserted 19146
Inserted 10382
Inserted 13066
Inserted 30847
Inserted 620
Inserted 23901
Inserted 21996
Inserted 1803
Inserted 15991
Inserted 9801
Inserted 21272
Inserted 17693
Inserted 25933
Inserted 27701
Inserted 29133
Inserted 21291
Inserted 9112
Inserted 27349
Inserted 3683
Inserted 24471
Inserted 340
Inserted 16710
Inserted 323
Inserted 1025
Inserted 2205
Inserted 18135
Inserted 12870
Inserted 31848
Inserted 21320
Inserted 3887
Inserted 10091
Inserted 19243
Inserted 20103
Inserted 27843
Inserted 16194
Inserted 12252
Inserted 29947
Inserted 1318
Inserted 31998
Inserted 26945
Inserted 8375
Inserted 23299
Inserted 21044
Inserted 27320
Inserted 15345
Inserted 24105
Inserted 5317
Inserted 29092
Inserted 21814
Inserted 15007
Inserted 20858
Inserted 6960
Inserted 6915
Inserted 21648
Inserted 14111
Inserted 12798
Inserted 24055
Inserted 15235
Inserted 30273
Inserted 30269
Inserted 1115
Inserted 19964
Inserted 26604
Inserted 22364
Inserted 10880
Inserted 6331
Inserted 20888
Inserted 30351
Inserted 21980
Inserted 15125
Inserted 10652
Inserted 8085
Inserted 11803
Inserted 10062
Inserted 30068
Inserted 12349
Inserted 14060
Inserted 23899
Inserted 32042
Inserted 26298
Inserted 28551
Inserted 25424
Inserted 785
Inserted 3424
Inserted 14143
Inserted 27301
Inserted 22995
Inserted 27411
Inserted 9958
Inserted 2919
Inserted 2105
Inserted 7655
Inserted 7756
Inserted 20542
Inserted 28545
Inserted 24456
Inserted 21234
Inserted 21
Inserted 7210
Inserted 10718
Inserted 19499
Inserted 4270
Inserted 18950
Inserted 397
Inserted 1978
Inserted 16050
Inserted 6513
Inserted 23004
Inserted 28156
Inserted 21984
Inserted 3900
Inserted 5974
Inserted 21840
Inserted 1620
Inserted 2428
Inserted 20186
Inserted 6799
Inserted 24659
Inserted 25999
Inserted 9360
Inserted 13102
Inserted 19408
Inserted 1835
Inserted 21702
Inserted 26412
Inserted 21069
Inserted 27754
Inserted 844
Inserted 31599
Inserted 28917
Inserted 29173
Inserted 14450
Inserted 29241
Inserted 19110
Inserted 8753
Inserted 31435
Inserted 23227
Inserted 10079
Inserted 16137
Inserted 12081
Inserted 20498
Inserted 29078
Inserted 29091
Inserted 2181
Inserted 7511
Inserted 15088
Inserted 15958
Inserted 9734
Inserted 1338
Inserted 29217
Inserted 19871
Inserted 15537
Inserted 11448
Inserted 28307
Inserted 9624
Inserted 25961
Inserted 12374
Inserted 32702
Inserted 23856
Inserted 19915
Inserted 23894
Inserted 22033
Inserted 21265
Inserted 27022
Inserted 11891
Inserted 11127
Inserted 16856
Inserted 6808
Inserted 19236
Inserted 8542
Inserted 14991
Inserted 11371
Inserted 23690
Inserted 31057
Inserted 24974
Inserted 27568
Inserted 1372
Inserted 9607
Inserted 11724
Inserted 22205
Inserted 20507
Inserted 12381
Inserted 10386
Inserted 6781
Inserted 2925
Inserted 4383
Inserted 13449
Inserted 28681
Inserted 12184
Inserted 14335
Inserted 15505
Inserted 28804
Inserted 7972
Inserted 30663
Inserted 13914
Inserted 19252
Inserted 13833
Inserted 5713
Inserted 28926
Inserted 809
Inserted 827
Inserted 15803
Inserted 15143
Inserted 6584
Inserted 21552
Inserted 9082
Inserted 25978
Inserted 18181
Inserted 9106
Inserted 17568
Inserted 16136
Inserted 392
Inserted 27639
Inserted 27291
Inserted 5133
Inserted 8247
Inserted 5029
Inserted 29320
Inserted 26504
Inserted 10972
Inserted 11991
Inserted 3551
Inserted 18799
Inserted 22681
Inserted 8924
Inserted 32431
Inserted 5383
Inserted 23734
Inserted 6159
Inserted 5397
Inserted 2243
Inserted 1126
Inserted 6188
Inserted 12437
Inserted 15727
Inserted 28777
Inserted 9614
Inserted 19932
Inserted 309
Inserted 25082
Inserted 12238
Inserted 11466
Inserted 13152
Inserted 3187
Inserted 10813
Inserted 3362
Inserted 3812
Inserted 13372
Inserted 31423
Inserted 16936
Inserted 3996
Inserted 11687
Inserted 11266
Inserted 25283
Inserted 7829
Inserted 11509
Inserted 19162
Inserted 19449
Inserted 23141
Inserted 14899
Inserted 15270
Inserted 12466
Inserted 8003
Inserted 18006
Inserted 13669
Inserted 28340
Inserted 10961
Inserted 18276
Inserted 6720
Inserted 27910
Inserted 29806
Inserted 1469
Inserted 21026
Inserted 4790
Inserted 32479
Inserted 3783
Inserted 18681
Inserted 20419
Inserted 22385
Inserted 30643
Inserted 3772
Inserted 18729
Inserted 1855
Inserted 30933
Inserted 20663
Inserted 32500
Inserted 7989
Inserted 10830
Inserted 11181
Inserted 14387
Inserted 24683
Inserted 6972
Inserted 3717
Inserted 8447
Inserted 3881
Inserted 23669
Inserted 25505
Inserted 29664
Inserted 11608
Inserted 17964
Inserted 22251
Inserted 9697
Inserted 25170
Inserted 30605
Inserted 25013
Inserted 3492
Inserted 17221
Inserted 19145
Inserted 1655
Inserted 23375
Inserted 1210
Inserted 1462
Inserted 27071
Inserted 10036
Inserted 29799
Inserted 1005
Inserted 1789
Inserted 11223
Inserted 24280
Inserted 29849
Inserted 21346
Inserted 29114
Inserted 3741
Inserted 17672
Inserted 21236
Inserted 29427
Inserted 6203
Inserted 24275
Inserted 28009
Inserted 31251
Inserted 4487
Inserted 7875
Inserted 6261
Inserted 19453
Inserted 3888
Inserted 28084
Inserted 19191
Inserted 1420
Inserted 12129
Inserted 24719
Inserted 31452
Inserted 30544
Inserted 19488
Inserted 20200
Inserted 919
Inserted 11365
Inserted 9114
Inserted 22164
Inserted 27526
Inserted 31741
Inserted 4580
Inserted 32601
Inserted 30746
Inserted 28176
Inserted 12014
Inserted 20476
Inserted 12327
Inserted 13644
Inserted 16402
Inserted 29682
Inserted 20740
Inserted 14634
Inserted 5916
Inserted 28196
Inserted 9891
Inserted 32018
Inserted 4079
Inserted 4875
Inserted 14765
Inserted 30139
Inserted 13219
Inserted 899
Inserted 2022
Inserted 24532
Inserted 484
Inserted 1679
Inserted 5676
Inserted 6473
Inserted 5900
Inserted 5913
Inserted 27073
Inserted 21135
Inserted 14421
Inserted 24951
Inserted 2375
Inserted 8488
Inserted 22576
Inserted 20213
Inserted 14479
Inserted 11642
Inserted 9045
Inserted 26014
Inserted 3620
Inserted 30109
Inserted 16007
Inserted 8167
Inserted 15163
Inserted 24198
Inserted 26993
Inserted 16639
Inserted 21560
Inserted 26167
Inserted 26474
Inserted 12317
Inserted 17813
Inserted 31487
Inserted 17238
Inserted 11618
Inserted 26555
Inserted 13367
Inserted 21617
Inserted 966
Inserted 23276
Inserted 3972
Inserted 30018
Inserted 25417
Inserted 1215
Inserted 25101
Inserted 12994
Inserted 18603
Inserted 1317
Inserted 19704
Inserted 31000
Inserted 23224
Inserted 13951
Inserted 31616
Inserted 16665
Inserted 32209
Inserted 19901
Inserted 8039
Inserted 25868
Inserted 22152
Inserted 11197
Inserted 4342
Inserted 27335
Inserted 18497
Inserted 26388
Inserted 32533
Inserted 7344
Inserted 18972
Inserted 24020
Inserted 6253
Inserted 30008
Inserted 2571
Inserted 28767
Inserted 11419
Inserted 20862
Inserted 8343
Inserted 31972
Inserted 28541
Inserted 32210
Inserted 9910
Inserted 15326
Inserted 30625
Inserted 24979
Inserted 32749
Inserted 570
Inserted 4809
Inserted 26562
Inserted 886
Inserted 8054
Inserted 15502
Inserted 9750
Inserted 18617
Inserted 12187
Inserted 6480
Inserted 15199
Inserted 6358
Inserted 8901
Inserted 32485
Inserted 30093
Inserted 14254
Inserted 14722
Inserted 6038
Inserted 24069
Inserted 3264
Inserted 10593
Inserted 17928
Inserted 4573
Inserted 8659
Inserted 14873
Inserted 19309
Inserted 25215
Inserted 23287
Inserted 6080
Inserted 19358
Inserted 17442
Inserted 32569
Inserted 19646
Inserted 21483
Inserted 20010
Inserted 15237
Inserted 20886
Inserted 2540
Inserted 27464
Inserted 1681
Inserted 602
Inserted 2903
Inserted 16056
Inserted 3622
Inserted 26569
Inserted 12073
Inserted 26221
Inserted 5320
Inserted 19863
Inserted 27693
Inserted 6941
Inserted 5930
Inserted 32012
Inserted 2465
Inserted 28125
Inserted 21500
Inserted 6535
Inserted 21476
Inserted 29764
Inserted 25428
Inserted 29534
Inserted 305
Inserted 19517
Inserted 28901
Inserted 18486
Inserted 3721
Inserted 539
Inserted 19495
Inserted 30224
Inserted 8374
Inserted 32524
Inserted 26798
Inserted 20760
Inserted 4541
Inserted 31229
Inserted 13985
Inserted 23035
Inserted 23535
Inserted 19834
Inserted 8776
Inserted 5117
Inserted 8122
Inserted 23902
Inserted 31248
Inserted 21690
Inserted 3869
Inserted 5530
Inserted 28714
Inserted 10754
Inserted 30091
Inserted 12835
Inserted 16719
Inserted 7664
Inserted 5698
Inserted 16619
Inserted 6316
Inserted 17181
Inserted 22426
Inserted 9188
Inserted 15471
Inserted 9559
Inserted 5171
Inserted 26589
Inserted 11778
Inserted 20034
Inserted 16366
Inserted 2531
Inserted 8868
Inserted 21635
Inserted 15308
Inserted 18196
Inserted 18426
Inserted 24635
Inserted 31407
Inserted 18676
Inserted 18694
Inserted 9935
Inserted 22492
Inserted 26360
Inserted 11214
Inserted 26028
Inserted 27470
Inserted 24184
Inserted 6013
Inserted 15038
Inserted 25509
Inserted 19809
Inserted 18899
Inserted 11112
Inserted 15031
Inserted 18623
Inserted 22130
Inserted 622
Inserted 24962
Inserted 6490
Inserted 14346
Inserted 20470
Inserted 13302
Inserted 25181
Inserted 17141
Inserted 10708
Inserted 10353
Inserted 27897
Inserted 32713
Inserted 21103
Inserted 28248
Inserted 31664
Inserted 30819
Inserted 2587
Inserted 19976
Inserted 4754
Inserted 15362
Inserted 31484
Inserted 9263
Inserted 20859
Inserted 28521
Inserted 257
Inserted 7256
Inserted 16011
Inserted 7032
Inserted 12320
Inserted 25912
Inserted 30237
Inserted 1157
Inserted 15336
Inserted 24253
Inserted 23245
Inserted 16999
Inserted 5404
Inserted 1127
Inserted 30121
Inserted 13934
Inserted 5660
Inserted 9247
Inserted 21853
Inserted 20215
Inserted 27078
Inserted 12486
Inserted 14328
Inserted 13341
Inserted 30523
Inserted 30311
Inserted 15284
Inserted 20899
Inserted 10885
Inserted 21076
Inserted 27527
Inserted 20697
Inserted 28077
Inserted 20840
Inserted 24609
Inserted 4586
Inserted 23756
Inserted 13166
Inserted 25994
Inserted 27929
Inserted 425
Inserted 11624
Inserted 10899
Inserted 27944
Inserted 2201
Inserted 6249
Inserted 24449
Inserted 29332
Inserted 13523
Inserted 24950
Inserted 4870
Inserted 28378
Inserted 13117
Inserted 3773
Inserted 15427
Inserted 5268
Inserted 4943
Inserted 6779
Inserted 15536
Inserted 30255
Inserted 2827
Inserted 16633
Inserted 1490
Inserted 29034
Inserted 21621
Inserted 28251
Inserted 32712
Inserted 27247
Inserted 2786
Inserted 28705
Inserted 19185
Inserted 11253
Inserted 31831
Inserted 1245
Inserted 6653
Inserted 13607
Inserted 17998
Inserted 5402
Inserted 17469
Inserted 20774
Inserted 25148
Inserted 1506
Inserted 17205
Inserted 12612
Inserted 30126
Inserted 15232
Inserted 30525
Inserted 2148
Inserted 15099
Inserted 17020
Inserted 26214
Inserted 25545
Inserted 29083
Inserted 21796
Inserted 25555
Inserted 14370
Inserted 20493
Inserted 27271
Inserted 1358
Inserted 4563
Inserted 9193
Inserted 5892
Inserted 11402
Inserted 7847
Inserted 3735
Inserted 1990
Inserted 24111
Inserted 11078
Inserted 18751
Inserted 8349
Inserted 12932
Inserted 9979
Inserted 19594
Inserted 149
Inserted 6879
Inserted 31145
Inserted 31456
Inserted 29556
Inserted 21888
Inserted 16948
Inserted 15772
Inserted 1468
Inserted 14501
Inserted 3710
Inserted 20454
Inserted 22209
Inserted 25895
Inserted 27767
Inserted 12661
Inserted 18107
Inserted 26673
Inserted 14661
Inserted 12976
Inserted 9934
Inserted 31846
Inserted 27707
Inserted 21784
Inserted 14846
Inserted 14318
Inserted 2991
Inserted 16306
Inserted 12972
Inserted 29057
Inserted 21749
Inserted 3249
Inserted 27103
Inserted 28095
Inserted 15472
Inserted 28846
Inserted 15733
Inserted 13725
Inserted 32553
Inserted 9947
Inserted 27759
Inserted 22093
Inserted 1762
Inserted 2901
Inserted 27595
Inserted 4785
Inserted 30087
Inserted 8717
Inserted 28485
Inserted 20211
Inserted 22552
Inserted 11903
Inserted 26472
Inserted 15450
Inserted 14631
Inserted 30435
Inserted 32554
Inserted 5846
Inserted 23755
Inserted 30319
Inserted 28360
Inserted 31323
Inserted 21120
Inserted 7386
Inserted 8365
Inserted 15683
Inserted 19802
Inserted 17921
Inserted 27191
Inserted 29920
Inserted 5375
Inserted 30681
Inserted 25991
Inserted 16537
Inserted 10655
Inserted 23664
Inserted 31268
Inserted 30346
Inserted 13556
Inserted 32118
Inserted 4235
Inserted 9042
Inserted 14118
Inserted 12052
Inserted 5416
Inserted 24489
Inserted 18578
Inserted 31946
Inserted 20040
Inserted 29383
Inserted 14331
Inserted 815
Inserted 32395
Inserted 4033
Inserted 18325
Inserted 16499
Inserted 22432
Inserted 196
Inserted 26401
Inserted 1298
Inserted 29839
Inserted 1352
Inserted 15166
Inserted 3549
Inserted 14291
Inserted 17629
Inserted 19278
Inserted 10738
Inserted 12456
Inserted 18510
Inserted 18965
Inserted 7582
Inserted 16959
Inserted 14866
Inserted 14473
Inserted 31885
Inserted 12082
Inserted 9315
Inserted 16870
Inserted 17613
Inserted 12891
Inserted 8643
Inserted 17804
Inserted 6962
Inserted 28834
Inserted 10025
Inserted 27763
Inserted 14537
Inserted 20459
Inserted 15838
Inserted 9865
Inserted 26696
Inserted 20525
Inserted 381
Inserted 11985
Inserted 17305
Inserted 9403
Inserted 15714
Inserted 9222
Inserted 11376
Inserted 28024
Inserted 244
Inserted 1864
Inserted 22815
Inserted 12840
Inserted 31157
Inserted 3497
Inserted 1632
Inserted 27955
Inserted 29045
Inserted 25578
Inserted 17593
Inserted 16511
Inserted 22973
Inserted 8510
Inserted 2755
Inserted 212
Inserted 18287
Inserted 30974
Inserted 5721
Inserted 29033
Inserted 4440
Inserted 26273
Inserted 29440
Inserted 11918
Inserted 25490
Inserted 25286
Inserted 10599
Inserted 12512
Inserted 14995
Inserted 28929
Inserted 18642
Inserted 27494
Inserted 25039
Inserted 24822
Inserted 13890
Inserted 27551
Inserted 28782
Inserted 31715
Inserted 18775
Inserted 13549
Inserted 4044
Inserted 22837
Inserted 3121
Inserted 5966
Inserted 13061
Inserted 22155
Inserted 10283
Inserted 25468
Inserted 2160
Inserted 9275
Inserted 2290
Inserted 23900
Inserted 14986
Inserted 19709
Inserted 21681
Inserted 27403
Inserted 14965
Inserted 21956
Inserted 20161
Inserted 3969
Inserted 32589
Inserted 6926
Inserted 6893
Inserted 7401
Inserted 4654
Inserted 29374
Inserted 8873
Inserted 10562
Inserted 26793
Inserted 25399
Inserted 12248
Inserted 16574
Inserted 29567
Inserted 13384
Inserted 5227
Inserted 31927
Inserted 6436
Inserted 13723
Inserted 30188
Inserted 29447
Inserted 27966
Inserted 31418
Inserted 11874
Inserted 17579
Inserted 1107
Inserted 141
Inserted 9622
Inserted 12117
Inserted 16971
Inserted 27114
Inserted 13717
Inserted 2330
Inserted 7448
Inserted 14964
Inserted 27432
Inserted 26216
Inserted 5503
Inserted 12212
Inserted 7025
Inserted 9881
Inserted 29865
Inserted 29646
Inserted 13392
Inserted 2861
Inserted 30386
Inserted 30244
Inserted 3099
Inserted 15759
Inserted 5208
Inserted 6602
Inserted 24673
Inserted 29242
Inserted 17116
Inserted 10175
Inserted 17176
Inserted 26886
Inserted 12478
Inserted 2236
Inserted 30911
Inserted 32281
Inserted 31882
Inserted 10997
Inserted 22672
Inserted 4151
Inserted 17547
Inserted 20347
Inserted 10498
Inserted 4822
Inserted 31985
Inserted 30673
Inserted 30140
Inserted 4581
Inserted 24120
Inserted 19336
Inserted 6654
Inserted 29942
Inserted 31942
Inserted 5794
Inserted 13252
Inserted 2865
Inserted 9666
Inserted 28212
Inserted 14271
Inserted 32364
Inserted 7430
Inserted 16727
Inserted 26280
Inserted 21927
Inserted 5097
Inserted 23718
Inserted 23433
Inserted 4037
Inserted 17058
Inserted 17976
Inserted 15131
Inserted 25438
Inserted 14759
Inserted 14840
Inserted 17194
Inserted 25633
Inserted 7278
Inserted 6630
Inserted 2760
Inserted 10153
Inserted 31720
Inserted 31093
Inserted 23449
Inserted 6934
Inserted 31308
Inserted 2591
Inserted 22388
Inserted 13597
Inserted 3293
Inserted 12455
Inserted 12999
Inserted 21177
Inserted 10140
Inserted 28026
Inserted 1935
Inserted 16169
Inserted 8150
Inserted 2843
Inserted 1984
Inserted 11672
Inserted 15189
Inserted 15747
Inserted 22465
Inserted 20912
Inserted 24472
Inserted 6399
Inserted 9303
Inserted 15859
Inserted 23655
Inserted 19902
Inserted 26467
Inserted 10542
Inserted 16219
Inserted 31485
Inserted 22778
Inserted 3073
Inserted 23623
Inserted 18847
Inserted 29358
Inserted 17260
Inserted 4538
Inserted 5247
Inserted 17843
Inserted 21825
Inserted 8979
Inserted 23962
Inserted 5384
Inserted 23077
Inserted 13465
Inserted 8826
Inserted 31019
Inserted 12853
Inserted 26941
Inserted 27837
Inserted 27633
Inserted 16841
Inserted 6622
Inserted 20885
Inserted 9658
Inserted 8836
Inserted 867
Inserted 20865
Inserted 30584
Inserted 14468
Inserted 14538
Inserted 726
Inserted 14582
Inserted 31657
Inserted 23577
Inserted 21958
Inserted 23471
Inserted 24796
Inserted 17633
Inserted 4999
Inserted 10103
Inserted 449
Inserted 10058
Inserted 25663
Inserted 2614
Inserted 16474
Inserted 17665
Inserted 6615
Inserted 27603
Inserted 5082
Inserted 8777
Inserted 14249
Inserted 32102
Inserted 27318
Inserted 12543
Inserted 31867
Inserted 16126
Inserted 14683
Inserted 22060
Inserted 11593
Inserted 14784
Inserted 29739
Inserted 20902
Inserted 15282
Inserted 22979
Inserted 5733
Inserted 11035
Inserted 5067
Inserted 30028
Inserted 19084
Inserted 14945
Inserted 10606
Inserted 13540
Inserted 27525
Inserted 11447
Inserted 12316
Inserted 8007
Inserted 24924
Inserted 23195
Inserted 13926
Inserted 21307
Inserted 3143
Inserted 9004
Inserted 8184
Inserted 19348
Inserted 18432
Inserted 7423
Inserted 12887
Inserted 29292
Inserted 3938
Inserted 28913
Inserted 31064
Inserted 27490
Inserted 10864
Inserted 11234
Inserted 15669
Inserted 10168
Inserted 24643
Inserted 10565
Inserted 18356
Inserted 22560
Inserted 20113
Inserted 2064
Inserted 2379
Inserted 8871
Inserted 5595
Inserted 7469
Inserted 17132
Inserted 20905
Inserted 12306
Inserted 3504
Inserted 31929
Inserted 4574
Inserted 18131
Inserted 16597
Inserted 17779
Inserted 11421
Inserted 18423
Inserted 26714
Inserted 4109
Inserted 19220
Inserted 16623
Inserted 24196
Inserted 14128
Inserted 12636
Inserted 20753
Inserted 4372
Inserted 26276
Inserted 30329
Inserted 26112
Inserted 15061
Inserted 31123
Inserted 18555
Inserted 10347
Inserted 16845
Inserted 31439
Inserted 23562
Inserted 25846
Inserted 31047
Inserted 11252
Inserted 20749
Inserted 29191
Inserted 9875
Inserted 24296
Inserted 7276
Inserted 17584
Inserted 24639
Inserted 25182
Inserted 23570
Inserted 5741
Inserted 19603
Inserted 1054
Inserted 6715
Inserted 15524
Inserted 23822
Inserted 22591
Inserted 5923
Inserted 20592
Inserted 4633
Inserted 30831
Inserted 19483
Inserted 17460
Inserted 30210
Inserted 9785
Inserted 12338
Inserted 6424
Inserted 10627
Inserted 5498
Inserted 23761
Inserted 1036
Inserted 22759
Inserted 26442
Inserted 27968
Inserted 2749
Inserted 15653
Inserted 1568
Inserted 6063
Inserted 27248
Inserted 6234
Inserted 1244
Inserted 9795
Inserted 29315
Inserted 29407
Inserted 16611
Inserted 19227
Inserted 25435
Inserted 17248
Inserted 31895
Inserted 12959
Inserted 21880
Inserted 14391
Inserted 2358
Inserted 32752
Inserted 8990
Inserted 19459
Inserted 23617
Inserted 1554
Inserted 8890
Inserted 11686
Inserted 8851
Inserted 100
Inserted 13797
Inserted 27285
Inserted 2046
Inserted 3718
Inserted 11302
Inserted 10964
Inserted 3
Inserted 10087
Inserted 30682
Inserted 4426
Inserted 17232
Inserted 2233
Inserted 17056
Inserted 14363
Inserted 9075
Inserted 14708
Inserted 19567
Inserted 30051
Inserted 17490
Inserted 20118
Inserted 3398
Inserted 17599
Inserted 32401
Inserted 27118
Inserted 24939
Inserted 7299
Inserted 22699
Inserted 23876
Inserted 16962
Inserted 22439
Inserted 32394
Inserted 5740
Inserted 21019
Inserted 30846
Inserted 4519
Inserted 15236
Inserted 2870
Inserted 27330
Inserted 27476
Inserted 24074
Inserted 6053
Inserted 25680
Inserted 9811
Inserted 3968
Inserted 10039
Inserted 7986
Inserted 12053
Inserted 9442
Inserted 8274
Inserted 30597
Inserted 22280
Inserted 4484
Inserted 16368
Inserted 14896
Inserted 13211
Inserted 8664
Inserted 24982
Inserted 11134
Inserted 23739
Inserted 15531
Inserted 19198
Inserted 5582
Inserted 15124
Inserted 4368
Inserted 7525
Inserted 22070
Inserted 14402
Inserted 3690
Inserted 16757
Inserted 8162
Inserted 11841
Inserted 29771
Inserted 29584
Inserted 20466
Inserted 5879
Inserted 24753
Inserted 7833
Inserted 9350
Inserted 29401
Inserted 20971
Inserted 25967
Inserted 15963
Inserted 26222
Inserted 9520
Inserted 14897
Inserted 13207
Inserted 3438
Inserted 10208
Inserted 1328
Inserted 9592
Inserted 2575
Inserted 12515
Inserted 24675
Inserted 31974
Inserted 18368
Inserted 7201
Inserted 32685
Inserted 543
Inserted 32336
Inserted 29728
Inserted 2813
Inserted 27641
Inserted 31400
Inserted 30668
Inserted 11559
Inserted 2333
Inserted 9578
Inserted 1585
Inserted 2676
Inserted 11391
Inserted 9455
Inserted 11957
Inserted 27538
Inserted 13295
Inserted 13125
Inserted 22390
Inserted 15534
Inserted 29914
Inserted 14266
Inserted 14242
Inserted 32323
Inserted 14209
Inserted 981
Inserted 6978
Inserted 5213
Inserted 32696
Inserted 11129
Inserted 3865
Inserted 9392
Inserted 20096
Inserted 21132
Inserted 6655
Inserted 1424
Inserted 22075
Inserted 7202
Inserted 15078
Inserted 1808
Inserted 29102
Inserted 18211
Inserted 10695
Inserted 3422
Inserted 5751
Inserted 31116
Inserted 6430
Inserted 21546
Inserted 9406
Inserted 14215
Inserted 29249
Inserted 11413
Inserted 15279
Inserted 2143
Inserted 13707
Inserted 29528
Inserted 23059
Inserted 4789
Inserted 7260
Inserted 25311
Inserted 30446
Inserted 1622
Inserted 4232
Inserted 23978
Inserted 31027
Inserted 7028
Inserted 16310
Inserted 31630
Inserted 12576
Inserted 27718
Inserted 8626
Inserted 7560
Inserted 9127
Inserted 18328
Inserted 1982
Inserted 9585
Inserted 17270
Inserted 15275
Inserted 30363
Inserted 26449
Inserted 12746
Inserted 17337
Inserted 18933
Inserted 23677
Inserted 16668
Inserted 31479
Inserted 9569
Inserted 8410
Inserted 32246
Inserted 1702
Inserted 21521
Inserted 8083
Inserted 15665
Inserted 21914
Inserted 24240
Inserted 28825
Inserted 29037
Inserted 28452
Inserted 3963
Inserted 27640
Inserted 16423
Inserted 24208
Inserted 5081
Inserted 19159
Inserted 5256
Inserted 14976
Inserted 27188
Inserted 283
Inserted 4813
Inserted 8080
Inserted 4438
Inserted 18819
Inserted 3310
Inserted 30631
Inserted 8604
Inserted 10747
Inserted 29868
Inserted 23971
Inserted 3725
Inserted 26324
Inserted 6940
Inserted 6885
Inserted 2890
Inserted 6555
Inserted 7150
Inserted 16761
Inserted 21960
Inserted 15058
Inserted 27670
Inserted 27332
Inserted 21407
Inserted 25462
Inserted 27846
Inserted 28455
Inserted 30677
Inserted 20302
Inserted 2423
Inserted 2538
Inserted 29115
Inserted 16642
Inserted 3393
Inserted 25588
Inserted 2063
Inserted 24125
Inserted 6466
Inserted 18655
Inserted 23597
Inserted 13247
Inserted 25751
Inserted 28687
Inserted 15481
Inserted 5915
Inserted 30410
Inserted 7812
Inserted 23692
Inserted 14961
Inserted 17206
Inserted 31695
Inserted 1930
Inserted 11005
Inserted 31963
Inserted 1226
Inserted 2355
Inserted 27428
Inserted 9705
Inserted 6050
Inserted 9170
Inserted 690
Inserted 30624
Inserted 8226
Inserted 1533
Inserted 7343
Inserted 9876
Inserted 21994
Inserted 32314
Inserted 31717
Inserted 11202
Inserted 15233
Inserted 8480
Inserted 6828
Inserted 19948
Inserted 8120
Inserted 21859
Inserted 612
Inserted 4094
Inserted 24075
Inserted 20331
Inserted 22451
Inserted 1488
Inserted 21004
Inserted 153
Inserted 5301
Inserted 2245
Inserted 16019
Inserted 14541
Inserted 5979
Inserted 30867
Inserted 22259
Inserted 8106
Inserted 26369
Inserted 7527
Inserted 25106
Inserted 30870
Inserted 23867
Inserted 14276
Inserted 30256
Inserted 904
Inserted 32177
Inserted 8756
Inserted 10898
Inserted 8579
Inserted 5346
Inserted 24234
Inserted 18568
Inserted 2658
Inserted 29983
Inserted 17019
Inserted 29006
Inserted 27893
Inserted 20404
Inserted 3173
Inserted 6337
Inserted 5507
Inserted 260
Inserted 8961
Inserted 17567
Inserted 10618
Inserted 9997
Inserted 22643
Inserted 4709
Inserted 8040
Inserted 32665
Inserted 10631
Inserted 27562
Inserted 20837
Inserted 7786
Inserted 14985
Inserted 1354
Inserted 28704
Inserted 31293
Inserted 14386
Inserted 30950
Inserted 9627
Inserted 20651
Inserted 30565
Inserted 28058
Inserted 31936
Inserted 1766
Inserted 3976
Inserted 7094
Inserted 27179
Inserted 15044
Inserted 2506
Inserted 11694
Inserted 2464
Inserted 17690
Inserted 29974
Inserted 28206
Inserted 22229
Inserted 8313
Inserted 13174
Inserted 23093
Inserted 15073
Inserted 3015
Inserted 2630
Inserted 7701
Inserted 21624
Inserted 27856
Inserted 32370
Inserted 20987
Inserted 13509
Inserted 20516
Inserted 19258
Inserted 11166
Inserted 13931
Inserted 20901
Inserted 2889
Inserted 11172
Inserted 28995
Inserted 32227
Inserted 19181
Inserted 2350
Inserted 26111
Inserted 12732
Inserted 27942
Inserted 7163
Inserted 25589
Inserted 16925
Inserted 17067
Inserted 19027
Inserted 1562
Inserted 27168
Inserted 26182
Inserted 21572
Inserted 17729
Inserted 10682
Inserted 28133
Inserted 11079
Inserted 1370
Inserted 28597
Inserted 2387
Inserted 18984
Inserted 25133
Inserted 15737
Inserted 5878
Inserted 28916
Inserted 30481
Inserted 2449
Inserted 24633
Inserted 27632
Inserted 23767
Inserted 10046
Inserted 1407
Inserted 20500
Inserted 13838
Inserted 1334
Inserted 30835
Inserted 25607
Inserted 10530
Inserted 3003
Inserted 32741
Inserted 23495
Inserted 23954
Inserted 19539
Inserted 25746
Inserted 23075
Inserted 23233
Inserted 8612
Inserted 22753
Inserted 3299
Inserted 25860
Inserted 195
Inserted 5888
Inserted 19
Inserted 19022
Inserted 13550
Inserted 18930
Inserted 5889
Inserted 27328
Inserted 16289
Inserted 23021
Inserted 27862
Inserted 9646
Inserted 4441
Inserted 12000
Inserted 21807
Inserted 13228
Inserted 6856
Inserted 1645
Inserted 9861
Inserted 2907
Inserted 2475
Inserted 21611
Inserted 8025
Inserted 11490
Inserted 20848
Inserted 13772
Inserted 31156
Inserted 25780
Inserted 14395
Inserted 18793
Inserted 14887
Inserted 31659
Inserted 13825
Inserted 22561
Inserted 11883
Inserted 17313
Inserted 11909
Inserted 24481
Inserted 23225
Inserted 13359
Inserted 27107
Inserted 24333
Inserted 7532
Inserted 6126
Inserted 29307
Inserted 20360
Inserted 28383
Inserted 25100
Inserted 5108
Inserted 29908
Inserted 2040
Inserted 8483
Inserted 6883
Inserted 8550
Inserted 16489
Inserted 11677
Inserted 14036
Inserted 9855
Inserted 11501
Inserted 29005
Inserted 15418
Inserted 2322
Inserted 26530
Inserted 31628
Inserted 18581
Inserted 14749
Inserted 13899
Inserted 10158
Inserted 5550
Inserted 26091
Inserted 31535
Inserted 12759
Inserted 15632
Inserted 10200
Inserted 23933
Inserted 30612
Inserted 30695
Inserted 26077
Inserted 16340
Inserted 15673
Inserted 17886
Inserted 351
Inserted 1724
Inserted 26233
Inserted 29050
Inserted 21835
Inserted 3890
Inserted 2507
Inserted 10678
Inserted 12359
Inserted 31563
Inserted 28797
Inserted 31772
Inserted 8382
Inserted 7840
Inserted 26629
Inserted 14181
Inserted 10169
Inserted 31721
Inserted 8344
Inserted 29617
Inserted 8056
Inserted 8107
Inserted 17450
Inserted 1024
Inserted 16456
Inserted 19551
Inserted 16258
Inserted 17023
Inserted 25695
Inserted 9284
Inserted 21969
Inserted 30766
Inserted 9113
Inserted 32131
Inserted 18666
Inserted 9610
Inserted 26398
Inserted 8248
Inserted 32251
Inserted 4657
Inserted 17282
Inserted 21093
Inserted 31294
Inserted 28879
Inserted 24068
Inserted 12311
Inserted 22714
Inserted 762
Inserted 26852
Inserted 24429
Inserted 25329
Inserted 14488
Inserted 410
Inserted 2629
Inserted 32186
Inserted 1653
Inserted 6928
Inserted 21367
Inserted 14625
Inserted 13506
Inserted 16498
Inserted 23643
Inserted 20721
Inserted 26367
Inserted 29820
Inserted 920
Inserted 26718
Inserted 3712
Inserted 17123
Inserted 784
Inserted 19520
Inserted 3988
Inserted 25139
Inserted 20790
Inserted 3130
Inserted 28392
Inserted 16320
Inserted 7375
Inserted 4220
Inserted 29097
Inserted 28014
Inserted 5674
Inserted 24039
Inserted 3117
Inserted 5841
Inserted 26832
Inserted 29291
Inserted 26698
Inserted 2417
Inserted 4910
Inserted 32094
Inserted 14506
Inserted 1383
Inserted 22107
Inserted 8786
Inserted 9186
Inserted 5614
Inserted 23769
Inserted 5969
Inserted 3166
Inserted 8977
Inserted 7922
Inserted 10313
Inserted 18220
Inserted 14265
Inserted 20534
Inserted 22472
Inserted 24935
Inserted 11211
Inserted 27
Inserted 30070
Inserted 9823
Inserted 7927
Inserted 17750
Inserted 10225
Inserted 25831
Inserted 21872
Inserted 14789
Inserted 2210
Inserted 11323
Inserted 5544
Inserted 8205
Inserted 17057
Inserted 12987
Inserted 13721
Inserted 25455
Inserted 26321
Inserted 28335
Inserted 17640
Inserted 387
Inserted 28441
Inserted 27081
Inserted 3692
Inserted 30138
Inserted 12628
Inserted 21957
Inserted 12395
Inserted 4243
Inserted 11357
Inserted 6222
Inserted 6075
Inserted 672
Inserted 29770
Inserted 29495
Inserted 12652
Inserted 7878
Inserted 24866
Inserted 20251
Inserted 23247
Inserted 23136
Inserted 26689
Inserted 23243
Inserted 8627
Inserted 26785
Inserted 27052
Inserted 12718
Inserted 12781
Inserted 22412
Inserted 20810
Inserted 19241
Inserted 29553
Inserted 31239
Inserted 14514
Inserted 4827
Inserted 9043
Inserted 13983
Inserted 6275
Inserted 16787
Inserted 23906
Inserted 17914
Inserted 7077
Inserted 13694
Inserted 32695
Inserted 20900
Inserted 18171
Inserted 14559
Inserted 12057
Inserted 22161
Inserted 25774
Inserted 3465
Inserted 11541
Inserted 32334
Inserted 20690
Inserted 11995
Inserted 23753
Inserted 13233
Inserted 22533
Inserted 15205
Inserted 27501
Inserted 32027
Inserted 10077
Inserted 29282
Inserted 30483
Inserted 26570
Inserted 30877
Inserted 28431
Inserted 28109
Inserted 15135
Inserted 1845
Inserted 19356
Inserted 4562
Inserted 14989
Inserted 14614
Inserted 25598
Inserted 2758
Inserted 22173
Inserted 202
Inserted 30268
Inserted 12773
Inserted 2279
Inserted 6843
Inserted 6678
Inserted 18505
Inserted 15782
Inserted 12910
Inserted 30350
Inserted 7924
Inserted 4851
Inserted 599
Inserted 1195
Inserted 11454
Inserted 30374
Inserted 13001
Inserted 29169
Inserted 16869
Inserted 30389
Inserted 718
Inserted 20579
Inserted 21348
Inserted 11046
Inserted 20439
Inserted 11003
Inserted 27145
Inserted 10668
Inserted 6639
Inserted 32559
Inserted 24654
Inserted 28308
Inserted 2293
Inserted 25461
Inserted 14684
Inserted 29473
Inserted 13239
Inserted 12501
Inserted 24385
Inserted 16162
Inserted 14678
Inserted 3965
Inserted 25747
Inserted 28451
Inserted 16552
Inserted 14521
Inserted 32000
Inserted 11241
Inserted 20873
Inserted 19533
Inserted 9031
Inserted 12356
Inserted 4932
Inserted 23789
Inserted 14170
Inserted 22875
Inserted 18306
Inserted 22754
Inserted 7658
Inserted 13742
Inserted 10824
Inserted 31945
Inserted 30785
Inserted 11631
Inserted 9759
Inserted 8423
Inserted 34
Inserted 20497
Inserted 18074
Inserted 27193
Inserted 5417
Inserted 6840
Inserted 7279
Inserted 31736
Inserted 21674
Inserted 10380
Inserted 29557
Inserted 31071
Inserted 19167
Inserted 32279
Inserted 21529
Inserted 13849
Inserted 20994
Inserted 9323
Inserted 12244
Inserted 2747
Inserted 24086
Inserted 32468
Inserted 1181
Inserted 31020
Inserted 32527
Inserted 28068
Inserted 1946
Inserted 1777
Inserted 19060
Inserted 21219
Inserted 6755
Inserted 16411
Inserted 22257
Inserted 9419
Inserted 13049
Inserted 28158
Inserted 11570
Inserted 11996
Inserted 6657
Inserted 24137
Inserted 29529
Inserted 15795
Inserted 7351
Inserted 15147
Inserted 31107
Inserted 19255
Inserted 13953
Inserted 16548
Inserted 19507
Inserted 13793
Inserted 23045
Inserted 14492
Inserted 8864
Inserted 16114
Inserted 12897
Inserted 5843
Inserted 7496
Inserted 13788
Inserted 25844
Inserted 30983
Inserted 22453
Inserted 18895
Inserted 30709
Inserted 32358
Inserted 9833
Inserted 25132
Inserted 12453
Inserted 5113
Inserted 24368
Inserted 6696
Inserted 5592
Inserted 4936
Inserted 24896
Inserted 11063
Inserted 26074
Inserted 1148
Inserted 156
Inserted 15468
Inserted 27110
Inserted 4265
Inserted 25003
Inserted 12099
Inserted 11856
Inserted 15516
Inserted 10176
Inserted 28843
Inserted 26260
Inserted 31326
Inserted 24028
Inserted 20277
Inserted 13981
Inserted 20358
Inserted 7143
Inserted 24877
Inserted 30589
Inserted 14447
Inserted 27235
Inserted 26491
Inserted 7890
Inserted 8012
Inserted 13968
Inserted 942
Inserted 18278
Inserted 24668
Inserted 21090
Inserted 15994
Inserted 18215
Inserted 1980
Inserted 6206
Inserted 31335
Inserted 14731
Inserted 31184
Inserted 32228
Inserted 8684
Inserted 10775
Inserted 27391
Inserted 30750
Inserted 18076
Inserted 5981
Inserted 19787
Inserted 29755
Inserted 12884
Inserted 28793
Inserted 19157
Inserted 32179
Inserted 562
Inserted 2753
Inserted 13204
Inserted 10597
Inserted 7942
Inserted 15935
Inserted 13363
Inserted 19031
Inserted 26888
Inserted 15357
Inserted 27488
Inserted 3905
Inserted 21212
Inserted 19906
Inserted 1464
Inserted 24543
Inserted 27561
Inserted 7069
Inserted 1560
Inserted 25190
Inserted 26551
Inserted 21848
Inserted 1130
Inserted 23800
Inserted 6707
Inserted 24403
Inserted 716
Inserted 12750
Inserted 10306
Inserted 14210
Inserted 17362
Inserted 17110
Inserted 1205
Inserted 1327
Inserted 10557
Inserted 20225
Inserted 4820
Inserted 12838
Inserted 18391
Inserted 26230
Inserted 587
Inserted 29239
Inserted 21012
Inserted 12766
Inserted 25949
Inserted 17955
Inserted 11881
Inserted 28025
Inserted 23892
Inserted 31607
Inserted 24824
Inserted 14157
Inserted 16161
Inserted 15792
Inserted 1359
Inserted 4067
Inserted 1001
Inserted 5548
Inserted 6869
Inserted 13453
Inserted 28668
Inserted 31204
Inserted 22343
Inserted 32230
Inserted 3727
Inserted 17658
Inserted 17382
Inserted 8267
Inserted 2155
Inserted 13626
Inserted 19183
Inserted 5533
Inserted 2259
Inserted 27082
Inserted 13543
Inserted 8589
Inserted 11714
Inserted 8260
Inserted 1801
Inserted 3619
Inserted 30113
Inserted 14622
Inserted 12157
Inserted 5343
Inserted 15488
Inserted 3697
Inserted 12821
Inserted 28641
Inserted 19075
Inserted 27094
Inserted 13
Inserted 23890
Inserted 19346
Inserted 25943
Inserted 17487
Inserted 8893
Inserted 22050
Inserted 24356
Inserted 25194
Inserted 21088
Inserted 22231
Inserted 22858
Inserted 15020
Inserted 13702
Inserted 11749
Inserted 17308
Inserted 9552
Inserted 26336
Inserted 32321
Inserted 27141
Inserted 14987
Inserted 14389
Inserted 15139
Inserted 2010
Inserted 7421
Inserted 8950
Inserted 29327
Inserted 10244
Inserted 30590
Inserted 3270
Inserted 12050
Inserted 22840
Inserted 17310
Inserted 29269
Inserted 5709
Inserted 27825
Inserted 15614
Inserted 7273
Inserted 14366
Inserted 3837
Inserted 21788
Inserted 27540
Inserted 5746
Inserted 27163
Inserted 19334
Inserted 10074
Inserted 32504
Inserted 24112
Inserted 17297
Inserted 16172
Inserted 29348
Inserted 25237
Inserted 18195
Inserted 14956
Inserted 4009
Inserted 28408
Inserted 6672
Inserted 644
Inserted 6493
Inserted 16898
Inserted 3139
Inserted 18802
Inserted 12025
Inserted 20750
Inserted 23086
Inserted 29692
Inserted 16275
Inserted 29989
Inserted 11434
Inserted 29107
Inserted 26092
Inserted 11179
Inserted 13801
Inserted 5666
Inserted 2743
Inserted 9261
Inserted 12107
Inserted 28973
Inserted 14152
Inserted 30271
Inserted 24133
Inserted 24892
Inserted 3808
Inserted 10065
Inserted 12490
Inserted 13464
Inserted 13225
Inserted 30666
Inserted 32307
Inserted 12441
Inserted 30119
Inserted 10270
Inserted 17929
Inserted 28853
Inserted 3356
Inserted 32157
Inserted 18145
Inserted 5224
Inserted 22198
Inserted 28581
Inserted 17142
Inserted 647
Inserted 19996
Inserted 28546
Inserted 7295
Inserted 7170
Inserted 19977
Inserted 7473
Inserted 19469
Inserted 2329
Inserted 3236
Inserted 18529
Inserted 16904
Inserted 724
Inserted 8117
Inserted 4468
Inserted 22700
Inserted 22810
Inserted 4933
Inserted 30901
Inserted 30917
Inserted 20124
Inserted 32156
Inserted 20490
Inserted 16846
Inserted 29613
Inserted 19095
Inserted 7397
Inserted 8337
Inserted 6258
Inserted 6023
Inserted 14878
Inserted 23500
Inserted 65
Inserted 31359
Inserted 27830
Inserted 9573
Inserted 20147
Inserted 27812
Inserted 11561
Inserted 18922
Inserted 21676
Inserted 8969
Inserted 24576
Inserted 8414
Inserted 15048
Inserted 15722
Inserted 9991
Inserted 10693
Inserted 30136
Inserted 15753
Inserted 11622
Inserted 29437
Inserted 20830
Inserted 26881
Inserted 29283
Inserted 13331
Inserted 4502
Inserted 10108
Inserted 15051
Inserted 30444
Inserted 21462
Inserted 11218
Inserted 11884
Inserted 4191
Inserted 16271
Inserted 11660
Inserted 23261
Inserted 30851
Inserted 20449
Inserted 6011
Inserted 28367
Inserted 6814
Inserted 3389
Inserted 31271
Inserted 10318
Inserted 24460
Inserted 25583
Inserted 8784
Inserted 28500
Inserted 30716
Inserted 31714
Inserted 17992
Inserted 21239
Inserted 8540
Inserted 17479
Inserted 23149
Inserted 20537
Inserted 24185
Inserted 3979
Inserted 3397
Inserted 20191
Inserted 32224
Inserted 477
Inserted 30768
Inserted 21712
Inserted 14869
Inserted 9402
Inserted 30711
Inserted 9545
Inserted 20909
Inserted 23352
Inserted 5825
Inserted 4954
Inserted 19845
Inserted 23627
Inserted 18566
Inserted 3828
Inserted 5083
Inserted 14851
Inserted 21309
Inserted 14341
Inserted 10973
Inserted 28078
Inserted 17035
Inserted 7762
Inserted 31516
Inserted 18247
Inserted 6873
Inserted 23593
Inserted 6088
Inserted 24553
Inserted 24952
Inserted 7253
Inserted 28199
Inserted 29098
Inserted 14579
Inserted 31128
Inserted 19288
Inserted 15794
Inserted 19381
Inserted 8718
Inserted 11339
Inserted 17516
Inserted 31600
Inserted 23652
Inserted 2177
Inserted 25105
Inserted 19165
Inserted 19615
Inserted 14299
Inserted 30160
Inserted 2407
Inserted 246
Inserted 8021
Inserted 21282
Inserted 31486
Inserted 9430
Inserted 13650
Inserted 29477
Inserted 12420
Inserted 7999
Inserted 3371
Inserted 18047
Inserted 25414
Inserted 24131
Inserted 3263
Inserted 29171
Inserted 20259
Inserted 20593
Inserted 26025
Inserted 12337
Inserted 13880
Inserted 28377
Inserted 17087
Inserted 6729
Inserted 16826
Inserted 30241
Inserted 13046
Inserted 31205
Inserted 10861
Inserted 15811
Inserted 3967
Inserted 12926
Inserted 14891
Inserted 2232
Inserted 26497
Inserted 5968
Inserted 32383
Inserted 12007
Inserted 3634
Inserted 20984
Inserted 27890
Inserted 5207
Inserted 3297
Inserted 21055
Inserted 32465
Inserted 3148
Inserted 28474
Inserted 3379
Inserted 23721
Inserted 9742
Inserted 26486
Inserted 23558
Inserted 8061
Inserted 1172
Inserted 29792
Inserted 27017
Inserted 28439
Inserted 23329
Inserted 24023
Inserted 25262
Inserted 6089
Inserted 14936
Inserted 8821
Inserted 27356
Inserted 28296
Inserted 3801
Inserted 30604
Inserted 29218
Inserted 12023
Inserted 22266
Inserted 29047
Inserted 4916
Inserted 7159
Inserted 7293
Inserted 4300
Inserted 19530
Inserted 15909
Inserted 17514
Inserted 6354
Inserted 27226
Inserted 28374
Inserted 10265
Inserted 2570
Inserted 6651
Inserted 9481
Inserted 21619
Inserted 13385
Inserted 28787
Inserted 14588
Inserted 8424
Inserted 21003
Inserted 13338
Inserted 3221
Inserted 5118
Inserted 10931
Inserted 13071
Inserted 27131
Inserted 1414
Inserted 4414
Inserted 12604
Inserted 19560
Inserted 12757
Inserted 8426
Inserted 1265
Inserted 15311
Inserted 9187
Inserted 25776
Inserted 22284
Inserted 6434
Inserted 25518
Inserted 7680
Inserted 25889
Inserted 18725
Inserted 16339
Inserted 18121
Inserted 17603
Inserted 22638
Inserted 4375
Inserted 10883
Inserted 31987
Inserted 4444
Inserted 13068
Inserted 15924
Inserted 30543
Inserted 17145
Inserted 13590
Inserted 15570
Inserted 28961
Inserted 28523
Inserted 28017
Inserted 18786
Inserted 5731
Inserted 2130
Inserted 10190
Inserted 17195
Inserted 7791
Inserted 8952
Inserted 22201
Inserted 14726
Inserted 24475
Inserted 18929
Inserted 26383
Inserted 9537
Inserted 8692
Inserted 17659
Inserted 7958
Inserted 9342
Inserted 21058
Inserted 3903
Inserted 22301
Inserted 24247
Inserted 5682
Inserted 22792
Inserted 20678
Inserted 19506
Inserted 25046
Inserted 14561
Inserted 3216
Inserted 11621
Inserted 23808
Inserted 15993
Inserted 16206
Inserted 26615
Inserted 31249
Inserted 6042
Inserted 3385
Inserted 4384
Inserted 5656
Inserted 3581
Inserted 23749
Inserted 25331
Inserted 13235
Inserted 6500
Inserted 8099
Inserted 14177
Inserted 11647
Inserted 26040
Inserted 11969
Inserted 14772
Inserted 32458
Inserted 19877
Inserted 27196
Inserted 24289
Inserted 2190
Inserted 23762
Inserted 19306
Inserted 3754
Inserted 25665
Inserted 12273
Inserted 22001
Inserted 29619
Inserted 25206
Inserted 30773
Inserted 14039
Inserted 4483
Inserted 2616
Inserted 6806
Inserted 24358
Inserted 22891
Inserted 16560
Inserted 18547
Inserted 20518
Inserted 17784
Inserted 7288
Inserted 7465
Inserted 16484
Inserted 24664
Inserted 15486
Inserted 30753
Inserted 24682
Inserted 9048
Inserted 14384
Inserted 28388
Inserted 5611
Inserted 30999
Inserted 4536
Inserted 12721
Inserted 27469
Inserted 26370
Inserted 8289
Inserted 4022
Inserted 184
Inserted 21590
Inserted 4510
Inserted 24985
Inserted 28048
Inserted 811
Inserted 20784
Inserted 14399
Inserted 30123
Inserted 26949
Inserted 31679
Inserted 13347
Inserted 11890
Inserted 27068
Inserted 31691
Inserted 20716
Inserted 31235
Inserted 19903
Inserted 13248
Inserted 15746
Inserted 2142
Inserted 23541
Inserted 6074
Inserted 19308
Inserted 31983
Inserted 2612
Inserted 12027
Inserted 29076
Inserted 5661
Inserted 11741
Inserted 32567
Inserted 15094
Inserted 15921
Inserted 3708
Inserted 22751
Inserted 9839
Inserted 6310
Inserted 17167
Inserted 24301
Inserted 11030
Inserted 19770
Inserted 19409
Inserted 5473
Inserted 2902
Inserted 12085
Inserted 9345
Inserted 12704
Inserted 7315
Inserted 8290
Inserted 7893
Inserted 18817
Inserted 21138
Inserted 27655
Inserted 17706
Inserted 15749
Inserted 28393
Inserted 23237
Inserted 29516
Inserted 27007
Inserted 10940
Inserted 3648
Inserted 10149
Inserted 7217
Inserted 18272
Inserted 15501
Inserted 102
Inserted 956
Inserted 5469
Inserted 15209
Inserted 22112
Inserted 8773
Inserted 10722
Inserted 4292
Inserted 26464
Inserted 16111
Inserted 11204
Inserted 8991
Inserted 18900
Inserted 31609
Inserted 16299
Inserted 32348
Inserted 18557
Inserted 26930
Inserted 21174
Inserted 32708
Inserted 22652
Inserted 11085
Inserted 17476
Inserted 31188
Inserted 22839
Inserted 17663
Inserted 19117
Inserted 13179
Inserted 23289
Inserted 11119
Inserted 22893
Inserted 21694
Inserted 26782
Inserted 6773
Inserted 32699
Inserted 4314
Inserted 6776
Inserted 24806
Inserted 5528
Inserted 26650
Inserted 21406
Inserted 2286
Inserted 8841
Inserted 7029
Inserted 11163
Inserted 7106
Inserted 28952
Inserted 16990
Inserted 26313
Inserted 15108
Inserted 17999
Inserted 7757
Inserted 29266
Inserted 27061
Inserted 28269
Inserted 4462
Inserted 22664
Inserted 18376
Inserted 12362
Inserted 31525
Inserted 6012
Inserted 23369
Inserted 17222
Inserted 24743
Inserted 10276
Inserted 16492
Inserted 10499
Inserted 29253
Inserted 18386
Inserted 18299
Inserted 19715
Inserted 29030
Inserted 25609
Inserted 3368
Inserted 28003
Inserted 17537
Inserted 12688
Inserted 27413
Inserted 13162
Inserted 28706
Inserted 9951
Inserted 4810
Inserted 15238
Inserted 26740
Inserted 7808
Inserted 26818
Inserted 17488
Inserted 27901
Inserted 28962
Inserted 16785
Inserted 27420
Inserted 22909
Inserted 15013
Inserted 16480
Inserted 21274
Inserted 13618
Inserted 10558
Inserted 22273
Inserted 32545
Inserted 19518
Inserted 5972
Inserted 5205
Inserted 12087
Inserted 25297
Inserted 19830
Inserted 23125
Inserted 13690
Inserted 9723
Inserted 9362
Inserted 32526
Inserted 12609
Inserted 29951
Inserted 16260
Inserted 6291
Inserted 29929
Inserted 26396
Inserted 4887
Inserted 10325
Inserted 2683
Inserted 23358
Inserted 17438
Inserted 11457
Inserted 23003
Inserted 9074
Inserted 32449
Inserted 21629
Inserted 3188
Inserted 5013
Inserted 22872
Inserted 21601
Inserted 7516
Inserted 20172
Inserted 26969
Inserted 15513
Inserted 9226
Inserted 27261
Inserted 32646
Inserted 20218
Inserted 1110
Inserted 20985
Inserted 32543
Inserted 14398
Inserted 24841
Inserted 1565
Inserted 32175
Inserted 5618
Inserted 9620
Inserted 17723
Inserted 25552
Inserted 31529
Inserted 16571
Inserted 910
Inserted 19067
Inserted 26317
Inserted 10715
Inserted 394
Inserted 22539
Inserted 6908
Inserted 29568
Inserted 3206
Inserted 15950
Inserted 29240
Inserted 23270
Inserted 8170
Inserted 19085
Inserted 22098
Inserted 21606
Inserted 14196
Inserted 27024
Inserted 26988
Inserted 9807
Inserted 14309
Inserted 28122
Inserted 9506
Inserted 31634
Inserted 11804
Inserted 5428
Inserted 3344
Inserted 14033
Inserted 7172
Inserted 6837
Inserted 13903
Inserted 29607
Inserted 27456
Inserted 30099
Inserted 2466
Inserted 30962
Inserted 22788
Inserted 11353
Inserted 1171
Inserted 8601
Inserted 15655
Inserted 30089
Inserted 17821
Inserted 17565
Inserted 26042
Inserted 6100
Inserted 9930
Inserted 10820
Inserted 26790
Inserted 14239
Inserted 16118
Inserted 1492
Inserted 2932
Inserted 30660
Inserted 4054
Inserted 20890
Inserted 30236
Inserted 29257
Inserted 19166
Inserted 6099
Inserted 21775
Inserted 9017
Inserted 32626
Inserted 4479
Inserted 8176
Inserted 1079
Inserted 22316
Inserted 21582
Inserted 1131
Inserted 23934
Inserted 23486
Inserted 8865
Inserted 26160
Inserted 19310
Inserted 18703
Inserted 11538
Inserted 8981
Inserted 27229
Inserted 29270
Inserted 29864
Inserted 25471
Inserted 25748
Inserted 17468
Inserted 31151
Inserted 32764
Inserted 7954
Inserted 30966
Inserted 27202
Inserted 10480
Inserted 13473
Inserted 14707
Inserted 4716
Inserted 25765
Inserted 26611
Inserted 20422
Inserted 22627
Inserted 17664
Inserted 17427
Inserted 74
Inserted 27406
Inserted 27304
Inserted 24040
Inserted 7022
Inserted 14194
Inserted 19888
Inserted 30924
Inserted 12469
Inserted 12270
Inserted 31158
Inserted 24300
Inserted 27213
Inserted 16074
Inserted 20275
Inserted 24978
Inserted 14071
Inserted 15070
Inserted 9668
Inserted 16857
Inserted 20662
Inserted 29483
Inserted 973
Inserted 25586
Inserted 8320
Inserted 9160
Inserted 5865
Inserted 29245
Inserted 27994
Inserted 26519
Inserted 13457
Inserted 9133
Inserted 11596
Inserted 10520
Inserted 31478
Inserted 26019
Inserted 6605
Inserted 9371
Inserted 27203
Inserted 5523
Inserted 18404
Inserted 31062
Inserted 19050
Inserted 23540
Inserted 24412
Inserted 14856
Inserted 16728
Inserted 26996
Inserted 18757
Inserted 223
Inserted 1873
Inserted 18289
Inserted 19432
Inserted 3505
Inserted 17936
Inserted 4041
Inserted 19012
Inserted 21147
Inserted 11342
Inserted 16664
Inserted 26586
Inserted 6600
Inserted 21281
Inserted 15712
Inserted 29807
Inserted 22331
Inserted 30455
Inserted 5430
Inserted 4155
Inserted 1430
Inserted 1293
Inserted 15892
Inserted 29817
Inserted 21084
Inserted 2351
Inserted 28578
Inserted 18210
Inserted 11960
Inserted 13403
Inserted 27536
Inserted 7329
Inserted 736
Inserted 29756
Inserted 28511
Inserted 22243
Inserted 28264
Inserted 12583
Inserted 18747
Inserted 6461
Inserted 7908
Inserted 3791
Inserted 15002
Inserted 8878
Inserted 23925
Inserted 9911
Inserted 21032
Inserted 32250
Inserted 20602
Inserted 714
Inserted 16963
Inserted 800
Inserted 32240
Inserted 5442
Inserted 19063
Inserted 16907
Inserted 15276
Inserted 12828
Inserted 30267
Inserted 1945
Inserted 9351
Inserted 12049
Inserted 30152
Inserted 4856
Inserted 15156
Inserted 308
Inserted 31874
Inserted 6511
Inserted 4214
Inserted 20005
Inserted 11476
Inserted 5908
Inserted 11072
Inserted 31905
Inserted 16294
Inserted 15598
Inserted 22923
Inserted 17204
Inserted 7192
Inserted 28745
Inserted 21719
Inserted 9662
Inserted 18562
Inserted 14245
Inserted 4429
Inserted 17084
Inserted 11282
Inserted 5112
Inserted 17757
Inserted 27516
Inserted 708
Inserted 1675
Inserted 17986
Inserted 3266
Inserted 26239
Inserted 18749
Inserted 26147
Inserted 17651
Inserted 768
Inserted 3032
Inserted 18834
Inserted 24500
Inserted 14008
Inserted 8622
Inserted 24825
Inserted 9250
Inserted 20684
Inserted 12245
Inserted 30217
Inserted 2995
Inserted 6094
Inserted 501
Inserted 1612
Inserted 27937
Inserted 2940
Inserted 10017
Inserted 12572
Inserted 22041
Inserted 18583
Inserted 9541
Inserted 4388
Inserted 9205
Inserted 4692
Inserted 28075
Inserted 9806
Inserted 22139
Inserted 27556
Inserted 13452
Inserted 5216
Inserted 31192
Inserted 20766
Inserted 9851
Inserted 17102
Inserted 3024
Inserted 15690
Inserted 26547
Inserted 4836
Inserted 30676
Inserted 21087
Inserted 30976
Inserted 13278
Inserted 1547
Inserted 7234
Inserted 10267
Inserted 24010
Inserted 32371
Inserted 15128
Inserted 22589
Inserted 15045
Inserted 3000
Inserted 25894
Inserted 3300
Inserted 14954
Inserted 10936
Inserted 25931
Inserted 11270
Inserted 13080
Inserted 32267
Inserted 25123
Inserted 364
Inserted 19463
Inserted 971
Inserted 24238
Inserted 12299
Inserted 18910
Inserted 10282
Inserted 16248
Inserted 4165
Inserted 12102
Inserted 2949
Inserted 1713
Inserted 3840
Inserted 459
Inserted 16100
Inserted 23758
Inserted 2027
Inserted 30521
Inserted 17625
Inserted 27397
Inserted 22175
Inserted 19049
Inserted 12186
Inserted 30278
Inserted 23607
Inserted 15077
Inserted 3314
Inserted 4362
Inserted 1246
Inserted 4411
Inserted 30145
Inserted 23865
Inserted 1815
Inserted 9245
Inserted 32751
Inserted 18226
Inserted 2943
Inserted 6385
Inserted 3962
Inserted 19120
Inserted 2194
Inserted 4915
Inserted 5139
Inserted 15127
Inserted 16550
Inserted 18223
Inserted 282
Inserted 18745
Inserted 566
Inserted 761
Inserted 15925
Inserted 24969
Inserted 11584
Inserted 14136
Inserted 5240
Inserted 24445
Inserted 29317
Inserted 1564
Inserted 5862
Inserted 25904
Inserted 20939
Inserted 19430
Inserted 15703
Inserted 14419
Inserted 29220
Inserted 14932
Inserted 24334
Inserted 2225
Inserted 15827
Inserted 27340
Inserted 31904
Inserted 7632
Inserted 20919
Inserted 14476
Inserted 11765
Inserted 7729
Inserted 16752
Inserted 18020
Inserted 17328
Inserted 22857
Inserted 20182
Inserted 23631
Inserted 6360
Inserted 24548
Inserted 8912
Inserted 26293
Inserted 32117
Inserted 26510
Inserted 9334
Inserted 16669
Inserted 14738
Inserted 5952
Inserted 2696
Inserted 5734
Inserted 24993
Inserted 18952
Inserted 1809
Inserted 23608
Inserted 7132
Inserted 8086
Inserted 14443
Inserted 22826
Inserted 7239
Inserted 19353
Inserted 6033
Inserted 2655
Inserted 19437
Inserted 28159
Inserted 27535
Inserted 21906
Inserted 23973
Inserted 21588
Inserted 3631
Inserted 5210
Inserted 3821
Inserted 27334
Inserted 7484
Inserted 9210
Inserted 30516
Inserted 21659
Inserted 20623
Inserted 30608
Inserted 10971
Inserted 14135
Inserted 27678
Inserted 10038
Inserted 8345
Inserted 16207
Inserted 16246
Inserted 32768
Inserted 24001
Inserted 5319
Inserted 22632
Inserted 17505
Inserted 20530
Inserted 9183
Inserted 10462
Inserted 2036
Inserted 32558
Inserted 13328
Inserted 14647
Inserted 14093
Inserted 12443
Inserted 7194
Inserted 19550
Inserted 9131
Inserted 8711
Inserted 28910
Inserted 22066
Inserted 32470
Inserted 7059
Inserted 13119
Inserted 29105
Inserted 31918
Inserted 6077
Inserted 15227
Inserted 26610
Inserted 3730
Inserted 22697
Inserted 24331
Inserted 27242
Inserted 20174
Inserted 7973
Inserted 30110
Inserted 11106
Inserted 20273
Inserted 21802
Inserted 18141
Inserted 13635
Inserted 16873
Inserted 24169
Inserted 698
Inserted 12722
Inserted 6616
Inserted 20947
Inserted 22396
Inserted 917
Inserted 2131
Inserted 13865
Inserted 9780
Inserted 12809
Inserted 27130
Inserted 9197
Inserted 15292
Inserted 5994
Inserted 8446
Inserted 232
Inserted 23732
Inserted 21885
Inserted 18540
Inserted 7979
Inserted 8350
Inserted 16707
Inserted 31618
Inserted 22512
Inserted 9538
Inserted 15129
Inserted 13052
Inserted 2024
Inserted 14247
Inserted 21777
Inserted 18832
Inserted 28306
Inserted 28253
Inserted 15303
Inserted 6924
Inserted 12405
Inserted 2622
Inserted 21447
Inserted 17331
Inserted 32372
Inserted 14915
Inserted 4202
Inserted 31283
Inserted 30986
Inserted 12385
Inserted 6704
Inserted 21228
Inserted 12432
Inserted 10743
Inserted 20159
Inserted 5537
Inserted 10426
Inserted 19937
Inserted 17893
Inserted 9065
Inserted 13679
Inserted 11811
Inserted 29922
Inserted 26320
Inserted 10968
Inserted 15442
Inserted 16649
Inserted 26300
Inserted 11263
Inserted 11279
Inserted 21511
Inserted 12736
Inserted 28440
Inserted 14149
Inserted 21501
Inserted 29883
Inserted 7168
Inserted 24545
Inserted 18833
Inserted 11528
Inserted 16130
Inserted 9732
Inserted 12569
Inserted 19377
Inserted 5110
Inserted 17947
Inserted 5791
Inserted 4721
Inserted 18142
Inserted 21947
Inserted 22086
Inserted 18665
Inserted 12313
Inserted 7926
Inserted 17165
Inserted 25699
Inserted 15634
Inserted 8299
Inserted 12822
Inserted 2208
Inserted 24736
Inserted 6998
Inserted 14763
Inserted 8237
Inserted 25077
Inserted 7123
Inserted 30532
Inserted 3913
Inserted 21565
Inserted 12473
Inserted 20434
Inserted 4464
Inserted 5876
Inserted 24049
Inserted 6917
Inserted 29012
Inserted 22363
Inserted 22409
Inserted 31281
Inserted 4515
Inserted 3547
Inserted 22511
Inserted 20288
Inserted 18389
Inserted 16151
Inserted 20704
Inserted 11898
Inserted 13298
Inserted 9482
Inserted 1541
Inserted 2450
Inserted 1906
Inserted 14191
Inserted 18361
Inserted 20687
Inserted 25444
Inserted 7304
Inserted 18739
Inserted 11083
Inserted 11933
Inserted 7670
Inserted 5760
Inserted 18579
Inserted 20728
Inserted 14109
Inserted 21007
Inserted 4773
Inserted 8849
Inserted 18821
Inserted 15353
Inserted 1758
Inserted 11740
Inserted 15628
Inserted 29043
Inserted 6990
Inserted 6418
Inserted 16132
Inserted 7998
Inserted 3369
Inserted 29029
Inserted 6594
Inserted 22355
Inserted 16158
Inserted 24618
Inserted 19014
Inserted 26005
Inserted 13189
Inserted 12379
Inserted 24863
Inserted 28375
Inserted 22630
Inserted 30704
Inserted 31215
Inserted 25615
Inserted 24831
Inserted 2516
Inserted 19209
Inserted 4815
Inserted 7365
Inserted 17363
Inserted 8610
Inserted 31009
Inserted 21278
Inserted 18455
Inserted 3150
Inserted 24469
Inserted 21275
Inserted 10810
Inserted 13394
Inserted 27520
Inserted 17506
Inserted 14905
Inserted 7643
Inserted 735
Inserted 30550
Inserted 18155
Inserted 29505
Inserted 8730
Inserted 6829
Inserted 24813
Inserted 6177
Inserted 32418
Inserted 16740
Inserted 25229
Inserted 31542
Inserted 24785
Inserted 9471
Inserted 20526
Inserted 28988
Inserted 20400
Inserted 13099
Inserted 18473
Inserted 21522
Inserted 17661
Inserted 5621
Inserted 26678
Inserted 12943
Inserted 22874
Inserted 26419
Inserted 32385
Inserted 31298
Inserted 10985
Inserted 8775
Inserted 12915
Inserted 23084
Inserted 9920
Inserted 2628
Inserted 18414
Inserted 1373
Inserted 19013
Inserted 31570
Inserted 15728
Inserted 29271
Inserted 4981
Inserted 2385
Inserted 10184
Inserted 24672
Inserted 19748
Inserted 14686
Inserted 12977
Inserted 11945
Inserted 11220
Inserted 15766
Inserted 3602
Inserted 11327
Inserted 5412
Inserted 5903
Inserted 14500
Inserted 19728
Inserted 1251
Inserted 17966
Inserted 27726
Inserted 16067
Inserted 31726
Inserted 5357
Inserted 30944
Inserted 21809
Inserted 4588
Inserted 29381
Inserted 31601
Inserted 25697
Inserted 10402
Inserted 3382
Inserted 409
Inserted 8869
Inserted 21448
Inserted 25087
Inserted 30500
Inserted 19011
Inserted 25457
Inserted 19790
Inserted 26101
Inserted 355
Inserted 31112
Inserted 8468
Inserted 3515
Inserted 11096
Inserted 8594
Inserted 6664
Inserted 8102
Inserted 125
Inserted 3928
Inserted 17727
Inserted 17601
Inserted 23548
Inserted 13463
Inserted 23159
Inserted 2574
Inserted 16163
Inserted 16391
Inserted 3507
Inserted 24116
Inserted 12833
Inserted 21125
Inserted 24795
Inserted 27626
Inserted 17422
Inserted 28444
Inserted 21893
Inserted 21175
Inserted 31647
Inserted 1875
Inserted 26729
Inserted 29673
Inserted 10245
Inserted 28595
Inserted 9130
Inserted 6874
Inserted 31314
Inserted 16834
Inserted 23326
Inserted 23268
Inserted 16208
Inserted 24794
Inserted 1566
Inserted 2844
Inserted 21932
Inserted 14330
Inserted 9062
Inserted 32216
Inserted 354
Inserted 2400
Inserted 21924
Inserted 24848
Inserted 13532
Inserted 8621
Inserted 473
Inserted 14957
Inserted 25792
Inserted 8726
Inserted 28418
Inserted 24241
Inserted 16496
Inserted 7584
Inserted 19665
Inserted 20436
Inserted 18292
Inserted 3970
Inserted 4623
Inserted 8941
Inserted 25937
Inserted 9264
Inserted 32083
Inserted 10553
Inserted 21030
Inserted 16241
Inserted 23947
Inserted 21751
Inserted 27262
Inserted 5942
Inserted 23581
Inserted 2797
Inserted 5700
Inserted 11071
Inserted 15299
Inserted 9626
Inserted 4722
Inserted 31808
Inserted 26114
Inserted 6761
Inserted 23392
Inserted 28237
Inserted 11422
Inserted 6059
Inserted 27511
Inserted 18548
Inserted 14744
Inserted 10667
Inserted 4566
Inserted 3213
Inserted 32657
Inserted 31417
Inserted 1227
Inserted 23817
Inserted 10896
Inserted 5820
Inserted 25372
Inserted 15761
Inserted 32566
Inserted 21292
Inserted 21287
Inserted 29189
Inserted 7376
Inserted 22445
Inserted 16650
Inserted 24326
Inserted 8938
Inserted 23437
Inserted 6487
Inserted 3748
Inserted 16001
Inserted 13792
Inserted 20494
Inserted 27864
Inserted 31996
Inserted 24228
Inserted 11788
Inserted 6129
Inserted 16784
Inserted 20179
Inserted 17644
Inserted 7540
Inserted 13257
Inserted 14809
Inserted 12429
Inserted 3753
Inserted 8026
Inserted 31190
Inserted 3274
Inserted 25486
Inserted 19640
Inserted 13629
Inserted 4072
Inserted 24047
Inserted 11739
Inserted 5925
Inserted 9524
Inserted 17636
Inserted 20452
Inserted 24257
Inserted 11973
Inserted 9096
Inserted 15617
Inserted 32497
Inserted 11008
Inserted 17449
Inserted 20396
Inserted 7739
Inserted 26549
Inserted 27254
Inserted 29987
Inserted 18675
Inserted 20978
Inserted 23188
Inserted 19978
Inserted 32492
Inserted 8158
Inserted 8370
Inserted 21738
Inserted 1349
Inserted 30665
Inserted 17395
Inserted 14903
Inserted 20359
Inserted 29208
Inserted 24027
Inserted 23622
Inserted 2670
Inserted 3724
Inserted 276
Inserted 7269
Inserted 15573
Inserted 5461
Inserted 6021
Inserted 18324
Inserted 30524
Inserted 25599
Inserted 18863
Inserted 32249
Inserted 26492
Inserted 13443
Inserted 13426
Inserted 28062
Inserted 20437
Inserted 13215
Inserted 1574
Inserted 3739
Inserted 12886
Inserted 21791
Inserted 25584
Inserted 4845
Inserted 20676
Inserted 23746
Inserted 8761
Inserted 10075
Inserted 2528
Inserted 25010
Inserted 28107
Inserted 26007
Inserted 14549
Inserted 20850
Inserted 15580
Inserted 2527
Inserted 11947
Inserted 5806
Inserted 26978
Inserted 11826
Inserted 3961
Inserted 25131
Inserted 23353
Inserted 32595
Inserted 18477
Inserted 19799
Inserted 19586
Inserted 12112
Inserted 21382
Inserted 10493
Inserted 2095
Inserted 12003
Inserted 11161
Inserted 13593
Inserted 25737
Inserted 11159
Inserted 21964
Inserted 661
Inserted 19880
Inserted 24954
Inserted 8
Inserted 32537
Inserted 12418
Inserted 23400
Inserted 20512
Inserted 26242
Inserted 30165
Inserted 23163
Inserted 15133
Inserted 23085
Inserted 5935
Inserted 2961
Inserted 22863
Inserted 17642
Inserted 10808
Inserted 26769
Inserted 29712
Inserted 24306
Inserted 23103
Inserted 16580
Inserted 92
Inserted 19843
Inserted 10465
Inserted 7717
Inserted 24999
Inserted 21826
Inserted 16330
Inserted 18319
Inserted 27932
Inserted 25080
Inserted 28265
Inserted 7866
Inserted 31868
Inserted 8825
Inserted 3098
Inserted 20363
Inserted 29925
Inserted 19365
Inserted 20752
Inserted 31899
Inserted 4354
Inserted 7270
Inserted 14175
Inserted 8199
Inserted 11951
Inserted 3200
Inserted 18966
Inserted 31421
Inserted 5264
Inserted 22549
Inserted 27635
Inserted 11268
Inserted 30434
Inserted 21153
Inserted 29917
Inserted 23572
Inserted 20397
Inserted 19839
Inserted 30878
Inserted 16143
Inserted 27314
Inserted 22917
Inserted 24960
Inserted 21977
Inserted 27779
Inserted 8735
Inserted 31779
Inserted 8787
Inserted 9331
Inserted 7457
Inserted 3579
Inserted 14145
Inserted 20502
Inserted 17239
Inserted 29994
Inserted 6134
Inserted 21602
Inserted 6386
Inserted 11801
Inserted 5068
Inserted 14416
Inserted 14260
Inserted 23279
Inserted 11875
Inserted 24237
Inserted 19152
Inserted 15338
Inserted 6732
Inserted 10357
Inserted 332
Inserted 16406
Inserted 25922
Inserted 28471
Inserted 15371
Inserted 15515
Inserted 23431
Inserted 11094
Inserted 21700
Inserted 17917
Inserted 28152
Inserted 10280
Inserted 15434
Inserted 26185
Inserted 5187
Inserted 23823
Inserted 31490
Inserted 20044
Inserted 16034
Inserted 2842
Inserted 27883
Inserted 21162
Inserted 1515
Inserted 17140
Inserted 13803
Inserted 9904
Inserted 23488
Inserted 23180
Inserted 22043
Inserted 13089
Inserted 15186
Inserted 14427
Inserted 16481
Inserted 2098
Inserted 8451
Inserted 20071
Inserted 11968
Inserted 16005
Inserted 1670
Inserted 29818
Inserted 15288
Inserted 367
Inserted 8537
Inserted 30853
Inserted 24248
Inserted 26034
Inserted 20577
Inserted 22593
Inserted 21450
Inserted 20162
Inserted 28626
Inserted 2580
Inserted 22287
Inserted 14793
Inserted 31787
Inserted 16390
Inserted 1929
Inserted 13320
Inserted 15666
Inserted 21340
Inserted 22573
Inserted 24221
Inserted 3430
Inserted 15400
Inserted 22596
Inserted 5787
Inserted 20839
Inserted 20268
Inserted 10476
Inserted 249
Inserted 7129
Inserted 8334
Inserted 30562
Inserted 21821
Inserted 17322
Inserted 12949
Inserted 29415
Inserted 9491
Inserted 16253
Inserted 29226
Inserted 1211
Inserted 30007
Inserted 1543
Inserted 3700
Inserted 30738
Inserted 7686
Inserted 26672
Inserted 2369
Inserted 18481
Inserted 19375
Inserted 10292
Inserted 11533
Inserted 1167
Inserted 4276
Inserted 10410
Inserted 3595
Inserted 3514
Inserted 17920
Inserted 26640
Inserted 13349
Inserted 19239
Inserted 7398
Inserted 4106
Inserted 9490
Inserted 225
Inserted 2608
Inserted 12618
Inserted 3704
Inserted 216
Inserted 18596
Inserted 20427
Inserted 11001
Inserted 12745
Inserted 451
Inserted 3132
Inserted 10790
Inserted 28623
Inserted 31481
Inserted 23104
Inserted 9975
Inserted 30182
Inserted 490
Inserted 12784
Inserted 10640
Inserted 24324
Inserted 6041
Inserted 23272
Inserted 17746
Inserted 30780
Inserted 32052
Inserted 16420
Inserted 6571
Inserted 30736
Inserted 2631
Inserted 16020
Inserted 3500
Inserted 14615
Inserted 16049
Inserted 5092
Inserted 12295
Inserted 28088
Inserted 15145
Inserted 8155
Inserted 21355
Inserted 30212
Inserted 11661
Inserted 22531
Inserted 15978
Inserted 7817
Inserted 12715
Inserted 18273
Inserted 19114
Inserted 6447
Inserted 7281
Inserted 14357
Inserted 6662
Inserted 10990
Inserted 32350
Inserted 19892
Inserted 12209
Inserted 4616
Inserted 1852
Inserted 22687
Inserted 3420
Inserted 6313
Inserted 2740
Inserted 23250
Inserted 18683
Inserted 1963
Inserted 23451
Inserted 4505
Inserted 2774
Inserted 12474
Inserted 4866
Inserted 8795
Inserted 26890
Inserted 20791
Inserted 27973
Inserted 7704
Inserted 14439
Inserted 30279
Inserted 2582
Inserted 6947
Inserted 29252
Inserted 21614
Inserted 13441
Inserted 22206
Inserted 16913
Inserted 10979
Inserted 27409
Inserted 601
Inserted 6895
Inserted 2332
Inserted 12707
Inserted 23864
Inserted 13739
Inserted 29413
Inserted 29975
Inserted 31923
Inserted 767
Inserted 10821
Inserted 2778
Inserted 27393
Inserted 19939
Inserted 9486
Inserted 7342
Inserted 12613
Inserted 15441
Inserted 20266
Inserted 3927
Inserted 26265
Inserted 21416
Inserted 17769
Inserted 10358
Inserted 7297
Inserted 7249
Inserted 6523
Inserted 16157
Inserted 8111
Inserted 6884
Inserted 18115
Inserted 29926
Inserted 3775
Inserted 626
Inserted 8927
Inserted 21707
Inserted 27859
Inserted 1039
Inserted 27155
Inserted 17417
Inserted 16488
Inserted 16450
Inserted 18387
Inserted 22087
Inserted 7588
Inserted 14121
Inserted 8502
Inserted 7125
Inserted 3898
Inserted 970
Inserted 24197
Inserted 32194
Inserted 14729
Inserted 18717
Inserted 10659
Inserted 26652
Inserted 869
Inserted 8165
Inserted 19546
Inserted 16717
Inserted 28871
Inserted 31615
Inserted 24512
Inserted 4750
Inserted 32051
Inserted 1368
Inserted 19743
Inserted 10612
Inserted 26461
Inserted 18679
Inserted 22637
Inserted 30032
Inserted 27559
Inserted 27345
Inserted 17159
Inserted 30849
Inserted 32049
Inserted 28992
Inserted 12171
Inserted 9918
Inserted 10118
Inserted 25345
Inserted 20487
Inserted 1848
Inserted 19707
Inserted 3220
Inserted 26970
Inserted 27223
Inserted 31561
Inserted 9530
Inserted 18203
Inserted 9735
Inserted 18781
Inserted 20636
Inserted 2826
Inserted 24413
Inserted 25021
Inserted 18017
Inserted 26013
Inserted 21741
Inserted 11169
Inserted 6142
Inserted 2503
Inserted 5564
Inserted 23112
Inserted 722
Inserted 24571
Inserted 8053
Inserted 18810
Inserted 6525
Inserted 4480
Inserted 6478
Inserted 28697
Inserted 12877
Inserted 30493
Inserted 993
Inserted 18187
Inserted 1209
Inserted 28663
Inserted 31273
Inserted 22905
Inserted 9061
Inserted 19055
Inserted 26921
Inserted 4656
Inserted 21516
Inserted 2965
Inserted 27210
Inserted 16828
Inserted 6548
Inserted 12825
Inserted 12291
Inserted 25818
Inserted 3512
Inserted 19265
Inserted 11240
Inserted 21294
Inserted 4694
Inserted 16994
Inserted 8996
Inserted 5575
Inserted 172
Inserted 11105
Inserted 29254
Inserted 7230
Inserted 15239
Inserted 2134
Inserted 20652
Inserted 7455
Inserted 7364
Inserted 9740
Inserted 3289
Inserted 9977
Inserted 10675
Inserted 14374
Inserted 16643
Inserted 29569
Inserted 3329
Inserted 4002
Inserted 8109
Inserted 12815
Inserted 129
Inserted 6676
Inserted 17794
Inserted 4522
Inserted 530
Inserted 10911
Inserted 3208
Inserted 16242
Inserted 30486
Inserted 29724
Inserted 23467
Inserted 13486
Inserted 22842
Inserted 9730
Inserted 16968
Inserted 18871
Inserted 27486
Inserted 18575
Inserted 18476
Inserted 2023
Inserted 16298
Inserted 21568
Inserted 3916
Inserted 12109
Inserted 18359
Inserted 20274
Inserted 19434
Inserted 20109
Inserted 20407
Inserted 13201
Inserted 23624
Inserted 1280
Inserted 29819
Inserted 27011
Inserted 8655
Inserted 1603
Inserted 4885
Inserted 16751
Inserted 4417
Inserted 25221
Inserted 30035
Inserted 28858
Inserted 4582
Inserted 7348
Inserted 25426
Inserted 16937
Inserted 27861
Inserted 10460
Inserted 25948
Inserted 29610
Inserted 13826
Inserted 29880
Inserted 13280
Inserted 32757
Inserted 11031
Inserted 19775
Inserted 12498
Inserted 28761
Inserted 2713
Inserted 28736
Inserted 10531
Inserted 25906
Inserted 20845
Inserted 15824
Inserted 19656
Inserted 5075
Inserted 9319
Inserted 2560
Inserted 25785
Inserted 30054
Inserted 3409
Inserted 21332
Inserted 3325
Inserted 572
Inserted 11531
Inserted 10893
Inserted 15322
Inserted 5552
Inserted 12528
Inserted 23092
Inserted 29576
Inserted 5245
Inserted 31862
Inserted 6329
Inserted 15063
Inserted 29526
Inserted 32647
Inserted 3095
Inserted 7277
Inserted 11530
Inserted 414
Inserted 9091
Inserted 17254
Inserted 16036
Inserted 27586
Inserted 21242
Inserted 27495
Inserted 9767
Inserted 143
Inserted 10802
Inserted 3467
Inserted 20838
Inserted 26896
Inserted 26924
Inserted 11728
Inserted 20037
Inserted 10568
Inserted 22120
Inserted 21118
Inserted 443
Inserted 19492
Inserted 17032
Inserted 12805
Inserted 30304
Inserted 31951
Inserted 15888
Inserted 829
Inserted 4121
Inserted 25022
Inserted 13051
Inserted 9356
Inserted 15882
Inserted 30325
Inserted 10473
Inserted 1248
Inserted 28896
Inserted 29899
Inserted 19941
Inserted 12402
Inserted 26138
Inserted 22501
Inserted 24873
Inserted 2180
Inserted 10688
Inserted 11517
Inserted 4452
Inserted 12741
Inserted 19720
Inserted 22317
Inserted 16584
Inserted 13101
Inserted 20424
Inserted 32687
Inserted 18464
Inserted 16426
Inserted 10432
Inserted 18872
Inserted 23513
Inserted 7861
Inserted 747
Inserted 14550
Inserted 26581
Inserted 13466
Inserted 9999
Inserted 4097
Inserted 26149
Inserted 14368
Inserted 8704
Inserted 14774
Inserted 12131
Inserted 25316
Inserted 9770
Inserted 1083
Inserted 24407
Inserted 30019
Inserted 25449
Inserted 15273
Inserted 7188
Inserted 2137
Inserted 411
Inserted 9285
Inserted 3858
Inserted 26116
Inserted 26195
Inserted 13415
Inserted 470
Inserted 18061
Inserted 10915
Inserted 27719
Inserted 19177
Inserted 24975
Inserted 26408
Inserted 28387
Inserted 11262
Inserted 24885
Inserted 22240
Inserted 14029
Inserted 11361
Inserted 1871
Inserted 16849
Inserted 10912
Inserted 6794
Inserted 22169
Inserted 16138
Inserted 21001
Inserted 22063
Inserted 7752
Inserted 28554
Inserted 22005
Inserted 18490
Inserted 17704
Inserted 13972
Inserted 7242
Inserted 26206
Inserted 25031
Inserted 14160
Inserted 9072
Inserted 6541
Inserted 19240
Inserted 6254
Inserted 4343
Inserted 26335
Inserted 10271
Inserted 5303
Inserted 1976
Inserted 16084
Inserted 23813
Inserted 11748
Inserted 21660
Inserted 7066
Inserted 5368
Inserted 5243
Inserted 1888
Inserted 24572
Inserted 3442
Inserted 4762
Inserted 14409
Inserted 13624
Inserted 26163
Inserted 23818
Inserted 9230
Inserted 23719
Inserted 30732
Inserted 31127
Inserted 17780
Inserted 14675
Inserted 15487
Inserted 24524
Inserted 692
Inserted 10116
Inserted 13175
Inserted 31805
Inserted 7459
Inserted 26059
Inserted 2533
Inserted 17227
Inserted 31302
Inserted 12339
Inserted 29554
Inserted 27773
Inserted 3113
Inserted 16868
Inserted 2132
Inserted 3866
Inserted 9305
Inserted 11648
Inserted 1369
Inserted 13277
Inserted 29028
Inserted 9415
Inserted 32494
Inserted 20460
Inserted 15096
Inserted 22026
Inserted 15915
Inserted 4929
Inserted 19418
Inserted 26345
Inserted 15157
Inserted 23945
Inserted 30302
Inserted 5755
Inserted 5897
Inserted 3483
Inserted 4133
Inserted 1190
Inserted 2689
Inserted 22150
Inserted 680
Inserted 22029
Inserted 16009
Inserted 22606
Inserted 13854
Inserted 10543
Inserted 19371
Inserted 12406
Inserted 12849
Inserted 24187
Inserted 24191
Inserted 3737
Inserted 2532
Inserted 12800
Inserted 12139
Inserted 4324
Inserted 7483
Inserted 10154
Inserted 19072
Inserted 3874
Inserted 27760
Inserted 25277
Inserted 5961
Inserted 5735
Inserted 32550
Inserted 22779
Inserted 29948
Inserted 12965
Inserted 6182
Inserted 8497
Inserted 26849
Inserted 5241
Inserted 31023
Inserted 20128
Inserted 23170
Inserted 22657
Inserted 10510
Inserted 18167
Inserted 26577
Inserted 27601
Inserted 4311
Inserted 31973
Inserted 8951
Inserted 26099
Inserted 31058
Inserted 26249
Inserted 31025
Inserted 2769
Inserted 29790
Inserted 6866
Inserted 8016
Inserted 11980
Inserted 26895
Inserted 299
Inserted 17332
Inserted 30339
Inserted 3472
Inserted 3738
Inserted 1732
Inserted 23043
Inserted 26281
Inserted 21844
Inserted 13362
Inserted 21846
Inserted 9041
Inserted 10448
Inserted 3633
Inserted 24166
Inserted 13708
Inserted 5745
Inserted 4977
Inserted 2720
Inserted 20144
Inserted 20831
Inserted 6557
Inserted 5848
Inserted 12151
Inserted 27857
Inserted 28454
Inserted 25154
Inserted 2033
Inserted 136
Inserted 10921
Inserted 31233
Inserted 32690
Inserted 11821
Inserted 12545
Inserted 5976
Inserted 24485
Inserted 22933
Inserted 26120
Inserted 19769
Inserted 13533
Inserted 8955
Inserted 21442
Inserted 17774
Inserted 11876
Inserted 8889
Inserted 6467
Inserted 7207
Inserted 22495
Inserted 28279
Inserted 3331
Inserted 16283
Inserted 11606
Inserted 29531
Inserted 28899
Inserted 30401
Inserted 3839
Inserted 27541
Inserted 21918
Inserted 5143
Inserted 703
Inserted 22595
Inserted 20702
Inserted 19811
Inserted 7881
Inserted 23529
Inserted 27232
Inserted 6844
Inserted 31640
Inserted 25579
Inserted 1967
Inserted 2257
Inserted 26231
Inserted 18957
Inserted 27604
Inserted 30781
Inserted 20026
Inserted 4850
Inserted 26333
Inserted 22851
Inserted 639
Inserted 28960
Inserted 10630
Inserted 6610
Inserted 16301
Inserted 8504
Inserted 27885
Inserted 10399
Inserted 26815
Inserted 26399
Inserted 18177
Inserted 1252
Inserted 26727
Inserted 30447
Inserted 550
Inserted 15590
Inserted 24129
Inserted 22775
Inserted 5215
Inserted 29877
Inserted 5194
Inserted 3134
Inserted 16365
Inserted 14578
Inserted 7580
Inserted 9257
Inserted 30720
Inserted 4507
Inserted 31698
Inserted 21193
Inserted 820
Inserted 3594
Inserted 4448
Inserted 20591
Inserted 8940
Inserted 1497
Inserted 31255
Inserted 510
Inserted 10679
Inserted 24386
Inserted 9212
Inserted 237
Inserted 13386
Inserted 22673
Inserted 28735
Inserted 18332
Inserted 1403
Inserted 23795
Inserted 18627
Inserted 32671
Inserted 29446
Inserted 14604
Inserted 17699
Inserted 16765
Inserted 14535
Inserted 20108
Inserted 13781
Inserted 15457
Inserted 28258
Inserted 9895
Inserted 10944
Inserted 8798
Inserted 12734
Inserted 21198
Inserted 2660
Inserted 29509
Inserted 12438
Inserted 28792
Inserted 31114
Inserted 9946
Inserted 4830
Inserted 10698
Inserted 15240
Inserted 24856
Inserted 7552
Inserted 20414
Inserted 6545
Inserted 17763
Inserted 5823
Inserted 9311
Inserted 27788
Inserted 17435
Inserted 1124
Inserted 23812
Inserted 9066
Inserted 15334
Inserted 13307
Inserted 1665
Inserted 30964
Inserted 8565
Inserted 6611
Inserted 333
Inserted 14982
Inserted 20635
Inserted 18440
Inserted 29720
Inserted 3870
Inserted 960
Inserted 20582
Inserted 5506
Inserted 31370
Inserted 3446
Inserted 30997
Inserted 14627
Inserted 17553
Inserted 20284
Inserted 12258
Inserted 13370
Inserted 26539
Inserted 7428
Inserted 20551
Inserted 12952
Inserted 9382
Inserted 6338
Inserted 19847
Inserted 11723
Inserted 8791
Inserted 13223
Inserted 3363
Inserted 24219
Inserted 7373
Inserted 7513
Inserted 10341
Inserted 31700
Inserted 28168
Inserted 14890
Inserted 18657
Inserted 28919
Inserted 15644
Inserted 14877
Inserted 23970
Inserted 2268
Inserted 24868
Inserted 30579
Inserted 17788
Inserted 14119
Inserted 17432
Inserted 32670
Inserted 16069
Inserted 20820
Inserted 19215
Inserted 2115
Inserted 17309
Inserted 12912
Inserted 8856
Inserted 21195
Inserted 5089
Inserted 19731
Inserted 14337
Inserted 25143
Inserted 31734
Inserted 11557
Inserted 10156
Inserted 75
Inserted 23157
Inserted 22422
Inserted 18800
Inserted 5103
Inserted 17233
Inserted 21790
Inserted 10966
Inserted 28892
Inserted 15150
Inserted 20420
Inserted 4812
Inserted 26646
Inserted 5781
Inserted 31079
Inserted 9837
Inserted 6716
Inserted 31257
Inserted 16871
Inserted 11911
Inserted 8037
Inserted 7073
Inserted 16872
Inserted 13261
Inserted 24835
Inserted 25150
Inserted 2976
Inserted 7126
Inserted 11060
Inserted 9047
Inserted 1169
Inserted 6108
Inserted 19726
Inserted 7142
Inserted 11064
Inserted 20448
Inserted 27599
Inserted 10047
Inserted 20484
Inserted 22970
Inserted 11493
Inserted 19854
Inserted 21241
Inserted 8895
Inserted 83
Inserted 31642
Inserted 4663
Inserted 29139
Inserted 6506
Inserted 18149
Inserted 14393
Inserted 12372
Inserted 2795
Inserted 2229
Inserted 21092
Inserted 22312
Inserted 10012
Inserted 22272
Inserted 6564
Inserted 10654
Inserted 4858
Inserted 16848
Inserted 10072
Inserted 25502
Inserted 15553
Inserted 17324
Inserted 2792
Inserted 5376
Inserted 24984
Inserted 11931
Inserted 9000
Inserted 29040
Inserted 7800
Inserted 28566
Inserted 24313
Inserted 26275
Inserted 705
Inserted 23633
Inserted 8384
Inserted 19815
Inserted 15908
Inserted 26109
Inserted 22808
Inserted 595
Inserted 14886
Inserted 18429
Inserted 15103
Inserted 11766
Inserted 23508
Inserted 27437
Inserted 22968
Inserted 16897
Inserted 13547
Inserted 1869
Inserted 21113
Inserted 17528
Inserted 619
Inserted 3543
Inserted 6731
Inserted 2777
Inserted 29036
Inserted 10336
Inserted 27961
Inserted 23382
Inserted 7479
Inserted 15245
Inserted 16659
Inserted 28664
Inserted 362
Inserted 23870
Inserted 18343
Inserted 15875
Inserted 22114
Inserted 7884
Inserted 14081
Inserted 2471
Inserted 21573
Inserted 14754
Inserted 9447
Inserted 32166
Inserted 12794
Inserted 29201
Inserted 19882
Inserted 774
Inserted 11905
Inserted 2097
Inserted 1274
Inserted 5947
Inserted 29890
Inserted 27823
Inserted 12058
Inserted 12335
Inserted 24173
Inserted 6183
Inserted 3036
Inserted 2895
Inserted 124
Inserted 31737
Inserted 27093
Inserted 21310
Inserted 1348
Inserted 25845
Inserted 8318
Inserted 32089
Inserted 23164
Inserted 26708
Inserted 16840
Inserted 27558
Inserted 27854
Inserted 17321
Inserted 24547
Inserted 30902
Inserted 28601
Inserted 24395
Inserted 5589
Inserted 21541
Inserted 31264
Inserted 14689
Inserted 27875
Inserted 9273
Inserted 30333
Inserted 29906
Inserted 22548
Inserted 10525
Inserted 12620
Inserted 26592
Inserted 21801
Inserted 6824
Inserted 10148
Inserted 7781
Inserted 1918
Inserted 7709
Inserted 15848
Inserted 4621
Inserted 6076
Inserted 10938
Inserted 14951
Inserted 11763
Inserted 24818
Inserted 17443
Inserted 30655
Inserted 20669
Inserted 17859
Inserted 26304
Inserted 9766
Inserted 7503
Inserted 627
Inserted 17136
Inserted 16479
Inserted 11471
Inserted 22535
Inserted 24396
Inserted 26199
Inserted 15178
Inserted 4306
Inserted 26557
Inserted 19944
Inserted 3541
Inserted 29122
Inserted 6294
Inserted 2120
Inserted 18208
Inserted 20164
Inserted 10561
Inserted 17357
Inserted 3937
Inserted 3381
Inserted 21041
Inserted 32656
Inserted 30571
Inserted 30607
Inserted 30124
Inserted 21121
Inserted 1043
Inserted 4152
Inserted 15386
Inserted 24211
Inserted 18300
Inserted 30814
Inserted 8534
Inserted 18629
Inserted 8609
Inserted 26267
Inserted 476
Inserted 1026
Inserted 30737
Inserted 25715
Inserted 4651
Inserted 22034
Inserted 13383
Inserted 15033
Inserted 20773
Inserted 10720
Inserted 31139
Inserted 22210
Inserted 11779
Inserted 13237
Inserted 894
Inserted 31330
Inserted 16287
Inserted 5693
Inserted 18075
Inserted 188
Inserted 30829
Inserted 30723
Inserted 12422
Inserted 22962
Inserted 1140
Inserted 23118
Inserted 9032
Inserted 9444
Inserted 27351
Inserted 20722
Inserted 12211
Inserted 5237
Inserted 2611
Inserted 18825
Inserted 11152
Inserted 17894
Inserted 17343
Inserted 5382
Inserted 30362
Inserted 12149
Inserted 21139
Inserted 18257
Inserted 3909
Inserted 8081
Inserted 29859
Inserted 3960
Inserted 13578
Inserted 32746
Inserted 2175
Inserted 5809
Inserted 14710
Inserted 29
Inserted 19886
Inserted 29265
Inserted 1530
Inserted 14645
Inserted 20091
Inserted 14854
Inserted 20715
Inserted 30096
Inserted 21299
Inserted 12819
Inserted 9184
Inserted 941
Inserted 18012
Inserted 20836
Inserted 12268
Inserted 19350
Inserted 29956
Inserted 28894
Inserted 7990
Inserted 14107
Inserted 20958
Inserted 18539
Inserted 24339
Inserted 5101
Inserted 23573
Inserted 9987
Inserted 10647
Inserted 23303
Inserted 2815
Inserted 26151
Inserted 21758
Inserted 29812
Inserted 18291
Inserted 2474
Inserted 17410
Inserted 7555
Inserted 15267
Inserted 5219
Inserted 138
Inserted 3203
Inserted 5613
Inserted 9138
Inserted 18620
Inserted 10239
Inserted 9887
Inserted 24093
Inserted 20132
Inserted 6146
Inserted 32583
Inserted 25225
Inserted 11896
Inserted 22154
Inserted 14201
Inserted 12693
Inserted 3926
Inserted 9511
Inserted 21141
Inserted 8316
Inserted 21025
Inserted 30041
Inserted 11812
Inserted 2206
Inserted 326
Inserted 1031
Inserted 11609
Inserted 7292
Inserted 9165
Inserted 27758
Inserted 16075
Inserted 13716
Inserted 17473
Inserted 26810
Inserted 30978
Inserted 10831
Inserted 15484
Inserted 16188
Inserted 15226
Inserted 1405
Inserted 4304
Inserted 29710
Inserted 21142
Inserted 17662
Inserted 5702
Inserted 2915
Inserted 21921
Inserted 12883
Inserted 30872
Inserted 11174
Inserted 16888
Inserted 23111
Inserted 4313
Inserted 25199
Inserted 5615
Inserted 5034
Inserted 21261
Inserted 22419
Inserted 26568
Inserted 10603
Inserted 20544
Inserted 31674
Inserted 14732
Inserted 3354
Inserted 11275
Inserted 1418
Inserted 11576
Inserted 1613
Inserted 27085
Inserted 1301
Inserted 9929
Inserted 27787
Inserted 499
Inserted 16125
Inserted 25869
Inserted 19015
Inserted 1482
Inserted 269
Inserted 2324
Inserted 25065
Inserted 17790
Inserted 15762
Inserted 15876
Inserted 1582
Inserted 25498
Inserted 7261
Inserted 18987
Inserted 2821
Inserted 16561
Inserted 18089
Inserted 28284
Inserted 28684
Inserted 16635
Inserted 6496
Inserted 880
Inserted 31643
Inserted 20632
Inserted 2481
Inserted 1631
Inserted 10975
Inserted 12504
Inserted 28650
Inserted 18202
Inserted 3317
Inserted 8435
Inserted 19128
Inserted 30388
Inserted 12277
Inserted 11338
Inserted 22543
Inserted 27221
Inserted 20812
Inserted 15393
Inserted 700
Inserted 30417
Inserted 7634
Inserted 29044
Inserted 4326
Inserted 26661
Inserted 26953
Inserted 20192
Inserted 18055
Inserted 16105
Inserted 18523
Inserted 22174
Inserted 20892
Inserted 2734
Inserted 13220
Inserted 12103
Inserted 10023
Inserted 5257
Inserted 22404
Inserted 6004
Inserted 31776
Inserted 22271
Inserted 465
Inserted 187
Inserted 3120
Inserted 10547
Inserted 30907
Inserted 18543
Inserted 30231
Inserted 24917
Inserted 29436
Inserted 3799
Inserted 4965
Inserted 19523
Inserted 3183
Inserted 17856
Inserted 18634
Inserted 25557
Inserted 22861
Inserted 1710
Inserted 2877
Inserted 17213
Inserted 29777
Inserted 20645
Inserted 31583
Inserted 31105
Inserted 4491
Inserted 8268
Inserted 31854
Inserted 15663
Inserted 22268
Inserted 4782
Inserted 12624
Inserted 4570
Inserted 6689
Inserted 7777
Inserted 23267
Inserted 6551
Inserted 7471
Inserted 1388
Inserted 7086
Inserted 27477
Inserted 24541
Inserted 22940
Inserted 11034
Inserted 231
Inserted 8859
Inserted 11521
Inserted 23908
Inserted 4289
Inserted 26620
Inserted 24774
Inserted 9952
Inserted 14046
Inserted 22469
Inserted 10164
Inserted 2366
Inserted 30020
Inserted 166
Inserted 17734
Inserted 22850
Inserted 3066
Inserted 689
Inserted 8135
Inserted 320
Inserted 18942
Inserted 29801
Inserted 29725
Inserted 26566
Inserted 22425
Inserted 30280
Inserted 3833
Inserted 7622
Inserted 9370
Inserted 3197
Inserted 8257
Inserted 16314
Inserted 12597
Inserted 4048
Inserted 10494
Inserted 18516
Inserted 26724
Inserted 25310
Inserted 6166
Inserted 28162
Inserted 1261
Inserted 18945
Inserted 16102
Inserted 19137
Inserted 13894
Inserted 17647
Inserted 15937
Inserted 2711
Inserted 28291
Inserted 13264
Inserted 28328
Inserted 21189
Inserted 5470
Inserted 26131
Inserted 24361
Inserted 6079
Inserted 24109
Inserted 11498
Inserted 15736
Inserted 3827
Inserted 31409
Inserted 9539
Inserted 1366
Inserted 10379
Inserted 3681
Inserted 13831
Inserted 15032
Inserted 8699
Inserted 17534
Inserted 6299
Inserted 26543
Inserted 1116
Inserted 18190
Inserted 11340
Inserted 2405
Inserted 19113
Inserted 23347
Inserted 29561
Inserted 27725
Inserted 13553
Inserted 17039
Inserted 26021
Inserted 5708
Inserted 25102
Inserted 13701
Inserted 1128
Inserted 10516
Inserted 14258
Inserted 7736
Inserted 12728
Inserted 11272
Inserted 8482
Inserted 6437
Inserted 9093
Inserted 2144
Inserted 8160
Inserted 16046
Inserted 10098
Inserted 15187
Inserted 2558
Inserted 17605
Inserted 27482
Inserted 16041
Inserted 29192
Inserted 11562
Inserted 27383
Inserted 9549
Inserted 4868
Inserted 29303
Inserted 24697
Inserted 9702
Inserted 25467
Inserted 24622
Inserted 16701
Inserted 3755
Inserted 9325
Inserted 23246
Inserted 18894
Inserted 16097
Inserted 32451
Inserted 24640
Inserted 22410
Inserted 1021
Inserted 17908
Inserted 1063
Inserted 17441
Inserted 24815
Inserted 26152
Inserted 8049
Inserted 28218
Inserted 29595
Inserted 12174
Inserted 29087
Inserted 15543
Inserted 16883
Inserted 10359
Inserted 4251
Inserted 29684
Inserted 23969
Inserted 10456
Inserted 26364
Inserted 20816
Inserted 26053
Inserted 30557
Inserted 11325
Inserted 22217
Inserted 29538
Inserted 1339
Inserted 12832
Inserted 22384
Inserted 17645
Inserted 19668
Inserted 4835
Inserted 14339
Inserted 24957
Inserted 20864
Inserted 25192
Inserted 29598
Inserted 462
Inserted 28222
Inserted 15219
Inserted 9239
Inserted 18345
Inserted 2171
Inserted 16185
Inserted 29465
Inserted 7058
Inserted 28799
Inserted 19400
Inserted 7906
Inserted 16167
Inserted 31300
Inserted 4717
Inserted 2615
Inserted 10662
Inserted 25691
Inserted 11319
Inserted 19659
Inserted 28609
Inserted 12298
Inserted 29430
Inserted 386
Inserted 18890
Inserted 29510
Inserted 9675
Inserted 8651
Inserted 4382
Inserted 12595
Inserted 16184
Inserted 24658
Inserted 21172
Inserted 13031
Inserted 30558
Inserted 1098
Inserted 31513
Inserted 8988
Inserted 25558
Inserted 2978
Inserted 23183
Inserted 19629
Inserted 25626
Inserted 20631
Inserted 18446
Inserted 22493
Inserted 24871
Inserted 11781
Inserted 22047
Inserted 2141
Inserted 4976
Inserted 2457
Inserted 8886
Inserted 7939
Inserted 28632
Inserted 11907
Inserted 9472
Inserted 17850
Inserted 8288
Inserted 24857
Inserted 14171
Inserted 24655
Inserted 5834
Inserted 18790
Inserted 6336
Inserted 3658
Inserted 19951
Inserted 31623
Inserted 21554
Inserted 9746
Inserted 1727
Inserted 16965
Inserted 18015
Inserted 26423
Inserted 6603
Inserted 27552
Inserted 1491
Inserted 30397
Inserted 14691
Inserted 7130
Inserted 7466
Inserted 30009
Inserted 27032
Inserted 32151
Inserted 6111
Inserted 5699
Inserted 16927
Inserted 14544
Inserted 7185
Inserted 24270
Inserted 24114
Inserted 30416
Inserted 600
Inserted 20198
Inserted 15576
Inserted 30262
Inserted 10905
Inserted 1592
Inserted 551
Inserted 6713
Inserted 24944
Inserted 28727
Inserted 10070
Inserted 8385
Inserted 10605
Inserted 18951
Inserted 15222
Inserted 23036
Inserted 9632
Inserted 6911
Inserted 23252
Inserted 15672
Inserted 31665
Inserted 16525
Inserted 32256
Inserted 23052
Inserted 15412
Inserted 30662
Inserted 25883
Inserted 13377
Inserted 20418
Inserted 29544
Inserted 8470
Inserted 30520
Inserted 27954
Inserted 10163
Inserted 22216
Inserted 9153
Inserted 4486
Inserted 5203
Inserted 13901
Inserted 22508
Inserted 29372
Inserted 28086
Inserted 32174
Inserted 10897
Inserted 20705
Inserted 14472
Inserted 8578
Inserted 18182
Inserted 9400
Inserted 5072
Inserted 13353
Inserted 10624
Inserted 17960
Inserted 25941
Inserted 28198
Inserted 14730
Inserted 18366
Inserted 12678
Inserted 23446
Inserted 26471
Inserted 20269
Inserted 31010
Inserted 1829
Inserted 23586
Inserted 20364
Inserted 9059
Inserted 8529
Inserted 2139
Inserted 25525
Inserted 15324
Inserted 25356
Inserted 21637
Inserted 23772
Inserted 1667
Inserted 10604
Inserted 28195
Inserted 24552
Inserted 28057
Inserted 3453
Inserted 19821
Inserted 15889
Inserted 30836
Inserted 23665
Inserted 21754
Inserted 12262
Inserted 1240
Inserted 18166
Inserted 17113
Inserted 11504
Inserted 22743
Inserted 6570
Inserted 26940
Inserted 6298
Inserted 16407
Inserted 25395
Inserted 26540
Inserted 10649
Inserted 10348
Inserted 12857
Inserted 15346
Inserted 15260
Inserted 24190
Inserted 19885
Inserted 9141
Inserted 3267
Inserted 32345
Inserted 7691
Inserted 25548
Inserted 18259
Inserted 30963
Inserted 17508
Inserted 11317
Inserted 16603
Inserted 12692
Inserted 25275
Inserted 1904
Inserted 9162
Inserted 31234
Inserted 23487
Inserted 24338
Inserted 18393
Inserted 11040
Inserted 18338
Inserted 15928
Inserted 25996
Inserted 17081
Inserted 32301
Inserted 12811
Inserted 4620
Inserted 6782
Inserted 4964
Inserted 27623
Inserted 9465
Inserted 31349
Inserted 9846
Inserted 11649
Inserted 31751
Inserted 27492
Inserted 5874
Inserted 30697
Inserted 3392
Inserted 24118
Inserted 19102
Inserted 24563
Inserted 27050
Inserted 5017
Inserted 3573
Inserted 32278
Inserted 26625
Inserted 6973
Inserted 27907
Inserted 6681
Inserted 26933
Inserted 97
Inserted 32528
Inserted 8746
Inserted 29575
Inserted 21917
Inserted 31865
Inserted 14350
Inserted 8419
Inserted 10914
Inserted 18294
Inserted 22489
Inserted 18021
Inserted 6864
Inserted 27733
Inserted 12233
Inserted 32169
Inserted 16038
Inserted 1162
Inserted 15396
Inserted 14522
Inserted 15684
Inserted 27040
Inserted 12183
Inserted 27786
Inserted 27037
Inserted 28034
Inserted 19887
Inserted 13518
Inserted 7014
Inserted 353
Inserted 27215
Inserted 10332
Inserted 633
Inserted 4053
Inserted 7607
Inserted 6158
Inserted 13283
Inserted 13442
Inserted 1184
Inserted 32340
Inserted 5040
Inserted 30812
Inserted 20617
Inserted 16072
Inserted 22021
Inserted 17383
Inserted 25852
Inserted 21721
Inserted 25917
Inserted 8591
Inserted 27385
Inserted 132
Inserted 8473
Inserted 6698
Inserted 12154
Inserted 31539
Inserted 3447
Inserted 26365
Inserted 32443
Inserted 11633
Inserted 23110
Inserted 17150
Inserted 9760
Inserted 20834
Inserted 18397
Inserted 20475
Inserted 22124
Inserted 15877
Inserted 4124
Inserted 17311
Inserted 10518
Inserted 20304
Inserted 12665
Inserted 17266
Inserted 11994
Inserted 11076
Inserted 25366
Inserted 23412
Inserted 3460
Inserted 23515
Inserted 4869
Inserted 12864
Inserted 25376
Inserted 7452
Inserted 22897
Inserted 20571
Inserted 3948
Inserted 30146
Inserted 14205
Inserted 23885
Inserted 14799
Inserted 15446
Inserted 16403
Inserted 1009
Inserted 1604
Inserted 21949
Inserted 21600
Inserted 4713
Inserted 32603
Inserted 2857
Inserted 25437
Inserted 16196
Inserted 4913
Inserted 28246
Inserted 26417
Inserted 22507
Inserted 30144
Inserted 6886
Inserted 1518
Inserted 20131
Inserted 21224
Inserted 15455
Inserted 30457
Inserted 10733
Inserted 12163
Inserted 19935
Inserted 4714
Inserted 313
Inserted 2814
Inserted 14267
Inserted 30539
Inserted 23122
Inserted 18501
Inserted 11774
Inserted 21421
Inserted 20938
Inserted 5478
Inserted 10784
Inserted 26754
Inserted 10195
Inserted 22943
Inserted 3654
Inserted 18815
Inserted 16646
Inserted 5126
Inserted 10740
Inserted 7335
Inserted 14047
Inserted 4078
Inserted 1089
Inserted 18307
Inserted 21293
Inserted 29375
Inserted 17905
Inserted 2044
Inserted 18372
Inserted 803
Inserted 26356
Inserted 21890
Inserted 4797
Inserted 22641
Inserted 5004
Inserted 28103
Inserted 11854
Inserted 2746
Inserted 18454
Inserted 23257
Inserted 28477
Inserted 23921
Inserted 24921
Inserted 147
Inserted 5712
Inserted 12028
Inserted 4601
Inserted 6369
Inserted 3982
Inserted 24843
Inserted 29227
Inserted 19990
Inserted 751
Inserted 30162
Inserted 19568
Inserted 20140
Inserted 2621
Inserted 9619
Inserted 28400
Inserted 6474
Inserted 22816
Inserted 9826
Inserted 22527
Inserted 17926
Inserted 13832
Inserted 23939
Inserted 13308
Inserted 26899
Inserted 21937
Inserted 25294
Inserted 20898
Inserted 2543
Inserted 520
Inserted 26087
Inserted 1243
Inserted 17902
Inserted 31705
Inserted 4595
Inserted 13340
Inserted 31753
Inserted 2652
Inserted 26183
Inserted 16545
Inserted 32473
Inserted 8302
Inserted 27774
Inserted 3290
Inserted 30340
Inserted 28082
Inserted 17620
Inserted 5783
Inserted 8680
Inserted 8665
Inserted 21603
Inserted 22245
Inserted 13334
Inserted 30201
Inserted 2203
Inserted 8208
Inserted 16232
Inserted 3978
Inserted 7876
Inserted 1657
Inserted 21544
Inserted 21263
Inserted 15992
Inserted 24645
Inserted 9859
Inserted 12565
Inserted 10774
Inserted 24454
Inserted 2460
Inserted 7117
Inserted 9389
Inserted 25104
Inserted 26331
Inserted 22540
Inserted 22969
Inserted 14371
Inserted 6633
Inserted 29636
Inserted 16850
Inserted 30505
Inserted 7956
Inserted 17312
Inserted 29941
Inserted 6471
Inserted 19277
Inserted 16502
Inserted 11364
Inserted 21753
Inserted 4918
Inserted 30515
Inserted 7104
Inserted 23661
Inserted 25264
Inserted 6165
Inserted 9672
Inserted 719
Inserted 4990
Inserted 11148
Inserted 6752
Inserted 16343
Inserted 12371
Inserted 14947
Inserted 1969
Inserted 21503
Inserted 30805
Inserted 1588
Inserted 7807
Inserted 27898
Inserted 19947
Inserted 897
Inserted 2272
Inserted 32535
Inserted 24399
Inserted 17833
Inserted 4090
Inserted 3929
Inserted 21897
Inserted 2685
Inserted 1750
Inserted 2223
Inserted 431
Inserted 13375
Inserted 3009
Inserted 21532
Inserted 14509
Inserted 130
Inserted 11329
Inserted 3609
Inserted 649
Inserted 26379
Inserted 27997
Inserted 19450
Inserted 9332
Inserted 18615
Inserted 27080
Inserted 26843
Inserted 15955
Inserted 8469
Inserted 30961
Inserted 14277
Inserted 16749
Inserted 29255
Inserted 21254
Inserted 4075
Inserted 28371
Inserted 7960
Inserted 12269
Inserted 15056
Inserted 5468
Inserted 14079
Inserted 25188
Inserted 24468
Inserted 31299
Inserted 10948
Inserted 20160
Inserted 17151
Inserted 28365
Inserted 18027
Inserted 6300
Inserted 10235
Inserted 12855
Inserted 25832
Inserted 2721
Inserted 24305
Inserted 8009
Inserted 14345
Inserted 23786
Inserted 27831
Inserted 13501
Inserted 11463
Inserted 22183
Inserted 21967
Inserted 9641
Inserted 18814
Inserted 23087
Inserted 20089
Inserted 7333
Inserted 13687
Inserted 20736
Inserted 9543
Inserted 1346
Inserted 29999
Inserted 4597
Inserted 26874
Inserted 10132
Inserted 19788
Inserted 10680
Inserted 9688
Inserted 26554
Inserted 22848
Inserted 4571
Inserted 1254
Inserted 32072
Inserted 24909
Inserted 5337
Inserted 8905
Inserted 10109
Inserted 10125
Inserted 23681
Inserted 20918
Inserted 23413
Inserted 21843
Inserted 18068
Inserted 3218
Inserted 25605
Inserted 22011
Inserted 18415
Inserted 9923
Inserted 32403
Inserted 24018
Inserted 14963
Inserted 23011
Inserted 11844
Inserted 24830
Inserted 22932
Inserted 11430
Inserted 28630
Inserted 29972
Inserted 6870
Inserted 19466
Inserted 14888
Inserted 31447
Inserted 13405
Inserted 6744
Inserted 2455
Inserted 3653
Inserted 13300
Inserted 19908
Inserted 6559
Inserted 6335
Inserted 24811
Inserted 14624
Inserted 3934
Inserted 26916
Inserted 26835
Inserted 21951
Inserted 22305
Inserted 3271
Inserted 21035
Inserted 715
Inserted 18721
Inserted 6073
Inserted 1892
Inserted 32365
Inserted 9761
Inserted 27362
Inserted 8103
Inserted 31361
Inserted 11358
Inserted 17389
Inserted 17071
Inserted 30264
Inserted 16879
Inserted 19509
Inserted 12986
Inserted 2640
Inserted 23081
Inserted 24531
Inserted 5090
Inserted 30085
Inserted 31207
Inserted 15068
Inserted 2773
Inserted 29957
Inserted 29161
Inserted 26259
Inserted 9898
Inserted 16285
Inserted 16438
Inserted 7754
Inserted 29124
Inserted 32530
Inserted 19575
Inserted 11736
Inserted 114
Inserted 8020
Inserted 28707
Inserted 985
Inserted 21985
Inserted 15198
Inserted 29470
Inserted 5715
Inserted 20804
Inserted 5196
Inserted 17214
Inserted 25769
Inserted 5910
Inserted 24948
Inserted 13445
Inserted 151
Inserted 24066
Inserted 10381
Inserted 27560
Inserted 26353
Inserted 28932
Inserted 6825
Inserted 31037
Inserted 26634
Inserted 4059
Inserted 15609
Inserted 31201
Inserted 21394
Inserted 16753
Inserted 7618
Inserted 21360
Inserted 7470
Inserted 18022
Inserted 6475
Inserted 24650
Inserted 18914
Inserted 13617
Inserted 27531
Inserted 20937
Inserted 21144
Inserted 4455
Inserted 19246
Inserted 6692
Inserted 19040
Inserted 4698
Inserted 8371
Inserted 30658
Inserted 27717
Inserted 15364
Inserted 18051
Inserted 3231
Inserted 1030
Inserted 11372
Inserted 22867
Inserted 27178
Inserted 29346
Inserted 25402
Inserted 15387
Inserted 22270
Inserted 16851
Inserted 4520
Inserted 13748
Inserted 1045
Inserted 28013
Inserted 5085
Inserted 32140
Inserted 20955
Inserted 25531
Inserted 20309
Inserted 31840
Inserted 20100
Inserted 29131
Inserted 27852
Inserted 5701
Inserted 25061
Inserted 32291
Inserted 25341
Inserted 8706
Inserted 9726
Inserted 14756
Inserted 12055
Inserted 21828
Inserted 19600
Inserted 21393
Inserted 9489
Inserted 29577
Inserted 15138
Inserted 3665
Inserted 18970
Inserted 22520
Inserted 13574
Inserted 26826
Inserted 30412
Inserted 15564
Inserted 32674
Inserted 20300
Inserted 8517
Inserted 28207
Inserted 13646
Inserted 13563
Inserted 20612
Inserted 9079
Inserted 26470
Inserted 6682
Inserted 9954
Inserted 7940
Inserted 5539
Inserted 10959
Inserted 3456
Inserted 15693
Inserted 2830
Inserted 21584
Inserted 19864
Inserted 22925
Inserted 17591
Inserted 3502
Inserted 16577
Inserted 26863
Inserted 8294
Inserted 30538
Inserted 7862
Inserted 12283
Inserted 30437
Inserted 21258
Inserted 7091
Inserted 9206
Inserted 17127
Inserted 18034
Inserted 7422
Inserted 22768
Inserted 11666
Inserted 28594
Inserted 25418
Inserted 20045
Inserted 24849
Inserted 9848
Inserted 18396
Inserted 5704
Inserted 2281
Inserted 23948
Inserted 19966
Inserted 6110
Inserted 8779
Inserted 28326
Inserted 11823
Inserted 30602
Inserted 4703
Inserted 154
Inserted 17952
Inserted 21330
Inserted 4389
Inserted 22057
Inserted 30620
Inserted 12497
Inserted 1498
Inserted 9698
Inserted 13022
Inserted 28299
Inserted 25625
Inserted 4490
Inserted 20826
Inserted 12967
Inserted 18584
Inserted 22640
Inserted 6743
Inserted 19657
Inserted 22538
Inserted 3305
Inserted 6149
Inserted 16183
Inserted 23660
Inserted 8964
Inserted 304
Inserted 30651
Inserted 12062
Inserted 31703
Inserted 32579
Inserted 24446
Inserted 32310
Inserted 16884
Inserted 5993
Inserted 18245
Inserted 28345
Inserted 17864
Inserted 28325
Inserted 24
Inserted 6517
Inserted 23621
Inserted 24642
Inserted 28491
Inserted 24201
Inserted 6640
Inserted 17542
Inserted 11808
Inserted 11118
Inserted 23560
Inserted 24692
Inserted 8242
Inserted 32645
Inserted 28295
Inserted 14465
Inserted 13853
Inserted 32133
Inserted 31694
Inserted 21128
Inserted 17762
Inserted 24236
Inserted 3850
Inserted 7863
Inserted 26720
Inserted 5643
Inserted 27594
Inserted 14702
Inserted 19974
Inserted 1698
Inserted 11830
Inserted 16316
Inserted 21610
Inserted 10901
Inserted 32556
Inserted 30727
Inserted 4907
Inserted 20310
Inserted 5590
Inserted 31949
Inserted 19037
Inserted 26900
Inserted 30755
Inserted 27743
Inserted 5850
Inserted 5685
Inserted 1972
Inserted 6325
Inserted 10251
Inserted 311
Inserted 14413
Inserted 22912
Inserted 14507
Inserted 30617
Inserted 8608
Inserted 17933
Inserted 8722
Inserted 3587
Inserted 5696
Inserted 10689
Inserted 16307
Inserted 7209
Inserted 19175
Inserted 9155
Inserted 13033
Inserted 11377
Inserted 11189
Inserted 20122
Inserted 26445
Inserted 12016
Inserted 26752
Inserted 16369
Inserted 26027
Inserted 14600
Inserted 21337
Inserted 17419
Inserted 6176
Inserted 27009
Inserted 8175
Inserted 15884
Inserted 25134
Inserted 32754
Inserted 14814
Inserted 19791
Inserted 7741
Inserted 21720
Inserted 17390
Inserted 13003
Inserted 25115
Inserted 18164
Inserted 13699
Inserted 16189
Inserted 12752
Inserted 28225
Inserted 29769
Inserted 13401
Inserted 15352
Inserted 1712
Inserted 21427
Inserted 3590
Inserted 15645
Inserted 14949
Inserted 32172
Inserted 25563
Inserted 29621
Inserted 32600
Inserted 14116
Inserted 23121
Inserted 26405
Inserted 15466
Inserted 32202
Inserted 7574
Inserted 29007
Inserted 23210
Inserted 14220
Inserted 15225
Inserted 21480
Inserted 16515
Inserted 29444
Inserted 31214
Inserted 12199
Inserted 19658
Inserted 29339
Inserted 32315
Inserted 25705
Inserted 22498
Inserted 17975
Inserted 31948
Inserted 29662
Inserted 24384
Inserted 12796
Inserted 26923
Inserted 23290
Inserted 22186
Inserted 12309
Inserted 28157
Inserted 8338
Inserted 21165
Inserted 29678
Inserted 27844
Inserted 29277
Inserted 133
Inserted 11450
Inserted 11067
Inserted 24175
Inserted 8087
Inserted 5986
Inserted 2032
Inserted 11196
Inserted 12769
Inserted 13413
Inserted 23659
Inserted 13920
Inserted 25738
Inserted 10492
Inserted 7947
Inserted 8734
Inserted 29821
Inserted 4732
Inserted 26942
Inserted 5176
Inserted 25658
Inserted 20832
Inserted 23281
Inserted 6572
Inserted 24965
Inserted 20754
Inserted 28427
Inserted 6199
Inserted 18845
Inserted 27597
Inserted 15425
Inserted 10092
Inserted 2633
Inserted 4683
Inserted 3921
Inserted 22256
Inserted 29714
Inserted 4524
Inserted 11963
Inserted 15741
Inserted 18713
Inserted 24440
Inserted 21894
Inserted 3829
Inserted 14612
Inserted 25224
Inserted 16309
Inserted 8876
Inserted 5868
Inserted 4098
Inserted 13055
Inserted 15296
Inserted 27144
Inserted 23415
Inserted 8227
Inserted 745
Inserted 13686
Inserted 9451
Inserted 17934
Inserted 19316
Inserted 13703
Inserted 30841
Inserted 8023
Inserted 8634
Inserted 25385
Inserted 21850
Inserted 11770
Inserted 27611
Inserted 7763
Inserted 16830
Inserted 26495
Inserted 32414
Inserted 2414
Inserted 1774
Inserted 30508
Inserted 5858
Inserted 31920
Inserted 9589
Inserted 14798
Inserted 17527
Inserted 5316
Inserted 25128
Inserted 26375
Inserted 16516
Inserted 20808
Inserted 23260
Inserted 24352
Inserted 31595
Inserted 13317
Inserted 26140
Inserted 20184
Inserted 8079
Inserted 26883
Inserted 20357
Inserted 1642
Inserted 29025
Inserted 3933
Inserted 18605
Inserted 26490
Inserted 21743
Inserted 18032
Inserted 21953
Inserted 24057
Inserted 24216
Inserted 24213
Inserted 20120
Inserted 22614
Inserted 23115
Inserted 23935
Inserted 1397
Inserted 6520
Inserted 16675
Inserted 22085
Inserted 24619
Inserted 30406
Inserted 16457
Inserted 27256
Inserted 27134
Inserted 17024
Inserted 71
Inserted 24875
Inserted 22442
Inserted 13904
Inserted 15729
Inserted 7371
Inserted 1865
Inserted 16108
Inserted 13145
Inserted 2054
Inserted 15840
Inserted 27938
Inserted 1739
Inserted 11886
Inserted 28902
Inserted 20630
Inserted 28046
Inserted 27448
Inserted 13432
Inserted 26715
Inserted 28267
Inserted 14974
Inserted 12591
Inserted 5529
Inserted 29112
Inserted 31771
Inserted 15606
Inserted 30848
Inserted 13336
Inserted 14317
Inserted 1402
Inserted 26643
Inserted 25930
Inserted 10467
Inserted 834
Inserted 22241
Inserted 31250
Inserted 48
Inserted 19992
Inserted 29276
Inserted 20237
Inserted 13094
Inserted 26841
Inserted 29462
Inserted 27550
Inserted 14807
Inserted 10459
Inserted 4647
Inserted 11816
Inserted 13137
Inserted 15411
Inserted 16083
Inserted 16062
Inserted 6296
Inserted 16677
Inserted 28978
Inserted 5750
Inserted 4250
Inserted 25441
Inserted 8133
Inserted 30463
Inserted 13905
Inserted 22544
Inserted 16362
Inserted 3923
Inserted 22077
Inserted 28665
Inserted 8082
Inserted 12675
Inserted 29162
Inserted 31524
Inserted 14743
Inserted 28518
Inserted 30312
Inserted 21591
Inserted 31944
Inserted 329
Inserted 19150
Inserted 4131
Inserted 16780
Inserted 9364
Inserted 22752
Inserted 8553
Inserted 24212
Inserted 1201
Inserted 1040
Inserted 19300
Inserted 6751
Inserted 4930
Inserted 23733
Inserted 7867
Inserted 2893
Inserted 21199
Inserted 27918
Inserted 22820
Inserted 3257
Inserted 9647
Inserted 20456
Inserted 26066
Inserted 26035
Inserted 19331
Inserted 5600
Inserted 28216
Inserted 8035
Inserted 4231
Inserted 17823
Inserted 25979
Inserted 31782
Inserted 28333
Inserted 23361
Inserted 16741
Inserted 8658
Inserted 93
Inserted 13149
Inserted 598
Inserted 23001
Inserted 7151
Inserted 18443
Inserted 22723
Inserted 5086
Inserted 5534
Inserted 19796
Inserted 7310
Inserted 28660
Inserted 28832
Inserted 9361
Inserted 19108
Inserted 19468
Inserted 24551
Inserted 13196
Inserted 1546
Inserted 18180
Inserted 2681
Inserted 27832
Inserted 9542
Inserted 9769
Inserted 30200
Inserted 31683
Inserted 25253
Inserted 21305
Inserted 3307
Inserted 30491
Inserted 31588
Inserted 10569
Inserted 24491
Inserted 29448
Inserted 15500
Inserted 28522
Inserted 39
Inserted 11332
Inserted 23521
Inserted 17277
Inserted 29960
Inserted 15777
Inserted 15750
Inserted 7572
Inserted 6971
Inserted 23478
Inserted 12723
Inserted 11564
Inserted 1733
Inserted 7652
Inserted 10205
Inserted 1716
Inserted 29618
Inserted 32108
Inserted 17566
Inserted 6068
Inserted 31170
Inserted 16739
Inserted 10926
Inserted 12427
Inserted 16501
Inserted 10533
Inserted 3647
Inserted 23603
Inserted 21760
Inserted 23006
Inserted 5875
Inserted 2776
Inserted 31790
Inserted 20956
Inserted 18422
Inserted 30762
Inserted 26745
Inserted 18983
Inserted 27924
Inserted 2526
Inserted 20598
Inserted 11709
Inserted 4543
Inserted 8963
Inserted 832
Inserted 13154
Inserted 2345
Inserted 3196
Inserted 681
Inserted 25806
Inserted 7913
Inserted 16601
Inserted 8561
Inserted 8221
Inserted 29638
Inserted 28312
Inserted 16875
Inserted 16641
Inserted 22018
Inserted 27721
Inserted 7542
Inserted 11032
Inserted 7611
Inserted 2043
Inserted 31278
Inserted 17386
Inserted 26418
Inserted 27926
Inserted 6440
Inserted 14165
Inserted 16720
Inserted 14244
Inserted 2762
Inserted 24624
Inserted 643
Inserted 23455
Inserted 18379
Inserted 24529
Inserted 13515
Inserted 27499
Inserted 10232
Inserted 7985
Inserted 30790
Inserted 23255
Inserted 11153
Inserted 13318
Inserted 5467
Inserted 5274
Inserted 6809
Inserted 19612
Inserted 14255
Inserted 13475
Inserted 17673
Inserted 10088
Inserted 11404
Inserted 19872
Inserted 29287
Inserted 20064
Inserted 23509
Inserted 712
Inserted 8840
Inserted 11693
Inserted 5940
Inserted 13898
Inserted 11175
Inserted 9413
Inserted 1555
Inserted 31384
Inserted 21302
Inserted 29000
Inserted 14164
Inserted 8956
Inserted 5572
Inserted 28458
Inserted 25631
Inserted 30929
Inserted 14728
Inserted 28838
Inserted 14156
Inserted 28958
Inserted 13623
Inserted 9469
Inserted 2342
Inserted 23039
Inserted 31796
Inserted 1682
Inserted 8523
Inserted 4040
Inserted 13639
Inserted 2239
Inserted 1242
Inserted 1715
Inserted 25263
Inserted 29514
Inserted 32289
Inserted 23976
Inserted 7952
Inserted 4139
Inserted 24558
Inserted 5350
Inserted 26511
Inserted 25403
Inserted 505
Inserted 7854
Inserted 6918
Inserted 17420
Inserted 7451
Inserted 28985
Inserted 11050
Inserted 5166
Inserted 24167
Inserted 9829
Inserted 5152
Inserted 24388
Inserted 21204
Inserted 9372
Inserted 15718
Inserted 29235
Inserted 16640
Inserted 7775
Inserted 6455
Inserted 31224
Inserted 16394
Inserted 24646
Inserted 26089
Inserted 28040
Inserted 22398
Inserted 26432
Inserted 18746
Inserted 16446
Inserted 11592
Inserted 11427
Inserted 24615
Inserted 29640
Inserted 3193
Inserted 6371
Inserted 27412
Inserted 201
Inserted 10042
Inserted 31463
Inserted 28401
Inserted 25109
Inserted 1102
Inserted 5111
Inserted 12019
Inserted 11764
Inserted 27768
Inserted 22402
Inserted 15091
Inserted 24787
Inserted 29783
Inserted 16147
Inserted 1034
Inserted 28228
Inserted 8703
Inserted 17216
Inserted 12195
Inserted 7753
Inserted 14362
Inserted 30155
Inserted 9727
Inserted 2669
Inserted 10188
Inserted 11971
Inserted 812
Inserted 10342
Inserted 8685
Inserted 16538
Inserted 1438
Inserted 1617
Inserted 31980
Inserted 5451
Inserted 517
Inserted 7379
Inserted 16750
Inserted 5437
Inserted 9459
Inserted 10198
Inserted 22884
Inserted 23576
Inserted 19529
Inserted 17529
Inserted 25635
Inserted 31138
Inserted 9860
Inserted 759
Inserted 2184
Inserted 7596
Inserted 29056
Inserted 9172
Inserted 7748
Inserted 13469
Inserted 9483
Inserted 7502
Inserted 11345
Inserted 23232
Inserted 9450
Inserted 30429
Inserted 18367
Inserted 2441
Inserted 16010
Inserted 22938
Inserted 26146
Inserted 24729
Inserted 29055
Inserted 23545
Inserted 3417
Inserted 32296
Inserted 24720
Inserted 4861
Inserted 26827
Inserted 11051
Inserted 16254
Inserted 22362
Inserted 27631
Inserted 1142
Inserted 13663
Inserted 23222
Inserted 21433
Inserted 21370
Inserted 7136
Inserted 10327
Inserted 28465
Inserted 31576
Inserted 10952
Inserted 24260
Inserted 19224
Inserted 1442
Inserted 9994
Inserted 13724
Inserted 13619
Inserted 22887
Inserted 27720
Inserted 9595
Inserted 28800
Inserted 21130
Inserted 27310
Inserted 954
Inserted 9691
Inserted 3756
Inserted 11243
Inserted 7713
Inserted 4622
Inserted 421
Inserted 19263
Inserted 7411
Inserted 8321
Inserted 16915
Inserted 9446
Inserted 29471
Inserted 1765
Inserted 8178
Inserted 6795
Inserted 8663
Inserted 27807
Inserted 28861
Inserted 24348
Inserted 21375
Inserted 23825
Inserted 14942
Inserted 20846
Inserted 21486
Inserted 5547
Inserted 28019
Inserted 5917
Inserted 14893
Inserted 7994
Inserted 16389
Inserted 26361
Inserted 31654
Inserted 13011
Inserted 31786
Inserted 29026
Inserted 22435
Inserted 2593
Inserted 28507
Inserted 22773
Inserted 5586
Inserted 19402
Inserted 15432
Inserted 11532
Inserted 8829
Inserted 2128
Inserted 6489
Inserted 13668
Inserted 1206
Inserted 2763
Inserted 20527
Inserted 9140
Inserted 10637
Inserted 27724
Inserted 13704
Inserted 5933
Inserted 24036
Inserted 858
Inserted 12477
Inserted 21989
Inserted 11791
Inserted 28020
Inserted 18601
Inserted 11177
Inserted 25163
Inserted 27753
Inserted 27627
Inserted 2343
Inserted 14992
Inserted 9995
Inserted 30422
Inserted 26649
Inserted 22042
Inserted 23657
Inserted 14188
Inserted 930
Inserted 20212
Inserted 27609
Inserted 10977
Inserted 8801
Inserted 6334
Inserted 30164
Inserted 29992
Inserted 10573
Inserted 1794
Inserted 12196
Inserted 8587
Inserted 15287
Inserted 7853
Inserted 18433
Inserted 26004
Inserted 19688
Inserted 25258
Inserted 32402
Inserted 2413
Inserted 22728
Inserted 9359
Inserted 203
Inserted 7111
Inserted 26306
Inserted 5129
Inserted 7303
Inserted 24870
Inserted 13056
Inserted 6346
Inserted 15050
Inserted 17887
Inserted 24638
Inserted 531
Inserted 2894
Inserted 24707
Inserted 3944
Inserted 6904
Inserted 20724
Inserted 31894
Inserted 5441
Inserted 17749
Inserted 22459
Inserted 27512
Inserted 17294
Inserted 22795
Inserted 13561
Inserted 30084
Inserted 20734
Inserted 6136
Inserted 4123
Inserted 32152
Inserted 31872
Inserted 4371
Inserted 6031
Inserted 15220
Inserted 24387
Inserted 6772
Inserted 11114
Inserted 26609
Inserted 25723
Inserted 5885
Inserted 8149
Inserted 30842
Inserted 23585
Inserted 24686
Inserted 1986
Inserted 18405
Inserted 15855
Inserted 21222
Inserted 7957
Inserted 1483
Inserted 29352
Inserted 2552
Inserted 7820
Inserted 8355
Inserted 21772
Inserted 24779
Inserted 28250
Inserted 7042
Inserted 30855
Inserted 24087
Inserted 21008
Inserted 18474
Inserted 18685
Inserted 21737
Inserted 31388
Inserted 12457
Inserted 15857
Inserted 7139
Inserted 19422
Inserted 20047
Inserted 14880
Inserted 26710
Inserted 2719
Inserted 446
Inserted 30546
Inserted 17005
Inserted 25487
Inserted 12568
Inserted 17041
Inserted 5254
Inserted 2578
Inserted 402
Inserted 30132
Inserted 23416
Inserted 13098
Inserted 3014
Inserted 1401
Inserted 21580
Inserted 17001
Inserted 27132
Inserted 5297
Inserted 24497
Inserted 862
Inserted 25934
Inserted 19868
Inserted 8191
Inserted 22534
Inserted 11201
Inserted 13110
Inserted 1379
Inserted 20116
Inserted 19196
Inserted 4137
Inserted 21739
Inserted 18842
Inserted 10429
Inserted 1229
Inserted 21156
Inserted 30275
Inserted 9915
Inserted 23420
Inserted 6992
Inserted 22361
Inserted 21187
Inserted 11820
Inserted 466
Inserted 7149
Inserted 17143
Inserted 13773
Inserted 14296
Inserted 2153
Inserted 5914
Inserted 29356
Inserted 21970
Inserted 31042
Inserted 1451
Inserted 28698
Inserted 30490
Inserted 7418
Inserted 20166
Inserted 13078
Inserted 535
Inserted 21831
Inserted 27802
Inserted 30839
Inserted 21744
Inserted 24508
Inserted 16473
Inserted 14378
Inserted 30856
Inserted 19329
Inserted 7925
Inserted 4201
Inserted 270
Inserted 11411
Inserted 15520
Inserted 4132
Inserted 24803
Inserted 5853
Inserted 30670
Inserted 28795
Inserted 2313
Inserted 13304
Inserted 8190
Inserted 9064
Inserted 21800
Inserted 19510
Inserted 15525
Inserted 29329
Inserted 32269
Inserted 21015
Inserted 7918
Inserted 10227
Inserted 20951
Inserted 10788
Inserted 29836
Inserted 6721
Inserted 6932
Inserted 19511
Inserted 26488
Inserted 1847
Inserted 31493
Inserted 1416
Inserted 5882
Inserted 9353
Inserted 14718
Inserted 10461
Inserted 3800
Inserted 6916
Inserted 6748
Inserted 16425
Inserted 2112
Inserted 2258
Inserted 15519
Inserted 3556
Inserted 2717
Inserted 3810
Inserted 10445
Inserted 18364
Inserted 23190
Inserted 27238
Inserted 26459
Inserted 12793
Inserted 12935
Inserted 30189
Inserted 4337
Inserted 20027
Inserted 976
Inserted 27798
Inserted 20665
Inserted 14525
Inserted 17121
Inserted 28051
Inserted 24206
Inserted 11343
Inserted 25122
Inserted 23463
Inserted 11555
Inserted 4585
Inserted 6590
Inserted 14810
Inserted 23377
Inserted 30896
Inserted 27510
Inserted 1134
Inserted 15381
Inserted 17806
Inserted 11443
Inserted 15812
Inserted 8619
Inserted 16911
Inserted 17199
Inserted 26212
Inserted 21792
Inserted 6777
Inserted 16587
Inserted 10199
Inserted 3277
Inserted 23666
Inserted 19020
Inserted 27667
Inserted 4604
Inserted 16273
Inserted 30424
Inserted 27031
Inserted 13730
Inserted 28552
Inserted 17267
Inserted 26218
Inserted 14300
Inserted 7314
Inserted 21998
Inserted 1764
Inserted 28487
Inserted 23711
Inserted 16293
Inserted 4963
Inserted 9053
Inserted 23797
Inserted 31932
Inserted 23904
Inserted 8412
Inserted 28676
Inserted 6204
Inserted 24478
Inserted 8908
Inserted 17732
Inserted 20897
Inserted 32576
Inserted 3671
Inserted 224
Inserted 18163
Inserted 1538
Inserted 13191
Inserted 24128
Inserted 21724
Inserted 31068
Inserted 28434
Inserted 12530
Inserted 27419
Inserted 27305
Inserted 30946
Inserted 4073
Inserted 4902
Inserted 27571
Inserted 4778
Inserted 6756
Inserted 14822
Inserted 30956
Inserted 8151
Inserted 10657
Inserted 30700
Inserted 13015
Inserted 28728
Inserted 20107
Inserted 32590
Inserted 20408
Inserted 2224
Inserted 852
Inserted 13009
Inserted 4218
Inserted 12100
Inserted 2584
Inserted 10354
Inserted 30989
Inserted 13301
Inserted 10014
Inserted 30116
Inserted 16793
Inserted 14874
Inserted 10002
Inserted 12168
Inserted 8885
Inserted 977
Inserted 24879
Inserted 1587
Inserted 25826
Inserted 20014
Inserted 23450
Inserted 2000
Inserted 5801
Inserted 9926
Inserted 6127
Inserted 16272
Inserted 30135
Inserted 11158
Inserted 20051
Inserted 21757
Inserted 26141
Inserted 25956
Inserted 14322
Inserted 10407
Inserted 31673
Inserted 2519
Inserted 11721
Inserted 5462
Inserted 25970
Inserted 16671
Inserted 3366
Inserted 1975
Inserted 3445
Inserted 1175
Inserted 8760
Inserted 5235
Inserted 23936
Inserted 17338
Inserted 30906
Inserted 5499
Inserted 30910
Inserted 3163
Inserted 10608
Inserted 12684
Inserted 32765
Inserted 18684
Inserted 28484
Inserted 16696
Inserted 6581
Inserted 20245
Inserted 5269
Inserted 27098
Inserted 62
Inserted 20393
Inserted 24914
Inserted 8388
Inserted 13020
Inserted 15507
Inserted 9333
Inserted 23146
Inserted 21824
Inserted 11016
Inserted 18390
Inserted 17246
Inserted 30722
Inserted 5453
Inserted 14570
Inserted 9119
Inserted 5838
Inserted 9921
Inserted 19526
Inserted 23360
Inserted 19779
Inserted 30243
Inserted 25379
Inserted 31877
Inserted 11656
Inserted 31321
Inserted 22712
Inserted 28032
Inserted 6239
Inserted 20580
Inserted 28920
Inserted 32341
Inserted 14166
Inserted 28262
Inserted 10937
Inserted 24421
Inserted 29535
Inserted 2916
Inserted 7597
Inserted 1708
Inserted 23747
Inserted 24242
Inserted 14470
Inserted 22755
Inserted 28314
Inserted 32452
Inserted 6995
Inserted 278
Inserted 25110
Inserted 15320
Inserted 15602
Inserted 24383
Inserted 17251
Inserted 17235
Inserted 26175
Inserted 5747
Inserted 17268
Inserted 13188
Inserted 1299
Inserted 13271
Inserted 21731
Inserted 26837
Inserted 26870
Inserted 4260
Inserted 21628
Inserted 9341
Inserted 19421
Inserted 7140
Inserted 22473
Inserted 7635
Inserted 26054
Inserted 26248
Inserted 3684
Inserted 29644
Inserted 12880
Inserted 5071
Inserted 30777
Inserted 12345
Inserted 30017
Inserted 27892
Inserted 32673
Inserted 25958
Inserted 24755
Inserted 27190
Inserted 28240
Inserted 7363
Inserted 3897
Inserted 24215
Inserted 1435
Inserted 29359
Inserted 27928
Inserted 4751
Inserted 11300
Inserted 13164
Inserted 6787
Inserted 17054
Inserted 20265
Inserted 21072
Inserted 17667
Inserted 1004
Inserted 19889
Inserted 3164
Inserted 31990
Inserted 20234
Inserted 26073
Inserted 13998
Inserted 6948
Inserted 27059
Inserted 16823
Inserted 30498
Inserted 30063
Inserted 28801
Inserted 28257
Inserted 17713
Inserted 908
Inserted 2829
Inserted 18706
Inserted 30822
Inserted 20306
Inserted 25007
Inserted 17674
Inserted 2122
Inserted 28766
Inserted 19291
Inserted 7714
Inserted 10566
Inserted 13072
Inserted 1113
Inserted 21549
Inserted 8603
Inserted 31651
Inserted 10578
Inserted 18728
Inserted 21123
Inserted 5860
Inserted 896
Inserted 27766
Inserted 18173
Inserted 9386
Inserted 30044
Inserted 28776
Inserted 11783
Inserted 15445
Inserted 7477
Inserted 21931
Inserted 8224
Inserted 10685
Inserted 25049
Inserted 26694
Inserted 16265
Inserted 2135
Inserted 26132
Inserted 10007
Inserted 5159
Inserted 17944
Inserted 19628
Inserted 32522
Inserted 8750
Inserted 28233
Inserted 14832
Inserted 24709
Inserted 31119
Inserted 3527
Inserted 14351
Inserted 18944
Inserted 23675
Inserted 25448
Inserted 14843
Inserted 17456
Inserted 2056
Inserted 3372
Inserted 21428
Inserted 27465
Inserted 22749
Inserted 21108
Inserted 20063
Inserted 29921
Inserted 12966
Inserted 3291
Inserted 25
Inserted 15312
Inserted 2929
Inserted 12914
Inserted 24561
Inserted 10732
Inserted 25627
Inserted 17301
Inserted 24816
Inserted 26211
Inserted 964
Inserted 8442
Inserted 18392
Inserted 20301
Inserted 10762
Inserted 25800
Inserted 8225
Inserted 24600
Inserted 10387
Inserted 27703
Inserted 9863
Inserted 24554
Inserted 19771
Inserted 10575
Inserted 17000
Inserted 18696
Inserted 28175
Inserted 1643
Inserted 7196
Inserted 20928
Inserted 21909
Inserted 26618
Inserted 1353
Inserted 2402
Inserted 20278
Inserted 27915
Inserted 4501
Inserted 30960
Inserted 6008
Inserted 22004
Inserted 31210
Inserted 29362
Inserted 19213
Inserted 22017
Inserted 26885
Inserted 3975
Inserted 32512
Inserted 20587
Inserted 8064
Inserted 10862
Inserted 23090
Inserted 261
Inserted 30952
Inserted 3548
Inserted 27008
Inserted 8725
Inserted 30074
Inserted 31098
Inserted 17630
Inserted 22900
Inserted 21183
Inserted 30512
Inserted 11337
Inserted 23912
Inserted 11160
Inserted 25183
Inserted 29334
Inserted 22583
Inserted 24945
Inserted 11022
Inserted 25543
Inserted 12321
Inserted 28141
Inserted 11850
Inserted 10484
Inserted 5279
Inserted 12215
Inserted 28740
Inserted 91
Inserted 19986
Inserted 29524
Inserted 3345
Inserted 14172
Inserted 2910
Inserted 17275
Inserted 23737
Inserted 27882
Inserted 16692
Inserted 2072
Inserted 32035
Inserted 24922
Inserted 5593
Inserted 23351
Inserted 6067
Inserted 4540
Inserted 4062
Inserted 19925
Inserted 9145
Inserted 802
Inserted 660
Inserted 14151
Inserted 9458
Inserted 26010
Inserted 30400
Inserted 2911
Inserted 1881
Inserted 12228
Inserted 6566
Inserted 9660
Inserted 1652
Inserted 2738
Inserted 28948
Inserted 13146
Inserted 16135
Inserted 20171
Inserted 3141
Inserted 32426
Inserted 28990
Inserted 30869
Inserted 3380
Inserted 6690
Inserted 18204
Inserted 23712
Inserted 21467
Inserted 638
Inserted 8715
Inserted 22907
Inserted 21173
Inserted 25415
Inserted 2767
Inserted 15726
Inserted 14688
Inserted 13575
Inserted 4239
Inserted 26726
Inserted 5556
Inserted 10960
Inserted 21455
Inserted 16847
Inserted 31520
Inserted 15408
Inserted 3770
Inserted 2784
Inserted 3287
Inserted 28350
Inserted 18889
Inserted 16731
Inserted 11249
Inserted 2650
Inserted 20667
Inserted 27214
Inserted 634
Inserted 11117
Inserted 31505
Inserted 7595
Inserted 15497
Inserted 9232
Inserted 5730
Inserted 12911
Inserted 18801
Inserted 488
Inserted 10436
Inserted 14558
Inserted 25347
Inserted 12266
Inserted 6501
Inserted 12347
Inserted 32104
Inserted 21711
Inserted 30714
Inserted 21110
Inserted 22184
Inserted 29663
Inserted 15670
Inserted 3049
Inserted 21868
Inserted 27365
Inserted 31425
Inserted 22585
Inserted 18080
Inserted 29946
Inserted 2285
Inserted 7951
Inserted 24827
Inserted 23051
Inserted 26657
Inserted 32032
Inserted 9797
Inserted 22000
Inserted 24033
Inserted 11100
Inserted 31793
Inserted 13018
Inserted 8246
Inserted 13484
Inserted 3278
Inserted 26792
Inserted 25112
Inserted 28796
Inserted 13504
Inserted 26410
Inserted 20276
Inserted 5909
Inserted 6882
Inserted 26201
Inserted 361
Inserted 10687
Inserted 4508
Inserted 27992
Inserted 1768
Inserted 20226
Inserted 19189
Inserted 11084
Inserted 17203
Inserted 101
Inserted 16128
Inserted 17491
Inserted 12843
Inserted 7384
Inserted 3318
Inserted 10385
Inserted 2819
Inserted 24186
Inserted 3060
Inserted 2946
Inserted 27290
Inserted 14606
Inserted 30863
Inserted 30283
Inserted 23461
Inserted 25168
Inserted 4016
Inserted 20634
Inserted 19625
Inserted 4336
Inserted 6894
Inserted 17847
Inserted 1253
Inserted 16940
Inserted 1086
Inserted 5990
Inserted 21798
Inserted 20104
Inserted 14308
Inserted 17777
Inserted 30016
Inserted 21424
Inserted 22629
Inserted 17482
Inserted 31500
Inserted 10767
Inserted 2235
Inserted 5336
Inserted 31610
Inserted 13810
Inserted 7487
Inserted 3179
Inserted 23168
Inserted 12282
Inserted 31802
Inserted 4162
Inserted 32654
Inserted 3554
Inserted 24758
Inserted 21687
Inserted 16327
Inserted 16852
Inserted 24988
Inserted 27816
Inserted 863
Inserted 194
Inserted 28409
Inserted 23207
Inserted 6173
Inserted 26919
Inserted 4825
Inserted 16047
Inserted 19429
Inserted 11838
Inserted 27573
Inserted 7027
Inserted 16718
Inserted 11436
Inserted 169
Inserted 27458
Inserted 22899
Inserted 5293
Inserted 26802
Inserted 21941
Inserted 5125
Inserted 22760
Inserted 4056
Inserted 23422
Inserted 13197
Inserted 5154
Inserted 7145
Inserted 9903
Inserted 11207
Inserted 12189
Inserted 23979
Inserted 4989
Inserted 20311
Inserted 10428
Inserted 20711
Inserted 14306
Inserted 10888
Inserted 30419
Inserted 15934
Inserted 30234
Inserted 24178
Inserted 3511
Inserted 29038
Inserted 13053
Inserted 32427
Inserted 14741
Inserted 9125
Inserted 30454
Inserted 11221
Inserted 27028
Inserted 21576
Inserted 7337
Inserted 7559
Inserted 1180
Inserted 10930
Inserted 26187
Inserted 32222
Inserted 20787
Inserted 24264
Inserted 26974
Inserted 22926
Inserted 16773
Inserted 29453
Inserted 6712
Inserted 24176
Inserted 32344
Inserted 30209
Inserted 7834
Inserted 2947
Inserted 13184
Inserted 32767
Inserted 16377
Inserted 1041
Inserted 24487
Inserted 13123
Inserted 32362
Inserted 13369
Inserted 15339
Inserted 2124
Inserted 8253
Inserted 5832
Inserted 17281
Inserted 27610
Inserted 18648
Inserted 2408
Inserted 11943
Inserted 21232
Inserted 14424
Inserted 25223
Inserted 30955
Inserted 17317
Inserted 4667
Inserted 17480
Inserted 21463
Inserted 12241
Inserted 12285
Inserted 15745
Inserted 24913
Inserted 13129
Inserted 5769
Inserted 26856
Inserted 5160
Inserted 31166
Inserted 23134
Inserted 23563
Inserted 16257
Inserted 2489
Inserted 29701
Inserted 18964
Inserted 18495
Inserted 17088
Inserted 17832
Inserted 23490
Inserted 8992
Inserted 17540
Inserted 24894
Inserted 18877
Inserted 21252
Inserted 18082
Inserted 24599
Inserted 334
Inserted 31140
Inserted 20621
Inserted 857
Inserted 29479
Inserted 21615
Inserted 14442
Inserted 8797
Inserted 11070
Inserted 18248
Inserted 10629
Inserted 31794
Inserted 31997
Inserted 17711
Inserted 31353
Inserted 32113
Inserted 28868
Inserted 19133
Inserted 29500
Inserted 30332
Inserted 16181
Inserted 1850
Inserted 2505
Inserted 13447
Inserted 16094
Inserted 21945
Inserted 1938
Inserted 20976
Inserted 15089
Inserted 20319
Inserted 31686
Inserted 4158
Inserted 24065
Inserted 28042
Inserted 25204
Inserted 16076
Inserted 22666
Inserted 32272
Inserted 30551
Inserted 5165
Inserted 6661
Inserted 30751
Inserted 1087
Inserted 2680
Inserted 27035
Inserted 9260
Inserted 21778
Inserted 23764
Inserted 17377
Inserted 13106
Inserted 207
Inserted 9223
Inserted 30581
Inserted 20384
Inserted 5054
Inserted 30548
Inserted 2055
Inserted 25285
Inserted 20059
Inserted 1887
Inserted 29497
Inserted 27980
Inserted 2067
Inserted 6820
Inserted 31828
Inserted 21755
Inserted 58
Inserted 29182
Inserted 25789
Inserted 21540
Inserted 31221
Inserted 27269
Inserted 5444
Inserted 22470
Inserted 3676
Inserted 11445
Inserted 30322
Inserted 9613
Inserted 30373
Inserted 6456
Inserted 16708
Inserted 17854
Inserted 20180
Inserted 21029
Inserted 8188
Inserted 21808
Inserted 20789
Inserted 16229
Inserted 31584
Inserted 20084
Inserted 11861
Inserted 15532
Inserted 28593
Inserted 6221
Inserted 15246
Inserted 20957
Inserted 4416
Inserted 12205
Inserted 23343
Inserted 28193
Inserted 9651
Inserted 16743
Inserted 30474
Inserted 32608
Inserted 564
Inserted 2491
Inserted 30428
Inserted 23148
Inserted 7147
Inserted 27352
Inserted 772
Inserted 12267
Inserted 9787
Inserted 3941
Inserted 3255
Inserted 19803
Inserted 17646
Inserted 17401
Inserted 7113
Inserted 30037
Inserted 23698
Inserted 30156
Inserted 23707
Inserted 27198
Inserted 5263
Inserted 7175
Inserted 2682
Inserted 19317
Inserted 10020
Inserted 31259
Inserted 2459
Inserted 11324
Inserted 31897
Inserted 27126
Inserted 23598
Inserted 2399
Inserted 13918
Inserted 18267
Inserted 23932
Inserted 17798
Inserted 20515
Inserted 18295
Inserted 23426
Inserted 19926
Inserted 18143
Inserted 31762
Inserted 14960
Inserted 20134
Inserted 16120
Inserted 5087
Inserted 13361
Inserted 21180
Inserted 31103
Inserted 5262
Inserted 17576
Inserted 26624
Inserted 10110
Inserted 999
Inserted 25247
Inserted 30884
Inserted 8266
Inserted 26371
Inserted 24012
Inserted 8089
Inserted 11378
Inserted 8774
Inserted 17004
Inserted 17812
Inserted 29981
Inserted 32637
Inserted 25821
Inserted 8411
Inserted 11455
Inserted 29355
Inserted 8995
Inserted 11950
Inserted 13335
Inserted 1177
Inserted 8042
Inserted 11912
Inserted 14747
Inserted 4069
Inserted 18828
Inserted 18136
Inserted 5284
Inserted 12542
Inserted 18926
Inserted 8093
Inserted 19267
Inserted 11585
Inserted 21812
Inserted 26622
Inserted 26431
Inserted 21583
Inserted 3286
Inserted 16625
Inserted 7964
Inserted 10218
Inserted 8652
Inserted 21768
Inserted 1868
Inserted 5325
Inserted 19341
Inserted 19442
Inserted 2215
Inserted 31742
Inserted 13276
Inserted 20903
Inserted 14546
Inserted 24678
Inserted 112
Inserted 22483
Inserted 24360
Inserted 4366
Inserted 29451
Inserted 18363
Inserted 10089
Inserted 17941
Inserted 11703
Inserted 28189
Inserted 30943
Inserted 29371
Inserted 11880
Inserted 17797
Inserted 14155
Inserted 30685
Inserted 30898
Inserted 9558
Inserted 579
Inserted 17815
Inserted 3319
Inserted 26351
Inserted 11932
Inserted 11125
Inserted 22929
Inserted 31669
Inserted 10252
Inserted 22309
Inserted 2822
Inserted 21439
Inserted 3211
Inserted 20568
Inserted 271
Inserted 31582
Inserted 15681
Inserted 20656
Inserted 27327
Inserted 13733
Inserted 11815
Inserted 10842
Inserted 20143
Inserted 2070
Inserted 6991
Inserted 32207
Inserted 21901
Inserted 17878
Inserted 28278
Inserted 3957
Inserted 183
Inserted 4757
Inserted 21308
Inserted 4646
Inserted 31603
Inserted 7141
Inserted 24580
Inserted 21376
Inserted 25450
Inserted 30305
Inserted 17695
Inserted 5088
Inserted 590
Inserted 22462
Inserted 952
Inserted 12430
Inserted 18418
Inserted 5278
Inserted 21412
Inserted 11775
Inserted 12742
Inserted 16388
Inserted 19563
Inserted 24015
Inserted 32540
Inserted 9566
Inserted 25959
Inserted 21547
Inserted 2941
Inserted 7899
Inserted 10376
Inserted 22397
Inserted 7606
Inserted 845
Inserted 25380
Inserted 27117
Inserted 24724
Inserted 1902
Inserted 12035
Inserted 12368
Inserted 30277
Inserted 14027
Inserted 2284
Inserted 7047
Inserted 28517
Inserted 1625
Inserted 29484
Inserted 6644
Inserted 32424
Inserted 23824
Inserted 12659
Inserted 1635
Inserted 16461
Inserted 29620
Inserted 26129
Inserted 31008
Inserted 19257
Inserted 29915
Inserted 31380
Inserted 28255
Inserted 5167
Inserted 27900
Inserted 15793
Inserted 20920
Inserted 5266
Inserted 20783
Inserted 3734
Inserted 23686
Inserted 28744
Inserted 10804
Inserted 7904
Inserted 15668
Inserted 17997
Inserted 22372
Inserted 11375
Inserted 5688
Inserted 31460
Inserted 19711
Inserted 4632
Inserted 4334
Inserted 30797
Inserted 27867
Inserted 11491
Inserted 8568
Inserted 23988
Inserted 4942
Inserted 11352
Inserted 16357
Inserted 3952
Inserted 23373
Inserted 5771
Inserted 14616
Inserted 27506
Inserted 30633
Inserted 24880
Inserted 15942
Inserted 16442
Inserted 19111
Inserted 15046
Inserted 27669
Inserted 8531
Inserted 28190
Inserted 11054
Inserted 22046
Inserted 29650
Inserted 31427
Inserted 15511
Inserted 22406
Inserted 6968
Inserted 31077
Inserted 5648
Inserted 30801
Inserted 21527
Inserted 25230
Inserted 24904
Inserted 763
Inserted 25193
Inserted 29149
Inserted 18243
Inserted 5789
Inserted 13351
Inserted 18843
Inserted 29264
Inserted 21415
Inserted 11044
Inserted 15605
Inserted 6925
Inserted 3538
Inserted 12150
Inserted 25352
Inserted 11195
Inserted 2092
Inserted 17446
Inserted 19911
Inserted 9908
Inserted 1377
Inserted 7282
Inserted 277
Inserted 2973
Inserted 1907
Inserted 12208
Inserted 24146
Inserted 25129
Inserted 17207
Inserted 28652
Inserted 16150
Inserted 254
Inserted 30494
Inserted 16469
Inserted 1910
Inserted 2960
Inserted 10957
Inserted 21742
Inserted 25603
Inserted 13358
Inserted 6789
Inserted 11864
Inserted 2138
Inserted 14828
Inserted 3478
Inserted 4029
Inserted 25983
Inserted 25716
Inserted 27230
Inserted 23204
Inserted 1300
Inserted 3847
Inserted 22485
Inserted 8397
Inserted 28677
Inserted 18663
Inserted 26884
Inserted 982
Inserted 3042
Inserted 17970
Inserted 26683
Inserted 17413
Inserted 13939
Inserted 7454
Inserted 6353
Inserted 25885
Inserted 7284
Inserted 29281
Inserted 19361
Inserted 4325
Inserted 1138
Inserted 15140
Inserted 1714
Inserted 11074
Inserted 23009
Inserted 25179
Inserted 23306
Inserted 1882
Inserted 10941
Inserted 14980
Inserted 8516
Inserted 15490
Inserted 18673
Inserted 32217
Inserted 27697
Inserted 14520
Inserted 24983
Inserted 17560
Inserted 31050
Inserted 31682
Inserted 6419
Inserted 1979
Inserted 20814
Inserted 15635
Inserted 913
Inserted 26286
Inserted 1050
Inserted 783
Inserted 8029
Inserted 10241
Inserted 4572
Inserted 13002
Inserted 20065
Inserted 16738
Inserted 8377
Inserted 659
Inserted 31319
Inserted 11938
Inserted 17846
Inserted 2354
Inserted 22151
Inserted 28686
Inserted 29081
Inserted 32679
Inserted 22635
Inserted 6818
Inserted 16771
Inserted 12936
Inserted 16141
Inserted 16684
Inserted 11591
Inserted 629
Inserted 8273
Inserted 8888
Inserted 24381
Inserted 21434
Inserted 2515
Inserted 19180
Inserted 11872
Inserted 6798
Inserted 24906
Inserted 24611
Inserted 21863
Inserted 27761
Inserted 22089
Inserted 9175
Inserted 20342
Inserted 32642
Inserted 5261
Inserted 18988
Inserted 22622
Inserted 30765
Inserted 18883
Inserted 25071
Inserted 19557
Inserted 4034
Inserted 25319
Inserted 14768
Inserted 12006
Inserted 10329
Inserted 28937
Inserted 11193
Inserted 26716
Inserted 7693
Inserted 10671
Inserted 21943
Inserted 11388
Inserted 19630
Inserted 574
Inserted 11746
Inserted 14253
Inserted 9497
Inserted 19691
Inserted 27454
Inserted 14782
Inserted 2868
Inserted 25561
Inserted 21039
Inserted 12355
Inserted 28234
Inserted 16104
Inserted 8623
Inserted 9894
Inserted 20654
Inserted 5056
Inserted 18069
Inserted 14285
Inserted 20486
Inserted 18534
Inserted 29164
Inserted 31289
Inserted 29127
Inserted 5649
Inserted 7997
Inserted 17564
Inserted 15585
Inserted 14853
Inserted 26541
Inserted 6350
Inserted 19218
Inserted 866
Inserted 9925
Inserted 19745
Inserted 3693
Inserted 4726
Inserted 13605
Inserted 31995
Inserted 15244
Inserted 26188
Inserted 6790
Inserted 19477
Inserted 29120
Inserted 3544
Inserted 3058
Inserted 28368
Inserted 13168
Inserted 2109
Inserted 12733
Inserted 30466
Inserted 18066
Inserted 6982
Inserted 16825
Inserted 25092
Inserted 19804
Inserted 11771
Inserted 27010
Inserted 1851
Inserted 837
Inserted 26655
Inserted 18485
Inserted 27737
Inserted 4655
Inserted 9287
Inserted 29424
Inserted 13986
Inserted 13969
Inserted 23411
Inserted 30345
Inserted 6174
Inserted 1573
Inserted 17898
Inserted 31859
Inserted 30282
Inserted 10266
Inserted 3673
Inserted 21837
Inserted 25690
Inserted 23757
Inserted 12862
Inserted 4578
Inserted 6649
Inserted 17223
Inserted 10403
Inserted 28644
Inserted 10916
Inserted 18913
Inserted 10639
Inserted 24943
Inserted 10963
Inserted 2952
Inserted 29894
Inserted 4499
Inserted 637
Inserted 18552
Inserted 3661
Inserted 6791
Inserted 21883
Inserted 32408
Inserted 25516
Inserted 5629
Inserted 19131
Inserted 15608
Inserted 6201
Inserted 13839
Inserted 11502
Inserted 12863
Inserted 12829
Inserted 20074
Inserted 29588
Inserted 8555
Inserted 21002
Inserted 10991
Inserted 28343
Inserted 28063
Inserted 13342
Inserted 12403
Inserted 20282
Inserted 18111
Inserted 14654
Inserted 31350
Inserted 6783
Inserted 27879
Inserted 15581
Inserted 18067
Inserted 21354
Inserted 25611
Inserted 10876
Inserted 11751
Inserted 24706
Inserted 14154
Inserted 17066
Inserted 22306
Inserted 31827
Inserted 27062
Inserted 20872
Inserted 25942
Inserted 20538
Inserted 19343
Inserted 245
Inserted 15822
Inserted 25384
Inserted 24783
Inserted 30971
Inserted 8945
Inserted 14045
Inserted 20480
Inserted 14937
Inserted 12348
Inserted 7336
Inserted 14223
Inserted 17634
Inserted 15380
Inserted 15230
Inserted 29215
Inserted 8342
Inserted 26080
Inserted 3973
Inserted 4610
Inserted 8024
Inserted 14608
Inserted 12995
Inserted 10295
Inserted 21059
Inserted 1781
Inserted 17670
Inserted 9544
Inserted 20205
Inserted 11410
Inserted 13736
Inserted 24318
Inserted 6667
Inserted 30080
Inserted 20508
Inserted 3416
Inserted 30900
Inserted 25070
Inserted 19368
Inserted 30390
Inserted 13047
Inserted 25899
Inserted 16691
Inserted 23284
Inserted 6227
Inserted 16487
Inserted 21011
Inserted 10986
Inserted 17903
Inserted 22106
Inserted 20642
Inserted 17273
Inserted 5217
Inserted 20558
Inserted 5421
Inserted 6367
Inserted 2860
Inserted 15022
Inserted 27064
Inserted 8559
Inserted 28252
Inserted 12325
Inserted 25536
Inserted 30669
Inserted 27731
Inserted 25114
Inserted 27873
Inserted 28391
Inserted 9984
Inserted 7169
Inserted 32183
Inserted 6996
Inserted 30218
Inserted 12513
Inserted 4341
Inserted 22286
Inserted 20829
Inserted 7950
Inserted 1685
Inserted 7346
Inserted 31750
Inserted 15545
Inserted 72
Inserted 8389
Inserted 23372
Inserted 25881
Inserted 11239
Inserted 25423
Inserted 13037
Inserted 17459
Inserted 3956
Inserted 4255
Inserted 12433
Inserted 30147
Inserted 3722
Inserted 7425
Inserted 15622
Inserted 28331
Inserted 1182
Inserted 32462
Inserted 1269
Inserted 27278
Inserted 21991
Inserted 32185
Inserted 19261
Inserted 21531
Inserted 12051
Inserted 3939
Inserted 7830
Inserted 23612
Inserted 1406
Inserted 586
Inserted 22704
Inserted 793
Inserted 19637
Inserted 56
Inserted 6492
Inserted 9825
Inserted 1329
Inserted 16805
Inserted 4028
Inserted 7306
Inserted 9933
Inserted 17627
Inserted 10770
Inserted 7671
Inserted 23924
Inserted 695
Inserted 28292
Inserted 29776
Inserted 11667
Inserted 32223
Inserted 10844
Inserted 19211
Inserted 31625
Inserted 27958
Inserted 24422
Inserted 22061
Inserted 32130
Inserted 30987
Inserted 20883
Inserted 1363
Inserted 64
Inserted 13021
Inserted 5609
Inserted 7173
Inserted 3686
Inserted 22054
Inserted 21205
Inserted 14931
Inserted 15093
Inserted 19727
Inserted 8807
Inserted 15218
Inserted 13354
Inserted 23274
Inserted 21776
Inserted 10524
Inserted 12676
Inserted 3429
Inserted 31898
Inserted 19096
Inserted 27799
Inserted 21938
Inserted 25623
Inserted 19955
Inserted 28509
Inserted 11264
Inserted 6588
Inserted 25666
Inserted 19991
Inserted 6062
Inserted 19678
Inserted 18030
Inserted 28045
Inserted 20094
Inserted 10113
Inserted 32572
Inserted 14566
Inserted 20188
Inserted 15066
Inserted 14064
Inserted 10418
Inserted 15016
Inserted 11004
Inserted 22793
Inserted 20036
Inserted 23930
Inserted 29570
Inserted 7978
Inserted 23893
Inserted 6950
Inserted 7382
Inserted 5770
Inserted 17994
Inserted 23688
Inserted 24046
Inserted 11655
Inserted 9174
Inserted 20382
Inserted 2802
Inserted 28242
Inserted 2751
Inserted 13710
Inserted 32717
Inserted 8153
Inserted 7778
Inserted 23833
Inserted 25234
Inserted 478
Inserted 16240
Inserted 3390
Inserted 5381
Inserted 19784
Inserted 12643
Inserted 4321
Inserted 2665
Inserted 11309
Inserted 1694
Inserted 29785
Inserted 9016
Inserted 24647
Inserted 16325
Inserted 1567
Inserted 2195
Inserted 3186
Inserted 3672
Inserted 27567
Inserted 3795
Inserted 24159
Inserted 23363
Inserted 23820
Inserted 1721
Inserted 16178
Inserted 16748
Inserted 22067
Inserted 18339
Inserted 19228
Inserted 3484
Inserted 19766
Inserted 13259
Inserted 14586
Inserted 926
Inserted 12482
Inserted 17381
Inserted 14994
Inserted 9499
Inserted 30488
Inserted 8206
Inserted 19413
Inserted 8834
Inserted 3064
Inserted 1023
Inserted 7832
Inserted 12660
Inserted 10272
Inserted 1453
Inserted 4378
Inserted 80
Inserted 21283
Inserted 16586
Inserted 652
Inserted 16225
Inserted 606
Inserted 14415
Inserted 18993
Inserted 29615
Inserted 24143
Inserted 7638
Inserted 26903
Inserted 26648
Inserted 5094
Inserted 8668
Inserted 5887
Inserted 32143
Inserted 10786
Inserted 12523
Inserted 26663
Inserted 20824
Inserted 8521
Inserted 15152
Inserted 11582
Inserted 12384
Inserted 2862
Inserted 27959
Inserted 31053
Inserted 30103
Inserted 12727
Inserted 5347
Inserted 16778
Inserted 32510
Inserted 32067
Inserted 6364
Inserted 29331
Inserted 23964
Inserted 20165
Inserted 15375
Inserted 5494
Inserted 5255
Inserted 996
Inserted 7206
Inserted 6328
Inserted 27018
Inserted 25227
Inserted 12954
Inserted 30730
Inserted 11257
Inserted 9959
Inserted 19047
Inserted 29958
Inserted 7909
Inserted 31066
Inserted 24742
Inserted 27116
Inserted 18869
Inserted 15549
Inserted 8396
Inserted 9387
Inserted 13136
Inserted 17822
Inserted 10503
Inserted 15787
Inserted 6738
Inserted 32739
Inserted 24054
Inserted 14406
Inserted 6674
Inserted 4246
Inserted 14003
Inserted 14326
Inserted 1445
Inserted 27591
Inserted 29634
Inserted 27871
Inserted 4693
Inserted 8328
Inserted 4405
Inserted 28906
Inserted 13344
Inserted 15079
Inserted 32215
Inserted 25317
Inserted 491
Inserted 4724
Inserted 17399
Inserted 8015
Inserted 17939
Inserted 4197
Inserted 16234
Inserted 7266
Inserted 32079
Inserted 7443
Inserted 737
Inserted 1109
Inserted 8395
Inserted 7892
Inserted 4340
Inserted 18236
Inserted 165
Inserted 10365
Inserted 7724
Inserted 4170
Inserted 12461
Inserted 9531
Inserted 20889
Inserted 5591
Inserted 25138
Inserted 2388
Inserted 25340
Inserted 1989
Inserted 2530
Inserted 26157
Inserted 20336
Inserted 18715
Inserted 12222
Inserted 9312
Inserted 29288
Inserted 2850
Inserted 26808
Inserted 23687
Inserted 24161
Inserted 11026
Inserted 4677
Inserted 32014
Inserted 10305
Inserted 17272
Inserted 11192
Inserted 29916
Inserted 26920
Inserted 22334
Inserted 29825
Inserted 855
Inserted 20482
Inserted 9762
Inserted 30772
Inserted 11143
Inserted 15601
Inserted 19875
Inserted 7723
Inserted 291
Inserted 22562
Inserted 4114
Inserted 2445
Inserted 3114
Inserted 13016
Inserted 32429
Inserted 15917
Inserted 5043
Inserted 2001
Inserted 4333
Inserted 4805
Inserted 11487
Inserted 1470
Inserted 30015
Inserted 561
Inserted 6260
Inserted 30728
Inserted 32734
Inserted 8968
Inserted 10967
Inserted 1630
Inserted 29298
Inserted 14996
Inserted 15019
Inserted 15114
Inserted 26616
Inserted 2089
Inserted 5729
Inserted 6665
Inserted 21587
Inserted 19006
Inserted 19610
Inserted 24752
Inserted 17830
Inserted 19172
Inserted 21217
Inserted 28558
Inserted 7983
Inserted 29458
Inserted 19537
Inserted 27219
Inserted 29443
Inserted 32745
Inserted 30793
Inserted 8354
Inserted 31354
Inserted 29188
Inserted 198
Inserted 25674
Inserted 21018
Inserted 32677
Inserted 2353
Inserted 2539
Inserted 24406
Inserted 17535
Inserted 9272
Inserted 8065
Inserted 2733
Inserted 1304
Inserted 23254
Inserted 10815
Inserted 3908
Inserted 2327
Inserted 9040
Inserted 10018
Inserted 24209
Inserted 31935
Inserted 221
Inserted 10487
Inserted 24910
Inserted 17453
Inserted 27889
Inserted 18592
Inserted 31661
Inserted 14516
Inserted 30360
Inserted 30462
Inserted 11335
Inserted 450
Inserted 23100
Inserted 18848
Inserted 14935
Inserted 798
Inserted 19742
Inserted 23008
Inserted 6143
Inserted 22504
Inserted 21585
Inserted 1894
Inserted 19746
Inserted 4240
Inserted 25896
Inserted 18070
Inserted 25714
Inserted 6349
Inserted 22374
Inserted 20637
Inserted 27925
Inserted 310
Inserted 20703
Inserted 20479
Inserted 15866
Inserted 27895
Inserted 6384
Inserted 22881
Inserted 24447
Inserted 12115
Inserted 63
Inserted 7735
Inserted 30467
Inserted 8953
Inserted 31
Inserted 25136
Inserted 9421
Inserted 6515
Inserted 2556
Inserted 12471
Inserted 4466
Inserted 7930
Inserted 32214
Inserted 22523
Inserted 11537
Inserted 16336
Inserted 24016
Inserted 10904
Inserted 4210
Inserted 24614
Inserted 27529
Inserted 25001
Inserted 19436
Inserted 27323
Inserted 3136
Inserted 3312
Inserted 27315
Inserted 4144
Inserted 20127
Inserted 5818
Inserted 20904
Inserted 32357
Inserted 23234
Inserted 27957
Inserted 12046
Inserted 7134
Inserted 5779
Inserted 7987
Inserted 19428
Inserted 30411
Inserted 9792
Inserted 31522
Inserted 13676
Inserted 10834
Inserted 11548
Inserted 30876
Inserted 20927
Inserted 27067
Inserted 18369
Inserted 7605
Inserted 17485
Inserted 29965
Inserted 9393
Inserted 25290
Inserted 7614
Inserted 10594
Inserted 9982
Inserted 32363
Inserted 5170
Inserted 22249
Inserted 17559
Inserted 1220
Inserted 15440
Inserted 1038
Inserted 8292
Inserted 26831
Inserted 96
Inserted 3851
Inserted 424
Inserted 7416
Inserted 4662
Inserted 31633
Inserted 22234
Inserted 26219
Inserted 26416
Inserted 19274
Inserted 25704
Inserted 19852
Inserted 16620
Inserted 10653
Inserted 19132
Inserted 10189
Inserted 21761
Inserted 32312
Inserted 1235
Inserted 29450
Inserted 2410
Inserted 9198
Inserted 20913
Inserted 20884
Inserted 287
Inserted 12247
Inserted 28807
Inserted 24902
Inserted 5119
Inserted 3450
Inserted 6792
Inserted 4422
Inserted 483
Inserted 19164
Inserted 12933
Inserted 2858
Inserted 16831
Inserted 11288
Inserted 16685
Inserted 3109
Inserted 25096
Inserted 30043
Inserted 29481
Inserted 24258
Inserted 4691
Inserted 8440
Inserted 20020
Inserted 10269
Inserted 19823
Inserted 7254
Inserted 30100
Inserted 5912
Inserted 2557
Inserted 1121
Inserted 6628
Inserted 10274
Inserted 10692
Inserted 14134
Inserted 6984
Inserted 29126
Inserted 6749
Inserted 1960
Inserted 1711
Inserted 6278
Inserted 18156
Inserted 26860
Inserted 8727
Inserted 28287
Inserted 7801
Inserted 18723
Inserted 8509
Inserted 20078
Inserted 22796
Inserted 29123
Inserted 23241
Inserted 30636
Inserted 16599
Inserted 21255
Inserted 4746
Inserted 26150
Inserted 19130
Inserted 29286
Inserted 3019
Inserted 27382
Inserted 24578
Inserted 11768
Inserted 26780
Inserted 14658
Inserted 25639
Inserted 26857
Inserted 10406
Inserted 28492
Inserted 16205
Inserted 15443
Inserted 12594
Inserted 12101
Inserted 19760
Inserted 18882
Inserted 11124
Inserted 13416
Inserted 20952
Inserted 26428
Inserted 11162
Inserted 14620
Inserted 23703
Inserted 20696
Inserted 15370
Inserted 22313
Inserted 17114
Inserted 3995
Inserted 30531
Inserted 31172
Inserted 3917
Inserted 2806
Inserted 2825
Inserted 3285
Inserted 27020
Inserted 8157
Inserted 5527
Inserted 4802
Inserted 14462
Inserted 23887
Inserted 32762
Inserted 28540
Inserted 2525
Inserted 28904
Inserted 5774
Inserted 975
Inserted 3059
Inserted 2452
Inserted 2748
Inserted 24123
Inserted 18644
Inserted 28079
Inserted 27373
Inserted 18072
Inserted 9143
Inserted 10284
Inserted 25043
Inserted 4860
Inserted 32434
Inserted 25325
Inserted 28991
Inserted 4315
Inserted 30057
Inserted 8845
Inserted 23556
Inserted 23944
Inserted 29726
Inserted 4569
Inserted 25240
Inserted 16672
Inserted 14397
Inserted 10328
Inserted 2344
Inserted 20151
Inserted 32004
Inserted 9689
Inserted 26250
Inserted 12922
Inserted 15864
Inserted 15861
Inserted 10798
Inserted 18425
Inserted 30823
Inserted 20121
Inserted 7420
Inserted 17289
Inserted 20110
Inserted 10221
Inserted 12763
Inserted 26366
Inserted 11975
Inserted 26897
Inserted 18955
Inserted 2199
Inserted 24898
Inserted 5553
Inserted 13135
Inserted 4286
Inserted 404
Inserted 27797
Inserted 7831
Inserted 15902
Inserted 16453
Inserted 9169
Inserted 713
Inserted 18139
Inserted 1810
Inserted 10217
Inserted 17954
Inserted 29368
Inserted 32738
Inserted 25995
Inserted 9462
Inserted 10741
Inserted 25456
Inserted 13664
Inserted 16171
Inserted 4589
Inserted 12804
Inserted 2704
Inserted 23682
Inserted 4674
Inserted 26719
Inserted 22505
Inserted 13892
Inserted 27528
Inserted 1553
Inserted 21298
Inserted 24989
Inserted 26226
Inserted 13888
Inserted 9963
Inserted 29021
Inserted 55
Inserted 21429
Inserted 6675
Inserted 23123
Inserted 23015
Inserted 10302
Inserted 4086
Inserted 24669
Inserted 26645
Inserted 7600
Inserted 24889
Inserted 12511
Inserted 28640
Inserted 31730
Inserted 10384
Inserted 7779
Inserted 1516
Inserted 1664
Inserted 13134
Inserted 4060
Inserted 31189
Inserted 3936
Inserted 9424
Inserted 30940
Inserted 23951
Inserted 10755
Inserted 12871
Inserted 2147
Inserted 27453
Inserted 25276
Inserted 6388
Inserted 19457
Inserted 9897
Inserted 8071
Inserted 20102
Inserted 10485
Inserted 23804
Inserted 7675
Inserted 1611
Inserted 14700
Inserted 25422
Inserted 352
Inserted 12536
Inserted 215
Inserted 29579
Inserted 23684
Inserted 19087
Inserted 8644
Inserted 6187
Inserted 29937
Inserted 13689
Inserted 3666
Inserted 2418
Inserted 30130
Inserted 5571
Inserted 29874
Inserted 18896
Inserted 21520
Inserted 6423
Inserted 19370
Inserted 14827
Inserted 1988
Inserted 25343
Inserted 25127
Inserted 29061
Inserted 21862
Inserted 24314
Inserted 11115
Inserted 20961
Inserted 10320
Inserted 11551
Inserted 19747
Inserted 27435
Inserted 4355
Inserted 13210
Inserted 2149
Inserted 6975
Inserted 20381
Inserted 18400
Inserted 17700
Inserted 21321
Inserted 15705
Inserted 24158
Inserted 18962
Inserted 16855
Inserted 2659
Inserted 10415
Inserted 19819
Inserted 6526
Inserted 11198
Inserted 27122
Inserted 8757
Inserted 12032
Inserted 1769
Inserted 26709
Inserted 11200
Inserted 28256
Inserted 2707
Inserted 24092
Inserted 3259
Inserted 18727
Inserted 13227
Inserted 22942
Inserted 23610
Inserted 22208
Inserted 29035
Inserted 1066
Inserted 14498
Inserted 13397
Inserted 31544
Inserted 21366
Inserted 137
Inserted 7856
Inserted 8118
Inserted 22834
Inserted 3167
Inserted 7716
Inserted 18151
Inserted 6485
Inserted 3464
Inserted 27790
Inserted 15182
Inserted 14162
Inserted 23497
Inserted 12532
Inserted 17018
Inserted 19965
Inserted 16824
Inserted 28364
Inserted 2579
Inserted 1427
Inserted 23695
Inserted 702
Inserted 32142
Inserted 4045
Inserted 8454
Inserted 5142
Inserted 8471
Inserted 25008
Inserted 13738
Inserted 19023
Inserted 22032
Inserted 7294
Inserted 24022
Inserted 9794
Inserted 24891
Inserted 30318
Inserted 15008
Inserted 11429
Inserted 11767
Inserted 28537
Inserted 4474
Inserted 24781
Inserted 8683
Inserted 26723
Inserted 31122
Inserted 9117
Inserted 25243
Inserted 16681
Inserted 7573
Inserted 4912
Inserted 13498
Inserted 11760
Inserted 14
Inserted 15010
Inserted 12042
Inserted 9352
Inserted 16321
Inserted 7434
Inserted 30918
Inserted 23457
Inserted 23830
Inserted 1954
Inserted 1598
Inserted 9291
Inserted 27886
Inserted 12468
Inserted 27337
Inserted 31260
Inserted 17306
Inserted 25641
Inserted 17951
Inserted 11586
Inserted 18314
Inserted 21190
Inserted 24043
Inserted 17050
Inserted 28268
Inserted 17348
Inserted 7887
Inserted 6085
Inserted 17184
Inserted 26628
Inserted 14499
Inserted 31713
Inserted 8948
Inserted 7190
Inserted 23549
Inserted 5703
Inserted 29722
Inserted 21910
Inserted 16160
Inserted 2888
Inserted 15126
Inserted 21331
Inserted 15618
Inserted 32266
Inserted 4997
Inserted 25383
Inserted 29504
Inserted 23453
Inserted 10903
Inserted 10636
Inserted 31453
Inserted 29489
Inserted 23840
Inserted 19410
Inserted 14815
Inserted 18374
Inserted 3999
Inserted 24327
Inserted 26907
Inserted 24115
Inserted 7489
Inserted 8461
Inserted 140
Inserted 4323
Inserted 1544
Inserted 32041
Inserted 30048
Inserted 275
Inserted 24730
Inserted 24226
Inserted 22303
Inserted 15377
Inserted 29969
Inserted 19921
Inserted 28603
Inserted 582
Inserted 18986
Inserted 27259
Inserted 1241
Inserted 28249
Inserted 4962
Inserted 5452
Inserted 15253
Inserted 23754
Inserted 27041
Inserted 2684
Inserted 8765
Inserted 31818
Inserted 30120
Inserted 11565
Inserted 23843
Inserted 31455
Inserted 29219
Inserted 16588
Inserted 26460
Inserted 24227
Inserted 17868
Inserted 18472
Inserted 17280
Inserted 27369
Inserted 10943
Inserted 12364
Inserted 5684
Inserted 16064
Inserted 878
Inserted 5796
Inserted 30818
Inserted 24799
Inserted 8677
Inserted 22449
Inserted 9015
Inserted 6468
Inserted 31528
Inserted 5369
Inserted 10097
Inserted 2337
Inserted 10585
Inserted 17059
Inserted 19761
Inserted 30979
Inserted 18599
Inserted 3918
Inserted 31038
Inserted 9872
Inserted 9775
Inserted 1743
Inserted 5536
Inserted 23479
Inserted 19862
Inserted 9577
Inserted 26081
Inserted 27826
Inserted 6835
Inserted 28667
Inserted 9736
Inserted 22108
Inserted 4953
Inserted 9135
Inserted 30792
Inserted 25914
Inserted 21950
Inserted 11653
Inserted 23854
Inserted 13440
Inserted 29389
Inserted 26164
Inserted 18213
Inserted 15394
Inserted 18060
Inserted 11144
Inserted 32565
Inserted 7012
Inserted 32226
Inserted 24901
Inserted 25506
Inserted 14132
Inserted 549
Inserted 26487
Inserted 24192
Inserted 26598
Inserted 20394
Inserted 17993
Inserted 21148
Inserted 8438
Inserted 23644
Inserted 9796
Inserted 6157
Inserted 32191
Inserted 28182
Inserted 31545
Inserted 4914
Inserted 30071
Inserted 18738
Inserted 8276
Inserted 14373
Inserted 17278
Inserted 32243
Inserted 7901
Inserted 8598
Inserted 11382
Inserted 21933
Inserted 31477
Inserted 16048
Inserted 7436
Inserted 21472
Inserted 729
Inserted 23671
Inserted 12578
Inserted 17722
Inserted 14621
Inserted 15473
Inserted 31216
Inserted 8582
Inserted 8413
Inserted 15064
Inserted 31855
Inserted 25270
Inserted 12983
Inserted 21622
Inserted 24661
Inserted 12816
Inserted 9682
Inserted 24516
Inserted 9570
Inserted 5886
Inserted 31243
Inserted 805
Inserted 18538
Inserted 25308
Inserted 528
Inserted 13665
Inserted 14313
Inserted 1706
Inserted 14518
Inserted 30196
Inserted 29176
Inserted 18711
Inserted 17919
Inserted 18545
Inserted 15849
Inserted 8896
Inserted 31001
Inserted 24498
Inserted 24281
Inserted 31067
Inserted 24195
Inserted 13729
Inserted 23320
Inserted 6208
Inserted 16958
Inserted 1386
Inserted 27748
Inserted 26251
Inserted 29179
Inserted 1443
Inserted 31457
Inserted 18039
Inserted 30826
Inserted 27644
Inserted 10946
Inserted 3359
Inserted 21703
Inserted 3902
Inserted 11643
Inserted 16630
Inserted 31164
Inserted 20242
Inserted 18604
Inserted 24718
Inserted 17524
Inserted 7494
Inserted 22603
Inserted 4606
Inserted 8766
Inserted 31913
Inserted 22013
Inserted 32007
Inserted 14767
Inserted 29174
Inserted 558
Inserted 13450
Inserted 25130
Inserted 8857
Inserted 5943
Inserted 1648
Inserted 19764
Inserted 20238
Inserted 19648
Inserted 29261
Inserted 13200
Inserted 13932
Inserted 8358
Inserted 22636
Inserted 9355
Inserted 5414
Inserted 17298
Inserted 15802
Inserted 29263
Inserted 8161
Inserted 22275
Inserted 810
Inserted 32505
Inserted 25688
Inserted 24274
Inserted 27803
Inserted 20312
Inserted 28090
Inserted 32356
Inserted 6375
Inserted 7026
Inserted 8850
Inserted 15314
Inserted 4552
Inserted 15944
Inserted 9335
Inserted 17286
Inserted 14252
Inserted 13422
Inserted 11389
Inserted 2534
Inserted 31869
Inserted 18716
Inserted 9640
Inserted 14959
Inserted 19033
Inserted 25006
Inserted 14138
Inserted 7668
Inserted 2443
Inserted 4883
Inserted 4397
Inserted 13513
Inserted 30296
Inserted 20210
Inserted 27359
Inserted 15397
Inserted 10537
Inserted 420
Inserted 13809
Inserted 29419
Inserted 5883
Inserted 26766
Inserted 26806
Inserted 24807
Inserted 13393
Inserted 1627
Inserted 15
Inserted 8325
Inserted 25387
Inserted 30908
Inserted 4125
Inserted 29847
Inserted 27662
Inserted 30671
Inserted 29822
Inserted 4994
Inserted 7485
Inserted 29982
Inserted 27372
Inserted 22849
Inserted 25637
Inserted 17192
Inserted 18052
Inserted 9964
Inserted 25621
Inserted 17577
Inserted 4972
Inserted 144
Inserted 25464
Inserted 32622
Inserted 25739
Inserted 15752
Inserted 6212
Inserted 29967
Inserted 29216
Inserted 31154
Inserted 24144
Inserted 32001
Inserted 14486
Inserted 1398
Inserted 1529
Inserted 13851
Inserted 5239
Inserted 12673
Inserted 1286
Inserted 15627
Inserted 19319
Inserted 22790
Inserted 14275
Inserted 6693
Inserted 28690
Inserted 5739
Inserted 13883
Inserted 4180
Inserted 28616
Inserted 30211
Inserted 6727
Inserted 22715
Inserted 7275
Inserted 21579
Inserted 1521
Inserted 14876
Inserted 22688
Inserted 32721
Inserted 5790
Inserted 16399
Inserted 32651
Inserted 21051
Inserted 15176
Inserted 17638
Inserted 9118
Inserted 29294
Inserted 31778
Inserted 25166
Inserted 28029
Inserted 18789
Inserted 18042
Inserted 5816
Inserted 32144
Inserted 8696
Inserted 18302
Inserted 11137
Inserted 4948
Inserted 4545
Inserted 19256
Inserted 29592
Inserted 6875
Inserted 3526
Inserted 489
Inserted 12179
Inserted 12668
Inserted 24802
Inserted 24915
Inserted 300
Inserted 18743
Inserted 2817
Inserted 8693
Inserted 3119
Inserted 1528
Inserted 824
Inserted 2688
Inserted 9423
Inserted 418
Inserted 24177
Inserted 3706
Inserted 25161
Inserted 13558
Inserted 9840
Inserted 23536
Inserted 20257
Inserted 18480
Inserted 4961
Inserted 32091
Inserted 20385
Inserted 12200
Inserted 29233
Inserted 18016
Inserted 1915
Inserted 29377
Inserted 3284
Inserted 8391
Inserted 4128
Inserted 19355
Inserted 744
Inserted 15807
Inserted 18677
Inserted 5361
Inserted 9931
Inserted 22691
Inserted 27029
Inserted 29996
Inserted 17720
Inserted 31432
Inserted 6683
Inserted 9343
Inserted 15116
Inserted 30260
Inserted 24748
Inserted 15836
Inserted 9556
Inserted 26102
Inserted 7667
Inserted 23743
Inserted 26828
Inserted 3608
Inserted 1911
Inserted 17009
Inserted 11800
Inserted 17258
Inserted 346
Inserted 15596
Inserted 15053
Inserted 525
Inserted 31606
Inserted 25753
Inserted 4030
Inserted 19813
Inserted 13999
Inserted 12610
Inserted 24946
Inserted 17147
Inserted 25386
Inserted 24106
Inserted 2562
Inserted 12571
Inserted 4064
Inserted 14043
Inserted 13273
Inserted 30153
Inserted 342
Inserted 23331
Inserted 13421
Inserted 13658
Inserted 14278
Inserted 27606
Inserted 11354
Inserted 23140
Inserted 20931
Inserted 28625
Inserted 22686
Inserted 14779
Inserted 1742
Inserted 24679
Inserted 15301
Inserted 4092
Inserted 20416
Inserted 11301
Inserted 27217
Inserted 3516
Inserted 22911
Inserted 26162
Inserted 1736
Inserted 7080
Inserted 7518
Inserted 4968
Inserted 22733
Inserted 27266
Inserted 21221
Inserted 22830
Inserted 31371
Inserted 25212
Inserted 21384
Inserted 14420
Inserted 9314
Inserted 15290
Inserted 7060
Inserted 25067
Inserted 13925
Inserted 13112
Inserted 29657
Inserted 4115
Inserted 5259
Inserted 4492
Inserted 30274
Inserted 13791
Inserted 25447
Inserted 17800
Inserted 22785
Inserted 14323
Inserted 19631
Inserted 19092
Inserted 630
Inserted 21446
Inserted 15898
Inserted 8721
Inserted 11316
Inserted 18044
Inserted 30934
Inserted 14773
Inserted 2951
Inserted 6009
Inserted 2950
Inserted 12696
Inserted 9374
Inserted 24579
Inserted 20079
Inserted 25291
Inserted 30186
Inserted 7842
Inserted 31144
Inserted 31034
Inserted 17698
Inserted 21656
Inserted 2908
Inserted 11715
Inserted 10846
Inserted 16578
Inserted 23715
Inserted 18488
Inserted 873
Inserted 1866
Inserted 7843
Inserted 821
Inserted 32318
Inserted 31526
Inserted 1357
Inserted 15333
Inserted 8379
Inserted 9220
Inserted 28127
Inserted 24425
Inserted 12172
Inserted 22801
Inserted 11287
Inserted 3247
Inserted 20469
Inserted 10623
Inserted 19653
Inserted 15424
Inserted 4600
Inserted 3280
Inserted 21381
Inserted 10686
Inserted 14140
Inserted 32382
Inserted 22289
Inserted 20757
Inserted 9378
Inserted 10887
Inserted 14552
Inserted 6215
Inserted 25470
Inserted 5517
Inserted 23215
Inserted 12271
Inserted 7475
Inserted 15188
Inserted 26868
Inserted 27587
Inserted 32476
Inserted 9390
Inserted 20973
Inserted 21452
Inserted 5456
Inserted 16180
Inserted 4454
Inserted 18411
Inserted 3100
Inserted 23505
Inserted 10908
Inserted 20657
Inserted 26839
Inserted 9146
Inserted 5405
Inserted 2312
Inserted 4356
Inserted 25521
Inserted 25553
Inserted 16198
Inserted 348
Inserted 8931
Inserted 29758
Inserted 31086
Inserted 26261
Inserted 26055
Inserted 8923
Inserted 11320
Inserted 15996
Inserted 3201
Inserted 32474
Inserted 25255
Inserted 32058
Inserted 15417
Inserted 3557
Inserted 15740
Inserted 25173
Inserted 9088
Inserted 23776
Inserted 19785
Inserted 11759
Inserted 1579
Inserted 20455
Inserted 26413
Inserted 24499
Inserted 31389
Inserted 6542
Inserted 32380
Inserted 16226
Inserted 27970
Inserted 28564
Inserted 14436
Inserted 21564
Inserted 19151
Inserted 30995
Inserted 26484
Inserted 6636
Inserted 21680
Inserted 20799
Inserted 12047
Inserted 18284
Inserted 5124
Inserted 24038
Inserted 4728
Inserted 25630
Inserted 922
Inserted 26465
Inserted 25929
Inserted 18808
Inserted 385
Inserted 4934
Inserted 3276
Inserted 18050
Inserted 11349
Inserted 27401
Inserted 17208
Inserted 29434
Inserted 3843
Inserted 32561
Inserted 8983
Inserted 6929
Inserted 22292
Inserted 12097
Inserted 21816
Inserted 22574
Inserted 21913
Inserted 502
Inserted 12408
Inserted 28637
Inserted 1237
Inserted 8648
Inserted 20451
Inserted 22490
Inserted 8933
Inserted 3513
Inserted 16819
Inserted 21783
Inserted 11988
Inserted 2110
Inserted 24725
Inserted 13045
Inserted 16436
Inserted 18240
Inserted 4395
Inserted 4921
Inserted 9969
Inserted 3088
Inserted 12942
Inserted 27360
Inserted 16509
Inserted 11659
Inserted 25172
Inserted 21698
Inserted 28560
Inserted 15025
Inserted 4084
Inserted 5374
Inserted 29802
Inserted 32486
Inserted 376
Inserted 2161
Inserted 635
Inserted 26934
Inserted 2099
Inserted 32047
Inserted 26651
Inserted 21271
Inserted 30640
Inserted 19876
Inserted 7517
Inserted 12685
Inserted 14037
Inserted 248
Inserted 31040
Inserted 16944
Inserted 13812
Inserted 11056
Inserted 26499
Inserted 5195
Inserted 24246
Inserted 335
Inserted 23852
Inserted 26642
Inserted 24559
Inserted 8525
Inserted 30830
Inserted 27129
Inserted 16179
Inserted 30276
Inserted 12712
Inserted 3172
Inserted 22360
Inserted 849
Inserted 29180
Inserted 5140
Inserted 16794
Inserted 19454
Inserted 12229
Inserted 17325
Inserted 21099
Inserted 25875
Inserted 30815
Inserted 26834
Inserted 22702
Inserted 6303
Inserted 21734
Inserted 13691
Inserted 15707
Inserted 32070
Inserted 21673
Inserted 31426
Inserted 25097
Inserted 25908
Inserted 21456
Inserted 23305
Inserted 26667
Inserted 6152
Inserted 21374
Inserted 5680
Inserted 31727
Inserted 23388
Inserted 8336
Inserted 6220
Inserted 22391
Inserted 9101
Inserted 14458
Inserted 23399
Inserted 15999
Inserted 23483
Inserted 8484
Inserted 19634
Inserted 22265
Inserted 6286
Inserted 3613
Inserted 5275
Inserted 32053
Inserted 10451
Inserted 3454
Inserted 16713
Inserted 11705
Inserted 13944
Inserted 14653
Inserted 12865
Inserted 29070
Inserted 20129
Inserted 4320
Inserted 9885
Inserted 28085
Inserted 18170
Inserted 17982
Inserted 76
Inserted 18209
Inserted 8939
Inserted 11762
Inserted 30804
Inserted 18686
Inserted 5446
Inserted 26935
Inserted 9812
Inserted 19168
Inserted 32440
Inserted 8456
Inserted 28586
Inserted 30528
Inserted 6122
Inserted 5992
Inserted 21066
Inserted 28140
Inserted 31348
Inserted 7184
Inserted 8243
Inserted 16247
Inserted 24377
Inserted 1055
Inserted 25546
Inserted 31083
Inserted 9503
Inserted 1097
Inserted 16812
Inserted 9989
Inserted 8592
Inserted 3378
Inserted 32471
Inserted 448
Inserted 30294
Inserted 29118
Inserted 28529
Inserted 17694
Inserted 19439
Inserted 11670
Inserted 1103
Inserted 7813
Inserted 9547
Inserted 22528
Inserted 18268
Inserted 9081
Inserted 30395
Inserted 12700
Inserted 30875
Inserted 4699
Inserted 6109
Inserted 21799
Inserted 10953
Inserted 25803
Inserted 27999
Inserted 30405
Inserted 9452
Inserted 20916
Inserted 9744
Inserted 16546
Inserted 11384
Inserted 8043
Inserted 13606
Inserted 12224
Inserted 14038
Inserted 13656
Inserted 23614
Inserted 16876
Inserted 18720
Inserted 8352
Inserted 21445
Inserted 7544
Inserted 5310
Inserted 88
Inserted 24953
Inserted 19698
Inserted 30399
Inserted 22610
Inserted 3578
Inserted 29824
Inserted 7385
Inserted 5497
Inserted 29750
Inserted 21936
Inserted 23264
Inserted 28982
Inserted 5602
Inserted 1325
Inserted 20328
Inserted 21233
Inserted 11373
Inserted 16380
Inserted 26479
Inserted 12854
Inserted 20747
Inserted 23578
Inserted 32125
Inserted 28093
Inserted 17470
Inserted 19501
Inserted 22565
Inserted 6398
Inserted 9981
Inserted 26023
Inserted 2277
Inserted 4493
Inserted 2476
Inserted 23984
Inserted 828
Inserted 7885
Inserted 10049
Inserted 21053
Inserted 21492
Inserted 28791
Inserted 8403
Inserted 11212
Inserted 24997
Inserted 14259
Inserted 26143
Inserted 8630
Inserted 4626
Inserted 15283
Inserted 4661
Inserted 13105
Inserted 8904
Inserted 31507
Inserted 15577
Inserted 20142
Inserted 4503
Inserted 23542
Inserted 27212
Inserted 27108
Inserted 10224
Inserted 28615
Inserted 439
Inserted 25764
Inserted 25330
Inserted 22074
Inserted 31636
Inserted 5997
Inserted 3778
Inserted 17065
Inserted 2269
Inserted 31075
Inserted 32580
Inserted 24312
Inserted 4532
Inserted 4899
Inserted 19207
Inserted 21732
Inserted 26061
Inserted 19398
Inserted 30510
Inserted 15897
Inserted 14724
Inserted 14434
Inserted 2697
Inserted 22713
Inserted 456
Inserted 19635
Inserted 17448
Inserted 7095
Inserted 24473
Inserted 32400
Inserted 8275
Inserted 27033
Inserted 18750
Inserted 3335
Inserted 18917
Inserted 28135
Inserted 18875
Inserted 8615
Inserted 7579
Inserted 7811
Inserted 29279
Inserted 10523
Inserted 19390
Inserted 4641
Inserted 25370
Inserted 18612
Inserted 461
Inserted 2836
Inserted 3532
Inserted 17829
Inserted 21464
Inserted 25587
Inserted 30545
Inserted 25059
Inserted 19722
Inserted 10781
Inserted 14173
Inserted 26801
Inserted 1787
Inserted 22648
Inserted 27817
Inserted 13775
Inserted 2592
Inserted 4282
Inserted 20995
Inserted 16186
Inserted 31464
Inserted 3630
Inserted 32343
Inserted 19865
Inserted 21184
Inserted 2639
Inserted 10564
Inserted 25988
Inserted 6763
Inserted 26155
Inserted 24845
Inserted 23580
Inserted 26917
Inserted 14290
Inserted 10371
Inserted 27025
Inserted 12556
Inserted 4736
Inserted 32602
Inserted 27189
Inserted 27003
Inserted 31045
Inserted 9505
Inserted 6619
Inserted 32036
Inserted 10043
Inserted 16694
Inserted 26037
Inserted 26323
Inserted 25905
Inserted 26148
Inserted 19757
Inserted 23325
Inserted 21185
Inserted 5288
Inserted 27949
Inserted 664
Inserted 20199
Inserted 21389
Inserted 21654
Inserted 28390
Inserted 15350
Inserted 19097
Inserted 9998
Inserted 9116
Inserted 5963
Inserted 8217
Inserted 15810
Inserted 5225
Inserted 19700
Inserted 84
Inserted 13511
Inserted 12916
Inserted 3443
Inserted 8088
Inserted 15962
Inserted 10186
Inserted 15776
Inserted 3859
Inserted 18038
Inserted 13180
Inserted 16437
Inserted 7548
Inserted 12206
Inserted 9970
Inserted 14530
Inserted 7871
Inserted 4302
Inserted 29340
Inserted 16722
Inserted 5984
Inserted 5380
Inserted 3559
Inserted 10443
Inserted 27274
Inserted 10981
Inserted 16531
Inserted 23481
Inserted 27378
Inserted 20354
Inserted 4305
Inserted 24878
Inserted 14124
Inserted 25795
Inserted 32577
Inserted 8998
Inserted 22500
Inserted 9211
Inserted 31586
Inserted 2805
Inserted 28646
Inserted 5190
Inserted 32715
Inserted 16644
Inserted 23815
Inserted 6153
Inserted 19279
Inserted 29950
Inserted 22800
Inserted 7233
Inserted 20410
Inserted 18564
Inserted 2577
Inserted 19340
Inserted 7558
Inserted 30117
Inserted 26677
Inserted 23742
Inserted 25939
Inserted 6304
Inserted 10250
Inserted 31373
Inserted 32594
Inserted 29323
Inserted 2319
Inserted 19099
Inserted 583
Inserted 19516
Inserted 2520
Inserted 454
Inserted 17242
Inserted 26799
Inserted 28657
Inserted 19710
Inserted 22764
Inserted 20254
Inserted 29523
Inserted 14923
Inserted 4909
Inserted 10868
Inserted 6263
Inserted 8899
Inserted 11707
Inserted 28136
Inserted 30838
Inserted 14302
Inserted 21490
Inserted 10391
Inserted 26925
Inserted 9033
Inserted 17477
Inserted 30480
Inserted 29075
Inserted 24476
Inserted 31218
Inserted 32087
Inserted 21519
Inserted 15734
Inserted 29237
Inserted 2438
Inserted 16697
Inserted 12961
Inserted 14021
Inserted 11226
Inserted 5653
Inserted 14348
Inserted 12975
Inserted 11853
Inserted 642
Inserted 10243
Inserted 26127
Inserted 2948
Inserted 19270
Inserted 18337
Inserted 11082
Inserted 13557
Inserted 23777
Inserted 16174
Inserted 17691
Inserted 22225
Inserted 28803
Inserted 23807
Inserted 950
Inserted 11360
Inserted 23648
Inserted 18179
Inserted 7526
Inserted 28083
Inserted 9888
Inserted 31290
Inserted 3991
Inserted 27964
Inserted 16282
Inserted 30980
Inserted 8843
Inserted 31026
Inserted 9056
Inserted 27357
Inserted 29337
Inserted 17077
Inserted 2081
Inserted 12167
Inserted 18025
Inserted 2086
Inserted 16494
Inserted 10869
Inserted 24883
Inserted 3313
Inserted 29268
Inserted 3471
Inserted 20768
Inserted 9488
Inserted 7108
Inserted 938
Inserted 614
Inserted 8304
Inserted 25567
Inserted 6273
Inserted 15863
Inserted 1614
Inserted 13333
Inserted 21304
Inserted 24091
Inserted 23916
Inserted 5899
Inserted 13194
Inserted 25744
Inserted 24041
Inserted 5007
Inserted 7744
Inserted 32464
Inserted 29966
Inserted 16427
Inserted 30297
Inserted 10213
Inserted 13491
Inserted 22727
Inserted 1549
Inserted 28271
Inserted 7368
Inserted 23409
Inserted 6297
Inserted 3357
Inserted 559
Inserted 25793
Inserted 1874
Inserted 13390
Inserted 18963
Inserted 3707
Inserted 16014
Inserted 17715
Inserted 9773
Inserted 13245
Inserted 27877
Inserted 18697
Inserted 18977
Inserted 9816
Inserted 11356
Inserted 24691
Inserted 15751
Inserted 25577
Inserted 27426
Inserted 11553
Inserted 21036
Inserted 29398
Inserted 26194
Inserted 28483
Inserted 3796
Inserted 15448
Inserted 18574
Inserted 27480
Inserted 2565
Inserted 31379
Inserted 10420
Inserted 18908
Inserted 9591
Inserted 29236
Inserted 5324
Inserted 26489
Inserted 31992
Inserted 15616
Inserted 30992
Inserted 10596
Inserted 31129
Inserted 24651
Inserted 32264
Inserted 25620
Inserted 6394
Inserted 10124
Inserted 17217
Inserted 20809
Inserted 17758
Inserted 28430
Inserted 31873
Inserted 9605
Inserted 22732
Inserted 27056
Inserted 865
Inserted 16303
Inserted 30667
Inserted 21127
Inserted 8209
Inserted 5921
Inserted 11543
Inserted 15112
Inserted 14226
Inserted 27053
Inserted 9924
Inserted 21122
Inserted 6586
Inserted 750
Inserted 23438
Inserted 27326
Inserted 25946
Inserted 12093
Inserted 6081
Inserted 11997
Inserted 16400
Inserted 6877
Inserted 28322
Inserted 14333
Inserted 9550
Inserted 2599
Inserted 30744
Inserted 18014
Inserted 32570
Inserted 27820
Inserted 1078
Inserted 12193
Inserted 13709
Inserted 358
Inserted 14062
Inserted 7677
Inserted 3084
Inserted 15491
Inserted 23588
Inserted 14917
Inserted 5302
Inserted 4608
Inserted 16433
Inserted 13476
Inserted 7835
Inserted 15640
Inserted 18403
Inserted 22096
Inserted 10343
Inserted 6685
Inserted 1926
Inserted 11379
Inserted 12687
Inserted 31759
Inserted 1309
Inserted 10811
Inserted 2750
Inserted 31975
Inserted 13630
Inserted 21423
Inserted 18520
Inserted 11879
Inserted 31340
Inserted 5277
Inserted 7387
Inserted 24592
Inserted 193
Inserted 11292
Inserted 2548
Inserted 30053
Inserted 685
Inserted 28710
Inserted 4753
Inserted 18513
Inserted 27566
Inserted 16085
Inserted 13879
Inserted 31960
Inserted 5438
Inserted 23083
Inserted 2810
Inserted 14511
Inserted 10285
Inserted 11952
Inserted 4393
Inserted 27236
Inserted 12861
Inserted 25103
Inserted 31979
Inserted 31693
Inserted 7738
Inserted 126
Inserted 17802
Inserted 17346
Inserted 18320
Inserted 14997
Inserted 6625
Inserted 17556
Inserted 21997
Inserted 7486
Inserted 17799
Inserted 18152
Inserted 14251
Inserted 6734
Inserted 17183
Inserted 28169
Inserted 463
Inserted 16373
Inserted 4629
Inserted 8297
Inserted 412
Inserted 23647
Inserted 2980
Inserted 16464
Inserted 9534
Inserted 24515
Inserted 11
Inserted 10628
Inserted 29094
Inserted 13874
Inserted 22984
Inserted 12516
Inserted 28808
Inserted 26097
Inserted 31939
Inserted 3867
Inserted 5995
Inserted 3789
Inserted 28575
Inserted 23858
Inserted 6235
Inserted 24402
Inserted 31082
Inserted 18633
Inserted 2636
Inserted 29194
Inserted 8005
Inserted 14496
Inserted 3041
Inserted 2039
Inserted 29885
Inserted 2250
Inserted 6228
Inserted 32591
Inserted 32306
Inserted 1311
Inserted 2052
Inserted 22199
Inserted 19083
Inserted 2930
Inserted 23651
Inserted 547
Inserted 17359
Inserted 22103
Inserted 814
Inserted 26118
Inserted 17589
Inserted 30172
Inserted 8548
Inserted 25355
Inserted 21488
Inserted 8286
Inserted 23620
Inserted 18652
Inserted 16706
Inserted 27289
Inserted 15820
Inserted 12812
Inserted 7245
Inserted 5965
Inserted 9586
Inserted 1321
Inserted 32189
Inserted 8019
Inserted 29587
Inserted 20817
Inserted 31444
Inserted 5366
Inserted 8687
Inserted 8860
Inserted 13371
Inserted 10620
Inserted 21062
Inserted 85
Inserted 26630
Inserted 14734
Inserted 11286
Inserted 12748
Inserted 4181
Inserted 11849
Inserted 27016
Inserted 30861
Inserted 9327
Inserted 29753
Inserted 27185
Inserted 8771
Inserted 20495
Inserted 142
Inserted 4900
Inserted 17495
Inserted 7468
Inserted 18935
Inserted 2705
Inserted 17924
Inserted 5951
Inserted 16080
Inserted 13789
Inserted 2914
Inserted 10607
Inserted 27637
Inserted 21518
Inserted 20793
Inserted 6753
Inserted 8116
Inserted 6233
Inserted 15047
Inserted 11284
Inserted 24222
Inserted 21735
Inserted 4415
Inserted 1323
Inserted 8200
Inserted 31242
Inserted 15557
Inserted 11523
Inserted 19074
Inserted 29190
Inserted 11222
Inserted 22782
Inserted 28186
Inserted 4025
Inserted 6724
Inserted 22156
Inserted 18680
Inserted 16284
Inserted 26735
Inserted 20356
Inserted 19208
Inserted 24263
Inserted 9433
Inserted 7394
Inserted 17791
Inserted 15436
Inserted 29521
Inserted 27187
Inserted 25280
Inserted 6231
Inserted 15626
Inserted 25540
Inserted 12182
Inserted 28445
Inserted 78
Inserted 27868
Inserted 17810
Inserted 23162
Inserted 26448
Inserted 3292
Inserted 26901
Inserted 14821
Inserted 26636
Inserted 29881
Inserted 3151
Inserted 27394
Inserted 16015
Inserted 18165
Inserted 29680
Inserted 8496
Inserted 11542
Inserted 23878
Inserted 30821
Inserted 25307
Inserted 21377
Inserted 29542
Inserted 21665
Inserted 11828
Inserted 20675
Inserted 28397
Inserted 24632
Inserted 31413
Inserted 10863
Inserted 8317
Inserted 27780
Inserted 8478
Inserted 3836
Inserted 13147
Inserted 9880
Inserted 1877
Inserted 31241
Inserted 21652
Inserted 22978
Inserted 343
Inserted 4854
Inserted 3719
Inserted 32150
Inserted 31065
Inserted 13840
Inserted 8463
Inserted 3452
Inserted 26269
Inserted 5238
Inserted 1429
Inserted 9681
Inserted 22333
Inserted 19856
Inserted 14067
Inserted 17623
Inserted 24649
Inserted 20524
Inserted 9957
Inserted 20531
Inserted 17423
Inserted 5799
Inserted 30802
Inserted 19573
Inserted 9180
Inserted 24542
Inserted 322
Inserted 30006
Inserted 8216
Inserted 2328
Inserted 24762
Inserted 8339
Inserted 29089
Inserted 23841
Inserted 16567
Inserted 31461
Inserted 25014
Inserted 4387
Inserted 14806
Inserted 23327
Inserted 199
Inserted 31496
Inserted 23889
Inserted 4345
Inserted 3698
Inserted 4924
Inserted 8518
Inserted 8783
Inserted 27557
Inserted 26263
Inserted 22295
Inserted 16737
Inserted 4012
Inserted 6849
Inserted 18959
Inserted 26196
Inserted 30735
Inserted 22204
Inserted 21759
Inserted 29158
Inserted 20821
Inserted 16724
Inserted 9324
Inserted 22865
Inserted 16018
Inserted 423
Inserted 453
Inserted 32122
Inserted 1080
Inserted 30887
Inserted 15789
Inserted 1015
Inserted 30621
Inserted 9290
Inserted 12175
Inserted 29400
Inserted 20914
Inserted 20557
Inserted 16212
Inserted 2265
Inserted 16838
Inserted 10363
Inserted 13763
Inserted 16311
Inserted 14367
Inserted 1143
Inserted 22750
Inserted 20339
Inserted 10656
Inserted 5606
Inserted 13930
Inserted 8141
Inserted 11460
Inserted 31783
Inserted 363
Inserted 3646
Inserted 3463
Inserted 13178
Inserted 32221
Inserted 18903
Inserted 7660
Inserted 10449
Inserted 30497
Inserted 32516
Inserted 13173
Inserted 19949
Inserted 1196
Inserted 30813
Inserted 29073
Inserted 6531
Inserted 13064
Inserted 14426
Inserted 9618
Inserted 19973
Inserted 29361
Inserted 30860
Inserted 18898
Inserted 6101
Inserted 22288
Inserted 12413
Inserted 18283
Inserted 20966
Inserted 27943
Inserted 9316
Inserted 14623
Inserted 2523
Inserted 16827
Inserted 17811
Inserted 4230
Inserted 25485
Inserted 23780
Inserted 32631
Inserted 26255
Inserted 16386
Inserted 18232
Inserted 16762
Inserted 13910
Inserted 4269
Inserted 9716
Inserted 23182
Inserted 388
Inserted 31061
Inserted 3479
Inserted 13291
Inserted 31110
Inserted 13400
Inserted 11534
Inserted 7148
Inserted 18576
Inserted 8999
Inserted 23860
Inserted 7362
Inserted 24602
Inserted 1898
Inserted 24266
Inserted 16334
Inserted 32398
Inserted 5098
Inserted 20380
Inserted 15280
Inserted 28733
Inserted 8241
Inserted 4615
Inserted 29304
Inserted 24009
Inserted 26083
Inserted 9972
Inserted 23844
Inserted 14102
Inserted 5009
Inserted 20638
Inserted 3649
Inserted 6431
Inserted 2997
Inserted 29014
Inserted 31203
Inserted 28468
Inserted 17250
Inserted 14274
Inserted 2266
Inserted 29656
Inserted 23774
Inserted 674
Inserted 31236
Inserted 69
Inserted 23384
Inserted 928
Inserted 25324
Inserted 19890
Inserted 23589
Inserted 28071
Inserted 29715
Inserted 23114
Inserted 15783
Inserted 15757
Inserted 693
Inserted 19751
Inserted 27744
Inserted 2448
Inserted 11928
Inserted 22931
Inserted 32551
Inserted 9631
Inserted 20730
Inserted 32675
Inserted 9574
Inserted 6812
Inserted 21441
Inserted 16264
Inserted 5164
Inserted 19354
Inserted 26123
Inserted 26824
Inserted 17533
Inserted 31906
Inserted 11187
Inserted 12909
Inserted 20576
Inserted 6084
Inserted 18003
Inserted 9207
Inserted 5349
Inserted 7991
Inserted 28406
Inserted 20208
Inserted 26605
Inserted 6124
Inserted 21279
Inserted 2736
Inserted 17047
Inserted 27838
Inserted 5797
Inserted 28005
Inserted 14919
Inserted 16355
Inserted 13680
Inserted 5377
Inserted 23646
Inserted 31624
Inserted 26748
Inserted 22051
Inserted 21107
Inserted 15913
Inserted 9718
Inserted 19298
Inserted 5130
Inserted 27680
Inserted 14189
Inserted 8583
Inserted 21786
Inserted 6766
Inserted 7859
Inserted 1364
Inserted 22299
Inserted 13640
Inserted 895
Inserted 1722
Inserted 16954
Inserted 2623
Inserted 29289
Inserted 4154
Inserted 16704
Inserted 21369
Inserted 15316
Inserted 27991
Inserted 21870
Inserted 17095
Inserted 5290
Inserted 22725
Inserted 20018
Inserted 12043
Inserted 14668
Inserted 26980
Inserted 2845
Inserted 15881
Inserted 25660
Inserted 157
Inserted 29002
Inserted 18656
Inserted 780
Inserted 30257
Inserted 1950
Inserted 17189
Inserted 13116
Inserted 27292
Inserted 9189
Inserted 3038
Inserted 10277
Inserted 3769
Inserted 21643
Inserted 11251
Inserted 2863
Inserted 6289
Inserted 27706
Inserted 8747
Inserted 846
Inserted 31143
Inserted 25634
Inserted 25093
Inserted 14574
Inserted 23005
Inserted 22319
Inserted 21683
Inserted 19219
Inserted 30514
Inserted 22132
Inserted 5752
Inserted 10430
Inserted 15956
Inserted 18650
Inserted 12412
Inserted 32338
Inserted 31165
Inserted 30286
Inserted 688
Inserted 10728
Inserted 11409
Inserted 819
Inserted 31702
Inserted 18064
Inserted 11605
Inserted 176
Inserted 13582
Inserted 22611
Inserted 20672
Inserted 14928
Inserted 29740
Inserted 14471
Inserted 21240
Inserted 19395
Inserted 22386
Inserted 6647
Inserted 16250
Inserted 21644
Inserted 28180
Inserted 3246
Inserted 27827
Inserted 14805
Inserted 10228
Inserted 25135
Inserted 8588
Inserted 10133
Inserted 17940
Inserted 12240
Inserted 18176
Inserted 1450
Inserted 11620
Inserted 2213
Inserted 17335
Inserted 2770
Inserted 17676
Inserted 32517
Inserted 11974
Inserted 8882
Inserted 5574
Inserted 3493
Inserted 1912
Inserted 31429
Inserted 3765
Inserted 4903
Inserted 6016
Inserted 1854
Inserted 13856
Inserted 17927
Inserted 11577
Inserted 5179
Inserted 22481
Inserted 22976
Inserted 251
Inserted 24587
Inserted 3558
Inserted 26095
Inserted 27225
Inserted 3294
Inserted 30402
Inserted 30352
Inserted 28589
Inserted 18041
Inserted 14581
Inserted 31523
Inserted 14508
Inserted 12278
Inserted 11610
Inserted 11190
Inserted 29961
Inserted 31685
Inserted 17862
Inserted 18191
Inserted 25787
Inserted 1013
Inserted 1686
Inserted 11057
Inserted 20948
Inserted 28105
Inserted 26186
Inserted 11314
Inserted 31543
Inserted 8572
Inserted 113
Inserted 28813
Inserted 5015
Inserted 30450
Inserted 24577
Inserted 15041
Inserted 31999
Inserted 29550
Inserted 4526
Inserted 5162
Inserted 17100
Inserted 13813
Inserted 2958
Inserted 5808
Inserted 27055
Inserted 12164
Inserted 2855
Inserted 30859
Inserted 13470
Inserted 7177
Inserted 19929
Inserted 21171
Inserted 469
Inserted 2566
Inserted 22430
Inserted 20402
Inserted 2
Inserted 26954
Inserted 24077
Inserted 6750
Inserted 7874
Inserted 11784
Inserted 20523
Inserted 28571
Inserted 3678
Inserted 29319
Inserted 8479
Inserted 9630
Inserted 16654
Inserted 9294
Inserted 20843
Inserted 4798
Inserted 13120
Inserted 12783
Inserted 17263
Inserted 12104
Inserted 6937
Inserted 30141
Inserted 25302
Inserted 11558
Inserted 8978
Inserted 691
Inserted 252
Inserted 10253
Inserted 13378
Inserted 11688
Inserted 19867
Inserted 27652
Inserted 25632
Inserted 1827
Inserted 7153
Inserted 21672
Inserted 2933
Inserted 25142
Inserted 28407
Inserted 11628
Inserted 4840
Inserted 6037
Inserted 6383
Inserted 11224
Inserted 8611
Inserted 28236
Inserted 17265
Inserted 9690
Inserted 12409
Inserted 2264
Inserted 1896
Inserted 27781
Inserted 7464
Inserted 11348
Inserted 185
Inserted 30420
Inserted 10138
Inserted 21243
Inserted 7307
Inserted 28584
Inserted 1081
Inserted 26741
Inserted 159
Inserted 25361
Inserted 24987
Inserted 32694
Inserted 13077
Inserted 3207
Inserted 4627
Inserted 4381
Inserted 2993
Inserted 22772
Inserted 25407
Inserted 7971
Inserted 2496
Inserted 16960
Inserted 25200
Inserted 27729
Inserted 25430
Inserted 27548
Inserted 27624
Inserted 12725
Inserted 17191
Inserted 16721
Inserted 20679
Inserted 24090
Inserted 14022
Inserted 29688
Inserted 24483
Inserted 27704
Inserted 6598
Inserted 19545
Inserted 15000
Inserted 21722
Inserted 15914
Inserted 11954
Inserted 19859
Inserted 31495
Inserted 7400
Inserted 28349
Inserted 5138
Inserted 29129
Inserted 10268
Inserted 4504
Inserted 19163
Inserted 12768
Inserted 10066
Inserted 903
Inserted 18508
Inserted 29198
Inserted 3540
Inserted 30317
Inserted 28760
Inserted 21201
Inserted 12778
Inserted 1697
Inserted 17447
Inserted 24544
Inserted 19828
Inserted 21515
Inserted 5607
Inserted 7944
Inserted 29608
Inserted 9721
Inserted 3817
Inserted 29797
Inserted 30879
Inserted 14012
Inserted 18457
Inserted 31252
Inserted 10789
Inserted 29731
Inserted 5420
Inserted 10956
Inserted 3846
Inserted 12165
Inserted 25047
Inserted 3229
Inserted 10853
Inserted 23662
Inserted 6550
Inserted 7896
Inserted 7390
Inserted 2742
Inserted 8211
Inserted 12894
Inserted 23859
Inserted 1391
Inserted 14376
Inserted 25835
Inserted 8462
Inserted 31589
Inserted 13024
Inserted 30465
Inserted 23076
Inserted 21634
Inserted 16099
Inserted 17617
Inserted 15463
Inserted 32225
Inserted 4652
Inserted 26738
Inserted 23557
Inserted 19576
Inserted 27166
Inserted 22989
Inserted 25503
Inserted 31538
Inserted 21669
Inserted 19169
Inserted 429
Inserted 16335
Inserted 24834
Inserted 14781
Inserted 26675
Inserted 6505
Inserted 2252
Inserted 20514
Inserted 31688
Inserted 1139
Inserted 9196
Inserted 5679
Inserted 30871
Inserted 31988
Inserted 18185
Inserted 19479
Inserted 10648
Inserted 26725
Inserted 4183
Inserted 11020
Inserted 31199
Inserted 32511
Inserted 26776
Inserted 13746
Inserted 32628
Inserted 9587
Inserted 13482
Inserted 23635
Inserted 19756
Inserted 21112
Inserted 3033
Inserted 17466
Inserted 21526
Inserted 12256
Inserted 9901
Inserted 25494
Inserted 26106
Inserted 20601
Inserted 21089
Inserted 25807
Inserted 5502
Inserted 19773
Inserted 17115
Inserted 16775
Inserted 30506
Inserted 25257
Inserted 15701
Inserted 6646
Inserted 15853
Inserted 32073
Inserted 28453
Inserted 22395
Inserted 31328
Inserted 12255
Inserted 29492
Inserted 360
Inserted 30994
Inserted 20270
Inserted 25036
Inserted 20563
Inserted 28980
Inserted 25072
Inserted 10050
Inserted 20425
Inserted 30959
Inserted 5505
Inserted 30712
Inserted 7407
Inserted 2030
Inserted 29744
Inserted 22475
Inserted 8010
Inserted 10920
Inserted 4225
Inserted 19118
Inserted 5744
Inserted 17616
Inserted 2216
Inserted 16559
Inserted 9611
Inserted 27947
Inserted 4224
Inserted 25210
Inserted 32024
Inserted 31305
Inserted 1505
Inserted 13468
Inserted 13861
Inserted 27316
Inserted 28610
Inserted 13654
Inserted 876
Inserted 27102
Inserted 18301
Inserted 30180
Inserted 22480
Inserted 16680
Inserted 29031
Inserted 6211
Inserted 12314
Inserted 7056
Inserted 18699
Inserted 29433
Inserted 26522
Inserted 26200
Inserted 25233
Inserted 31552
Inserted 13284
Inserted 7024
Inserted 31015
Inserted 16268
Inserted 5418
Inserted 4394
Inserted 20575
Inserted 7037
Inserted 28811
Inserted 20000
Inserted 7598
Inserted 20375
Inserted 1717
Inserted 383
Inserted 31602
Inserted 3705
Inserted 22337
Inserted 1360
Inserted 25081
Inserted 24261
Inserted 16422
Inserted 18771
Inserted 5759
Inserted 22710
Inserted 6323
Inserted 162
Inserted 9830
Inserted 23937
Inserted 5114
Inserted 2693
Inserted 24243
Inserted 28219
Inserted 7313
Inserted 23773
Inserted 2982
Inserted 10707
Inserted 14723
Inserted 22193
Inserted 11101
Inserted 13967
Inserted 22276
Inserted 15835
Inserted 10447
Inserted 168
Inserted 12464
Inserted 28987
Inserted 26875
Inserted 30094
Inserted 32582
Inserted 12906
Inserted 19364
Inserted 8259
Inserted 9733
Inserted 32586
Inserted 19059
Inserted 2882
Inserted 29308
Inserted 13806
Inserted 29896
Inserted 5988
Inserted 29789
Inserted 28822
Inserted 22823
Inserted 3413
Inserted 21688
Inserted 8433
Inserted 15533
Inserted 16878
Inserted 27077
Inserted 23794
Inserted 30652
Inserted 25932
Inserted 32538
Inserted 32731
Inserted 17061
Inserted 21570
Inserted 20963
Inserted 11497
Inserted 22016
Inserted 19342
Inserted 14115
Inserted 14219
Inserted 24908
Inserted 12649
Inserted 15593
Inserted 28508
Inserted 22064
Inserted 5934
Inserted 11712
Inserted 7325
Inserted 1966
Inserted 31002
Inserted 1833
Inserted 11208
Inserted 28557
Inserted 22455
Inserted 25564
Inserted 15765
Inserted 19946
Inserted 30702
Inserted 29791
Inserted 11923
Inserted 29101
Inserted 26825
Inserted 12450
Inserted 20042
Inserted 2867
Inserted 23194
Inserted 30513
Inserted 604
Inserted 28334
Inserted 20930
Inserted 9399
Inserted 27870
Inserted 18614
Inserted 14926
Inserted 23253
Inserted 11658
Inserted 4322
Inserted 4823
Inserted 21363
Inserted 27380
Inserted 8315
Inserted 20742
Inserted 7841
Inserted 27657
Inserted 1899
Inserted 17795
Inserted 7318
Inserted 26385
Inserted 29459
Inserted 3687
Inserted 9095
Inserted 20980
Inserted 3301
Inserted 2432
Inserted 3057
Inserted 6380
Inserted 4071
Inserted 27307
Inserted 15435
Inserted 12808
Inserted 14283
Inserted 17356
Inserted 29647
Inserted 296
Inserted 9753
Inserted 15933
Inserted 15081
Inserted 5938
Inserted 12074
Inserted 3703
Inserted 8772
Inserted 7262
Inserted 8875
Inserted 25323
Inserted 23407
Inserted 23946
Inserted 14227
Inserted 9949
Inserted 32614
Inserted 20949
Inserted 17904
Inserted 22267
Inserted 14676
Inserted 17172
Inserted 3234
Inserted 16949
Inserted 20990
Inserted 31912
Inserted 26228
Inserted 32101
Inserted 17153
Inserted 4488
Inserted 12671
Inserted 3954
Inserted 18659
Inserted 25350
Inserted 22547
Inserted 31956
Inserted 7718
Inserted 3953
Inserted 19106
Inserted 20536
Inserted 914
Inserted 20461
Inserted 21810
Inserted 15839
Inserted 7626
Inserted 30248
Inserted 21696
Inserted 13531
Inserted 16395
Inserted 2314
Inserted 17996
Inserted 2048
Inserted 16662
Inserted 11242
Inserted 13343
Inserted 7505
Inserted 32573
Inserted 27622
Inserted 12022
Inserted 20462
Inserted 1104
Inserted 27092
Inserted 7287
Inserted 18932
Inserted 16969
Inserted 777
Inserted 3517
Inserted 18043
Inserted 18588
Inserted 2453
Inserted 18395
Inserted 31450
Inserted 20170
Inserted 5508
Inserted 1068
Inserted 17455
Inserted 26237
Inserted 13391
Inserted 25822
Inserted 17753
Inserted 22607
Inserted 25169
Inserted 14607
Inserted 32376
Inserted 19958
Inserted 20068
Inserted 4707
Inserted 24117
Inserted 5474
Inserted 8560
Inserted 20540
Inserted 11387
Inserted 29053
Inserted 28543
Inserted 16338
Inserted 19414
Inserted 15986
Inserted 15080
Inserted 19842
Inserted 29068
Inserted 5546
Inserted 7071
Inserted 21605
Inserted 3792
Inserted 10477
Inserted 22563
Inserted 10466
Inserted 1305
Inserted 19968
Inserted 3405
Inserted 20595
Inserted 3012
Inserted 32588
Inserted 13764
Inserted 19251
Inserted 22910
Inserted 10464
Inserted 20706
Inserted 11696
Inserted 18608
Inserted 22091
Inserted 2984
Inserted 28134
Inserted 23044
Inserted 23998
Inserted 31637
Inserted 23752
Inserted 19822
Inserted 5134
Inserted 1457
Inserted 7092
Inserted 23745
Inserted 24394
Inserted 4207
Inserted 13822
Inserted 6860
Inserted 11753
Inserted 16592
Inserted 9339
Inserted 20655
Inserted 14431
Inserted 1837
Inserted 24062
Inserted 1703
Inserted 13217
Inserted 19581
Inserted 9974
Inserted 30834
Inserted 17080
Inserted 16107
Inserted 1112
Inserted 7231
Inserted 8421
Inserted 24851
Inserted 15716
Inserted 32319
Inserted 8386
Inserted 21874
Inserted 7075
Inserted 12308
Inserted 23880
Inserted 15327
Inserted 755
Inserted 24955
Inserted 19305
Inserted 15325
Inserted 26444
Inserted 30077
Inserted 20187
Inserted 30883
Inserted 27201
Inserted 14533
Inserted 23888
Inserted 31902
Inserted 8571
Inserted 32276
Inserted 9633
Inserted 8906
Inserted 5057
Inserted 26433
Inserted 26526
Inserted 25574
Inserted 30056
Inserted 3025
Inserted 9298
Inserted 15901
Inserted 22592
Inserted 16520
Inserted 11668
Inserted 3044
Inserted 30945
Inserted 10281
Inserted 18263
Inserted 2311
Inserted 17582
Inserted 13352
Inserted 11977
Inserted 15356
Inserted 27288
Inserted 29229
Inserted 5158
Inserted 694
Inserted 27665
Inserted 23920
Inserted 7255
Inserted 6522
Inserted 25195
Inserted 16374
Inserted 1183
Inserted 32660
Inserted 16462
Inserted 19554
Inserted 5304
Inserted 23785
Inserted 27621
Inserted 8230
Inserted 20125
Inserted 15302
Inserted 15483
Inserted 24527
Inserted 15541
Inserted 26043
Inserted 28778
Inserted 18705
Inserted 9128
Inserted 17595
Inserted 28608
Inserted 24644
Inserted 14289
Inserted 31115
Inserted 7007
Inserted 22944
Inserted 18826
Inserted 4659
Inserted 25591
Inserted 32725
Inserted 28721
Inserted 28555
Inserted 15449
Inserted 31073
Inserted 2118
Inserted 8971
Inserted 30324
Inserted 28562
Inserted 31186
Inserted 28930
Inserted 1839
Inserted 29706
Inserted 22277
Inserted 16802
Inserted 23874
Inserted 23018
Inserted 11095
Inserted 6246
Inserted 28319
Inserted 21398
Inserted 31575
Inserted 9171
Inserted 24488
Inserted 27976
Inserted 4149
Inserted 5901
Inserted 13820
Inserted 11355
Inserted 24582
Inserted 19017
Inserted 889
Inserted 22613
Inserted 6060
Inserted 2920
Inserted 21344
Inserted 23330
Inserted 4828
Inserted 2196
Inserted 26545
Inserted 4138
Inserted 18280
Inserted 30561
Inserted 32596
Inserted 3603
Inserted 17622
Inserted 23300
Inserted 14435
Inserted 978
Inserted 7697
Inserted 30689
Inserted 29461
Inserted 6448
Inserted 24295
Inserted 7882
Inserted 30441
Inserted 19098
Inserted 732
Inserted 30190
Inserted 19933
Inserted 12086
Inserted 522
Inserted 17144
Inserted 21104
Inserted 24205
Inserted 17517
Inserted 31247
Inserted 6663
Inserted 12239
Inserted 10254
Inserted 32472
Inserted 5849
Inserted 21781
Inserted 14737
Inserted 21334
Inserted 2125
Inserted 18631
Inserted 19672
Inserted 26082
Inserted 10045
Inserted 3112
Inserted 5683
Inserted 1638
Inserted 28495
Inserted 2706
Inserted 684
Inserted 24564
Inserted 4176
Inserted 17379
Inserted 32351
Inserted 29754
Inserted 9445
Inserted 11522
Inserted 14557
Inserted 7350
Inserted 12892
Inserted 10854
Inserted 10009
Inserted 24193
Inserted 32446
Inserted 14720
Inserted 28605
Inserted 24685
Inserted 24684
Inserted 20581
Inserted 22765
Inserted 27979
Inserted 31118
Inserted 23472
Inserted 6453
Inserted 13963
Inserted 10872
Inserted 21014
Inserted 9914
Inserted 26439
Inserted 13203
Inserted 27521
Inserted 9906
Inserted 15242
Inserted 30586
Inserted 10793
Inserted 31472
Inserted 30982
Inserted 25763
Inserted 2649
Inserted 7659
Inserted 7054
Inserted 30688
Inserted 12706
Inserted 11176
Inserted 28712
Inserted 12851
Inserted 24653
Inserted 25938
Inserted 8813
Inserted 8376
Inserted 32261
Inserted 4624
Inserted 18406
Inserted 22991
Inserted 13768
Inserted 18394
Inserted 26244
Inserted 28893
Inserted 28101
Inserted 17610
Inserted 22878
Inserted 27989
Inserted 1147
Inserted 8719
Inserted 15104
Inserted 11315
Inserted 19604
Inserted 2546
Inserted 16964
Inserted 27530
Inserted 17911
Inserted 12807
Inserted 134
Inserted 23683
Inserted 17253
Inserted 11395
Inserted 8090
Inserted 18674
Inserted 31635
Inserted 8264
Inserted 6867
Inserted 32368
Inserted 21860
Inserted 3346
Inserted 20866
Inserted 4361
Inserted 1551
Inserted 17945
Inserted 13991
Inserted 15556
Inserted 4975
Inserted 3639
Inserted 12726
Inserted 7228
Inserted 18057
Inserted 16572
Inserted 19614
Inserted 16858
Inserted 10059
Inserted 18798
Inserted 4594
Inserted 7849
Inserted 13996
Inserted 13181
Inserted 24550
Inserted 8962
Inserted 11917
Inserted 31863
Inserted 4799
Inserted 8283
Inserted 7750
Inserted 27936
Inserted 7995
Inserted 19264
Inserted 25337
Inserted 14848
Inserted 6793
Inserted 8633
Inserted 21459
Inserted 27460
Inserted 14481
Inserted 4498
Inserted 13884
Inserted 10816
Inserted 18990
Inserted 23344
Inserted 533
Inserted 1947
Inserted 25544
Inserted 23050
Inserted 16745
Inserted 13090
Inserted 22438
Inserted 4436
Inserted 25610
Inserted 2320
Inserted 8277
Inserted 30692
Inserted 30788
Inserted 25571
Inserted 16695
Inserted 28845
Inserted 25839
Inserted 10902
Inserted 31254
Inserted 29365
Inserted 8146
Inserted 5667
Inserted 21061
Inserted 6262
Inserted 7852
Inserted 5005
Inserted 1374
Inserted 32211
Inserted 8181
Inserted 29132
Inserted 20535
Inserted 32487
Inserted 2315
Inserted 8467
Inserted 7700
Inserted 11961
Inserted 11496
Inserted 4841
Inserted 30914
Inserted 16231
Inserted 12169
Inserted 28505
Inserted 32399
Inserted 12201
Inserted 29977
Inserted 9166
Inserted 1807
Inserted 3157
Inserted 23217
Inserted 9313
Inserted 19543
Inserted 31876
Inserted 16354
Inserted 27649
Inserted 27967
Inserted 8142
Inserted 8500
Inserted 11862
Inserted 22433
Inserted 6464
Inserted 1927
Inserted 1740
Inserted 1431
Inserted 23943
Inserted 301
Inserted 32378
Inserted 21401
Inserted 12611
Inserted 26026
Inserted 12749
Inserted 32514
Inserted 5385
Inserted 9103
Inserted 9176
Inserted 5036
Inserted 8546
Inserted 27346
Inserted 3886
Inserted 944
Inserted 3782
Inserted 30954
Inserted 17867
Inserted 17869
Inserted 13805
Inserted 14199
Inserted 24867
Inserted 20880
Inserted 3376
Inserted 18499
Inserted 13437
Inserted 9944
Inserted 10366
Inserted 8094
Inserted 24788
Inserted 6141
Inserted 12454
Inserted 17759
Inserted 4344
Inserted 4863
Inserted 7017
Inserted 13984
Inserted 21096
Inserted 10749
Inserted 27806
Inserted 21365
Inserted 7034
Inserted 30936
Inserted 27296
Inserted 21902
Inserted 20011
Inserted 11520
Inserted 18253
Inserted 30238
Inserted 6311
Inserted 3269
Inserted 3491
Inserted 15438
Inserted 30923
Inserted 15837
Inserted 1956
Inserted 240
Inserted 103
Inserted 19280
Inserted 3224
Inserted 19969
Inserted 1069
Inserted 28648
Inserted 20893
Inserted 22226
Inserted 19194
Inserted 8616
Inserted 15285
Inserted 27702
Inserted 8880
Inserted 19041
Inserted 31399
Inserted 28510
Inserted 3552
Inserted 21507
Inserted 12346
Inserted 10146
Inserted 20453
Inserted 28305
Inserted 3212
Inserted 32124
Inserted 801
Inserted 11014
Inserted 22144
Inserted 10378
Inserted 11203
Inserted 10450
Inserted 1955
Inserted 29733
Inserted 21556
Inserted 22748
Inserted 29677
Inserted 19938
Inserted 4262
Inserted 22207
Inserted 2969
Inserted 26778
Inserted 4982
Inserted 29011
Inserted 11956
Inserted 7898
Inserted 13666
Inserted 23551
Inserted 12077
Inserted 12124
Inserted 11280
Inserted 25392
Inserted 4390
Inserted 19121
Inserted 21523
Inserted 27208
Inserted 14580
Inserted 20062
Inserted 17943
Inserted 7650
Inserted 14169
Inserted 19363
Inserted 15398
Inserted 21699
Inserted 3733
Inserted 24142
Inserted 7689
Inserted 27532
Inserted 24410
Inserted 3185
Inserted 28526
Inserted 10683
Inserted 9258
Inserted 6767
Inserted 15874
Inserted 17836
Inserted 2335
Inserted 9755
Inserted 6953
Inserted 25916
Inserted 25226
Inserted 25727
Inserted 2362
Inserted 31147
Inserted 3061
Inserted 4723
Inserted 7320
Inserted 24262
Inserted 31527
Inserted 27578
Inserted 9076
Inserted 24881
Inserted 18530
Inserted 14502
Inserted 24183
Inserted 31402
Inserted 28656
Inserted 27630
Inserted 3104
Inserted 32126
Inserted 12263
Inserted 1029
Inserted 25245
Inserted 5305
Inserted 4644
Inserted 2261
Inserted 5395
Inserted 7705
Inserted 26166
Inserted 1997
Inserted 5500
Inserted 31806
Inserted 2953
Inserted 10201
Inserted 16312
Inserted 16723
Inserted 7302
Inserted 12779
Inserted 26915
Inserted 22953
Inserted 12730
Inserted 27066
Inserted 27696
Inserted 12297
Inserted 18866
Inserted 24273
Inserted 3636
Inserted 3340
Inserted 13019
Inserted 16996
Inserted 1709
Inserted 12744
Inserted 29986
Inserted 1545
Inserted 17026
Inserted 19814
Inserted 28297
Inserted 6620
Inserted 31180
Inserted 11805
Inserted 9441
Inserted 10829
Inserted 10644
Inserted 14467
Inserted 26466
Inserted 6003
Inserted 3736
Inserted 22769
Inserted 2038
Inserted 27722
Inserted 28672
Inserted 2047
Inserted 21838
Inserted 7332
Inserted 6237
Inserted 17873
Inserted 11299
Inserted 18103
Inserted 18925
Inserted 825
Inserted 7805
Inserted 17876
Inserted 18700
Inserted 31852
Inserted 14575
Inserted 16270
Inserted 5836
Inserted 17660
Inserted 1802
Inserted 27027
Inserted 12161
Inserted 30609
Inserted 1580
Inserted 120
Inserted 2186
Inserted 19325
Inserted 1763
Inserted 4715
Inserted 15967
Inserted 12907
Inserted 16040
Inserted 31716
Inserted 20015
Inserted 4150
Inserted 1691
Inserted 9357
Inserted 7561
Inserted 21497
Inserted 19107
Inserted 19825
Inserted 4687
Inserted 6090
Inserted 11294
Inserted 25722
Inserted 19093
Inserted 6638
Inserted 3935
Inserted 27004
Inserted 28784
Inserted 5184
Inserted 16893
Inserted 11583
Inserted 32206
Inserted 32515
Inserted 7810
Inserted 19299
Inserted 14432
Inserted 29285
Inserted 7799
Inserted 25038
Inserted 13492
Inserted 20220
Inserted 14758
Inserted 27614
Inserted 10998
Inserted 16042
Inserted 15723
Inserted 11199
Inserted 24941
Inserted 2486
Inserted 22555
Inserted 24777
Inserted 4625
Inserted 14388
Inserted 3039
Inserted 29705
Inserted 5314
Inserted 29643
Inserted 17497
Inserted 18441
Inserted 31301
Inserted 15906
Inserted 14839
Inserted 29449
Inserted 28842
Inserted 11981
Inserted 9286
Inserted 30247
Inserted 26957
Inserted 18688
Inserted 25519
Inserted 15344
Inserted 10041
Inserted 15873
Inserted 30890
Inserted 13539
Inserted 19229
Inserted 3853
Inserted 11927
Inserted 11383
Inserted 16372
Inserted 18221
Inserted 20981
Inserted 11405
Inserted 15731
Inserted 26567
Inserted 14953
Inserted 937
Inserted 20130
Inserted 10437
Inserted 20975
Inserted 20953
Inserted 4294
Inserted 6503
Inserted 32422
Inserted 9381
Inserted 5153
Inserted 15685
Inserted 10293
Inserted 8163
Inserted 7252
Inserted 30039
Inserted 31325
Inserted 24916
Inserted 10136
Inserted 31509
Inserted 23025
Inserted 11488
Inserted 14924
Inserted 30626
Inserted 10033
Inserted 13862
Inserted 13364
Inserted 19744
Inserted 534
Inserted 3518
Inserted 30125
Inserted 8679
Inserted 17918
Inserted 6462
Inserted 12674
Inserted 9366
Inserted 25162
Inserted 6746
Inserted 30618
Inserted 5686
Inserted 31364
Inserted 25153
Inserted 7765
Inserted 22791
Inserted 20369
Inserted 24887
Inserted 3555
Inserted 8070
Inserted 21116
Inserted 8134
Inserted 3794
Inserted 9912
Inserted 20263
Inserted 21210
Inserted 17091
Inserted 31212
Inserted 8770
Inserted 16424
Inserted 18867
Inserted 29602
Inserted 20841
Inserted 3250
Inserted 23280
Inserted 4780
Inserted 18097
Inserted 28112
Inserted 5064
Inserted 14643
Inserted 29369
Inserted 19896
Inserted 22090
Inserted 20604
Inserted 30183
Inserted 16397
Inserted 8818
Inserted 13150
Inserted 23927
Inserted 16766
Inserted 11505
Inserted 22494
Inserted 9919
Inserted 32326
Inserted 16121
Inserted 2779
Inserted 10331
Inserted 115
Inserted 29811
Inserted 26468
Inserted 19259
Inserted 16123
Inserted 20406
Inserted 13085
Inserted 13660
Inserted 30128
Inserted 27860
Inserted 15979
Inserted 26158
Inserted 5587
Inserted 11940
Inserted 28968
Inserted 26997
Inserted 8920
Inserted 5026
Inserted 20083
Inserted 836
Inserted 1425
Inserted 27209
Inserted 19536
Inserted 17714
Inserted 11789
Inserted 11743
Inserted 32038
Inserted 4234
Inserted 5482
Inserted 15021
Inserted 29469
Inserted 9748
Inserted 26453
Inserted 27243
Inserted 13698
Inserted 30184
Inserted 12312
Inserted 1793
Inserted 13610
Inserted 4700
Inserted 11077
Inserted 6853
Inserted 10752
Inserted 24042
Inserted 26435
Inserted 23269
Inserted 5545
Inserted 5956
Inserted 5156
Inserted 20
Inserted 28572
Inserted 29525
Inserted 17628
Inserted 21571
Inserted 8597
Inserted 683
Inserted 22935
Inserted 16379
Inserted 2454
Inserted 16636
Inserted 12705
Inserted 6270
Inserted 22327
Inserted 11776
Inserted 21073
Inserted 20871
Inserted 29854
Inserted 11946
Inserted 27063
Inserted 30471
Inserted 13192
Inserted 25095
Inserted 26348
Inserted 19126
Inserted 21475
Inserted 20689
Inserted 657
Inserted 15413
Inserted 29708
Inserted 2262
Inserted 6963
Inserted 813
Inserted 29130
Inserted 31220
Inserted 9824
Inserted 3470
Inserted 29150
Inserted 26848
Inserted 15569
Inserted 30115
Inserted 16154
Inserted 19125
Inserted 21845
Inserted 13238
Inserted 29322
Inserted 12300
Inserted 31663
Inserted 10291
Inserted 4638
Inserted 4556
Inserted 10759
Inserted 29784
Inserted 9889
Inserted 19724
Inserted 26438
Inserted 22499
Inserted 13032
Inserted 11089
Inserted 17631
Inserted 5220
Inserted 12147
Inserted 27668
Inserted 3244
Inserted 22393
Inserted 13928
Inserted 26436
Inserted 29814
Inserted 3272
Inserted 31182
Inserted 32617
Inserted 10797
Inserted 19199
Inserted 2761
Inserted 25520
Inserted 9939
Inserted 15779
Inserted 17737
Inserted 13956
Inserted 10574
Inserted 12425
Inserted 5472
Inserted 7405
Inserted 2248
Inserted 1519
Inserted 21806
Inserted 11053
Inserted 22159
Inserted 14087
Inserted 10183
Inserted 23256
Inserted 822
Inserted 27151
Inserted 17503
Inserted 23061
Inserted 8323
Inserted 10514
Inserted 28759
Inserted 22304
Inserted 25810
Inserted 20658
Inserted 32285
Inserted 23319
Inserted 16263
Inserted 30630
Inserted 17068
Inserted 31329
Inserted 94
Inserted 7393
Inserted 3745
Inserted 7819
Inserted 15470
Inserted 29837
Inserted 24933
Inserted 9049
Inserted 21685
Inserted 20546
Inserted 306
Inserted 27120
Inserted 16288
Inserted 24963
Inserted 19170
Inserted 23499
Inserted 2974
Inserted 13462
Inserted 5281
Inserted 27899
Inserted 10746
Inserted 10193
Inserted 32086
Inserted 15084
Inserted 5902
Inserted 3740
Inserted 27793
Inserted 26578
Inserted 23886
Inserted 28654
Inserted 6255
Inserted 13642
Inserted 18410
Inserted 15638
Inserted 25645
Inserted 27851
Inserted 19909
Inserted 10388
Inserted 7719
Inserted 17709
Inserted 32480
Inserted 1322
Inserted 6082
Inserted 30622
Inserted 29024
Inserted 464
Inserted 4819
Inserted 22813
Inserted 14307
Inserted 17416
Inserted 738
Inserted 26354
Inserted 29897
Inserted 208
Inserted 7359
Inserted 25268
Inserted 32503
Inserted 8143
Inserted 12510
Inserted 24375
Inserted 17754
Inserted 14939
Inserted 25079
Inserted 11109
Inserted 26390
Inserted 22143
Inserted 6601
Inserted 29932
Inserted 14753
Inserted 27514
Inserted 25741
Inserted 7751
Inserted 14052
Inserted 9808
Inserted 31161
Inserted 4080
Inserted 6931
Inserted 9276
Inserted 24919
Inserted 13208
Inserted 6217
Inserted 18456
Inserted 18442
Inserted 17255
Inserted 5045
Inserted 30881
Inserted 16854
Inserted 20879
Inserted 25820
Inserted 25851
Inserted 9037
Inserted 19323
Inserted 2602
Inserted 3566
Inserted 21539
Inserted 3275
Inserted 27399
Inserted 17839
Inserted 8925
Inserted 5811
Inserted 32293
Inserted 5932
Inserted 23583
Inserted 3519
Inserted 26238
Inserted 12632
Inserted 2365
Inserted 1937
Inserted 17211
Inserted 24364
Inserted 9966
Inserted 15643
Inserted 7050
Inserted 26635
Inserted 9203
Inserted 24070
Inserted 25045
Inserted 29949
Inserted 2606
Inserted 19094
Inserted 1044
Inserted 2642
Inserted 10642
Inserted 30154
Inserted 28692
Inserted 11809
Inserted 25108
Inserted 18153
Inserted 2411
Inserted 6363
Inserted 11087
Inserted 2783
Inserted 8278
Inserted 25004
Inserted 13584
Inserted 17288
Inserted 16507
Inserted 11507
Inserted 19452
Inserted 15660
Inserted 23024
Inserted 13115
Inserted 15607
Inserted 6395
Inserted 14842
Inserted 8055
Inserted 27896
Inserted 21926
Inserted 30313
Inserted 28693
Inserted 28859
Inserted 27745
Inserted 14417
Inserted 16134
Inserted 24507
Inserted 24171
Inserted 6949
Inserted 28863
Inserted 20625
Inserted 24107
Inserted 11474
Inserted 16682
Inserted 28723
Inserted 17048
Inserted 14078
Inserted 19579
Inserted 31462
Inserted 20597
Inserted 22117
Inserted 27298
Inserted 23853
Inserted 25175
Inserted 26816
Inserted 8744
Inserted 2200
Inserted 7415
Inserted 16017
Inserted 13783
Inserted 16529
Inserted 7327
Inserted 3210
Inserted 18094
Inserted 8740
Inserted 16451
Inserted 22056
Inserted 9137
Inserted 8331
Inserted 19607
Inserted 20173
Inserted 4352
Inserted 24513
Inserted 23968
Inserted 21102
Inserted 32021
Inserted 30251
Inserted 9784
Inserted 243
Inserted 31919
Inserted 22052
Inserted 13306
Inserted 5326
Inserted 171
Inserted 15213
Inserted 13519
Inserted 15141
Inserted 22076
Inserted 17083
Inserted 11311
Inserted 31585
Inserted 14099
Inserted 29585
Inserted 15462
Inserted 19465
Inserted 9161
Inserted 21557
Inserted 5958
Inserted 2686
Inserted 8295
Inserted 5577
Inserted 14142
Inserted 13759
Inserted 26783
Inserted 18829
Inserted 18362
Inserted 19701
Inserted 25185
Inserted 29558
Inserted 1704
Inserted 27747
Inserted 18436
Inserted 24597
Inserted 18096
Inserted 31729
Inserted 24842
Inserted 24239
Inserted 14144
Inserted 22966
Inserted 2626
Inserted 11787
Inserted 16281
Inserted 16454
Inserted 18967
Inserted 30133
Inserted 17404
Inserted 4307
Inserted 430
Inserted 5922
Inserted 30837
Inserted 22311
Inserted 5522
Inserted 20522
Inserted 21259
Inserted 20569
Inserted 27091
Inserted 15067
Inserted 16148
Inserted 7992
Inserted 5197
Inserted 13827
Inserted 30715
Inserted 26991
Inserted 3788
Inserted 18841
Inserted 6305
Inserted 9687
Inserted 25724
Inserted 29875
Inserted 1489
Inserted 217
Inserted 9409
Inserted 29410
Inserted 3894
Inserted 10633
Inserted 25410
Inserted 6095
Inserted 29046
Inserted 21920
Inserted 17027
Inserted 30958
Inserted 29858
Inserted 3670
Inserted 10401
Inserted 29876
Inserted 17391
Inserted 27866
Inserted 3990
Inserted 24947
Inserted 4701
Inserted 26730
Inserted 14286
Inserted 8506
Inserted 21944
Inserted 15309
Inserted 347
Inserted 7980
Inserted 1596
Inserted 31345
Inserted 18323
Inserted 10791
Inserted 13587
Inserted 24420
Inserted 9282
Inserted 25375
Inserted 26838
Inserted 17978
Inserted 11866
Inserted 8147
Inserted 9369
Inserted 14619
Inserted 24637
Inserted 1065
Inserted 17597
Inserted 22536
Inserted 29518
Inserted 20472
Inserted 28862
Inserted 3618
Inserted 21333
Inserted 23213
Inserted 27392
Inserted 22248
Inserted 4205
Inserted 26774
Inserted 23977
Inserted 18671
Inserted 20287
Inserted 25927
Inserted 1307
Inserted 6400
Inserted 13172
Inserted 29022
Inserted 19753
Inserted 11475
Inserted 4236
Inserted 5839
Inserted 20193
Inserted 28031
Inserted 31981
Inserted 19140
Inserted 11835
Inserted 15321
Inserted 30005
Inserted 7758
Inserted 16554
Inserted 3895
Inserted 31968
Inserted 7769
Inserted 17925
Inserted 29183
Inserted 10063
Inserted 20478
Inserted 3641
Inserted 20599
Inserted 18687
Inserted 5723
Inserted 22486
Inserted 6604
Inserted 25400
Inserted 22482
Inserted 10263
Inserted 29669
Inserted 14885
Inserted 9473
Inserted 6642
Inserted 7506
Inserted 1957
Inserted 22328
Inserted 28294
Inserted 416
Inserted 8586
Inserted 27590
Inserted 14698
Inserted 2492
Inserted 10696
Inserted 31592
Inserted 778
Inserted 9090
Inserted 3045
Inserted 15496
Inserted 25849
Inserted 23744
Inserted 17302
Inserted 10471
Inserted 32629
Inserted 5038
Inserted 26959
Inserted 30874
Inserted 28772
Inserted 22336
Inserted 13348
Inserted 10835
Inserted 18989
Inserted 12777
Inserted 12695
Inserted 10906
Inserted 23302
Inserted 20910
Inserted 14830
Inserted 1197
Inserted 19176
Inserted 298
Inserted 15900
Inserted 436
Inserted 158
Inserted 19034
Inserted 10910
Inserted 10918
Inserted 29113
Inserted 8530
Inserted 29318
Inserted 27688
Inserted 15869
Inserted 25882
Inserted 10408
Inserted 26169
Inserted 4275
Inserted 13728
Inserted 24024
Inserted 2891
Inserted 32213
Inserted 6449
Inserted 21866
Inserted 29093
Inserted 21485
Inserted 1744
Inserted 32287
Inserted 9384
Inserted 26362
Inserted 17465
Inserted 14130
Inserted 13222
Inserted 23282
Inserted 31473
Inserted 15821
Inserted 4122
Inserted 31825
Inserted 27995
Inserted 14762
Inserted 27824
Inserted 32444
Inserted 12322
Inserted 7665
Inserted 22338
Inserted 5568
Inserted 16088
Inserted 17002
Inserted 31860
Inserted 24853
Inserted 18946
Inserted 4364
Inserted 24464
Inserted 24503
Inserted 23601
Inserted 7975
Inserted 20823
Inserted 20991
Inserted 16583
Inserted 31208
Inserted 14597
Inserted 9967
Inserted 2846
Inserted 4966
Inserted 5651
Inserted 1626
Inserted 30042
Inserted 4530
Inserted 9771
Inserted 16016
Inserted 1310
Inserted 31823
Inserted 1291
Inserted 23436
Inserted 31488
Inserted 4829
Inserted 20297
Inserted 31745
Inserted 28837
Inserted 30013
Inserted 6264
Inserted 948
Inserted 22987
Inserted 24232
Inserted 8058
Inserted 21056
Inserted 9581
Inserted 3427
Inserted 581
Inserted 20585
Inserted 7048
Inserted 7353
Inserted 733
Inserted 28857
Inserted 25125
Inserted 6225
Inserted 11110
Inserted 5393
Inserted 25241
Inserted 5322
Inserted 22371
Inserted 20262
Inserted 328
Inserted 1467
Inserted 1575
Inserted 9105
Inserted 28532
Inserted 29552
Inserted 24888
Inserted 27543
Inserted 15059
Inserted 15527
Inserted 545
Inserted 4303
Inserted 6608
Inserted 10502
Inserted 24712
Inserted 7649
Inserted 29944
Inserted 6365
Inserted 14137
Inserted 31820
Inserted 19998
Inserted 23387
Inserted 32071
Inserted 23989
Inserted 29142
Inserted 3108
Inserted 6933
Inserted 25838
Inserted 25726
Inserted 8666
Inserted 22044
Inserted 28398
Inserted 26430
Inserted 21197
Inserted 16337
Inserted 16199
Inserted 11799
Inserted 13214
Inserted 9838
Inserted 4867
Inserted 6631
Inserted 27972
Inserted 6540
Inserted 7509
Inserted 9724
Inserted 18264
Inserted 26537
Inserted 31548
Inserted 18184
Inserted 21378
Inserted 21273
Inserted 7109
Inserted 27493
Inserted 13389
Inserted 12096
Inserted 20477
Inserted 16843
Inserted 233
Inserted 6202
Inserted 6113
Inserted 18159
Inserted 4143
Inserted 24567
Inserted 4091
Inserted 20851
Inserted 9185
Inserted 679
Inserted 22902
Inserted 1057
Inserted 5725
Inserted 15654
Inserted 24702
Inserted 15489
Inserted 32274
Inserted 25459
Inserted 31709
Inserted 7733
Inserted 19795
Inserted 10839
Inserted 7131
Inserted 10771
Inserted 5782
Inserted 20133
Inserted 12310
Inserted 24836
Inserted 2883
Inserted 21689
Inserted 18138
Inserted 8879
Inserted 29612
Inserted 12893
Inserted 26063
Inserted 9293
Inserted 14147
Inserted 26170
Inserted 20996
Inserted 9420
Inserted 14679
Inserted 24929
Inserted 26268
Inserted 32265
Inserted 3849
Inserted 4451
Inserted 1408
Inserted 12142
Inserted 26603
Inserted 23046
Inserted 32726
Inserted 23803
Inserted 30599
Inserted 26257
Inserted 3050
Inserted 21686
Inserted 16245
Inserted 9304
Inserted 6919
Inserted 13816
Inserted 24732
Inserted 18008
Inserted 27150
Inserted 14760
Inserted 27727
Inserted 19238
Inserted 1179
Inserted 23189
Inserted 11328
Inserted 25408
Inserted 29106
Inserted 12009
Inserted 6070
Inserted 19384
Inserted 29866
Inserted 17303
Inserted 3535
Inserted 31612
Inserted 1249
Inserted 32534
Inserted 1735
Inserted 30798
Inserted 25466
Inserted 2202
Inserted 12694
Inserted 3222
Inserted 5598
Inserted 20712
Inserted 21405
Inserted 1968
Inserted 9871
Inserted 14069
Inserted 12090
Inserted 8837
Inserted 24504
Inserted 20241
Inserted 4927
Inserted 2117
Inserted 13010
Inserted 30415
Inserted 31815
Inserted 1977
Inserted 14108
Inserted 7568
Inserted 13941
Inserted 6472
Inserted 3501
Inserted 370
Inserted 4424
Inserted 19993
Inserted 4412
Inserted 30909
Inserted 13483
Inserted 25149
Inserted 11813
Inserted 30770
Inserted 12934
Inserted 5041
Inserted 14182
Inserted 596
Inserted 29589
Inserted 2247
Inserted 22668
Inserted 3324
Inserted 26777
Inserted 30522
Inserted 9814
Inserted 10676
Inserted 20934
Inserted 25119
Inserted 11453
Inserted 11701
Inserted 9950
Inserted 17089
Inserted 26400
Inserted 25305
Inserted 31961
Inserted 29278
Inserted 1684
Inserted 247
Inserted 24505
Inserted 30499
Inserted 19245
Inserted 1646
Inserted 28437
Inserted 22219
Inserted 7366
Inserted 11573
Inserted 15297
Inserted 28263
Inserted 15169
Inserted 12650
Inserted 1487
Inserted 19810
Inserted 1992
Inserted 3868
Inserted 3018
Inserted 28908
Inserted 22618
Inserted 21646
Inserted 24656
Inserted 9395
Inserted 31971
Inserted 11484
Inserted 17329
Inserted 15940
Inserted 18708
Inserted 3864
Inserted 28336
Inserted 9644
Inserted 108
Inserted 17961
Inserted 16444
Inserted 20280
Inserted 17909
Inserted 1033
Inserted 1993
Inserted 11738
Inserted 9601
Inserted 26684
Inserted 16191
Inserted 23493
Inserted 983
Inserted 30519
Inserted 21143
Inserted 21231
Inserted 22602
Inserted 25062
Inserted 7602
Inserted 7628
Inserted 27342
Inserted 26130
Inserted 10879
Inserted 24493
Inserted 31084
Inserted 20181
Inserted 21682
Inserted 25413
Inserted 26711
Inserted 24745
Inserted 17541
Inserted 11744
Inserted 3370
Inserted 31503
Inserted 23994
Inserted 22862
Inserted 18985
Inserted 3406
Inserted 19374
Inserted 21764
Inserted 32013
Inserted 29555
Inserted 18297
Inserted 11150
Inserted 26376
Inserted 29628
Inserted 9110
Inserted 19089
Inserted 1618
Inserted 7872
Inserted 2263
Inserted 3674
Inserted 29752
Inserted 27963
Inserted 11578
Inserted 22787
Inserted 20943
Inserted 32369
Inserted 23248
Inserted 25708
Inserted 14988
Inserted 25840
Inserted 19333
Inserted 28208
Inserted 32581
Inserted 28746
Inserted 9510
Inserted 2934
Inserted 4039
Inserted 32689
Inserted 769
Inserted 2714
Inserted 7011
Inserted 18293
Inserted 8443
Inserted 16066
Inserted 5051
Inserted 23619
Inserted 16440
Inserted 25091
Inserted 10174
Inserted 21502
Inserted 11549
Inserted 8028
Inserted 30404
Inserted 33
Inserted 935
Inserted 19028
Inserted 21319
Inserted 14412
Inserted 27629
Inserted 31839
Inserted 11108
Inserted 11949
Inserted 5096
Inserted 19765
Inserted 27045
Inserted 11567
Inserted 25146
Inserted 30646
Inserted 13327
Inserted 28805
Inserted 28713
Inserted 9492
Inserted 384
Inserted 29611
Inserted 14847
Inserted 2028
Inserted 4911
Inserted 8778
Inserted 31341
Inserted 24141
Inserted 4794
Inserted 7090
Inserted 16967
Inserted 17677
Inserted 10792
Inserted 11142
Inserted 15018
Inserted 29696
Inserted 15771
Inserted 31749
Inserted 28794
Inserted 20004
Inserted 9235
Inserted 4008
Inserted 15476
Inserted 6186
Inserted 22817
Inserted 18449
Inserted 4360
Inserted 21071
Inserted 12930
Inserted 30067
Inserted 30220
Inserted 14459
Inserted 28954
Inserted 22121
Inserted 10233
Inserted 27348
Inserted 29748
Inserted 24220
Inserted 6966
Inserted 11331
Inserted 10832
Inserted 12198
Inserted 7221
Inserted 32435
Inserted 3716
Inserted 6256
Inserted 20196
Inserted 27579
Inserted 20316
Inserted 14721
Inserted 10119
Inserted 21396
Inserted 17052
Inserted 9602
Inserted 13844
Inserted 13718
Inserted 6282
Inserted 30937
Inserted 28924
Inserted 19292
Inserted 6927
Inserted 13127
Inserted 7539
Inserted 24603
Inserted 23993
Inserted 31853
Inserted 26223
Inserted 22556
Inserted 11271
Inserted 22383
Inserted 8511
Inserted 9224
Inserted 9696
Inserted 32349
Inserted 16679
Inserted 4153
Inserted 26033
Inserted 18001
Inserted 10202
Inserted 5236
Inserted 12272
Inserted 27277
Inserted 26742
Inserted 24071
Inserted 5738
Inserted 31159
Inserted 24893
Inserted 16145
Inserted 28670
Inserted 4844
Inserted 11065
Inserted 29042
Inserted 24804
Inserted 16791
Inserted 9827
Inserted 2307
Inserted 16836
Inserted 18905
Inserted 6892
Inserted 4463
Inserted 17164
Inserted 1437
Inserted 27975
Inserted 28624
Inserted 67
Inserted 27111
Inserted 2289
Inserted 28344
Inserted 31541
Inserted 1921
Inserted 27319
Inserted 14871
Inserted 17808
Inserted 17315
Inserted 11638
Inserted 4676
Inserted 14054
Inserted 10929
Inserted 16490
Inserted 26411
Inserted 24938
Inserted 15841
Inserted 22369
Inserted 2535
Inserted 12494
Inserted 23056
Inserted 1678
Inserted 775
Inserted 24458
Inserted 8432
Inserted 13713
Inserted 7218
Inserted 16705
Inserted 27019
Inserted 8673
Inserted 19827
Inserted 3488
Inserted 24912
Inserted 3110
Inserted 14651
Inserted 32121
Inserted 17398
Inserted 10900
Inserted 32483
Inserted 18956
Inserted 11595
Inserted 399
Inserted 25023
Inserted 7499
Inserted 1466
Inserted 27533
Inserted 12898
Inserted 5847
Inserted 21117
Inserted 8657
Inserted 6355
Inserted 21345
Inserted 29128
Inserted 19622
Inserted 28774
Inserted 14904
Inserted 24591
Inserted 20566
Inserted 25176
Inserted 8340
Inserted 17872
Inserted 16459
Inserted 21251
Inserted 24278
Inserted 4496
Inserted 18918
Inserted 19122
Inserted 11761
Inserted 12601
Inserted 3892
Inserted 4447
Inserted 20533
Inserted 18773
Inserted 19920
Inserted 20370
Inserted 12451
Inserted 19431
Inserted 23938
Inserted 20661
Inserted 89
Inserted 42
Inserted 3845
Inserted 10541
Inserted 2939
Inserted 27165
Inserted 8544
Inserted 10730
Inserted 3568
Inserted 5295
Inserted 17931
Inserted 8827
Inserted 19426
Inserted 22718
Inserted 19893
Inserted 27275
Inserted 23811
Inserted 24727
Inserted 5985
Inserted 15272
Inserted 5282
Inserted 11657
Inserted 10822
Inserted 23784
Inserted 25374
Inserted 22654
Inserted 16663
Inserted 1752
Inserted 30578
Inserted 23434
Inserted 5736
Inserted 22690
Inserted 16201
Inserted 30377
Inserted 3989
Inserted 18626
Inserted 20771
Inserted 23440
Inserted 18897
Inserted 31332
Inserted 30449
Inserted 11107
Inserted 20842
Inserted 18000
Inserted 11451
Inserted 10925
Inserted 18305
Inserted 22244
Inserted 16627
Inserted 31581
Inserted 2444
Inserted 25729
Inserted 21214
Inserted 30951
Inserted 20457
Inserted 28548
Inserted 32361
Inserted 924
Inserted 1856
Inserted 6057
Inserted 29148
Inserted 16600
Inserted 24833
Inserted 656
Inserted 26008
Inserted 7644
Inserted 730
Inserted 12138
Inserted 20763
Inserted 24570
Inserted 1387
Inserted 12518
Inserted 16576
Inserted 31044
Inserted 18172
Inserted 24359
Inserted 10517
Inserted 11704
Inserted 9669
Inserted 20177
Inserted 10106
Inserted 318
Inserted 29027
Inserted 30623
Inserted 8408
Inserted 21443
Inserted 26380
Inserted 1344
Inserted 544
Inserted 22746
Inserted 22506
Inserted 14359
Inserted 14629
Inserted 13915
Inserted 13408
Inserted 17152
Inserted 4890
Inserted 10895
Inserted 26878
Inserted 27515
Inserted 21727
Inserted 22706
Inserted 25197
Inserted 26051
Inserted 10954
Inserted 160
Inserted 4614
Inserted 25683
Inserted 2255
Inserted 2123
Inserted 29939
Inserted 29831
Inserted 25159
Inserted 2851
Inserted 21166
Inserted 19472
Inserted 14114
Inserted 1308
Inserted 14083
Inserted 10194
Inserted 18740
Inserted 1332
Inserted 3373
Inserted 20421
Inserted 23181
Inserted 1238
Inserted 29923
Inserted 26565
Inserted 14234
Inserted 19776
Inserted 32710
Inserted 26846
Inserted 20681
Inserted 10848
Inserted 27479
Inserted 1223
Inserted 19335
Inserted 19605
Inserted 29096
Inserted 7563
Inserted 27423
Inserted 8400
Inserted 4759
Inserted 11102
Inserted 16585
Inserted 23277
Inserted 6190
Inserted 10161
Inserted 27570
Inserted 22530
Inserted 23658
Inserted 2424
Inserted 19508
Inserted 18602
Inserted 13545
Inserted 7181
Inserted 23444
Inserted 29660
Inserted 27177
Inserted 24918
Inserted 9039
Inserted 29599
Inserted 4884
Inserted 26372
Inserted 17414
Inserted 30973
Inserted 26506
Inserted 28877
Inserted 27452
Inserted 28412
Inserted 23862
Inserted 25679
Inserted 5042
Inserted 18035
Inserted 4908
Inserted 17236
Inserted 19644
Inserted 1991
Inserted 21371
Inserted 10773
Inserted 6691
Inserted 21487
Inserted 13863
Inserted 15422
Inserted 1558
Inserted 16894
Inserted 28549
Inserted 8152
Inserted 32732
Inserted 31597
Inserted 1019
Inserted 25507
Inserted 3882
Inserted 10192
Inserted 838
Inserted 23333
Inserted 27048
Inserted 6774
Inserted 3129
Inserted 7238
Inserted 728
Inserted 22283
Inserted 6699
Inserted 16767
Inserted 8383
Inserted 13585
Inserted 13292
Inserted 9330
Inserted 24437
Inserted 3669
Inserted 25412
Inserted 4000
Inserted 26585
Inserted 19806
Inserted 2992
Inserted 6554
Inserted 6684
Inserted 32160
Inserted 995
Inserted 756
Inserted 27231
Inserted 3315
Inserted 9094
Inserted 1791
Inserted 265
Inserted 12333
Inserted 847
Inserted 13360
Inserted 24734
Inserted 28290
Inserted 5953
Inserted 7377
Inserted 18571
Inserted 11481
Inserted 1313
Inserted 29001
Inserted 2644
Inserted 28323
Inserted 6596
Inserted 8782
Inserted 21074
Inserted 32417
Inserted 11935
Inserted 28102
Inserted 14934
Inserted 18500
Inserted 12492
Inserted 14466
Inserted 8661
Inserted 28493
Inserted 22860
Inserted 24995
Inserted 11993
Inserted 15478
Inserted 8228
Inserted 11892
Inserted 13706
Inserted 18864
Inserted 31360
Inserted 19376
Inserted 23919
Inserted 10760
Inserted 10093
Inserted 8831
Inserted 11368
Inserted 25454
Inserted 7585
Inserted 2479
Inserted 23208
Inserted 8547
Inserted 24393
Inserted 18085
Inserted 6213
Inserted 18531
Inserted 9667
Inserted 8790
Inserted 15611
Inserted 20043
Inserted 13625
Inserted 29203
Inserted 26016
Inserted 15568
Inserted 7720
Inserted 5387
Inserted 31499
Inserted 1421
Inserted 27654
Inserted 22113
Inserted 23728
Inserted 20755
Inserted 12842
Inserted 29200
Inserted 5554
Inserted 23511
Inserted 11998
Inserted 18597
Inserted 1495
Inserted 9877
Inserted 10172
Inserted 14375
Inserted 4494
Inserted 6373
Inserted 5490
Inserted 15850
Inserted 17188
Inserted 20921
Inserted 5880
Inserted 19393
Inserted 22381
Inserted 29119
Inserted 2972
Inserted 29137
Inserted 18130
Inserted 22877
Inserted 26976
Inserted 32029
Inserted 30810
Inserted 24397
Inserted 23470
Inserted 7905
Inserted 16110
Inserted 24620
Inserted 25034
Inserted 12787
Inserted 6813
Inserted 4931
Inserted 2231
Inserted 1385
Inserted 25786
Inserted 27620
Inserted 25397
Inserted 12127
Inserted 31891
Inserted 331
Inserted 11619
Inserted 16455
Inserted 16923
Inserted 6043
Inserted 17031
Inserted 12929
Inserted 5692
Inserted 3078
Inserted 1885
Inserted 23443
Inserted 1343
Inserted 18807
Inserted 27650
Inserted 25760
Inserted 214
Inserted 28369
Inserted 27461
Inserted 32290
Inserted 24285
Inserted 2376
Inserted 28187
Inserted 18518
Inserted 1824
Inserted 29506
Inserted 32044
Inserted 7383
Inserted 2367
Inserted 2218
Inserted 24747
Inserted 12399
Inserted 16152
Inserted 11157
Inserted 28752
Inserted 9301
Inserted 27135
Inserted 10684
Inserted 14694
Inserted 17523
Inserted 16555
Inserted 26355
Inserted 17602
Inserted 2856
Inserted 31219
Inserted 2607
Inserted 5185
Inserted 54
Inserted 12951
Inserted 7528
Inserted 9635
Inserted 22460
Inserted 8183
Inserted 7663
Inserted 24052
Inserted 3043
Inserted 23403
Inserted 6348
Inserted 24179
Inserted 28881
Inserted 27776
Inserted 15987
Inserted 25721
Inserted 7938
Inserted 25244
Inserted 19349
Inserted 15826
Inserted 6891
Inserted 28230
Inserted 15012
Inserted 29716
Inserted 19544
Inserted 18761
Inserted 327
Inserted 20267
Inserted 29546
Inserted 10710
Inserted 18401
Inserted 22524
Inserted 541
Inserted 25809
Inserted 30159
Inserted 31390
Inserted 4711
Inserted 20294
Inserted 5251
Inserted 10324
Inserted 651
Inserted 3171
Inserted 26176
Inserted 32353
Inserted 27887
Inserted 19407
Inserted 25504
Inserted 30573
Inserted 701
Inserted 27237
Inserted 10011
Inserted 22514
Inserted 28559
Inserted 8373
Inserted 26880
Inserted 20061
Inserted 4821
Inserted 16885
Inserted 6259
Inserted 18327
Inserted 26844
Inserted 18763
Inserted 6533
Inserted 23228
Inserted 16756
Inserted 12670
Inserted 29017
Inserted 8185
Inserted 18509
Inserted 1879
Inserted 6370
Inserted 17551
Inserted 23725
Inserted 21453
Inserted 11333
Inserted 7603
Inserted 27546
Inserted 3925
Inserted 1410
Inserted 255
Inserted 30718
Inserted 4558
Inserted 1447
Inserted 27184
Inserted 25157
Inserted 25523
Inserted 25088
Inserted 12358
Inserted 4878
Inserted 12602
Inserted 14478
Inserted 26165
Inserted 8062
Inserted 32392
Inserted 18503
Inserted 16002
Inserted 17688
Inserted 15024
Inserted 3227
Inserted 2553
Inserted 32420
Inserted 5340
Inserted 669
Inserted 8022
Inserted 229
Inserted 18670
Inserted 12889
Inserted 20373
Inserted 6670
Inserted 23072
Inserted 5391
Inserted 23538
Inserted 30613
Inserted 8519
Inserted 18638
Inserted 25661
Inserted 28402
Inserted 12519
Inserted 17652
Inserted 14568
Inserted 1540
Inserted 16995
Inserted 25794
Inserted 17860
Inserted 10346
Inserted 20732
Inserted 6359
Inserted 22220
Inserted 14808
Inserted 14217
Inserted 2741
Inserted 1756
Inserted 9297
Inserted 4935
Inserted 8404
Inserted 27619
Inserted 27197
Inserted 3813
Inserted 6850
Inserted 26829
Inserted 29794
Inserted 14510
Inserted 18881
Inserted 19195
Inserted 17036
Inserted 23959
Inserted 10308
Inserted 28289
Inserted 12875
Inserted 22023
Inserted 15579
Inserted 31568
Inserted 11055
Inserted 17148
Inserted 19616
Inserted 26456
Inserted 19593
Inserted 22921
Inserted 21533
Inserted 2835
Inserted 23953
Inserted 10246
Inserted 24495
Inserted 7825
Inserted 19740
Inserted 14429
Inserted 29668
Inserted 19564
Inserted 30594
Inserted 6377
Inserted 11708
Inserted 12830
Inserted 1651
Inserted 11194
Inserted 31265
Inserted 16976
Inserted 2726
Inserted 9321
Inserted 23653
Inserted 11276
Inserted 27467
Inserted 8498
Inserted 24053
Inserted 24097
Inserted 31707
Inserted 27095
Inserted 9126
Inserted 29328
Inserted 28488
Inserted 11623
Inserted 31826
Inserted 29642
Inserted 19840
Inserted 22202
Inserted 11681
Inserted 30078
Inserted 27468
Inserted 21276
Inserted 12445
Inserted 5035
Inserted 31551
Inserted 17360
Inserted 15625
Inserted 7361
Inserted 29940
Inserted 26967
Inserted 15890
Inserted 20970
Inserted 1779
Inserted 17378
Inserted 11307
Inserted 14176
Inserted 4130
Inserted 25066
Inserted 20803
Inserted 18591
Inserted 11539
Inserted 13734
Inserted 3663
Inserted 22352
Inserted 4485
Inserted 2510
Inserted 24631
Inserted 4756
Inserted 20510
Inserted 12579
Inserted 21677
Inserted 19052
Inserted 13866
Inserted 22726
Inserted 12813
Inserted 9027
Inserted 2756
Inserted 14042
Inserted 20299
Inserted 24172
Inserted 19230
Inserted 29166
Inserted 29414
Inserted 14513
Inserted 32625
Inserted 20067
Inserted 3189
Inserted 11058
Inserted 11941
Inserted 22416
Inserted 21535
Inserted 27574
Inserted 14811
Inserted 28121
Inserted 20114
Inserted 23702
Inserted 2975
Inserted 30012
Inserted 28547
Inserted 26190
Inserted 20255
Inserted 21300
Inserted 14250
Inserted 7844
Inserted 18349
Inserted 3533
Inserted 8402
Inserted 26912
Inserted 230
Inserted 15834
Inserted 14626
Inserted 21525
Inserted 15469
Inserted 5169
Inserted 17536
Inserted 21505
Inserted 4645
Inserted 23016
Inserted 5364
Inserted 532
Inserted 7533
Inserted 3746
Inserted 18375
Inserted 29573
Inserted 22918
Inserted 170
Inserted 3035
Inserted 10727
Inserted 4238
Inserted 5773
Inserted 1452
Inserted 23673
Inserted 28467
Inserted 506
Inserted 28764
Inserted 17243
Inserted 24017
Inserted 11228
Inserted 2374
Inserted 7458
Inserted 13279
Inserted 30985
Inserted 26927
Inserted 25857
Inserted 22692
Inserted 29004
Inserted 14487
Inserted 22526
Inserted 19975
Inserted 27738
Inserted 5466
Inserted 29399
Inserted 16608
Inserted 15658
Inserted 32135
Inserted 14539
Inserted 21562
Inserted 12634
Inserted 12428
Inserted 6658
Inserted 17792
Inserted 8639
Inserted 10621
Inserted 17119
Inserted 31395
Inserted 7894
Inserted 15949
Inserted 29900
Inserted 2541
Inserted 30303
Inserted 22927
Inserted 20249
Inserted 1441
Inserted 5756
Inserted 1876
Inserted 7081
Inserted 2656
Inserted 9776
Inserted 7637
Inserted 22770
Inserted 32523
Inserted 26517
Inserted 23144
Inserted 22623
Inserted 18823
Inserted 6274
Inserted 3889
Inserted 2715
Inserted 13206
Inserted 10761
Inserted 14401
Inserted 16939
Inserted 25501
Inserted 22634
Inserted 16946
Inserted 22092
Inserted 31621
Inserted 23982
Inserted 17865
Inserted 8514
Inserted 7798
Inserted 27272
Inserted 11039
Inserted 9525
Inserted 7274
Inserted 20698
Inserted 26606
Inserted 29873
Inserted 22236
Inserted 15310
Inserted 22378
Inserted 24533
Inserted 31088
Inserted 27294
Inserted 19378
Inserted 4018
Inserted 25749
Inserted 26889
Inserted 29412
Inserted 14862
Inserted 17987
Inserted 13258
Inserted 15028
Inserted 25141
Inserted 32564
Inserted 10995
Inserted 50
Inserted 32096
Inserted 12928
Inserted 16833
Inserted 9639
Inserted 16530
Inserted 18420
Inserted 28108
Inserted 31760
Inserted 16351
Inserted 30953
Inserted 22521
Inserted 27281
Inserted 32634
Inserted 32097
Inserted 8729
Inserted 27167
Inserted 17793
Inserted 23442
Inserted 32663
Inserted 17109
Inserted 20781
Inserted 31227
Inserted 20326
Inserted 17178
Inserted 15975
Inserted 18796
Inserted 20806
Inserted 4993
Inserted 2179
Inserted 29808
Inserted 28639
Inserted 3175
Inserted 6938
Inserted 2872
Inserted 2597
Inserted 5509
Inserted 6802
Inserted 20519
Inserted 3871
Inserted 30003
Inserted 24501
Inserted 31445
Inserted 18837
Inserted 13038
Inserted 12301
Inserted 28756
Inserted 11796
Inserted 17932
Inserted 31984
Inserted 31619
Inserted 18619
Inserted 4811
Inserted 14804
Inserted 10572
Inserted 22468
Inserted 15538
Inserted 2174
